======================================================================
Processing province: TH.ST_S
Started: 2026-08-19T16:57:32+07:00
======================================================================
--> [TH.ST_S] Step 1: 1_fabdem_province.py
[1/5] Read GADM and select HASC_1=TH.ST_S
[2/5] Save province and clip FABDEM
[3/5] Generate contours every 100 m with GDAL 3.10.3
[4/5] Calculate statistics and write PDF
[5/5] Write DataFrame summaries

Completed successfully.
 HASC_1            NAME_1  contours                                                                                      PDF
TH.ST_S Surat Thani South      1913 /mnt/nvme1/Project/2026-EIT_TH_LDP/src/OUTPUT_FABDEM/TH_ST_S/TH_ST_S_fabdem_contours.pdf
--> [TH.ST_S] Step 2: 2_popu2025_grid.py
[1/4] Select GADM province HASC_1=TH.ST_S
[2/4] Save boundary and cut population grid
[3/4] Calculate population-grid statistics
[4/4] Write population-grid PDF and summaries

Completed successfully.
 HASC_1            NAME_1  population_sum                                                                                           grid
TH.ST_S Surat Thani South   720367.302606 /mnt/nvme1/Project/2026-EIT_TH_LDP/src/OUTPUT_POP2025/TH_ST_S/TH_ST_S_population_2025_100m.tif
--> [TH.ST_S] Step 3: 3_generate_sample.py
[1/4] Select GADM province HASC_1=TH.ST_S
 -> [READ] Loading Vector Dataset: OUTPUT_PROV/gadm41_THA.gpkg (Layer: 'ADM_ADM_1')
[2/4] Generate 500.0m grid points
 -> Auto-detected EPSG:32647 for province.
 -> Generated 47,355 bounding box points.
 -> Clipping points to province boundary...
 -> Computing 8-digit Geohashes...
[3/4] Extracting Raster Values (FABDEM MSL & POP2025)...
 -> [READ] Opening Raster File: OUTPUT_FABDEM/TH_ST_S/TH_ST_S_fabdem.tif
 -> [READ] Opening Raster File for Area Sum: OUTPUT_POP2025/TH_ST_S/TH_ST_S_population_2025_100m.tif
 -> Converting geometries to Lng/Lat (EPSG:4326)...
[4/4] Save GeoPackage Data...
 -> [WRITE] Saving Vector File: /mnt/nvme1/Project/2026-EIT_TH_LDP/src/OUTPUT_SAMPL/TH_ST_S/TH_ST_S_SAMPL.gpkg (Layer: 'samples')

[5/5] Comparing POP2025 with DOPA Registration Population...

Completed successfully.
 HASC_1  Grid (m)       CRS  Samples             Output POP2025  DOPA_Pop     Diff
TH.ST_S     500.0 EPSG:4326    24189 TH_ST_S_SAMPL.gpkg 719,477 1,075,977 -356,500
--> [TH.ST_S] Step 4: 4_analyse_ldp.py
LDP                                                [TM, 99:18]
FALSE_EN                                                  AUTO
PP_MSL                                                     -30
GPKG         [OUTPUT_SAMPL/TH_ST_S/TH_ST_S_SAMPL.gpkg, samp...
OFFSET_PP         [0.0, default hPP from average topo or pnts]
dtype: object
 -> OUTLIER FILTER: Dropped 494 points.
 -> Dropped MSL values: [-9999, -9999, -9999, -9999, -9999, -9999, -9999, -9999, -9999, -9999, 59, 66, 58, 67, 34, 36, 38, 35, 41, 176, 165, 192, 182, 162, 101, 33, 107, 85, 112, 66, 75, 60, 50, 51, 74, 84, 76, 121, 81, 120, 17, 94, 95, 45, 30, 28, 139, 61, 82, 75, 72, 82, 137, 123, 162, 52, 50, 50, 27, 124, 50, 28, 50, 44, 52, 40, 45, 49, 36, 37, 32, 45, 36, 60, 70, 53, 60, 69, 56, 137, 112, 46, 131, 160, 118, 120, 61, 124, 143, 124, 165, 73, 113, 32, 27, 28, 24, 12, -11, -2, 31, 43, 33, 24, 62, 49, 0, 100, 65, 54, 68, 61, 60, 68, 67, 36, 58, 19, 15, 177, 84, 67, 119, 91, 132, 57, 66, 26, 30, 32, 86, 90, 48, 45, 35, 71, 219, 109, 69, 70, 84, 78, 73, 51, 64, 249, 177, 178, 91, 68, 60, 62, 165, 234, 94, 225, 127, 223, 175, 132, 124, 69, 79, 68, 73, 80, 75, 87, 88, 94, 173, 182, 236, 155, 185, 182, 162, 158, 76, 92, 91, 61, 66, 59, 90, 77, 74, 42, 47, 37, 44, 48, 44, 63, 587, 561, 541, 53, 61, 166, 160, 194, 98, 165, 120, 418, 87, 222, 124, 147, 98, 496, 218, 518, 387, 188, 191, 124, 76, 146, 180, 98, 190, 91, 94, 117, 121, 126, 127, 114, 108, 1361, 1293, 1419, 1503, 1411, 130, 61, 340, 452, 481, 443, 429, 347, 83, 235, 99, 174, 99, 46, 54, 61, 13, 108, 12, 13, 108, 13, 12, 23, 243, 209, 242, 152, 85, 61, 13, 21, 142, 70, 36, 19, 30, 35, 29, 40, 19, 76, 73, 25, 58, 46, 46, 39, 28, 54, 55, 55, 24, 132, 104, 50, 96, 123, 94, 14, 17, 18, 12, 46, 53, 56, 59, 57, 91, 95, 90, 106, 59, 75, 74, 74, 97, 28, 28, 30, 239, 89, 164, 161, 26, 20, 71, 70, 136, 117, 71, 133, 87, 16, 14, 56, 60, 16, 23, 25, 17, 16, 13, 15, 49, 69, 33, 30, 55, 60, 26, 29, 16, 17, 119, 131, 100, 95, 115, 69, 9, 12, 24, 10, 8, 10, 9, 13, 1028, 1021, 1058, 1064, 1144, 1011, 1069, 1030, 181, 960, 332, 97, 324, 321, 82, 329, 401, 467, 57, 63, 91, 53, 76, 61, 110, 53, 161, 264, 69, 47, 135, 106, 165, 136, 77, 121, 95, 146, 52, 48, 292, 77, 55, 32, 37, 32, 169, 35, 31, 63, 30, 27, 41, 24, 31, 61, 92, 59, 30, 39, 23, 83, 89, 72, 98, 63, 58, 58, 87, 39, 77, 494, 497, 445, 428, 441, 29, 65, 37, 109, 83, 65, 67, 64, 63, 23, 48, 37, 113, 54, 46, 51, 70, 147, 38, 121, 90, 179, 169, 172, 36, 140, 23, 18, 36, 12, 2, 82, 107, 120, 82, 79, 83, 86, 50, 62, 65, 94, 99, 106, 98, 97, 101, 19, 18, 22, 18, 18, 26, 10]
 -> Using user-defined PP_MSL: -30.000m
 -> AUTO detected FALSE_EN: E: 500000, N: -500000
==================================== LDP TM ====================================
@ Centroid @     <lng=99°17′>    <lat=08°51′>
Offset Projection Plane = +0.0 m. <default hPP from average topo or pnts>
Designed Project Plane : hPP=-53.06 m. / MSL=-30.00 m. tied to k0 = 0.999992
Points CSF min/mean/max [ppm] : -200.1 / -9.8 / +26.6
Points MSL min/mean/max [m.]  : +0.0 / +77.3 / +1280.0
|      |       LDP_E |       LDP_N |
|:-----|------------:|------------:|
| min  | 450,474.315 | 418,349.043 |
| max  | 550,572.603 | 531,354.205 |
| diff | 100,098.287 | 113,005.162 |
{"meta": "LDP_Definition", "PROJ_String_Decimal": "+proj=tmerc +lat_0=0.0 +lon_0=99.30000000 +k_0=0.999992 +x_0=500000 +y_0=-500000 +ellps=WGS84 +units=m +no_defs +type=crs", "PROJ_String_DMS": "+proj=tmerc +lat_0=0.0 +lon_0=99°18′ +k_0=0.999992 +x_0=500000 +y_0=-500000 +ellps=WGS84 +units=m +no_defs +type=crs"}
Writing definition GPKG : OUTPUT_LDP/TH_ST_S/TH_ST_S_LDP.gpkg ...
 -> THINNING: Snapping points to 2 decimal grid for visualization...
 -> THINNING: Plot points reduced from 23695 to 5094.
Writing definition plot : OUTPUT_LDP/TH_ST_S/TH_ST_S_LDP.svg...
{"meta": "Coverage_Analysis", "Province": "TH.ST_S", "Total_Pts": 24189, "Valid_Pts": 21362, "Pt_Coverage(%)": 88.31, "Total_POP": 719477.487, "Valid_POP": 704280.7704999999, "POP_Coverage(%)": 97.89, "CSF_Lower_ppm": -20.0, "CSF_Mean_ppm": -4.0, "CSF_Upper_ppm": 20.0}
--> [TH.ST_S] Step 5: 5_plot_PP_PctPopu.py
[TH.ST_S] Starting ProcessPoolExecutor with 16 offsets to compute (Mean MSL: 77.33 m)...
[TH.ST_S] OFFSET_PP [-200.00] computed successfully.
[TH.ST_S] OFFSET_PP [-180.00] computed successfully.
[TH.ST_S] OFFSET_PP [-160.00] computed successfully.
[TH.ST_S] OFFSET_PP [-140.00] computed successfully.
[TH.ST_S] OFFSET_PP [-120.00] computed successfully.
[TH.ST_S] OFFSET_PP [-100.00] computed successfully.
[TH.ST_S] OFFSET_PP [-80.00] computed successfully.
[TH.ST_S] OFFSET_PP [-60.00] computed successfully.
[TH.ST_S] OFFSET_PP [-40.00] computed successfully.
[TH.ST_S] OFFSET_PP [-20.00] computed successfully.
[TH.ST_S] OFFSET_PP [0.00] computed successfully.
[TH.ST_S] OFFSET_PP [20.00] computed successfully.
[TH.ST_S] OFFSET_PP [40.00] computed successfully.
[TH.ST_S] OFFSET_PP [60.00] computed successfully.
[TH.ST_S] OFFSET_PP [80.00] computed successfully.
[TH.ST_S] OFFSET_PP [100.00] computed successfully.

==================================== LDP Population Coverage Analysis: TH.ST_S ====================================
|   MSL_PP |   HAE_PP | Province   |   Total_Pts |   Valid_Pts |   Pt_Coverage(%) |   Total_POP |   Valid_POP |   POP_Coverage(%) |   CSF_Lower_ppm |   CSF_Mean_ppm |   CSF_Upper_ppm |
|---------:|---------:|:-----------|------------:|------------:|-----------------:|------------:|------------:|------------------:|----------------:|---------------:|----------------:|
|  -122.67 |  -145.72 | TH.ST_S    |       24189 |       11025 |            45.58 |     719,477 |     418,837 |             58.21 |           -20.0 |          -14.4 |           +11.6 |
|  -102.67 |  -125.72 | TH.ST_S    |       24189 |       16079 |            66.47 |     719,477 |     567,009 |             78.81 |           -20.0 |          -13.7 |           +14.6 |
|   -82.67 |  -105.72 | TH.ST_S    |       24189 |       19507 |            80.64 |     719,477 |     680,411 |             94.57 |           -20.0 |          -12.0 |           +17.6 |
|   -62.67 |   -85.72 | TH.ST_S    |       24189 |       20922 |            86.49 |     719,477 |     702,844 |             97.69 |           -20.0 |           -8.7 |           +19.9 |
|   -42.67 |   -65.72 | TH.ST_S    |       24189 |       21255 |            87.87 |     719,477 |     704,377 |             97.90 |           -20.0 |           -5.9 |           +20.0 |
|   -22.67 |   -45.72 | TH.ST_S    |       24189 |       21379 |            88.38 |     719,477 |     703,014 |             97.71 |           -20.0 |           -3.1 |           +20.0 |
|    -2.67 |   -25.72 | TH.ST_S    |       24189 |       21297 |            88.04 |     719,477 |     691,453 |             96.10 |           -20.0 |           -0.5 |           +20.0 |
|   +17.33 |    -5.72 | TH.ST_S    |       24189 |       21053 |            87.04 |     719,477 |     683,649 |             95.02 |           -20.0 |           +2.1 |           +20.0 |
|   +37.33 |   +14.28 | TH.ST_S    |       24189 |       20780 |            85.91 |     719,477 |     674,537 |             93.75 |           -20.0 |           +4.7 |           +20.0 |
|   +57.33 |   +34.28 | TH.ST_S    |       24189 |       20257 |            83.74 |     719,477 |     656,964 |             91.31 |           -19.9 |           +7.2 |           +20.0 |
|   +77.33 |   +54.28 | TH.ST_S    |       24189 |       19359 |            80.03 |     719,477 |     635,479 |             88.33 |           -19.9 |          +10.4 |           +20.0 |
|   +97.33 |   +74.28 | TH.ST_S    |       24189 |       18090 |            74.79 |     719,477 |     604,461 |             84.01 |           -20.0 |          +12.7 |           +20.0 |
|  +117.33 |   +94.28 | TH.ST_S    |       24189 |       15043 |            62.19 |     719,477 |     516,018 |             71.72 |           -20.0 |          +14.3 |           +20.0 |
|  +137.33 |  +114.28 | TH.ST_S    |       24189 |        9705 |            40.12 |     719,477 |     243,390 |             33.83 |           -19.9 |          +14.6 |           +20.0 |
|  +157.33 |  +134.28 | TH.ST_S    |       24189 |        4793 |            19.81 |     719,477 |      86,692 |             12.05 |           -19.9 |          +13.0 |           +20.0 |
|  +177.33 |  +154.28 | TH.ST_S    |       24189 |        2377 |             9.83 |     719,477 |      18,144 |              2.52 |           -19.9 |           +8.8 |           +20.0 |
==========================================================================================================================

 -> Plot saved successfully to: OUTPUT_LDP/TH_ST_S/TH_ST_S_Plot_PP_Popu.svg

--> [TH.ST_S] Step 6: 6_LDP_OnePage.py
Processing province: TH_ST_S
[+] TH_ST_S: One-Page Report generated successfully.
======================================================================
Completed province: TH.ST_S
Finished: 2026-08-19T17:09:39+07:00
======================================================================
