======================================================================
Processing province: TH.NR_S
Started: 2026-08-19T16:27:57+07:00
======================================================================
--> [TH.NR_S] Step 1: 1_fabdem_province.py
[1/5] Read GADM and select HASC_1=TH.NR_S
[2/5] Save province and clip FABDEM
[3/5] Generate contours every 100 m with GDAL 3.10.3
[4/5] Calculate statistics and write PDF
[5/5] Write DataFrame summaries

Completed successfully.
 HASC_1                  NAME_1  contours                                                                                      PDF
TH.NR_S Nakhon Ratchasima South      2799 /mnt/nvme1/Project/2026-EIT_TH_LDP/src/OUTPUT_FABDEM/TH_NR_S/TH_NR_S_fabdem_contours.pdf
--> [TH.NR_S] Step 2: 2_popu2025_grid.py
[1/4] Select GADM province HASC_1=TH.NR_S
[2/4] Save boundary and cut population grid
[3/4] Calculate population-grid statistics
[4/4] Write population-grid PDF and summaries

Completed successfully.
 HASC_1                  NAME_1  population_sum                                                                                           grid
TH.NR_S Nakhon Ratchasima South    1.919302e+06 /mnt/nvme1/Project/2026-EIT_TH_LDP/src/OUTPUT_POP2025/TH_NR_S/TH_NR_S_population_2025_100m.tif
--> [TH.NR_S] Step 3: 3_generate_sample.py
[1/4] Select GADM province HASC_1=TH.NR_S
 -> [READ] Loading Vector Dataset: OUTPUT_PROV/gadm41_THA.gpkg (Layer: 'ADM_ADM_1')
[2/4] Generate 500.0m grid points
 -> Auto-detected EPSG:32647 for province.
 -> Generated 98,072 bounding box points.
 -> Clipping points to province boundary...
 -> Computing 8-digit Geohashes...
[3/4] Extracting Raster Values (FABDEM MSL & POP2025)...
 -> [READ] Opening Raster File: OUTPUT_FABDEM/TH_NR_S/TH_NR_S_fabdem.tif
 -> [READ] Opening Raster File for Area Sum: OUTPUT_POP2025/TH_NR_S/TH_NR_S_population_2025_100m.tif
 -> Converting geometries to Lng/Lat (EPSG:4326)...
[4/4] Save GeoPackage Data...
 -> [WRITE] Saving Vector File: /mnt/nvme1/Project/2026-EIT_TH_LDP/src/OUTPUT_SAMPL/TH_NR_S/TH_NR_S_SAMPL.gpkg (Layer: 'samples')

[5/5] Comparing POP2025 with DOPA Registration Population...

Completed successfully.
 HASC_1  Grid (m)       CRS  Samples             Output   POP2025  DOPA_Pop     Diff
TH.NR_S     500.0 EPSG:4326    54931 TH_NR_S_SAMPL.gpkg 1,922,607 2,613,432 -690,825
--> [TH.NR_S] Step 4: 4_analyse_ldp.py
LDP                                               [TM, 101:55]
FALSE_EN                                     [250000, -890000]
PP_MSL                                                     150
POPU_PLOT                                         [350, 0, 20]
GPKG         [OUTPUT_SAMPL/TH_NR_S/TH_NR_S_SAMPL.gpkg, samp...
OFFSET_PP         [0.0, default hPP from average topo or pnts]
dtype: object
 -> OUTLIER FILTER: Dropped 1108 points.
 -> Dropped MSL values: [-9999, -9999, -9999, -9999, -9999, -9999, -9999, -9999, -9999, 843, 765, 809, 757, 1260, 1234, 1091, 1310, 1090, 1116, 1201, 948, 904, 918, 949, 877, 847, 866, 771, 762, 779, 767, 775, 493, 750, 759, 1169, 925, 710, 880, 490, 506, 514, 483, 480, 502, 458, 485, 488, 498, 764, 763, 746, 1219, 1118, 1191, 1223, 1099, 1092, 666, 781, 713, 526, 523, 512, 554, 480, 758, 759, 766, 784, 779, 759, 829, 1043, 885, 927, 1061, 788, 734, 781, 777, 750, 775, 762, 1058, 383, 680, 688, 686, 817, 666, 742, 800, 778, 797, 794, 1088, 703, 719, 436, 442, 675, 677, 786, 813, 790, 756, 734, 728, 788, 759, 778, 747, 707, 725, 710, 428, 455, 397, 430, 453, 453, 479, 496, 781, 761, 520, 496, 514, 445, 447, 499, 536, 545, 549, 591, 383, 528, 586, 644, 487, 383, 580, 378, 602, 590, 589, 441, 592, 504, 460, 494, 309, 563, 518, 515, 542, 811, 504, 532, 549, 492, 510, 478, 545, 481, 203, 148, 152, 157, 244, 221, 267, 283, 195, 221, 325, 310, 130, 139, 166, 323, 205, 213, 246, 463, 322, 712, 676, 699, 698, 689, 454, 409, 470, 465, 462, 457, 459, 368, 649, 502, 506, 465, 457, 488, 490, 502, 503, 502, 559, 493, 519, 546, 442, 470, 450, 453, 494, 514, 544, 445, 464, 446, 553, 560, 446, 464, 424, 423, 453, 438, 421, 422, 444, 742, 771, 777, 752, 424, 411, 409, 431, 405, 410, 413, 407, 412, 386, 403, 409, 430, 410, 395, 716, 703, 359, 733, 424, 431, 420, 715, 439, 459, 445, 395, 336, 536, 628, 521, 384, 396, 399, 380, 387, 799, 761, 351, 392, 412, 422, 755, 524, 530, 504, 532, 491, 479, 367, 360, 372, 345, 241, 240, 314, 241, 253, 266, 239, 281, 238, 284, 257, 264, 263, 263, 417, 404, 408, 299, 308, 230, 426, 436, 415, 758, 421, 403, 402, 417, 425, 364, 748, 727, 292, 439, 441, 432, 384, 443, 369, 401, 388, 507, 484, 449, 458, 287, 476, 288, 385, 379, 458, 404, 412, 398, 365, 388, 334, 445, 387, 409, 697, 686, 713, 294, 348, 268, 264, 273, 326, 241, 230, 242, 230, 369, 333, 443, 447, 395, 525, 608, 545, 387, 409, 374, 364, 401, 373, 568, 825, 831, 453, 815, 403, 410, 372, 410, 478, 436, 216, 443, 457, 440, 433, 422, 441, 437, 452, 440, 440, 445, 446, 448, 606, 445, 443, 488, 466, 352, 353, 360, 334, 435, 512, 441, 485, 504, 492, 508, 333, 367, 366, 324, 318, 428, 458, 461, 344, 322, 428, 335, 333, 345, 441, 760, 369, 732, 348, 340, 341, 342, 372, 463, 743, 732, 333, 335, 333, 312, 725, 745, 247, 249, 276, 390, 381, 514, 488, 476, 389, 380, 274, 486, 484, 449, 262, 335, 409, 258, 330, 270, 253, 257, 317, 373, 521, 269, 385, 502, 561, 236, 237, 234, 272, 256, 255, 237, 150, 204, 149, 148, 150, 137, 139, 148, 126, 212, 140, 380, 374, 376, 388, 533, 387, 420, 431, 540, 522, 619, 651, 586, 573, 436, 534, 440, 340, 302, 262, 302, 404, 307, 309, 289, 360, 261, 308, 262, 259, 324, 277, 375, 254, 247, 243, 288, 314, 331, 233, 364, 365, 360, 343, 271, 441, 302, 306, 256, 365, 272, 324, 190, 236, 188, 189, 183, 196, 347, 346, 348, 216, 177, 209, 216, 336, 337, 331, 407, 317, 385, 322, 396, 319, 340, 320, 328, 386, 326, 358, 377, 382, 369, 156, 298, 429, 414, 580, 336, 454, 379, 426, 393, 447, 425, 431, 435, 452, 333, 420, 316, 316, 393, 404, 393, 166, 170, 178, 139, 178, 146, 137, 122, 161, 157, 189, 119, 344, 318, 284, 448, 340, 314, 307, 302, 533, 306, 440, 469, 420, 411, 411, 301, 379, 440, 406, 310, 387, 340, 295, 281, 284, 239, 238, 239, 331, 722, 291, 286, 281, 282, 298, 285, 314, 301, 296, 299, 285, 282, 319, 306, 362, 316, 312, 379, 669, 673, 665, 688, 289, 341, 329, 490, 340, 477, 362, 449, 365, 347, 369, 350, 345, 343, 318, 461, 319, 361, 350, 357, 357, 351, 275, 251, 366, 372, 361, 367, 500, 455, 369, 339, 371, 351, 417, 337, 334, 360, 331, 328, 327, 331, 349, 352, 351, 353, 354, 376, 371, 373, 255, 253, 206, 267, 247, 245, 243, 229, 215, 197, 205, 230, 223, 315, 247, 209, 136, 115, 123, 116, 115, 313, 303, 308, 295, 396, 292, 283, 300, 329, 322, 332, 287, 321, 330, 299, 251, 395, 278, 280, 315, 280, 289, 289, 356, 80, 78, 180, 168, 155, 234, 245, 249, 181, 296, 298, 372, 373, 374, 386, 158, 373, 368, 368, 307, 346, 371, 299, 215, 221, 218, 217, 220, 220, 293, 294, 258, 288, 275, 258, 265, 223, 223, 224, 260, 260, 259, 247, 244, 240, 818, 780, 792, 785, 669, 698, 704, 738, 782, 807, 821, 657, 688, 852, 940, 936, 919, 922, 919, 913, 567, 856, 821, 802, 813, 507, 510, 357, 350, 384, 364, 348, 344, 327, 374, 354, 577, 318, 266, 274, 314, 338, 319, 321, 541, 259, 647, 431, 430, 416, 417, 797, 469, 446, 585, 568, 811, 441, 419, 449, 445, 795, 576, 778, 584, 556, 783, 449, 375, 796, 462, 458, 454, 456, 454, 387, 394, 411, 443, 234, 402, 243, 238, 234, 226, 226, 239, 226, 234, 235, 238, 234, 238, 232, 234, 325, 349, 347, 347, 358, 363, 350, 345, 352, 346, 233, 232, 233, 229, 231, 233, 249, 251, 276, 242, 252, 347, 286, 259, 261, 236, 217, 227, 217, 217, 254, 223, 215, 227, 218, 429, 430, 268, 253, 303, 531, 497, 500, 470, 448, 458, 438, 451, 440, 450, 229, 230, 232, 207, 205, 277, 230, 280, 227, 231, 276, 499, 501, 229, 253, 216, 684, 680, 607, 659, 519, 369, 346, 370, 338, 337, 331, 342, 563, 325, 366, 399, 395, 392, 409, 385, 369, 327, 345, 411, 332, 378, 354, 391, 384, 393, 373, 367, 341, 349, 340, 333, 335, 331, 320, 265, 364, 369, 360, 235, 233, 365, 283, 356, 351, 235, 235, 274, 278, 267, 297, 296, 254, 295, 298, 267, 272, 265, 284, 268, 219, 220, 213, 204, 492, 276, 232, 241, 232, 231, 232, 250, 251, 245, 252, 222, 217, 223, 218, 243, 239, 258, 240, 235, 243, 238, 237, 234, 238, 240, 245, 222, 221, 231, 233, 262, 223, 180, 179, 178, 194, 197, 184, 184, 184, 159, 166, 163, 196, 189, 198, 197, 201, 202, 205, 202, 177, 177, 178, 224, 181, 220, 181, 179, 181, 175, 177, 235, 223, 219, 217, 178, 176, 180, 246]
 -> Using user-defined PP_MSL: 150.000m
==================================== LDP TM ====================================
@ Centroid @     <lng=101°55′>    <lat=14°46′>
Offset Projection Plane = +0.0 m. <default hPP from average topo or pnts>
Designed Project Plane : hPP=+122.45 m. / MSL=+150.00 m. tied to k0 = 1.000019
Points CSF min/mean/max [ppm] : -120.6 / -10.2 / +73.8
Points MSL min/mean/max [m.]  : +79.0 / +311.2 / +1064.0
|      |       LDP_E |       LDP_N |
|:-----|------------:|------------:|
| min  | 171,196.536 | 671,668.357 |
| max  | 332,228.226 | 819,982.750 |
| diff | 161,031.689 | 148,314.393 |
{"meta": "LDP_Definition", "PROJ_String_Decimal": "+proj=tmerc +lat_0=0.0 +lon_0=101.91666667 +k_0=1.000019 +x_0=250000 +y_0=-890000 +ellps=WGS84 +units=m +no_defs +type=crs", "PROJ_String_DMS": "+proj=tmerc +lat_0=0.0 +lon_0=101°55′ +k_0=1.000019 +x_0=250000 +y_0=-890000 +ellps=WGS84 +units=m +no_defs +type=crs"}
Writing definition GPKG : OUTPUT_LDP/TH_NR_S/TH_NR_S_LDP.gpkg ...
 -> THINNING: Snapping points to 2 decimal grid for visualization...
 -> THINNING: Plot points reduced from 53823 to 11673.
Writing definition plot : OUTPUT_LDP/TH_NR_S/TH_NR_S_LDP.svg...
{"meta": "Coverage_Analysis", "Province": "TH.NR_S", "Total_Pts": 54931, "Valid_Pts": 37226, "Pt_Coverage(%)": 67.77, "Total_POP": 1922606.6972999999, "Valid_POP": 1726953.6329, "POP_Coverage(%)": 89.82, "CSF_Lower_ppm": -20.0, "CSF_Mean_ppm": -3.5, "CSF_Upper_ppm": 20.0}
--> [TH.NR_S] Step 5: 5_plot_PP_PctPopu.py
[TH.NR_S] POPU_PLOT found in TOML. Overriding MSL bounds: Upper=350.0, Lower=0.0, Step=20.0
[TH.NR_S] Starting ProcessPoolExecutor with 18 offsets to compute (Mean MSL: 311.25 m)...
[TH.NR_S] OFFSET_PP [-311.25] computed successfully.
[TH.NR_S] OFFSET_PP [-291.25] computed successfully.
[TH.NR_S] OFFSET_PP [-271.25] computed successfully.
[TH.NR_S] OFFSET_PP [-251.25] computed successfully.
[TH.NR_S] OFFSET_PP [-231.25] computed successfully.
[TH.NR_S] OFFSET_PP [-211.25] computed successfully.
[TH.NR_S] OFFSET_PP [-191.25] computed successfully.
[TH.NR_S] OFFSET_PP [-171.25] computed successfully.
[TH.NR_S] OFFSET_PP [-151.25] computed successfully.
[TH.NR_S] OFFSET_PP [-131.25] computed successfully.
[TH.NR_S] OFFSET_PP [-111.25] computed successfully.
[TH.NR_S] OFFSET_PP [-91.25] computed successfully.
[TH.NR_S] OFFSET_PP [-71.25] computed successfully.
[TH.NR_S] OFFSET_PP [-51.25] computed successfully.
[TH.NR_S] OFFSET_PP [-31.25] computed successfully.
[TH.NR_S] OFFSET_PP [-11.25] computed successfully.
[TH.NR_S] OFFSET_PP [8.75] computed successfully.
[TH.NR_S] OFFSET_PP [28.75] computed successfully.

==================================== LDP Population Coverage Analysis: TH.NR_S ====================================
|   MSL_PP |   HAE_PP | Province   |   Total_Pts |   Valid_Pts |   Pt_Coverage(%) |   Total_POP |   Valid_POP |   POP_Coverage(%) |   CSF_Lower_ppm |   CSF_Mean_ppm |   CSF_Upper_ppm |
|---------:|---------:|:-----------|------------:|------------:|-----------------:|------------:|------------:|------------------:|----------------:|---------------:|----------------:|
|    +0.00 |   -27.55 | TH.NR_S    |       54931 |       12154 |            22.13 |   1,922,607 |     456,482 |             23.74 |           -20.0 |           -7.8 |           +20.0 |
|   +20.00 |    -7.55 | TH.NR_S    |       54931 |       15238 |            27.74 |   1,922,607 |     769,458 |             40.02 |           -20.0 |           -8.3 |           +20.0 |
|   +40.00 |   +12.45 | TH.NR_S    |       54931 |       18465 |            33.61 |   1,922,607 |   1,048,029 |             54.51 |           -20.0 |           -8.3 |           +20.0 |
|   +60.00 |   +32.45 | TH.NR_S    |       54931 |       23633 |            43.02 |   1,922,607 |   1,278,332 |             66.49 |           -20.0 |           -8.9 |           +20.0 |
|   +80.00 |   +52.45 | TH.NR_S    |       54931 |       29204 |            53.16 |   1,922,607 |   1,547,007 |             80.46 |           -20.0 |           -9.0 |           +20.0 |
|  +100.00 |   +72.45 | TH.NR_S    |       54931 |       32967 |            60.02 |   1,922,607 |   1,663,498 |             86.52 |           -20.0 |           -8.2 |           +20.0 |
|  +120.00 |   +92.45 | TH.NR_S    |       54931 |       36084 |            65.69 |   1,922,607 |   1,721,018 |             89.51 |           -20.0 |           -6.2 |           +20.0 |
|  +140.00 |  +112.45 | TH.NR_S    |       54931 |       37073 |            67.49 |   1,922,607 |   1,728,434 |             89.90 |           -20.0 |           -4.2 |           +20.0 |
|  +160.00 |  +132.45 | TH.NR_S    |       54931 |       37375 |            68.04 |   1,922,607 |   1,723,277 |             89.63 |           -20.0 |           -2.0 |           +20.0 |
|  +180.00 |  +152.45 | TH.NR_S    |       54931 |       37447 |            68.17 |   1,922,607 |   1,717,535 |             89.33 |           -20.0 |           +0.2 |           +20.0 |
|  +200.00 |  +172.45 | TH.NR_S    |       54931 |       37187 |            67.70 |   1,922,607 |   1,696,664 |             88.25 |           -20.0 |           +2.5 |           +20.0 |
|  +220.00 |  +192.45 | TH.NR_S    |       54931 |       36617 |            66.66 |   1,922,607 |   1,622,381 |             84.38 |           -20.0 |           +4.5 |           +20.0 |
|  +240.00 |  +212.45 | TH.NR_S    |       54931 |       34960 |            63.64 |   1,922,607 |   1,524,535 |             79.30 |           -20.0 |           +5.8 |           +20.0 |
|  +260.00 |  +232.45 | TH.NR_S    |       54931 |       32421 |            59.02 |   1,922,607 |   1,323,241 |             68.83 |           -20.0 |           +7.4 |           +20.0 |
|  +280.00 |  +252.45 | TH.NR_S    |       54931 |       29711 |            54.09 |   1,922,607 |     980,027 |             50.97 |           -20.0 |           +8.2 |           +20.0 |
|  +300.00 |  +272.45 | TH.NR_S    |       54931 |       26495 |            48.23 |   1,922,607 |     740,416 |             38.51 |           -20.0 |           +8.8 |           +20.0 |
|  +320.00 |  +292.45 | TH.NR_S    |       54931 |       21272 |            38.72 |   1,922,607 |     497,053 |             25.85 |           -20.0 |           +8.1 |           +20.0 |
|  +340.00 |  +312.45 | TH.NR_S    |       54931 |       16232 |            29.55 |   1,922,607 |     253,234 |             13.17 |           -20.0 |           +6.3 |           +20.0 |
==========================================================================================================================

 -> Plot saved successfully to: OUTPUT_LDP/TH_NR_S/TH_NR_S_Plot_PP_Popu.svg

--> [TH.NR_S] Step 6: 6_LDP_OnePage.py
Processing province: TH_NR_S
[+] TH_NR_S: One-Page Report generated successfully.
======================================================================
Completed province: TH.NR_S
Finished: 2026-08-19T17:04:42+07:00
======================================================================
