======================================================================
Processing province: TH.MD_S
Started: 2026-08-16T11:52:54+07:00
======================================================================
--> [TH.MD_S] Step 1: 1_fabdem_province.py
[1/5] Read GADM and select HASC_1=TH.MD_S
[2/5] Save province and clip FABDEM
[3/5] Generate contours every 100 m with GDAL 3.10.3
[4/5] Calculate statistics and write PDF
[5/5] Write DataFrame summaries

Completed successfully.
 HASC_1         NAME_1  contours                                                                                      PDF
TH.MD_S Mukdahan South       453 /mnt/nvme1/Project/2026-EIT_TH_LDP/src/OUTPUT_FABDEM/TH_MD_S/TH_MD_S_fabdem_contours.pdf
--> [TH.MD_S] Step 2: 2_popu2025_grid.py
[1/4] Select GADM province HASC_1=TH.MD_S
[2/4] Save boundary and cut population grid
[3/4] Calculate population-grid statistics
[4/4] Write population-grid PDF and summaries

Completed successfully.
 HASC_1         NAME_1  population_sum                                                                                           grid
TH.MD_S Mukdahan South   264843.591447 /mnt/nvme1/Project/2026-EIT_TH_LDP/src/OUTPUT_POP2025/TH_MD_S/TH_MD_S_population_2025_100m.tif
--> [TH.MD_S] Step 3: 3_generate_sample.py
[1/4] Select GADM province HASC_1=TH.MD_S
 -> [READ] Loading Vector Dataset: OUTPUT_PROV/gadm41_THA.gpkg (Layer: 'ADM_ADM_1')
[2/4] Generate 1000.0m grid points
 -> Auto-detected EPSG:32648 for province.
 -> Generated 4,526 bounding box points.
 -> Clipping points to province boundary...
 -> Computing 7-digit Geohashes...
[3/4] Extracting Raster Values (FABDEM MSL & POP2025)...
 -> [READ] Opening Raster File: OUTPUT_FABDEM/TH_MD_S/TH_MD_S_fabdem.tif
 -> [READ] Opening Raster File for Area Sum: OUTPUT_POP2025/TH_MD_S/TH_MD_S_population_2025_100m.tif
 -> Converting geometries to Lng/Lat (EPSG:4326)...
[4/4] Save GeoPackage Data...
 -> [WRITE] Saving Vector File: /mnt/nvme1/Project/2026-EIT_TH_LDP/src/OUTPUT_SAMPL/TH_MD_S/TH_MD_S_SAMPL.gpkg (Layer: 'samples')

[5/5] Comparing POP2025 with DOPA Registration Population...

Completed successfully.
 HASC_1  Grid (m)       CRS  Samples             Output POP2025 DOPA_Pop    Diff
TH.MD_S    1000.0 EPSG:4326     2236 TH_MD_S_SAMPL.gpkg 260,459  349,618 -89,159
--> [TH.MD_S] Step 4: 4_analyse_ldp.py
LDP                                               [TM, 104:40]
FALSE_EN                                     [50000, -1680000]
PP_MSL                                                     180
GPKG         [OUTPUT_SAMPL/TH_MD_S/TH_MD_S_SAMPL.gpkg, samp...
OFFSET_PP         [0.0, default hPP from average topo or pnts]
dtype: object
 -> OUTLIER FILTER: Dropped 45 points.
 -> Dropped MSL values: [433, 218, 200, 214, 449, 203, 217, 205, 223, 479, 222, 238, 225, 218, 215, 252, 225, 224, 215, 313, 182, 184, 174, 238, 179, 230, 267, 208, 220, 137, 131, 204, 172, 209, 192, 199, 131, 181, 191, 181, 182, 131, 219, 224, 261]
 -> Using user-defined PP_MSL: 180.000m
==================================== LDP TM ====================================
@ Centroid @     <lng=104°40′>    <lat=16°28′>
Offset Projection Plane = +0.0 m. <default hPP from average topo or pnts>
Designed Project Plane : hPP=+156.46 m. / MSL=+180.00 m. tied to k0 = 1.000025
Points CSF min/mean/max [ppm] : -36.8 / +2.2 / +18.1
Points MSL min/mean/max [m.]  : +131.0 / +180.5 / +425.0
|      |      LDP_E |       LDP_N |
|:-----|-----------:|------------:|
| min  | 23,577.153 | 110,755.886 |
| max  | 80,628.373 | 180,768.509 |
| diff | 57,051.220 |  70,012.623 |
{"meta": "LDP_Definition", "PROJ_String_Decimal": "+proj=tmerc +lat_0=0.0 +lon_0=104.66666667 +k_0=1.000025 +x_0=50000 +y_0=-1680000 +ellps=WGS84 +units=m +no_defs +type=crs", "PROJ_String_DMS": "+proj=tmerc +lat_0=0.0 +lon_0=104°40′ +k_0=1.000025 +x_0=50000 +y_0=-1680000 +ellps=WGS84 +units=m +no_defs +type=crs"}
Writing definition GPKG : OUTPUT_LDP/TH_MD_S/TH_MD_S_LDP.gpkg ...
 -> THINNING: Snapping points to 2 decimal grid for visualization...
 -> THINNING: Plot points reduced from 2191 to 1875.
Writing definition plot : OUTPUT_LDP/TH_MD_S/TH_MD_S_LDP.svg...
{"meta": "Coverage_Analysis", "Province": "TH.MD_S", "Total_Pts": 2236, "Valid_Pts": 2138, "Pt_Coverage(%)": 95.62, "Total_POP": 260458.9738, "Valid_POP": 258264.28120000003, "POP_Coverage(%)": 99.16, "CSF_Lower_ppm": -19.9, "CSF_Mean_ppm": 2.9, "CSF_Upper_ppm": 18.1}
--> [TH.MD_S] Step 5: 5_plot_PP_PctPopu.py
[TH.MD_S] Starting ProcessPoolExecutor with 16 offsets to compute (Mean MSL: 180.47 m)...
[TH.MD_S] OFFSET_PP [-200.00] computed successfully.
[TH.MD_S] OFFSET_PP [-180.00] computed successfully.
[TH.MD_S] OFFSET_PP [-160.00] computed successfully.
[TH.MD_S] OFFSET_PP [-140.00] computed successfully.
[TH.MD_S] OFFSET_PP [-120.00] computed successfully.
[TH.MD_S] OFFSET_PP [-100.00] computed successfully.
[TH.MD_S] OFFSET_PP [-80.00] computed successfully.
[TH.MD_S] OFFSET_PP [-60.00] computed successfully.
[TH.MD_S] OFFSET_PP [-40.00] computed successfully.
[TH.MD_S] OFFSET_PP [-20.00] computed successfully.
[TH.MD_S] OFFSET_PP [0.00] computed successfully.
[TH.MD_S] OFFSET_PP [20.00] computed successfully.
[TH.MD_S] OFFSET_PP [40.00] computed successfully.
[TH.MD_S] OFFSET_PP [60.00] computed successfully.
[TH.MD_S] OFFSET_PP [80.00] computed successfully.
[TH.MD_S] OFFSET_PP [100.00] computed successfully.

==================================== LDP Population Coverage Analysis: TH.MD_S ====================================
|   MSL_PP |   HAE_PP | Province   |   Total_Pts |   Valid_Pts |   Pt_Coverage(%) |   Total_POP |   Valid_POP |   POP_Coverage(%) |   CSF_Lower_ppm |   CSF_Mean_ppm |   CSF_Upper_ppm |
|---------:|---------:|:-----------|------------:|------------:|-----------------:|------------:|------------:|------------------:|----------------:|---------------:|----------------:|
|   -19.53 |   -43.07 | TH.MD_S    |        2236 |          65 |             2.91 |     260,459 |      12,549 |              4.82 |           -20.0 |          -17.9 |           -13.9 |
|    +0.47 |   -23.07 | TH.MD_S    |        2236 |         181 |             8.09 |     260,459 |      27,954 |             10.73 |           -20.0 |          -17.4 |           -10.9 |
|   +20.47 |    -3.07 | TH.MD_S    |        2236 |         711 |            31.80 |     260,459 |     129,149 |             49.59 |           -20.0 |          -17.3 |            -6.9 |
|   +40.47 |   +16.93 | TH.MD_S    |        2236 |        1417 |            63.37 |     260,459 |     215,949 |             82.91 |           -20.0 |          -16.3 |            -3.9 |
|   +60.47 |   +36.93 | TH.MD_S    |        2236 |        1831 |            81.89 |     260,459 |     252,272 |             96.86 |           -20.0 |          -14.5 |            -0.9 |
|   +80.47 |   +56.93 | TH.MD_S    |        2236 |        1959 |            87.61 |     260,459 |     256,796 |             98.59 |           -20.0 |          -11.9 |            +2.1 |
|  +100.47 |   +76.93 | TH.MD_S    |        2236 |        2023 |            90.47 |     260,459 |     257,789 |             98.98 |           -20.0 |           -9.2 |            +5.1 |
|  +120.47 |   +96.93 | TH.MD_S    |        2236 |        2055 |            91.91 |     260,459 |     257,971 |             99.04 |           -20.0 |           -6.4 |            +8.1 |
|  +140.47 |  +116.93 | TH.MD_S    |        2236 |        2090 |            93.47 |     260,459 |     258,093 |             99.09 |           -19.9 |           -3.6 |           +11.1 |
|  +160.47 |  +136.93 | TH.MD_S    |        2236 |        2125 |            95.04 |     260,459 |     258,197 |             99.13 |           -19.8 |           +0.1 |           +15.1 |
|  +180.47 |  +156.93 | TH.MD_S    |        2236 |        2138 |            95.62 |     260,459 |     258,264 |             99.16 |           -19.9 |           +2.9 |           +18.1 |
|  +200.47 |  +176.93 | TH.MD_S    |        2236 |        2156 |            96.42 |     260,459 |     257,904 |             99.02 |           -19.7 |           +5.6 |           +20.0 |
|  +220.47 |  +196.93 | TH.MD_S    |        2236 |        2145 |            95.93 |     260,459 |     251,515 |             96.57 |           -19.8 |           +8.3 |           +20.0 |
|  +240.47 |  +216.93 | TH.MD_S    |        2236 |        2089 |            93.43 |     260,459 |     241,131 |             92.58 |           -19.8 |          +10.9 |           +19.9 |
|  +260.47 |  +236.93 | TH.MD_S    |        2236 |        1953 |            87.34 |     260,459 |     222,850 |             85.56 |           -19.0 |          +13.3 |           +20.0 |
|  +280.47 |  +256.93 | TH.MD_S    |        2236 |        1477 |            66.06 |     260,459 |     129,148 |             49.58 |           -18.5 |          +14.7 |           +20.0 |
==========================================================================================================================

 -> Plot saved successfully to: OUTPUT_LDP/TH_MD_S/TH_MD_S_Plot_PP_Popu.svg

--> [TH.MD_S] Step 6: 6_LDP_OnePage.py
Processing province: TH_MD_S
[+] TH_MD_S: One-Page Report generated successfully.
======================================================================
Completed province: TH.MD_S
Finished: 2026-08-16T11:56:00+07:00
======================================================================
