======================================================================
Processing province: TH.SR
Started: 2026-08-19T16:54:54+07:00
======================================================================
--> [TH.SR] Step 1: 1_fabdem_province.py
[1/5] Read GADM and select HASC_1=TH.SR
[2/5] Save province and clip FABDEM
[3/5] Generate contours every 100 m with GDAL 3.10.3
[4/5] Calculate statistics and write PDF
[5/5] Write DataFrame summaries

Completed successfully.
HASC_1   NAME_1  contours                                                                                  PDF
 TH.SR Saraburi      1596 /mnt/nvme1/Project/2026-EIT_TH_LDP/src/OUTPUT_FABDEM/TH_SR/TH_SR_fabdem_contours.pdf
--> [TH.SR] Step 2: 2_popu2025_grid.py
[1/4] Select GADM province HASC_1=TH.SR
[2/4] Save boundary and cut population grid
[3/4] Calculate population-grid statistics
[4/4] Write population-grid PDF and summaries

Completed successfully.
HASC_1   NAME_1  population_sum                                                                                       grid
 TH.SR Saraburi   831862.417662 /mnt/nvme1/Project/2026-EIT_TH_LDP/src/OUTPUT_POP2025/TH_SR/TH_SR_population_2025_100m.tif
--> [TH.SR] Step 3: 3_generate_sample.py
[1/4] Select GADM province HASC_1=TH.SR
 -> [READ] Loading Vector Dataset: OUTPUT_PROV/gadm41_THA.gpkg (Layer: 'ADM_ADM_1')
[2/4] Generate 500.0m grid points
 -> Auto-detected EPSG:32647 for province.
 -> Generated 34,571 bounding box points.
 -> Clipping points to province boundary...
 -> Computing 8-digit Geohashes...
[3/4] Extracting Raster Values (FABDEM MSL & POP2025)...
 -> [READ] Opening Raster File: OUTPUT_FABDEM/TH_SR/TH_SR_fabdem.tif
 -> [READ] Opening Raster File for Area Sum: OUTPUT_POP2025/TH_SR/TH_SR_population_2025_100m.tif
 -> Converting geometries to Lng/Lat (EPSG:4326)...
[4/4] Save GeoPackage Data...
 -> [WRITE] Saving Vector File: /mnt/nvme1/Project/2026-EIT_TH_LDP/src/OUTPUT_SAMPL/TH_SR/TH_SR_SAMPL.gpkg (Layer: 'samples')

[5/5] Comparing POP2025 with DOPA Registration Population...

Completed successfully.
HASC_1  Grid (m)       CRS  Samples           Output POP2025 DOPA_Pop    Diff
 TH.SR     500.0 EPSG:4326    14260 TH_SR_SAMPL.gpkg 829,687  638,477 191,210
--> [TH.SR] Step 4: 4_analyse_ldp.py
LDP                                            [TM, 101:01]
FALSE_EN                                  [50000, -1470000]
PP_MSL                                                   10
GPKG         [OUTPUT_SAMPL/TH_SR/TH_SR_SAMPL.gpkg, samples]
OFFSET_PP      [0.0, default hPP from average topo or pnts]
dtype: object
 -> OUTLIER FILTER: Dropped 291 points.
 -> Dropped MSL values: [-9999, -9999, -9999, -9999, -9999, 3, 4, 3, 4, 33, 222, 36, -6, 28, 33, 45, 41, 226, 47, 36, 304, 30, 50, 25, 57, 48, 130, 52, 87, 67, 36, 65, 30, 95, 148, 46, 32, 55, 188, 95, 91, 76, 45, 38, 5, 5, 73, 168, 53, 59, 39, 62, 82, 71, 36, 82, 126, 159, 185, 96, 49, 60, -2, -2, 0, 92, 67, 104, 125, 54, 40, 29, 431, 79, 127, 534, 419, 105, 437, 109, 115, 126, 125, 112, 37, 100, 40, 51, 72, 83, 63, 387, 355, 387, 130, 107, 113, 142, 243, 121, 119, 114, 654, 107, 72, 64, 67, 48, 87, 52, 54, 69, 59, 81, 169, 51, 71, 304, 386, 359, 688, 683, 637, 950, 634, 660, 666, 627, 958, 973, 995, 960, 942, 958, 961, 301, 307, 84, 86, 62, 47, 75, 271, 80, 80, 74, 46, 522, 536, 529, 228, 299, 530, 295, 275, 268, 54, 174, 11, 10, 294, 351, 417, 271, 127, 118, 135, 63, 79, 227, 252, 97, 110, 97, 70, 56, 56, 154, 142, 208, 102, 85, 89, 100, 101, 121, 277, 109, 138, 128, 140, 407, 340, 317, 139, 149, 118, 485, 515, 572, 558, 284, 273, 50, 79, 70, 284, 353, 335, 304, 270, 385, 382, 281, 112, 404, 94, 302, 16, 91, 83, 84, 103, 576, 578, 569, 575, 593, 565, 457, 535, 370, 557, 385, 412, 416, 411, 385, 383, 397, 484, 620, 564, 545, 567, 610, 470, 384, 354, 625, 606, 424, 439, 609, 351, 557, 591, 600, 586, 292, 291, 309, 306, 287, 263, 237, 544, 432, 449, 438, 365, 404, 260, 299, 310, 287, 161, 213, 270, 264, 264, 277, 384, 369, 247, 711, 365, 355, 225, 269, 275]
 -> Using user-defined PP_MSL: 10.000m
==================================== LDP TM ====================================
@ Centroid @     <lng=101°01′>    <lat=14°38′>
Offset Projection Plane = +0.0 m. <default hPP from average topo or pnts>
Designed Project Plane : hPP=-19.87 m. / MSL=+10.00 m. tied to k0 = 0.999997
Points CSF min/mean/max [ppm] : -137.7 / -12.7 / +28.9
Points MSL min/mean/max [m.]  : -2.0 / +127.6 / +925.0
|      |      LDP_E |       LDP_N |
|:-----|-----------:|------------:|
| min  |  2,751.454 | 105,787.588 |
| max  | 97,021.320 | 193,330.119 |
| diff | 94,269.865 |  87,542.531 |
{"meta": "LDP_Definition", "PROJ_String_Decimal": "+proj=tmerc +lat_0=0.0 +lon_0=101.01666667 +k_0=0.999997 +x_0=50000 +y_0=-1470000 +ellps=WGS84 +units=m +no_defs +type=crs", "PROJ_String_DMS": "+proj=tmerc +lat_0=0.0 +lon_0=101°01′ +k_0=0.999997 +x_0=50000 +y_0=-1470000 +ellps=WGS84 +units=m +no_defs +type=crs"}
Writing definition GPKG : OUTPUT_LDP/TH_SR/TH_SR_LDP.gpkg ...
 -> THINNING: Snapping points to 2 decimal grid for visualization...
 -> THINNING: Plot points reduced from 13969 to 3111.
Writing definition plot : OUTPUT_LDP/TH_SR/TH_SR_LDP.svg...
{"meta": "Coverage_Analysis", "Province": "TH.SR", "Total_Pts": 14260, "Valid_Pts": 9501, "Pt_Coverage(%)": 66.63, "Total_POP": 829687.2442999999, "Valid_POP": 748117.3882999999, "POP_Coverage(%)": 90.17, "CSF_Lower_ppm": -20.0, "CSF_Mean_ppm": -1.4, "CSF_Upper_ppm": 20.0}
--> [TH.SR] Step 5: 5_plot_PP_PctPopu.py
[TH.SR] Starting ProcessPoolExecutor with 16 offsets to compute (Mean MSL: 127.56 m)...
[TH.SR] OFFSET_PP [-200.00] computed successfully.
[TH.SR] OFFSET_PP [-180.00] computed successfully.
[TH.SR] OFFSET_PP [-160.00] computed successfully.
[TH.SR] OFFSET_PP [-140.00] computed successfully.
[TH.SR] OFFSET_PP [-120.00] computed successfully.
[TH.SR] OFFSET_PP [-100.00] computed successfully.
[TH.SR] OFFSET_PP [-80.00] computed successfully.
[TH.SR] OFFSET_PP [-60.00] computed successfully.
[TH.SR] OFFSET_PP [-40.00] computed successfully.
[TH.SR] OFFSET_PP [-20.00] computed successfully.
[TH.SR] OFFSET_PP [0.00] computed successfully.
[TH.SR] OFFSET_PP [20.00] computed successfully.
[TH.SR] OFFSET_PP [40.00] computed successfully.
[TH.SR] OFFSET_PP [60.00] computed successfully.
[TH.SR] OFFSET_PP [80.00] computed successfully.
[TH.SR] OFFSET_PP [100.00] computed successfully.

==================================== LDP Population Coverage Analysis: TH.SR ====================================
|   MSL_PP |   HAE_PP | Province   |   Total_Pts |   Valid_Pts |   Pt_Coverage(%) |   Total_POP |   Valid_POP |   POP_Coverage(%) |   CSF_Lower_ppm |   CSF_Mean_ppm |   CSF_Upper_ppm |
|---------:|---------:|:-----------|------------:|------------:|-----------------:|------------:|------------:|------------------:|----------------:|---------------:|----------------:|
|   -72.44 |  -102.31 | TH.SR      |       14260 |        7482 |            52.47 |     829,687 |     687,148 |             82.82 |           -20.0 |           -9.4 |           +15.9 |
|   -52.44 |   -82.31 | TH.SR      |       14260 |        8274 |            58.02 |     829,687 |     720,574 |             86.85 |           -20.0 |           -7.5 |           +18.9 |
|   -32.44 |   -62.31 | TH.SR      |       14260 |        8878 |            62.26 |     829,687 |     739,529 |             89.13 |           -20.0 |           -5.6 |           +20.0 |
|   -12.44 |   -42.31 | TH.SR      |       14260 |        9223 |            64.68 |     829,687 |     745,409 |             89.84 |           -20.0 |           -3.7 |           +20.0 |
|    +7.56 |   -22.31 | TH.SR      |       14260 |        9424 |            66.09 |     829,687 |     747,299 |             90.07 |           -20.0 |           -1.9 |           +20.0 |
|   +27.56 |    -2.31 | TH.SR      |       14260 |        9613 |            67.41 |     829,687 |     746,520 |             89.98 |           -20.0 |           +0.4 |           +19.9 |
|   +47.56 |   +17.69 | TH.SR      |       14260 |        9781 |            68.59 |     829,687 |     747,346 |             90.08 |           -20.0 |           +2.1 |           +20.0 |
|   +67.56 |   +37.69 | TH.SR      |       14260 |        9933 |            69.66 |     829,687 |     742,566 |             89.50 |           -20.0 |           +3.8 |           +20.0 |
|   +87.56 |   +57.69 | TH.SR      |       14260 |        9816 |            68.84 |     829,687 |     712,464 |             85.87 |           -20.0 |           +5.3 |           +20.0 |
|  +107.56 |   +77.69 | TH.SR      |       14260 |        9089 |            63.74 |     829,687 |     649,718 |             78.31 |           -20.0 |           +6.1 |           +20.0 |
|  +127.56 |   +97.69 | TH.SR      |       14260 |        8047 |            56.43 |     829,687 |     511,547 |             61.66 |           -20.0 |           +6.1 |           +20.0 |
|  +147.56 |  +117.69 | TH.SR      |       14260 |        6629 |            46.49 |     829,687 |     230,827 |             27.82 |           -20.0 |           +5.8 |           +20.0 |
|  +167.56 |  +137.69 | TH.SR      |       14260 |        5624 |            39.44 |     829,687 |     155,716 |             18.77 |           -20.0 |           +4.8 |           +20.0 |
|  +187.56 |  +157.69 | TH.SR      |       14260 |        4917 |            34.48 |     829,687 |     111,503 |             13.44 |           -20.0 |           +4.0 |           +20.0 |
|  +207.56 |  +177.69 | TH.SR      |       14260 |        4342 |            30.45 |     829,687 |      85,438 |             10.30 |           -20.0 |           +3.4 |           +20.0 |
|  +227.56 |  +197.69 | TH.SR      |       14260 |        3967 |            27.82 |     829,687 |      71,257 |              8.59 |           -20.0 |           +3.3 |           +20.0 |
==========================================================================================================================

 -> Plot saved successfully to: OUTPUT_LDP/TH_SR/TH_SR_Plot_PP_Popu.svg

--> [TH.SR] Step 6: 6_LDP_OnePage.py
Processing province: TH_SR
[+] TH_SR: One-Page Report generated successfully.
======================================================================
Completed province: TH.SR
Finished: 2026-08-19T17:01:25+07:00
======================================================================
