======================================================================
Processing province: TH.SI
Started: 2026-08-19T16:50:02+07:00
======================================================================
--> [TH.SI] Step 1: 1_fabdem_province.py
[1/5] Read GADM and select HASC_1=TH.SI
[2/5] Save province and clip FABDEM
[3/5] Generate contours every 100 m with GDAL 3.10.3
[4/5] Calculate statistics and write PDF
[5/5] Write DataFrame summaries

Completed successfully.
HASC_1    NAME_1  contours                                                                                  PDF
 TH.SI Si Sa Ket       579 /mnt/nvme1/Project/2026-EIT_TH_LDP/src/OUTPUT_FABDEM/TH_SI/TH_SI_fabdem_contours.pdf
--> [TH.SI] Step 2: 2_popu2025_grid.py
[1/4] Select GADM province HASC_1=TH.SI
[2/4] Save boundary and cut population grid
[3/4] Calculate population-grid statistics
[4/4] Write population-grid PDF and summaries

Completed successfully.
HASC_1    NAME_1  population_sum                                                                                       grid
 TH.SI Si Sa Ket   753260.481777 /mnt/nvme1/Project/2026-EIT_TH_LDP/src/OUTPUT_POP2025/TH_SI/TH_SI_population_2025_100m.tif
--> [TH.SI] Step 3: 3_generate_sample.py
[1/4] Select GADM province HASC_1=TH.SI
 -> [READ] Loading Vector Dataset: OUTPUT_PROV/gadm41_THA.gpkg (Layer: 'ADM_ADM_1')
[2/4] Generate 500.0m grid points
 -> Auto-detected EPSG:32648 for province.
 -> Generated 59,514 bounding box points.
 -> Clipping points to province boundary...
 -> Computing 8-digit Geohashes...
[3/4] Extracting Raster Values (FABDEM MSL & POP2025)...
 -> [READ] Opening Raster File: OUTPUT_FABDEM/TH_SI/TH_SI_fabdem.tif
 -> [READ] Opening Raster File for Area Sum: OUTPUT_POP2025/TH_SI/TH_SI_population_2025_100m.tif
 -> Converting geometries to Lng/Lat (EPSG:4326)...
[4/4] Save GeoPackage Data...
 -> [WRITE] Saving Vector File: /mnt/nvme1/Project/2026-EIT_TH_LDP/src/OUTPUT_SAMPL/TH_SI/TH_SI_SAMPL.gpkg (Layer: 'samples')

[5/5] Comparing POP2025 with DOPA Registration Population...

Completed successfully.
HASC_1  Grid (m)       CRS  Samples           Output POP2025  DOPA_Pop     Diff
 TH.SI     500.0 EPSG:4326    35395 TH_SI_SAMPL.gpkg 746,220 1,436,741 -690,521
--> [TH.SI] Step 4: 4_analyse_ldp.py
LDP                                            [TM, 104:22]
FALSE_EN                                  [250000, -900000]
PP_MSL                                                   70
GPKG         [OUTPUT_SAMPL/TH_SI/TH_SI_SAMPL.gpkg, samples]
OFFSET_PP      [0.0, default hPP from average topo or pnts]
dtype: object
 -> OUTLIER FILTER: Dropped 717 points.
 -> Dropped MSL values: [-9999, -9999, -9999, -9999, -9999, -9999, -9999, -9999, -9999, 487, 473, 480, 444, 396, 448, 508, 370, 354, 362, 360, 593, 596, 604, 340, 560, 536, 449, 394, 465, 572, 360, 298, 587, 188, 188, 189, 189, 517, 524, 196, 189, 285, 279, 233, 308, 308, 308, 263, 483, 365, 361, 374, 283, 336, 487, 481, 259, 235, 227, 238, 241, 188, 195, 192, 195, 193, 247, 196, 192, 178, 169, 174, 184, 190, 186, 192, 181, 182, 180, 189, 185, 177, 179, 176, 177, 173, 177, 172, 178, 178, 167, 167, 166, 164, 167, 163, 159, 162, 151, 155, 157, 159, 162, 158, 160, 159, 154, 156, 161, 153, 149, 146, 147, 162, 162, 151, 145, 146, 147, 141, 137, 138, 136, 137, 446, 369, 661, 633, 645, 624, 632, 612, 435, 616, 638, 605, 610, 623, 642, 586, 550, 518, 537, 521, 492, 484, 510, 511, 507, 460, 453, 465, 212, 179, 594, 598, 293, 341, 284, 347, 289, 301, 304, 326, 598, 627, 280, 270, 274, 613, 303, 602, 606, 609, 318, 282, 207, 193, 210, 215, 255, 203, 187, 186, 200, 197, 201, 627, 651, 661, 646, 631, 605, 604, 642, 639, 631, 644, 603, 596, 198, 183, 181, 171, 263, 261, 263, 170, 166, 171, 157, 156, 181, 257, 182, 206, 179, 158, 155, 162, 171, 165, 155, 214, 210, 158, 153, 208, 211, 207, 213, 208, 152, 153, 152, 152, 149, 184, 192, 200, 183, 182, 167, 145, 154, 144, 144, 141, 143, 159, 151, 163, 161, 163, 146, 145, 145, 142, 139, 138, 140, 138, 412, 444, 392, 397, 324, 548, 484, 529, 486, 514, 519, 511, 518, 490, 471, 475, 477, 459, 448, 456, 423, 528, 470, 477, 449, 369, 361, 494, 420, 353, 361, 328, 394, 383, 277, 279, 303, 325, 262, 288, 281, 432, 384, 321, 294, 281, 263, 259, 278, 264, 206, 202, 202, 206, 202, 209, 217, 202, 195, 164, 146, 148, 147, 161, 155, 180, 180, 177, 181, 175, 200, 188, 175, 153, 153, 174, 162, 162, 160, 163, 195, 159, 157, 160, 194, 172, 166, 146, 203, 162, 154, 151, 155, 154, 168, 183, 183, 147, 148, 147, 187, 191, 190, 184, 191, 189, 184, 185, 152, 151, 147, 151, 151, 145, 142, 139, 139, 158, 157, 155, 120, 119, 118, 132, 120, 116, 111, 124, 124, 126, 124, 109, 124, 109, 109, 109, 109, 109, 109, 109, 140, 140, 140, 140, 137, 151, 151, 146, 148, 143, 131, 130, 133, 132, 121, 137, 131, 120, 120, 124, 133, 120, 129, 136, 154, 148, 153, 143, 139, 127, 136, 127, 127, 127, 128, 126, 126, 122, 138, 121, 125, 126, 121, 123, 124, 123, 125, 129, 123, 120, 124, 149, 155, 151, 144, 158, 145, 146, 126, 124, 123, 122, 124, 160, 162, 162, 125, 127, 123, 127, 145, 169, 159, 150, 120, 120, 123, 133, 121, 147, 162, 133, 164, 131, 130, 129, 133, 119, 161, 154, 129, 129, 130, 133, 129, 127, 130, 118, 126, 117, 119, 129, 129, 127, 126, 118, 118, 128, 134, 129, 136, 126, 135, 118, 131, 136, 136, 139, 136, 136, 136, 135, 130, 129, 126, 133, 130, 133, 120, 119, 120, 119, 122, 122, 134, 130, 129, 148, 146, 140, 140, 144, 144, 132, 141, 130, 128, 127, 130, 127, 138, 111, 111, 129, 125, 132, 111, 126, 111, 111, 111, 134, 134, 136, 131, 127, 112, 126, 120, 119, 130, 134, 112, 126, 124, 126, 126, 126, 130, 128, 128, 111, 111, 111, 126, 112, 112, 132, 131, 136, 134, 134, 127, 134, 131, 135, 114, 132, 128, 127, 133, 112, 112, 112, 123, 112, 112, 112, 112, 128, 112, 127, 127, 118, 118, 138, 130, 112, 111, 111, 125, 134, 134, 135, 137, 138, 140, 139, 138, 135, 127, 136, 130, 112, 112, 112, 112, 130, 130, 131, 133, 133, 132, 131, 128, 135, 135, 113, 113, 129, 112, 113, 135, 134, 129, 134, 131, 110, 110, 110, 130, 111, 131, 113, 109, 110, 123, 110, 110, 121, 110, 132, 123, 109, 109, 111, 114, 114, 109, 109, 123, 122, 109, 109, 109, 109, 114, 116, 110, 114, 126, 109, 109, 109, 109, 110, 119, 127, 125, 121, 130, 136, 131, 129, 132, 132, 122, 124, 127, 123, 122, 123, 126, 124, 125]
 -> Using user-defined PP_MSL: 70.000m
==================================== LDP TM ====================================
@ Centroid @     <lng=104°22′>    <lat=14°51′>
Offset Projection Plane = +0.0 m. <default hPP from average topo or pnts>
Designed Project Plane : hPP=+48.33 m. / MSL=+70.00 m. tied to k0 = 1.000008
Points CSF min/mean/max [ppm] : -87.0 / -7.6 / +24.9
Points MSL min/mean/max [m.]  : +109.0 / +168.6 / +625.0
|      |       LDP_E |       LDP_N |
|:-----|------------:|------------:|
| min  | 200,620.974 | 686,464.179 |
| max  | 305,789.299 | 821,024.115 |
| diff | 105,168.325 | 134,559.936 |
{"meta": "LDP_Definition", "PROJ_String_Decimal": "+proj=tmerc +lat_0=0.0 +lon_0=104.36666667 +k_0=1.000008 +x_0=250000 +y_0=-900000 +ellps=WGS84 +units=m +no_defs +type=crs", "PROJ_String_DMS": "+proj=tmerc +lat_0=0.0 +lon_0=104°22′ +k_0=1.000008 +x_0=250000 +y_0=-900000 +ellps=WGS84 +units=m +no_defs +type=crs"}
Writing definition GPKG : OUTPUT_LDP/TH_SI/TH_SI_LDP.gpkg ...
 -> THINNING: Snapping points to 2 decimal grid for visualization...
 -> THINNING: Plot points reduced from 34678 to 7551.
Writing definition plot : OUTPUT_LDP/TH_SI/TH_SI_LDP.svg...
{"meta": "Coverage_Analysis", "Province": "TH.SI", "Total_Pts": 35395, "Valid_Pts": 31084, "Pt_Coverage(%)": 87.82, "Total_POP": 746220.2252, "Valid_POP": 724483.4204, "POP_Coverage(%)": 97.09, "CSF_Lower_ppm": -20.0, "CSF_Mean_ppm": -3.3, "CSF_Upper_ppm": 20.0}
--> [TH.SI] Step 5: 5_plot_PP_PctPopu.py
[TH.SI] Starting ProcessPoolExecutor with 16 offsets to compute (Mean MSL: 168.56 m)...
[TH.SI] OFFSET_PP [-200.00] computed successfully.
[TH.SI] OFFSET_PP [-180.00] computed successfully.
[TH.SI] OFFSET_PP [-160.00] computed successfully.
[TH.SI] OFFSET_PP [-140.00] computed successfully.
[TH.SI] OFFSET_PP [-120.00] computed successfully.
[TH.SI] OFFSET_PP [-100.00] computed successfully.
[TH.SI] OFFSET_PP [-80.00] computed successfully.
[TH.SI] OFFSET_PP [-60.00] computed successfully.
[TH.SI] OFFSET_PP [-40.00] computed successfully.
[TH.SI] OFFSET_PP [-20.00] computed successfully.
[TH.SI] OFFSET_PP [0.00] computed successfully.
[TH.SI] OFFSET_PP [20.00] computed successfully.
[TH.SI] OFFSET_PP [40.00] computed successfully.
[TH.SI] OFFSET_PP [60.00] computed successfully.
[TH.SI] OFFSET_PP [80.00] computed successfully.
[TH.SI] OFFSET_PP [100.00] computed successfully.

==================================== LDP Population Coverage Analysis: TH.SI ====================================
|   MSL_PP |   HAE_PP | Province   |   Total_Pts |   Valid_Pts |   Pt_Coverage(%) |   Total_POP |   Valid_POP |   POP_Coverage(%) |   CSF_Lower_ppm |   CSF_Mean_ppm |   CSF_Upper_ppm |
|---------:|---------:|:-----------|------------:|------------:|-----------------:|------------:|------------:|------------------:|----------------:|---------------:|----------------:|
|   -31.44 |   -53.11 | TH.SI      |       35395 |       14549 |            41.10 |     746,220 |     306,630 |             41.09 |           -20.0 |          -12.7 |            +8.9 |
|   -11.44 |   -33.11 | TH.SI      |       35395 |       19835 |            56.04 |     746,220 |     413,912 |             55.47 |           -20.0 |          -12.1 |           +11.9 |
|    +8.56 |   -13.11 | TH.SI      |       35395 |       25740 |            72.72 |     746,220 |     596,481 |             79.93 |           -20.0 |          -11.2 |           +14.9 |
|   +28.56 |    +6.89 | TH.SI      |       35395 |       28850 |            81.51 |     746,220 |     675,980 |             90.59 |           -20.0 |           -9.3 |           +17.9 |
|   +48.56 |   +26.89 | TH.SI      |       35395 |       30312 |            85.64 |     746,220 |     716,510 |             96.02 |           -20.0 |           -6.9 |           +19.9 |
|   +68.56 |   +46.89 | TH.SI      |       35395 |       30951 |            87.44 |     746,220 |     723,719 |             96.98 |           -20.0 |           -4.2 |           +20.0 |
|   +88.56 |   +66.89 | TH.SI      |       35395 |       31250 |            88.29 |     746,220 |     723,143 |             96.91 |           -20.0 |           -0.6 |           +19.9 |
|  +108.56 |   +86.89 | TH.SI      |       35395 |       31123 |            87.93 |     746,220 |     717,660 |             96.17 |           -20.0 |           +1.9 |           +20.0 |
|  +128.56 |  +106.89 | TH.SI      |       35395 |       30565 |            86.35 |     746,220 |     703,085 |             94.22 |           -20.0 |           +4.3 |           +20.0 |
|  +148.56 |  +126.89 | TH.SI      |       35395 |       29483 |            83.30 |     746,220 |     681,094 |             91.27 |           -20.0 |           +6.4 |           +20.0 |
|  +168.56 |  +146.89 | TH.SI      |       35395 |       27653 |            78.13 |     746,220 |     642,962 |             86.16 |           -20.0 |           +8.3 |           +20.0 |
|  +188.56 |  +166.89 | TH.SI      |       35395 |       25110 |            70.94 |     746,220 |     594,510 |             79.67 |           -19.9 |          +10.0 |           +20.0 |
|  +208.56 |  +186.89 | TH.SI      |       35395 |       21996 |            62.14 |     746,220 |     525,514 |             70.42 |           -20.0 |          +11.5 |           +20.0 |
|  +228.56 |  +206.89 | TH.SI      |       35395 |       17075 |            48.24 |     746,220 |     392,555 |             52.61 |           -20.0 |          +13.2 |           +20.0 |
|  +248.56 |  +226.89 | TH.SI      |       35395 |       10776 |            30.44 |     746,220 |     248,039 |             33.24 |           -20.0 |          +12.7 |           +20.0 |
|  +268.56 |  +246.89 | TH.SI      |       35395 |        6332 |            17.89 |     746,220 |     103,108 |             13.82 |           -20.0 |          +10.7 |           +20.0 |
==========================================================================================================================

 -> Plot saved successfully to: OUTPUT_LDP/TH_SI/TH_SI_Plot_PP_Popu.svg

--> [TH.SI] Step 6: 6_LDP_OnePage.py
Processing province: TH_SI
[+] TH_SI: One-Page Report generated successfully.
======================================================================
Completed province: TH.SI
Finished: 2026-08-19T17:09:16+07:00
======================================================================
