======================================================================
Processing province: TH.ST_N
Started: 2026-08-16T12:06:58+07:00
======================================================================
--> [TH.ST_N] Step 1: 1_fabdem_province.py
[1/5] Read GADM and select HASC_1=TH.ST_N
[2/5] Save province and clip FABDEM
[3/5] Generate contours every 100 m with GDAL 3.10.3
[4/5] Calculate statistics and write PDF
[5/5] Write DataFrame summaries

Completed successfully.
 HASC_1            NAME_1  contours                                                                                      PDF
TH.ST_N Surat Thani North      5452 /mnt/nvme1/Project/2026-EIT_TH_LDP/src/OUTPUT_FABDEM/TH_ST_N/TH_ST_N_fabdem_contours.pdf
--> [TH.ST_N] Step 2: 2_popu2025_grid.py
[1/4] Select GADM province HASC_1=TH.ST_N
[2/4] Save boundary and cut population grid
[3/4] Calculate population-grid statistics
[4/4] Write population-grid PDF and summaries

Completed successfully.
 HASC_1            NAME_1  population_sum                                                                                           grid
TH.ST_N Surat Thani North   264301.257442 /mnt/nvme1/Project/2026-EIT_TH_LDP/src/OUTPUT_POP2025/TH_ST_N/TH_ST_N_population_2025_100m.tif
--> [TH.ST_N] Step 3: 3_generate_sample.py
[1/4] Select GADM province HASC_1=TH.ST_N
 -> [READ] Loading Vector Dataset: OUTPUT_PROV/gadm41_THA.gpkg (Layer: 'ADM_ADM_1')
[2/4] Generate 1000.0m grid points
 -> Auto-detected EPSG:32647 for province.
 -> Generated 12,250 bounding box points.
 -> Clipping points to province boundary...
 -> Computing 7-digit Geohashes...
[3/4] Extracting Raster Values (FABDEM MSL & POP2025)...
 -> [READ] Opening Raster File: OUTPUT_FABDEM/TH_ST_N/TH_ST_N_fabdem.tif
 -> [READ] Opening Raster File for Area Sum: OUTPUT_POP2025/TH_ST_N/TH_ST_N_population_2025_100m.tif
 -> Converting geometries to Lng/Lat (EPSG:4326)...
[4/4] Save GeoPackage Data...
 -> [WRITE] Saving Vector File: /mnt/nvme1/Project/2026-EIT_TH_LDP/src/OUTPUT_SAMPL/TH_ST_N/TH_ST_N_SAMPL.gpkg (Layer: 'samples')

[5/5] Comparing POP2025 with DOPA Registration Population...

Completed successfully.
 HASC_1  Grid (m)       CRS  Samples             Output POP2025  DOPA_Pop     Diff
TH.ST_N    1000.0 EPSG:4326     6676 TH_ST_N_SAMPL.gpkg 261,197 1,075,977 -814,780
--> [TH.ST_N] Step 4: 4_analyse_ldp.py
LDP                                                [TM, 98:51]
FALSE_EN                                     [250000, -250000]
PP_MSL                                                       0
POPU_PLOT                                      [250, -200, 20]
GPKG         [OUTPUT_SAMPL/TH_ST_N/TH_ST_N_SAMPL.gpkg, samp...
OFFSET_PP         [0.0, default hPP from average topo or pnts]
dtype: object
 -> OUTLIER FILTER: Dropped 138 points.
 -> Dropped MSL values: [-9999, -9999, -9999, -9999, 104, 737, 486, 366, 199, 518, 108, 399, 267, 228, 165, 210, 237, 117, 440, 37, 129, 121, 121, 110, 920, 883, 570, 146, 846, 1222, 1308, 1200, 1068, 305, 404, 619, 565, 568, 550, 201, 237, 180, 666, 625, 254, 129, 122, 495, 135, 147, 203, 152, 186, 205, 192, 483, 186, 384, 382, 401, 143, 397, 91, 104, 115, 147, 277, 78, 241, 103, 156, 105, 106, 109, 105, 122, 475, 458, 73, 6, 49, 38, 37, 129, 174, 92, 195, 149, 642, 689, 625, 184, 182, 66, 166, 153, 104, 138, 146, 131, 609, 624, 615, 474, 602, 582, 474, 163, 249, 131, 96, 87, 73, 82, 224, 161, 164, 140, 101, 71, 2, 92, 78, 165, 64, 177, 153, 192, 97, 163, 107, 257, 136, 147, 188, 466, 486, 627]
 -> Using user-defined PP_MSL: 0.000m
==================================== LDP TM ====================================
@ Centroid @     <lng=98°51′>    <lat=09°12′>
Offset Projection Plane = +0.0 m. <default hPP from average topo or pnts>
Designed Project Plane : hPP=-25.37 m. / MSL=+0.00 m. tied to k0 = 0.999996
Points CSF min/mean/max [ppm] : -173.5 / -25.5 / +28.3
Points MSL min/mean/max [m.]  : +0.0 / +196.1 / +1141.0
|      |       LDP_E |       LDP_N |
|:-----|------------:|------------:|
| min  | 205,472.432 | 704,363.493 |
| max  | 298,487.725 | 825,425.086 |
| diff |  93,015.292 | 121,061.593 |
{"meta": "LDP_Definition", "PROJ_String_Decimal": "+proj=tmerc +lat_0=0.0 +lon_0=98.85000000 +k_0=0.999996 +x_0=250000 +y_0=-250000 +ellps=WGS84 +units=m +no_defs +type=crs", "PROJ_String_DMS": "+proj=tmerc +lat_0=0.0 +lon_0=98°51′ +k_0=0.999996 +x_0=250000 +y_0=-250000 +ellps=WGS84 +units=m +no_defs +type=crs"}
Writing definition GPKG : OUTPUT_LDP/TH_ST_N/TH_ST_N_LDP.gpkg ...
 -> THINNING: Snapping points to 2 decimal grid for visualization...
 -> THINNING: Plot points reduced from 6538 to 5430.
Writing definition plot : OUTPUT_LDP/TH_ST_N/TH_ST_N_LDP.svg...
{"meta": "Coverage_Analysis", "Province": "TH.ST_N", "Total_Pts": 6676, "Valid_Pts": 3486, "Pt_Coverage(%)": 52.22, "Total_POP": 261196.9947, "Valid_POP": 234048.9657, "POP_Coverage(%)": 89.61, "CSF_Lower_ppm": -20.0, "CSF_Mean_ppm": -4.2, "CSF_Upper_ppm": 19.9}
--> [TH.ST_N] Step 5: 5_plot_PP_PctPopu.py
[TH.ST_N] POPU_PLOT found in TOML. Overriding MSL bounds: Upper=250.0, Lower=-200.0, Step=20.0
[TH.ST_N] Starting ProcessPoolExecutor with 23 offsets to compute (Mean MSL: 196.10 m)...
[TH.ST_N] OFFSET_PP [-396.10] computed successfully.
[TH.ST_N] OFFSET_PP [-376.10] computed successfully.
[TH.ST_N] OFFSET_PP [-356.10] computed successfully.
[TH.ST_N] OFFSET_PP [-336.10] computed successfully.
[TH.ST_N] OFFSET_PP [-316.10] computed successfully.
[TH.ST_N] OFFSET_PP [-296.10] computed successfully.
[TH.ST_N] OFFSET_PP [-276.10] computed successfully.
[TH.ST_N] OFFSET_PP [-256.10] computed successfully.
[TH.ST_N] OFFSET_PP [-236.10] computed successfully.
[TH.ST_N] OFFSET_PP [-216.10] computed successfully.
[TH.ST_N] OFFSET_PP [-196.10] computed successfully.
[TH.ST_N] OFFSET_PP [-176.10] computed successfully.
[TH.ST_N] OFFSET_PP [-156.10] computed successfully.
[TH.ST_N] OFFSET_PP [-136.10] computed successfully.
[TH.ST_N] OFFSET_PP [-116.10] computed successfully.
[TH.ST_N] OFFSET_PP [-96.10] computed successfully.
[TH.ST_N] OFFSET_PP [-76.10] computed successfully.
[TH.ST_N] OFFSET_PP [-56.10] computed successfully.
[TH.ST_N] OFFSET_PP [-36.10] computed successfully.
[TH.ST_N] OFFSET_PP [-16.10] computed successfully.
[TH.ST_N] OFFSET_PP [3.90] computed successfully.
[TH.ST_N] OFFSET_PP [23.90] computed successfully.
[TH.ST_N] OFFSET_PP [43.90] computed successfully.

==================================== LDP Population Coverage Analysis: TH.ST_N ====================================
|   MSL_PP |   HAE_PP | Province   |   Total_Pts |   Valid_Pts |   Pt_Coverage(%) |   Total_POP |   Valid_POP |   POP_Coverage(%) |   CSF_Lower_ppm |   CSF_Mean_ppm |   CSF_Upper_ppm |
|---------:|---------:|:-----------|------------:|------------:|-----------------:|------------:|------------:|------------------:|----------------:|---------------:|----------------:|
|  -200.00 |  -225.37 | TH.ST_N    |        6676 |         464 |             6.95 |     261,197 |      63,969 |             24.49 |           -20.0 |          -14.2 |            -2.7 |
|  -180.00 |  -205.37 | TH.ST_N    |        6676 |         578 |             8.66 |     261,197 |      77,989 |             29.86 |           -20.0 |          -12.6 |            +0.3 |
|  -160.00 |  -185.37 | TH.ST_N    |        6676 |         698 |            10.46 |     261,197 |      87,854 |             33.63 |           -20.0 |          -11.2 |            +3.3 |
|  -140.00 |  -165.37 | TH.ST_N    |        6676 |         889 |            13.32 |     261,197 |     100,834 |             38.60 |           -20.0 |          -10.4 |            +6.3 |
|  -120.00 |  -145.37 | TH.ST_N    |        6676 |        1142 |            17.11 |     261,197 |     120,077 |             45.97 |           -20.0 |           -9.9 |            +9.3 |
|  -100.00 |  -125.37 | TH.ST_N    |        6676 |        1543 |            23.11 |     261,197 |     152,510 |             58.39 |           -20.0 |           -9.9 |           +12.3 |
|   -80.00 |  -105.37 | TH.ST_N    |        6676 |        2081 |            31.17 |     261,197 |     184,481 |             70.63 |           -20.0 |           -9.9 |           +15.3 |
|   -60.00 |   -85.37 | TH.ST_N    |        6676 |        2695 |            40.37 |     261,197 |     215,176 |             82.38 |           -20.0 |           -8.7 |           +19.3 |
|   -40.00 |   -65.37 | TH.ST_N    |        6676 |        3031 |            45.40 |     261,197 |     225,202 |             86.22 |           -20.0 |           -7.2 |           +20.0 |
|   -20.00 |   -45.37 | TH.ST_N    |        6676 |        3320 |            49.73 |     261,197 |     232,278 |             88.93 |           -20.0 |           -5.8 |           +20.0 |
|    +0.00 |   -25.37 | TH.ST_N    |        6676 |        3486 |            52.22 |     261,197 |     234,049 |             89.61 |           -20.0 |           -4.2 |           +19.9 |
|   +20.00 |    -5.37 | TH.ST_N    |        6676 |        3575 |            53.55 |     261,197 |     221,652 |             84.86 |           -20.0 |           -2.8 |           +20.0 |
|   +40.00 |   +14.63 | TH.ST_N    |        6676 |        3639 |            54.51 |     261,197 |     206,510 |             79.06 |           -20.0 |           -1.6 |           +19.9 |
|   +60.00 |   +34.63 | TH.ST_N    |        6676 |        3683 |            55.17 |     261,197 |     189,458 |             72.53 |           -20.0 |           -0.3 |           +20.0 |
|   +80.00 |   +54.63 | TH.ST_N    |        6676 |        3757 |            56.28 |     261,197 |     174,095 |             66.65 |           -20.0 |           +1.7 |           +19.9 |
|  +100.00 |   +74.63 | TH.ST_N    |        6676 |        3746 |            56.11 |     261,197 |     163,881 |             62.74 |           -20.0 |           +3.3 |           +20.0 |
|  +120.00 |   +94.63 | TH.ST_N    |        6676 |        3678 |            55.09 |     261,197 |     151,142 |             57.87 |           -19.9 |           +4.5 |           +20.0 |
|  +140.00 |  +114.63 | TH.ST_N    |        6676 |        3538 |            53.00 |     261,197 |     124,948 |             47.84 |           -20.0 |           +5.1 |           +20.0 |
|  +160.00 |  +134.63 | TH.ST_N    |        6676 |        3260 |            48.83 |     261,197 |      95,559 |             36.58 |           -20.0 |           +5.1 |           +20.0 |
|  +180.00 |  +154.63 | TH.ST_N    |        6676 |        2856 |            42.78 |     261,197 |      63,606 |             24.35 |           -20.0 |           +4.1 |           +20.0 |
|  +200.00 |  +174.63 | TH.ST_N    |        6676 |        2541 |            38.06 |     261,197 |      43,203 |             16.54 |           -20.0 |           +3.3 |           +20.0 |
|  +220.00 |  +194.63 | TH.ST_N    |        6676 |        2254 |            33.76 |     261,197 |      28,716 |             10.99 |           -19.9 |           +2.3 |           +20.0 |
|  +240.00 |  +214.63 | TH.ST_N    |        6676 |        2100 |            31.46 |     261,197 |      18,543 |              7.10 |           -20.0 |           +1.7 |           +20.0 |
==========================================================================================================================

 -> Plot saved successfully to: OUTPUT_LDP/TH_ST_N/TH_ST_N_Plot_PP_Popu.svg

--> [TH.ST_N] Step 6: 6_LDP_OnePage.py
Processing province: TH_ST_N
[+] TH_ST_N: One-Page Report generated successfully.
======================================================================
Completed province: TH.ST_N
Finished: 2026-08-16T12:12:32+07:00
======================================================================
