======================================================================
Processing province: TH.LB
Started: 2026-08-19T16:02:20+07:00
======================================================================
--> [TH.LB] Step 1: 1_fabdem_province.py
[1/5] Read GADM and select HASC_1=TH.LB
[2/5] Save province and clip FABDEM
[3/5] Generate contours every 100 m with GDAL 3.10.3
[4/5] Calculate statistics and write PDF
[5/5] Write DataFrame summaries

Completed successfully.
HASC_1   NAME_1  contours                                                                                  PDF
 TH.LB Lop Buri      1504 /mnt/nvme1/Project/2026-EIT_TH_LDP/src/OUTPUT_FABDEM/TH_LB/TH_LB_fabdem_contours.pdf
--> [TH.LB] Step 2: 2_popu2025_grid.py
[1/4] Select GADM province HASC_1=TH.LB
[2/4] Save boundary and cut population grid
[3/4] Calculate population-grid statistics
[4/4] Write population-grid PDF and summaries

Completed successfully.
HASC_1   NAME_1  population_sum                                                                                       grid
 TH.LB Lop Buri   749059.151627 /mnt/nvme1/Project/2026-EIT_TH_LDP/src/OUTPUT_POP2025/TH_LB/TH_LB_population_2025_100m.tif
--> [TH.LB] Step 3: 3_generate_sample.py
[1/4] Select GADM province HASC_1=TH.LB
 -> [READ] Loading Vector Dataset: OUTPUT_PROV/gadm41_THA.gpkg (Layer: 'ADM_ADM_1')
[2/4] Generate 500.0m grid points
 -> Auto-detected EPSG:32647 for province.
 -> Generated 44,928 bounding box points.
 -> Clipping points to province boundary...
 -> Computing 8-digit Geohashes...
[3/4] Extracting Raster Values (FABDEM MSL & POP2025)...
 -> [READ] Opening Raster File: OUTPUT_FABDEM/TH_LB/TH_LB_fabdem.tif
 -> [READ] Opening Raster File for Area Sum: OUTPUT_POP2025/TH_LB/TH_LB_population_2025_100m.tif
 -> Converting geometries to Lng/Lat (EPSG:4326)...
[4/4] Save GeoPackage Data...
 -> [WRITE] Saving Vector File: /mnt/nvme1/Project/2026-EIT_TH_LDP/src/OUTPUT_SAMPL/TH_LB/TH_LB_SAMPL.gpkg (Layer: 'samples')

[5/5] Comparing POP2025 with DOPA Registration Population...

Completed successfully.
HASC_1  Grid (m)       CRS  Samples           Output POP2025 DOPA_Pop   Diff
 TH.LB     500.0 EPSG:4326    25019 TH_LB_SAMPL.gpkg 747,337  721,560 25,777
--> [TH.LB] Step 4: 4_analyse_ldp.py
LDP                                            [TM, 100:54]
FALSE_EN                                  [250000, -930000]
PP_MSL                                                  -30
GPKG         [OUTPUT_SAMPL/TH_LB/TH_LB_SAMPL.gpkg, samples]
OFFSET_PP      [0.0, default hPP from average topo or pnts]
dtype: object
 -> OUTLIER FILTER: Dropped 506 points.
 -> Dropped MSL values: [-9999, -9999, -9999, -9999, -9999, 124, 296, 304, 112, 138, 105, 144, 94, 87, 91, 73, 73, 89, 91, 391, 320, 346, 393, 326, 326, 348, 87, 74, 105, 149, 98, 128, 268, 143, 118, 100, 94, 309, 138, 123, 115, 93, 124, 102, 76, 81, 79, 83, 86, 59, 85, 75, 89, 91, 75, 133, 78, 36, 76, 72, 83, 127, 75, 19, 20, 24, 104, 103, 76, 52, 53, 125, 132, 185, 122, 124, 77, 58, 443, 477, 481, 510, 608, 113, 90, 113, 84, 100, 74, 67, 89, 83, 99, 67, 87, 63, 456, 81, 463, 61, 62, 68, 81, 70, 68, 74, 109, 71, 88, 81, 83, 45, 46, 69, 46, 48, 334, 390, 93, 99, 80, 76, 101, 76, 106, 174, 99, 90, 76, 103, 61, 61, 81, 78, 58, 49, 270, 294, 292, 271, 88, 87, 96, 92, 154, 136, 101, 105, 207, 219, 84, 89, 163, 231, 376, 282, 233, 484, 230, 422, 370, 233, 257, 235, 242, 224, 258, 390, 356, 225, 362, 424, 240, 224, 447, 248, 241, 250, 235, 255, 250, 480, 477, 215, 648, 228, 490, 252, 689, 233, 619, 238, 206, 492, 484, 473, 465, 249, 374, 362, 246, 97, 97, 95, 97, 97, 246, 217, 323, 39, 39, 270, 417, 243, 410, 596, 240, 468, 472, 233, 328, 420, 328, 429, 264, 260, 373, 411, 388, 133, 173, 195, 221, 95, 170, 39, 39, 227, 319, 39, 39, 172, 276, 269, 231, 58, 287, 56, 113, 5, 12, 13, 37, 16, 15, 34, 47, 61, 52, 35, 43, 70, 106, 88, 32, 30, 45, 67, 100, 99, 190, 38, 36, 143, 91, 35, 126, 29, 85, 35, 8, 118, 47, 48, 20, 82, 27, 49, 89, 60, 153, 58, 61, 112, 108, 126, 112, 163, 145, 124, 158, 117, 126, 161, 127, 143, 126, 127, 127, 287, 161, 116, 158, 122, 147, 76, 120, 88, 64, 136, 116, 306, 116, 68, 100, 99, 118, 120, 65, 78, 551, 595, 544, 579, 595, 527, 527, 536, 117, 226, 182, 441, 445, 488, 164, 132, 221, 204, 166, 167, 225, 171, 153, 128, 432, 164, 152, 153, 148, 141, 454, 451, 116, 250, 222, 138, 201, 127, 125, 101, 125, 129, 125, 126, 71, 121, 105, 139, 137, 109, 125, 152, 149, 168, 143, 144, 172, 311, 261, 189, 334, 348, 202, 151, 150, 142, 272, 178, 337, 321, 193, 281, 138, 166, 144, 171, 109, 96, 122, 115, 195, 172, 224, 177, 116, 125, 85, 125, 110, 113, 162, 307, 213, 298, 318, 164, 163, 273, 247, 214, 365, 398, 366, 351, 158, 252, 155, 284, 206, 311, 527, 232, 412, 407, 440, 511, 290, 149, 176, 94, 108, 144, 151, 94, 183, 169, 133, 106, 110, 108, 126, 163, 158, 168, 297, 119, 148, 173, 153, 183, 106, 110, 134, 110, 167, 143, 169, 144, 128, 152, 148, 128, 151, 139, 152, 140, 133, 132, 148, 581, 598, 502, 601, 648, 546, 625, 608, 629, 643, 680, 624, 622, 638, 183, 501, 530]
 -> Using user-defined PP_MSL: -30.000m
==================================== LDP TM ====================================
@ Centroid @     <lng=100°54′>    <lat=15°06′>
Offset Projection Plane = +0.0 m. <default hPP from average topo or pnts>
Designed Project Plane : hPP=-60.98 m. / MSL=-30.00 m. tied to k0 = 0.999990
Points CSF min/mean/max [ppm] : -86.2 / -9.5 / +26.1
Points MSL min/mean/max [m.]  : +3.0 / +86.6 / +592.0
|      |       LDP_E |       LDP_N |
|:-----|------------:|------------:|
| min  | 198,754.743 | 691,038.900 |
| max  | 305,236.300 | 792,838.995 |
| diff | 106,481.557 | 101,800.094 |
{"meta": "LDP_Definition", "PROJ_String_Decimal": "+proj=tmerc +lat_0=0.0 +lon_0=100.90000000 +k_0=0.999990 +x_0=250000 +y_0=-930000 +ellps=WGS84 +units=m +no_defs +type=crs", "PROJ_String_DMS": "+proj=tmerc +lat_0=0.0 +lon_0=100°54′ +k_0=0.999990 +x_0=250000 +y_0=-930000 +ellps=WGS84 +units=m +no_defs +type=crs"}
Writing definition GPKG : OUTPUT_LDP/TH_LB/TH_LB_LDP.gpkg ...
 -> THINNING: Snapping points to 2 decimal grid for visualization...
 -> THINNING: Plot points reduced from 24513 to 5381.
Writing definition plot : OUTPUT_LDP/TH_LB/TH_LB_LDP.svg...
{"meta": "Coverage_Analysis", "Province": "TH.LB", "Total_Pts": 25019, "Valid_Pts": 20500, "Pt_Coverage(%)": 81.94, "Total_POP": 747336.7620000001, "Valid_POP": 704140.5580999998, "POP_Coverage(%)": 94.22, "CSF_Lower_ppm": -20.0, "CSF_Mean_ppm": -5.8, "CSF_Upper_ppm": 20.0}
--> [TH.LB] Step 5: 5_plot_PP_PctPopu.py
[TH.LB] Starting ProcessPoolExecutor with 16 offsets to compute (Mean MSL: 86.63 m)...
[TH.LB] OFFSET_PP [-200.00] computed successfully.
[TH.LB] OFFSET_PP [-180.00] computed successfully.
[TH.LB] OFFSET_PP [-160.00] computed successfully.
[TH.LB] OFFSET_PP [-140.00] computed successfully.
[TH.LB] OFFSET_PP [-120.00] computed successfully.
[TH.LB] OFFSET_PP [-100.00] computed successfully.
[TH.LB] OFFSET_PP [-80.00] computed successfully.
[TH.LB] OFFSET_PP [-60.00] computed successfully.
[TH.LB] OFFSET_PP [-40.00] computed successfully.
[TH.LB] OFFSET_PP [-20.00] computed successfully.
[TH.LB] OFFSET_PP [0.00] computed successfully.
[TH.LB] OFFSET_PP [20.00] computed successfully.
[TH.LB] OFFSET_PP [40.00] computed successfully.
[TH.LB] OFFSET_PP [60.00] computed successfully.
[TH.LB] OFFSET_PP [80.00] computed successfully.
[TH.LB] OFFSET_PP [100.00] computed successfully.

==================================== LDP Population Coverage Analysis: TH.LB ====================================
|   MSL_PP |   HAE_PP | Province   |   Total_Pts |   Valid_Pts |   Pt_Coverage(%) |   Total_POP |   Valid_POP |   POP_Coverage(%) |   CSF_Lower_ppm |   CSF_Mean_ppm |   CSF_Upper_ppm |
|---------:|---------:|:-----------|------------:|------------:|-----------------:|------------:|------------:|------------------:|----------------:|---------------:|----------------:|
|  -113.37 |  -144.35 | TH.LB      |       25019 |        8858 |            35.41 |     747,337 |     445,442 |             59.60 |           -20.0 |           -7.8 |           +13.1 |
|   -93.37 |  -124.35 | TH.LB      |       25019 |       11237 |            44.91 |     747,337 |     490,653 |             65.65 |           -20.0 |           -7.7 |           +16.1 |
|   -73.37 |  -104.35 | TH.LB      |       25019 |       15619 |            62.43 |     747,337 |     605,176 |             80.98 |           -20.0 |           -7.8 |           +19.8 |
|   -53.37 |   -84.35 | TH.LB      |       25019 |       18843 |            75.31 |     747,337 |     681,964 |             91.25 |           -20.0 |           -7.2 |           +19.9 |
|   -33.37 |   -64.35 | TH.LB      |       25019 |       20500 |            81.94 |     747,337 |     704,141 |             94.22 |           -20.0 |           -5.8 |           +20.0 |
|   -13.37 |   -44.35 | TH.LB      |       25019 |       21197 |            84.72 |     747,337 |     703,179 |             94.09 |           -20.0 |           -4.2 |           +20.0 |
|    +6.63 |   -24.35 | TH.LB      |       25019 |       21097 |            84.32 |     747,337 |     684,853 |             91.64 |           -20.0 |           -2.3 |           +20.0 |
|   +26.63 |    -4.35 | TH.LB      |       25019 |       20613 |            82.39 |     747,337 |     659,950 |             88.31 |           -20.0 |           -0.4 |           +20.0 |
|   +46.63 |   +15.65 | TH.LB      |       25019 |       19926 |            79.64 |     747,337 |     626,178 |             83.79 |           -20.0 |           +1.3 |           +20.0 |
|   +66.63 |   +35.65 | TH.LB      |       25019 |       18849 |            75.34 |     747,337 |     544,145 |             72.81 |           -20.0 |           +3.7 |           +20.0 |
|   +86.63 |   +55.65 | TH.LB      |       25019 |       17827 |            71.25 |     747,337 |     445,844 |             59.66 |           -20.0 |           +5.5 |           +20.0 |
|  +106.63 |   +75.65 | TH.LB      |       25019 |       16834 |            67.28 |     747,337 |     386,474 |             51.71 |           -20.0 |           +7.3 |           +20.0 |
|  +126.63 |   +95.65 | TH.LB      |       25019 |       15953 |            63.76 |     747,337 |     338,148 |             45.25 |           -20.0 |           +9.3 |           +20.0 |
|  +146.63 |  +115.65 | TH.LB      |       25019 |       14500 |            57.96 |     747,337 |     283,210 |             37.90 |           -20.0 |          +11.0 |           +20.0 |
|  +166.63 |  +135.65 | TH.LB      |       25019 |       11925 |            47.66 |     747,337 |     222,513 |             29.77 |           -20.0 |          +12.1 |           +20.0 |
|  +186.63 |  +155.65 | TH.LB      |       25019 |        8608 |            34.41 |     747,337 |     135,563 |             18.14 |           -19.9 |          +12.3 |           +20.0 |
==========================================================================================================================

 -> Plot saved successfully to: OUTPUT_LDP/TH_LB/TH_LB_Plot_PP_Popu.svg

--> [TH.LB] Step 6: 6_LDP_OnePage.py
Processing province: TH_LB
[+] TH_LB: One-Page Report generated successfully.
======================================================================
Completed province: TH.LB
Finished: 2026-08-19T16:20:37+07:00
======================================================================
