======================================================================
Processing province: TH.CM_S
Started: 2026-08-16T11:46:14+07:00
======================================================================
--> [TH.CM_S] Step 1: 1_fabdem_province.py
[1/5] Read GADM and select HASC_1=TH.CM_S
[2/5] Save province and clip FABDEM
[3/5] Generate contours every 100 m with GDAL 3.10.3
[4/5] Calculate statistics and write PDF
[5/5] Write DataFrame summaries

Completed successfully.
 HASC_1           NAME_1  contours                                                                                      PDF
TH.CM_S Chiang Mai South      3154 /mnt/nvme1/Project/2026-EIT_TH_LDP/src/OUTPUT_FABDEM/TH_CM_S/TH_CM_S_fabdem_contours.pdf
--> [TH.CM_S] Step 2: 2_popu2025_grid.py
[1/4] Select GADM province HASC_1=TH.CM_S
[2/4] Save boundary and cut population grid
[3/4] Calculate population-grid statistics
[4/4] Write population-grid PDF and summaries

Completed successfully.
 HASC_1           NAME_1  population_sum                                                                                           grid
TH.CM_S Chiang Mai South   132984.502577 /mnt/nvme1/Project/2026-EIT_TH_LDP/src/OUTPUT_POP2025/TH_CM_S/TH_CM_S_population_2025_100m.tif
--> [TH.CM_S] Step 3: 3_generate_sample.py
[1/4] Select GADM province HASC_1=TH.CM_S
 -> [READ] Loading Vector Dataset: OUTPUT_PROV/gadm41_THA.gpkg (Layer: 'ADM_ADM_1')
[2/4] Generate 1000.0m grid points
 -> Auto-detected EPSG:32647 for province.
 -> Generated 10,602 bounding box points.
 -> Clipping points to province boundary...
 -> Computing 7-digit Geohashes...
[3/4] Extracting Raster Values (FABDEM MSL & POP2025)...
 -> [READ] Opening Raster File: OUTPUT_FABDEM/TH_CM_S/TH_CM_S_fabdem.tif
 -> [READ] Opening Raster File for Area Sum: OUTPUT_POP2025/TH_CM_S/TH_CM_S_population_2025_100m.tif
 -> Converting geometries to Lng/Lat (EPSG:4326)...
[4/4] Save GeoPackage Data...
 -> [WRITE] Saving Vector File: /mnt/nvme1/Project/2026-EIT_TH_LDP/src/OUTPUT_SAMPL/TH_CM_S/TH_CM_S_SAMPL.gpkg (Layer: 'samples')

[5/5] Comparing POP2025 with DOPA Registration Population...

Completed successfully.
 HASC_1  Grid (m)       CRS  Samples             Output POP2025  DOPA_Pop       Diff
TH.CM_S    1000.0 EPSG:4326     5184 TH_CM_S_SAMPL.gpkg 130,033 1,798,588 -1,668,555
--> [TH.CM_S] Step 4: 4_analyse_ldp.py
LDP                                                [TM, 98:26]
FALSE_EN                                                  AUTO
PP_MSL                                                     920
POPU_PLOT                                      [1600, 800, 20]
GPKG         [OUTPUT_SAMPL/TH_CM_S/TH_CM_S_SAMPL.gpkg, samp...
OFFSET_PP         [0.0, default hPP from average topo or pnts]
dtype: object
 -> OUTLIER FILTER: Dropped 105 points.
 -> Dropped MSL values: [-9999, 1574, 1351, 1382, 1304, 1603, 1602, 1625, 1618, 1539, 263, 281, 1701, 1677, 1665, 1621, 1126, 1229, 1334, 1299, 1402, 1331, 1319, 1235, 1511, 1630, 1557, 1548, 1566, 435, 1565, 375, 365, 328, 1298, 1148, 1147, 1011, 969, 1255, 1412, 1280, 1245, 1309, 1355, 1255, 1364, 1325, 1783, 1708, 936, 987, 878, 1008, 837, 863, 860, 727, 712, 728, 733, 867, 764, 762, 741, 844, 1073, 1345, 1303, 1327, 1373, 1394, 1458, 1221, 1182, 1102, 1206, 674, 1273, 1293, 1350, 1275, 1255, 348, 336, 323, 345, 354, 341, 288, 247, 1171, 390, 235, 504, 407, 404, 1099, 313, 1398, 1379, 272, 1119, 1170, 1172]
 -> Using user-defined PP_MSL: 920.000m
 -> AUTO detected FALSE_EN: E: 50000, N: -1500000
==================================== LDP TM ====================================
@ Centroid @     <lng=98°26′>    <lat=17°51′>
Offset Projection Plane = +0.0 m. <default hPP from average topo or pnts>
Designed Project Plane : hPP=+881.89 m. / MSL=+920.00 m. tied to k0 = 1.000139
Points CSF min/mean/max [ppm] : -107.5 / +19.0 / +115.2
Points MSL min/mean/max [m.]  : +235.0 / +830.6 / +1612.0
|      |      LDP_E |       LDP_N |
|:-----|-----------:|------------:|
| min  |  6,000.834 | 410,971.469 |
| max  | 96,063.302 | 521,977.866 |
| diff | 90,062.468 | 111,006.397 |
{"meta": "LDP_Definition", "PROJ_String_Decimal": "+proj=tmerc +lat_0=0.0 +lon_0=98.43333333 +k_0=1.000139 +x_0=50000 +y_0=-1500000 +ellps=WGS84 +units=m +no_defs +type=crs", "PROJ_String_DMS": "+proj=tmerc +lat_0=0.0 +lon_0=98°26′ +k_0=1.000139 +x_0=50000 +y_0=-1500000 +ellps=WGS84 +units=m +no_defs +type=crs"}
Writing definition GPKG : OUTPUT_LDP/TH_CM_S/TH_CM_S_LDP.gpkg ...
 -> THINNING: Snapping points to 2 decimal grid for visualization...
 -> THINNING: Plot points reduced from 5079 to 4363.
Writing definition plot : OUTPUT_LDP/TH_CM_S/TH_CM_S_LDP.svg...
{"meta": "Coverage_Analysis", "Province": "TH.CM_S", "Total_Pts": 5184, "Valid_Pts": 1853, "Pt_Coverage(%)": 35.74, "Total_POP": 130032.8584, "Valid_POP": 46391.017400000004, "POP_Coverage(%)": 35.68, "CSF_Lower_ppm": -20.0, "CSF_Mean_ppm": -0.5, "CSF_Upper_ppm": 20.0}
--> [TH.CM_S] Step 5: 5_plot_PP_PctPopu.py
[TH.CM_S] POPU_PLOT found in TOML. Overriding MSL bounds: Upper=1600.0, Lower=800.0, Step=20.0
[TH.CM_S] Starting ProcessPoolExecutor with 41 offsets to compute (Mean MSL: 830.64 m)...
[TH.CM_S] OFFSET_PP [-30.64] computed successfully.
[TH.CM_S] OFFSET_PP [-10.64] computed successfully.
[TH.CM_S] OFFSET_PP [9.36] computed successfully.
[TH.CM_S] OFFSET_PP [29.36] computed successfully.
[TH.CM_S] OFFSET_PP [49.36] computed successfully.
[TH.CM_S] OFFSET_PP [69.36] computed successfully.
[TH.CM_S] OFFSET_PP [89.36] computed successfully.
[TH.CM_S] OFFSET_PP [109.36] computed successfully.
[TH.CM_S] OFFSET_PP [129.36] computed successfully.
[TH.CM_S] OFFSET_PP [149.36] computed successfully.
[TH.CM_S] OFFSET_PP [169.36] computed successfully.
[TH.CM_S] OFFSET_PP [189.36] computed successfully.
[TH.CM_S] OFFSET_PP [209.36] computed successfully.
[TH.CM_S] OFFSET_PP [229.36] computed successfully.
[TH.CM_S] OFFSET_PP [249.36] computed successfully.
[TH.CM_S] OFFSET_PP [269.36] computed successfully.
[TH.CM_S] OFFSET_PP [289.36] computed successfully.
[TH.CM_S] OFFSET_PP [309.36] computed successfully.
[TH.CM_S] OFFSET_PP [329.36] computed successfully.
[TH.CM_S] OFFSET_PP [349.36] computed successfully.
[TH.CM_S] OFFSET_PP [369.36] computed successfully.
[TH.CM_S] OFFSET_PP [389.36] computed successfully.
[TH.CM_S] OFFSET_PP [409.36] computed successfully.
[TH.CM_S] OFFSET_PP [429.36] computed successfully.
[TH.CM_S] OFFSET_PP [449.36] computed successfully.
[TH.CM_S] OFFSET_PP [469.36] computed successfully.
[TH.CM_S] OFFSET_PP [489.36] computed successfully.
[TH.CM_S] OFFSET_PP [509.36] computed successfully.
[TH.CM_S] OFFSET_PP [529.36] computed successfully.
[TH.CM_S] OFFSET_PP [549.36] computed successfully.
[TH.CM_S] OFFSET_PP [569.36] computed successfully.
[TH.CM_S] OFFSET_PP [589.36] computed successfully.
[TH.CM_S] OFFSET_PP [609.36] computed successfully.
[TH.CM_S] OFFSET_PP [629.36] computed successfully.
[TH.CM_S] OFFSET_PP [649.36] computed successfully.
[TH.CM_S] OFFSET_PP [669.36] computed successfully.
[TH.CM_S] OFFSET_PP [689.36] computed successfully.
[TH.CM_S] OFFSET_PP [709.36] computed successfully.
[TH.CM_S] OFFSET_PP [729.36] computed successfully.
[TH.CM_S] OFFSET_PP [749.36] computed successfully.
[TH.CM_S] OFFSET_PP [769.36] computed successfully.

==================================== LDP Population Coverage Analysis: TH.CM_S ====================================
|   MSL_PP |   HAE_PP | Province   |   Total_Pts |   Valid_Pts |   Pt_Coverage(%) |   Total_POP |   Valid_POP |   POP_Coverage(%) |   CSF_Lower_ppm |   CSF_Mean_ppm |   CSF_Upper_ppm |
|---------:|---------:|:-----------|------------:|------------:|-----------------:|------------:|------------:|------------------:|----------------:|---------------:|----------------:|
|  +800.00 |  +761.89 | TH.CM_S    |        5184 |        1445 |            27.87 |     130,033 |      25,726 |             19.78 |           -20.0 |           -2.7 |           +20.0 |
|  +820.00 |  +781.89 | TH.CM_S    |        5184 |        1518 |            29.28 |     130,033 |      27,822 |             21.40 |           -20.0 |           -2.6 |           +20.0 |
|  +840.00 |  +801.89 | TH.CM_S    |        5184 |        1584 |            30.56 |     130,033 |      30,595 |             23.53 |           -20.0 |           -2.2 |           +20.0 |
|  +860.00 |  +821.89 | TH.CM_S    |        5184 |        1663 |            32.08 |     130,033 |      34,444 |             26.49 |           -20.0 |           -1.9 |           +20.0 |
|  +880.00 |  +841.89 | TH.CM_S    |        5184 |        1747 |            33.70 |     130,033 |      37,724 |             29.01 |           -20.0 |           -1.4 |           +20.0 |
|  +900.00 |  +861.89 | TH.CM_S    |        5184 |        1809 |            34.90 |     130,033 |      43,402 |             33.38 |           -20.0 |           -1.0 |           +20.0 |
|  +920.00 |  +881.89 | TH.CM_S    |        5184 |        1853 |            35.74 |     130,033 |      46,391 |             35.68 |           -20.0 |           -0.5 |           +20.0 |
|  +940.00 |  +901.89 | TH.CM_S    |        5184 |        1841 |            35.51 |     130,033 |      43,445 |             33.41 |           -20.0 |           -0.1 |           +20.0 |
|  +960.00 |  +921.89 | TH.CM_S    |        5184 |        1836 |            35.42 |     130,033 |      43,589 |             33.52 |           -20.0 |           +0.5 |           +20.0 |
|  +980.00 |  +941.89 | TH.CM_S    |        5184 |        1785 |            34.43 |     130,033 |      44,228 |             34.01 |           -20.0 |           +1.1 |           +20.0 |
| +1000.00 |  +961.89 | TH.CM_S    |        5184 |        1734 |            33.45 |     130,033 |      44,032 |             33.86 |           -20.0 |           +1.5 |           +20.0 |
| +1020.00 |  +981.89 | TH.CM_S    |        5184 |        1654 |            31.91 |     130,033 |      42,726 |             32.86 |           -20.0 |           +1.9 |           +20.0 |
| +1040.00 | +1001.89 | TH.CM_S    |        5184 |        1580 |            30.48 |     130,033 |      42,973 |             33.05 |           -19.9 |           +2.6 |           +20.0 |
| +1060.00 | +1021.89 | TH.CM_S    |        5184 |        1496 |            28.86 |     130,033 |      41,052 |             31.57 |           -19.9 |           +3.1 |           +20.0 |
| +1080.00 | +1041.89 | TH.CM_S    |        5184 |        1413 |            27.26 |     130,033 |      39,521 |             30.39 |           -20.0 |           +3.6 |           +20.0 |
| +1100.00 | +1061.89 | TH.CM_S    |        5184 |        1324 |            25.54 |     130,033 |      35,658 |             27.42 |           -20.0 |           +4.1 |           +20.0 |
| +1120.00 | +1081.89 | TH.CM_S    |        5184 |        1210 |            23.34 |     130,033 |      32,390 |             24.91 |           -20.0 |           +4.3 |           +20.0 |
| +1140.00 | +1101.89 | TH.CM_S    |        5184 |        1102 |            21.26 |     130,033 |      29,885 |             22.98 |           -20.0 |           +4.6 |           +20.0 |
| +1160.00 | +1121.89 | TH.CM_S    |        5184 |         979 |            18.89 |     130,033 |      25,120 |             19.32 |           -19.9 |           +4.9 |           +20.0 |
| +1180.00 | +1141.89 | TH.CM_S    |        5184 |         834 |            16.09 |     130,033 |      18,606 |             14.31 |           -19.8 |           +5.1 |           +19.9 |
| +1200.00 | +1161.89 | TH.CM_S    |        5184 |         762 |            14.70 |     130,033 |      15,995 |             12.30 |           -20.0 |           +4.6 |           +20.0 |
| +1220.00 | +1181.89 | TH.CM_S    |        5184 |         699 |            13.48 |     130,033 |      14,417 |             11.09 |           -19.7 |           +4.2 |           +20.0 |
| +1240.00 | +1201.89 | TH.CM_S    |        5184 |         633 |            12.21 |     130,033 |      10,633 |              8.18 |           -19.9 |           +4.2 |           +20.0 |
| +1260.00 | +1221.89 | TH.CM_S    |        5184 |         578 |            11.15 |     130,033 |       8,957 |              6.89 |           -19.8 |           +4.2 |           +20.0 |
| +1280.00 | +1241.89 | TH.CM_S    |        5184 |         519 |            10.01 |     130,033 |       8,199 |              6.31 |           -19.7 |           +4.1 |           +20.0 |
| +1300.00 | +1261.89 | TH.CM_S    |        5184 |         466 |             8.99 |     130,033 |       5,413 |              4.16 |           -19.5 |           +3.8 |           +20.0 |
| +1320.00 | +1281.89 | TH.CM_S    |        5184 |         402 |             7.75 |     130,033 |       4,114 |              3.16 |           -19.5 |           +4.1 |           +20.0 |
| +1340.00 | +1301.89 | TH.CM_S    |        5184 |         366 |             7.06 |     130,033 |       3,315 |              2.55 |           -20.0 |           +4.0 |           +20.0 |
| +1360.00 | +1321.89 | TH.CM_S    |        5184 |         325 |             6.27 |     130,033 |       2,857 |              2.20 |           -18.6 |           +4.2 |           +20.0 |
| +1380.00 | +1341.89 | TH.CM_S    |        5184 |         301 |             5.81 |     130,033 |       2,258 |              1.74 |           -19.6 |           +3.7 |           +19.8 |
| +1400.00 | +1361.89 | TH.CM_S    |        5184 |         272 |             5.25 |     130,033 |       1,772 |              1.36 |           -20.0 |           +4.3 |           +19.6 |
| +1420.00 | +1381.89 | TH.CM_S    |        5184 |         258 |             4.98 |     130,033 |       1,604 |              1.23 |           -18.9 |           +5.6 |           +19.9 |
| +1440.00 | +1401.89 | TH.CM_S    |        5184 |         235 |             4.53 |     130,033 |       1,569 |              1.21 |           -19.4 |           +6.9 |           +20.0 |
| +1460.00 | +1421.89 | TH.CM_S    |        5184 |         183 |             3.53 |     130,033 |         452 |              0.35 |           -19.9 |           +6.7 |           +20.0 |
| +1480.00 | +1441.89 | TH.CM_S    |        5184 |         152 |             2.93 |     130,033 |         135 |              0.10 |           -19.5 |           +6.8 |           +20.0 |
| +1500.00 | +1461.89 | TH.CM_S    |        5184 |         128 |             2.47 |     130,033 |         104 |              0.08 |           -16.5 |           +7.6 |           +19.8 |
| +1520.00 | +1481.89 | TH.CM_S    |        5184 |         111 |             2.14 |     130,033 |          84 |              0.06 |           -13.5 |           +8.9 |           +19.9 |
| +1540.00 | +1501.89 | TH.CM_S    |        5184 |          84 |             1.62 |     130,033 |          79 |              0.06 |           -10.5 |           +8.9 |           +19.9 |
| +1560.00 | +1521.89 | TH.CM_S    |        5184 |          72 |             1.39 |     130,033 |          66 |              0.05 |            -7.5 |          +10.2 |           +19.9 |
| +1580.00 | +1541.89 | TH.CM_S    |        5184 |          61 |             1.18 |     130,033 |          56 |              0.04 |            -4.5 |          +11.7 |           +19.8 |
| +1600.00 | +1561.89 | TH.CM_S    |        5184 |          42 |             0.81 |     130,033 |          50 |              0.04 |            -0.5 |          +12.8 |           +20.0 |
==========================================================================================================================

 -> Plot saved successfully to: OUTPUT_LDP/TH_CM_S/TH_CM_S_Plot_PP_Popu.svg

--> [TH.CM_S] Step 6: 6_LDP_OnePage.py
Processing province: TH_CM_S
[+] TH_CM_S: One-Page Report generated successfully.
======================================================================
Completed province: TH.CM_S
Finished: 2026-08-16T11:51:20+07:00
======================================================================
