======================================================================
Processing province: TH.RT
Started: 2026-08-19T16:42:49+07:00
======================================================================
--> [TH.RT] Step 1: 1_fabdem_province.py
[1/5] Read GADM and select HASC_1=TH.RT
[2/5] Save province and clip FABDEM
[3/5] Generate contours every 100 m with GDAL 3.10.3
[4/5] Calculate statistics and write PDF
[5/5] Write DataFrame summaries

Completed successfully.
HASC_1     NAME_1  contours                                                                                  PDF
 TH.RT Ratchaburi      2090 /mnt/nvme1/Project/2026-EIT_TH_LDP/src/OUTPUT_FABDEM/TH_RT/TH_RT_fabdem_contours.pdf
--> [TH.RT] Step 2: 2_popu2025_grid.py
[1/4] Select GADM province HASC_1=TH.RT
[2/4] Save boundary and cut population grid
[3/4] Calculate population-grid statistics
[4/4] Write population-grid PDF and summaries

Completed successfully.
HASC_1     NAME_1  population_sum                                                                                       grid
 TH.RT Ratchaburi   751585.371927 /mnt/nvme1/Project/2026-EIT_TH_LDP/src/OUTPUT_POP2025/TH_RT/TH_RT_population_2025_100m.tif
--> [TH.RT] Step 3: 3_generate_sample.py
[1/4] Select GADM province HASC_1=TH.RT
 -> [READ] Loading Vector Dataset: OUTPUT_PROV/gadm41_THA.gpkg (Layer: 'ADM_ADM_1')
[2/4] Generate 500.0m grid points
 -> Auto-detected EPSG:32647 for province.
 -> Generated 35,460 bounding box points.
 -> Clipping points to province boundary...
 -> Computing 8-digit Geohashes...
[3/4] Extracting Raster Values (FABDEM MSL & POP2025)...
 -> [READ] Opening Raster File: OUTPUT_FABDEM/TH_RT/TH_RT_fabdem.tif
 -> [READ] Opening Raster File for Area Sum: OUTPUT_POP2025/TH_RT/TH_RT_population_2025_100m.tif
 -> Converting geometries to Lng/Lat (EPSG:4326)...
[4/4] Save GeoPackage Data...
 -> [WRITE] Saving Vector File: /mnt/nvme1/Project/2026-EIT_TH_LDP/src/OUTPUT_SAMPL/TH_RT/TH_RT_SAMPL.gpkg (Layer: 'samples')

[5/5] Comparing POP2025 with DOPA Registration Population...

Completed successfully.
HASC_1  Grid (m)       CRS  Samples           Output POP2025 DOPA_Pop     Diff
 TH.RT     500.0 EPSG:4326    20702 TH_RT_SAMPL.gpkg 750,941  861,879 -110,938
--> [TH.RT] Step 4: 4_analyse_ldp.py
LDP                                             [TM, 99:35]
FALSE_EN                                  [50000, -1350000]
PP_MSL                                                  -20
POPU_PLOT                                   [250, -100, 20]
GPKG         [OUTPUT_SAMPL/TH_RT/TH_RT_SAMPL.gpkg, samples]
OFFSET_PP      [0.0, default hPP from average topo or pnts]
dtype: object
 -> OUTLIER FILTER: Dropped 419 points.
 -> Dropped MSL values: [-9999, -9999, -9999, -9999, -9999, 247, 162, 144, 149, 144, 151, 145, 187, 161, 154, 165, 232, 262, 215, 205, 179, 217, 195, 108, 30, 120, 110, 83, 67, 112, 111, 97, 62, 46, 107, 181, 217, 126, 106, 94, 98, 129, 307, 260, 142, 329, 320, 307, 137, 180, 390, 81, 186, 51, 149, 69, 48, 42, 95, 44, 37, 53, 73, 117, 86, 36, 86, 84, 39, 80, 33, 43, 89, 71, 67, 75, 47, 66, 68, 86, 97, 79, 140, 134, 85, 87, 80, 124, 105, 41, 158, 135, 185, 63, 118, 105, 62, 148, 116, 76, 38, 135, 42, 36, 3, -11, 753, 746, 761, 995, 884, 900, 901, 871, 897, 811, 835, 820, 929, 826, 798, 818, 1028, 996, 1005, 853, 1079, 985, 465, 1030, 972, 899, 994, 872, 1005, 701, 901, 232, 284, 247, 286, 253, 270, 268, 274, 286, 278, 332, 949, 987, 997, 991, 200, 899, 992, 956, 924, 941, 847, 836, 816, 904, 944, 856, 739, 776, 782, 826, 869, 931, 869, 851, 294, 405, 557, 573, 556, 618, 555, 271, 503, 465, 378, 543, 519, 370, 382, 194, 236, 226, 291, 238, 224, 361, 218, 214, 237, 395, 468, 1060, 1020, 1061, 313, 218, 250, 273, 164, 173, 206, 310, 187, 366, 185, 373, 248, 122, 154, 184, 193, 261, 203, 206, 172, 229, 183, 137, 131, 116, 190, 156, 143, 165, 162, 159, 185, 128, 136, 263, 278, 253, 117, 118, 129, 118, 193, 160, 123, 115, 153, 120, 148, 704, 123, 219, 168, 144, 160, 135, 171, 114, 164, 55, 86, 210, 36, 74, 115, 46, 91, 106, 62, 60, 64, 68, 70, 42, 115, 62, 75, 58, 129, 101, 45, 125, 55, 103, 102, 168, 69, 121, 100, 42, 40, 2, 3, 54, 53, 90, 177, 66, 62, 227, 77, 77, 145, 62, 64, 281, 192, 91, 174, 112, 72, 52, 82, 94, 49, 29, 57, 46, 40, 61, 107, 67, 84, 32, 50, 47, 24, 11, 59, 56, 55, 1036, 1066, 1138, 1029, 485, 625, 560, 610, 559, 691, 703, 1058, 1139, 864, 681, 824, 832, 225, 310, 167, 327, 346, 223, 170, 160, 200, 245, 203, 189, 114, 237, 238, 175, 187, 212, 229, 134, 122, 134, 101, 129, 93, 196, 111, 162, 123, 343, 299, 311, 307, 103, 114, 122, 90, 93, 93, 425, 314, 351, 359, 351, 147, 189, 898, 857, 810, 819, 810, 865, 661, 474, 199, 208, 112, 109, 247, 188, 294, 158, 197, 124, 125, 177, 122, 190, 195]
 -> Using user-defined PP_MSL: -20.000m
==================================== LDP TM ====================================
@ Centroid @     <lng=99°35′>    <lat=13°32′>
Offset Projection Plane = +0.0 m. <default hPP from average topo or pnts>
Designed Project Plane : hPP=-52.59 m. / MSL=-20.00 m. tied to k0 = 0.999992
Points CSF min/mean/max [ppm] : -153.8 / -23.6 / +30.8
Points MSL min/mean/max [m.]  : -10.0 / +180.7 / +1026.0
|      |       LDP_E |       LDP_N |
|:-----|------------:|------------:|
| min  |   5,371.726 | 104,573.926 |
| max  | 102,437.718 | 191,949.912 |
| diff |  97,065.993 |  87,375.986 |
{"meta": "LDP_Definition", "PROJ_String_Decimal": "+proj=tmerc +lat_0=0.0 +lon_0=99.58333333 +k_0=0.999992 +x_0=50000 +y_0=-1350000 +ellps=WGS84 +units=m +no_defs +type=crs", "PROJ_String_DMS": "+proj=tmerc +lat_0=0.0 +lon_0=99°35′ +k_0=0.999992 +x_0=50000 +y_0=-1350000 +ellps=WGS84 +units=m +no_defs +type=crs"}
Writing definition GPKG : OUTPUT_LDP/TH_RT/TH_RT_LDP.gpkg ...
 -> THINNING: Snapping points to 2 decimal grid for visualization...
 -> THINNING: Plot points reduced from 20283 to 4426.
Writing definition plot : OUTPUT_LDP/TH_RT/TH_RT_LDP.svg...
{"meta": "Coverage_Analysis", "Province": "TH.RT", "Total_Pts": 20702, "Valid_Pts": 11244, "Pt_Coverage(%)": 54.31, "Total_POP": 750940.9820999999, "Valid_POP": 666445.5713, "POP_Coverage(%)": 88.75, "CSF_Lower_ppm": -20.0, "CSF_Mean_ppm": -3.5, "CSF_Upper_ppm": 20.0}
--> [TH.RT] Step 5: 5_plot_PP_PctPopu.py
[TH.RT] POPU_PLOT found in TOML. Overriding MSL bounds: Upper=250.0, Lower=-100.0, Step=20.0
[TH.RT] Starting ProcessPoolExecutor with 18 offsets to compute (Mean MSL: 180.71 m)...
[TH.RT] OFFSET_PP [-280.71] computed successfully.
[TH.RT] OFFSET_PP [-260.71] computed successfully.
[TH.RT] OFFSET_PP [-240.71] computed successfully.
[TH.RT] OFFSET_PP [-220.71] computed successfully.
[TH.RT] OFFSET_PP [-200.71] computed successfully.
[TH.RT] OFFSET_PP [-180.71] computed successfully.
[TH.RT] OFFSET_PP [-160.71] computed successfully.
[TH.RT] OFFSET_PP [-140.71] computed successfully.
[TH.RT] OFFSET_PP [-120.71] computed successfully.
[TH.RT] OFFSET_PP [-100.71] computed successfully.
[TH.RT] OFFSET_PP [-80.71] computed successfully.
[TH.RT] OFFSET_PP [-60.71] computed successfully.
[TH.RT] OFFSET_PP [-40.71] computed successfully.
[TH.RT] OFFSET_PP [-20.71] computed successfully.
[TH.RT] OFFSET_PP [-0.71] computed successfully.
[TH.RT] OFFSET_PP [19.29] computed successfully.
[TH.RT] OFFSET_PP [39.29] computed successfully.
[TH.RT] OFFSET_PP [59.29] computed successfully.

==================================== LDP Population Coverage Analysis: TH.RT ====================================
|   MSL_PP |   HAE_PP | Province   |   Total_Pts |   Valid_Pts |   Pt_Coverage(%) |   Total_POP |   Valid_POP |   POP_Coverage(%) |   CSF_Lower_ppm |   CSF_Mean_ppm |   CSF_Upper_ppm |
|---------:|---------:|:-----------|------------:|------------:|-----------------:|------------:|------------:|------------------:|----------------:|---------------:|----------------:|
|  -100.00 |  -132.59 | TH.RT      |       20702 |        6882 |            33.24 |     750,941 |     584,766 |             77.87 |           -20.0 |           -6.2 |           +17.8 |
|   -80.00 |  -112.59 | TH.RT      |       20702 |        7706 |            37.22 |     750,941 |     603,678 |             80.39 |           -20.0 |           -4.9 |           +20.0 |
|   -60.00 |   -92.59 | TH.RT      |       20702 |        8726 |            42.15 |     750,941 |     629,406 |             83.82 |           -20.0 |           -4.2 |           +19.9 |
|   -40.00 |   -72.59 | TH.RT      |       20702 |       10367 |            50.08 |     750,941 |     657,434 |             87.55 |           -20.0 |           -4.2 |           +20.0 |
|   -20.00 |   -52.59 | TH.RT      |       20702 |       11244 |            54.31 |     750,941 |     666,446 |             88.75 |           -20.0 |           -3.5 |           +20.0 |
|    +0.00 |   -32.59 | TH.RT      |       20702 |       11679 |            56.41 |     750,941 |     657,106 |             87.50 |           -20.0 |           -2.3 |           +20.0 |
|   +20.00 |   -12.59 | TH.RT      |       20702 |       11966 |            57.80 |     750,941 |     634,904 |             84.55 |           -20.0 |           -1.0 |           +20.0 |
|   +40.00 |    +7.41 | TH.RT      |       20702 |       12023 |            58.08 |     750,941 |     584,810 |             77.88 |           -20.0 |           +0.2 |           +20.0 |
|   +60.00 |   +27.41 | TH.RT      |       20702 |       11708 |            56.55 |     750,941 |     507,819 |             67.62 |           -20.0 |           +1.0 |           +20.0 |
|   +80.00 |   +47.41 | TH.RT      |       20702 |       11133 |            53.78 |     750,941 |     375,896 |             50.06 |           -20.0 |           +1.4 |           +20.0 |
|  +100.00 |   +67.41 | TH.RT      |       20702 |       10398 |            50.23 |     750,941 |     237,272 |             31.60 |           -20.0 |           +2.0 |           +20.0 |
|  +120.00 |   +87.41 | TH.RT      |       20702 |       10081 |            48.70 |     750,941 |     199,712 |             26.59 |           -20.0 |           +3.0 |           +20.0 |
|  +140.00 |  +107.41 | TH.RT      |       20702 |        9741 |            47.05 |     750,941 |     175,773 |             23.41 |           -20.0 |           +4.1 |           +20.0 |
|  +160.00 |  +127.41 | TH.RT      |       20702 |        9271 |            44.78 |     750,941 |     156,093 |             20.79 |           -20.0 |           +5.2 |           +20.0 |
|  +180.00 |  +147.41 | TH.RT      |       20702 |        8610 |            41.59 |     750,941 |     136,601 |             18.19 |           -20.0 |           +6.2 |           +20.0 |
|  +200.00 |  +167.41 | TH.RT      |       20702 |        7660 |            37.00 |     750,941 |     107,798 |             14.36 |           -20.0 |           +6.6 |           +20.0 |
|  +220.00 |  +187.41 | TH.RT      |       20702 |        6346 |            30.65 |     750,941 |      72,387 |              9.64 |           -20.0 |           +5.6 |           +20.0 |
|  +240.00 |  +207.41 | TH.RT      |       20702 |        5203 |            25.13 |     750,941 |      45,077 |              6.00 |           -20.0 |           +4.8 |           +20.0 |
==========================================================================================================================

 -> Plot saved successfully to: OUTPUT_LDP/TH_RT/TH_RT_Plot_PP_Popu.svg

--> [TH.RT] Step 6: 6_LDP_OnePage.py
Processing province: TH_RT
[+] TH_RT: One-Page Report generated successfully.
======================================================================
Completed province: TH.RT
Finished: 2026-08-19T16:59:05+07:00
======================================================================
