======================================================================
Processing province: TH.SA
Started: 2026-08-16T12:03:29+07:00
======================================================================
--> [TH.SA] Step 1: 1_fabdem_province.py
[1/5] Read GADM and select HASC_1=TH.SA
[2/5] Save province and clip FABDEM
[3/5] Generate contours every 100 m with GDAL 3.10.3
[4/5] Calculate statistics and write PDF
[5/5] Write DataFrame summaries

Completed successfully.
HASC_1 NAME_1  contours                                                                                  PDF
 TH.SA  Satun      3689 /mnt/nvme1/Project/2026-EIT_TH_LDP/src/OUTPUT_FABDEM/TH_SA/TH_SA_fabdem_contours.pdf
--> [TH.SA] Step 2: 2_popu2025_grid.py
[1/4] Select GADM province HASC_1=TH.SA
[2/4] Save boundary and cut population grid
[3/4] Calculate population-grid statistics
[4/4] Write population-grid PDF and summaries

Completed successfully.
HASC_1 NAME_1  population_sum                                                                                       grid
 TH.SA  Satun    277193.11738 /mnt/nvme1/Project/2026-EIT_TH_LDP/src/OUTPUT_POP2025/TH_SA/TH_SA_population_2025_100m.tif
--> [TH.SA] Step 3: 3_generate_sample.py
[1/4] Select GADM province HASC_1=TH.SA
 -> [READ] Loading Vector Dataset: OUTPUT_PROV/gadm41_THA.gpkg (Layer: 'ADM_ADM_1')
[2/4] Generate 1000.0m grid points
 -> Auto-detected EPSG:32647 for province.
 -> Generated 5,084 bounding box points.
 -> Clipping points to province boundary...
 -> Computing 7-digit Geohashes...
[3/4] Extracting Raster Values (FABDEM MSL & POP2025)...
 -> [READ] Opening Raster File: OUTPUT_FABDEM/TH_SA/TH_SA_fabdem.tif
 -> [READ] Opening Raster File for Area Sum: OUTPUT_POP2025/TH_SA/TH_SA_population_2025_100m.tif
 -> Converting geometries to Lng/Lat (EPSG:4326)...
[4/4] Save GeoPackage Data...
 -> [WRITE] Saving Vector File: /mnt/nvme1/Project/2026-EIT_TH_LDP/src/OUTPUT_SAMPL/TH_SA/TH_SA_SAMPL.gpkg (Layer: 'samples')

[5/5] Comparing POP2025 with DOPA Registration Population...

Completed successfully.
HASC_1  Grid (m)       CRS  Samples           Output POP2025 DOPA_Pop    Diff
 TH.SA    1000.0 EPSG:4326     2433 TH_SA_SAMPL.gpkg 274,354  324,560 -50,206
--> [TH.SA] Step 4: 4_analyse_ldp.py
LDP                                             [TM, 99:58]
FALSE_EN                                   [50000, -600000]
PP_MSL                                                   40
GPKG         [OUTPUT_SAMPL/TH_SA/TH_SA_SAMPL.gpkg, samples]
OFFSET_PP      [0.0, default hPP from average topo or pnts]
dtype: object
 -> OUTLIER FILTER: Dropped 50 points.
 -> Dropped MSL values: [-9999, 16, 5, 77, 318, 80, 76, 83, 78, 74, 315, 82, 57, 55, 59, 42, 63, 69, 34, 46, 77, 90, 63, 44, 123, 143, 130, 49, 116, 64, 67, 202, 41, 52, 52, 84, 246, 164, 58, 203, 105, 110, 99, 274, 58, 272, 609, 613, 569, 630]
 -> Using user-defined PP_MSL: 40.000m
==================================== LDP TM ====================================
@ Centroid @     <lng=99°58′>    <lat=06°51′>
Offset Projection Plane = +0.0 m. <default hPP from average topo or pnts>
Designed Project Plane : hPP=+23.95 m. / MSL=+40.00 m. tied to k0 = 1.000004
Points CSF min/mean/max [ppm] : -96.1 / -4.5 / +18.9
Points MSL min/mean/max [m.]  : +0.0 / +87.4 / +701.0
|      |      LDP_E |       LDP_N |
|:-----|-----------:|------------:|
| min  | 18,212.283 | 110,153.754 |
| max  | 77,205.619 | 188,258.515 |
| diff | 58,993.336 |  78,104.761 |
{"meta": "LDP_Definition", "PROJ_String_Decimal": "+proj=tmerc +lat_0=0.0 +lon_0=99.96666667 +k_0=1.000004 +x_0=50000 +y_0=-600000 +ellps=WGS84 +units=m +no_defs +type=crs", "PROJ_String_DMS": "+proj=tmerc +lat_0=0.0 +lon_0=99°58′ +k_0=1.000004 +x_0=50000 +y_0=-600000 +ellps=WGS84 +units=m +no_defs +type=crs"}
Writing definition GPKG : OUTPUT_LDP/TH_SA/TH_SA_LDP.gpkg ...
 -> THINNING: Snapping points to 2 decimal grid for visualization...
 -> THINNING: Plot points reduced from 2383 to 1968.
Writing definition plot : OUTPUT_LDP/TH_SA/TH_SA_LDP.svg...
{"meta": "Coverage_Analysis", "Province": "TH.SA", "Total_Pts": 2433, "Valid_Pts": 2008, "Pt_Coverage(%)": 82.53, "Total_POP": 274353.50950000004, "Valid_POP": 272043.1035, "POP_Coverage(%)": 99.16, "CSF_Lower_ppm": -20.0, "CSF_Mean_ppm": 3.0, "CSF_Upper_ppm": 18.9}
--> [TH.SA] Step 5: 5_plot_PP_PctPopu.py
[TH.SA] Starting ProcessPoolExecutor with 16 offsets to compute (Mean MSL: 87.41 m)...
[TH.SA] OFFSET_PP [-200.00] computed successfully.
[TH.SA] OFFSET_PP [-180.00] computed successfully.
[TH.SA] OFFSET_PP [-160.00] computed successfully.
[TH.SA] OFFSET_PP [-140.00] computed successfully.
[TH.SA] OFFSET_PP [-120.00] computed successfully.
[TH.SA] OFFSET_PP [-100.00] computed successfully.
[TH.SA] OFFSET_PP [-80.00] computed successfully.
[TH.SA] OFFSET_PP [-60.00] computed successfully.
[TH.SA] OFFSET_PP [-40.00] computed successfully.
[TH.SA] OFFSET_PP [-20.00] computed successfully.
[TH.SA] OFFSET_PP [0.00] computed successfully.
[TH.SA] OFFSET_PP [20.00] computed successfully.
[TH.SA] OFFSET_PP [40.00] computed successfully.
[TH.SA] OFFSET_PP [60.00] computed successfully.
[TH.SA] OFFSET_PP [80.00] computed successfully.
[TH.SA] OFFSET_PP [100.00] computed successfully.

==================================== LDP Population Coverage Analysis: TH.SA ====================================
|   MSL_PP |   HAE_PP | Province   |   Total_Pts |   Valid_Pts |   Pt_Coverage(%) |   Total_POP |   Valid_POP |   POP_Coverage(%) |   CSF_Lower_ppm |   CSF_Mean_ppm |   CSF_Upper_ppm |
|---------:|---------:|:-----------|------------:|------------:|-----------------:|------------:|------------:|------------------:|----------------:|---------------:|----------------:|
|  -112.59 |  -128.64 | TH.SA      |        2433 |        1028 |            42.25 |     274,354 |     198,923 |             72.51 |           -20.0 |          -15.7 |            -5.1 |
|   -92.59 |  -108.64 | TH.SA      |        2433 |        1458 |            59.93 |     274,354 |     250,049 |             91.14 |           -20.0 |          -14.3 |            -2.1 |
|   -72.59 |   -88.64 | TH.SA      |        2433 |        1613 |            66.30 |     274,354 |     260,602 |             94.99 |           -20.0 |          -12.0 |            +0.9 |
|   -52.59 |   -68.64 | TH.SA      |        2433 |        1716 |            70.53 |     274,354 |     265,718 |             96.85 |           -20.0 |           -9.6 |            +3.9 |
|   -32.59 |   -48.64 | TH.SA      |        2433 |        1792 |            73.65 |     274,354 |     268,570 |             97.89 |           -20.0 |           -7.1 |            +6.9 |
|   -12.59 |   -28.64 | TH.SA      |        2433 |        1854 |            76.20 |     274,354 |     269,977 |             98.40 |           -20.0 |           -4.6 |            +9.9 |
|    +7.41 |    -8.64 | TH.SA      |        2433 |        1944 |            79.90 |     274,354 |     271,556 |             98.98 |           -20.0 |           -1.4 |           +13.9 |
|   +27.41 |   +11.36 | TH.SA      |        2433 |        1984 |            81.55 |     274,354 |     271,889 |             99.10 |           -20.0 |           +1.2 |           +16.9 |
|   +47.41 |   +31.36 | TH.SA      |        2433 |        2026 |            83.27 |     274,354 |     272,315 |             99.26 |           -20.0 |           +3.8 |           +19.9 |
|   +67.41 |   +51.36 | TH.SA      |        2433 |        1994 |            81.96 |     274,354 |     265,527 |             96.78 |           -19.9 |           +5.9 |           +19.9 |
|   +87.41 |   +71.36 | TH.SA      |        2433 |        1935 |            79.53 |     274,354 |     255,823 |             93.25 |           -20.0 |           +7.9 |           +19.9 |
|  +107.41 |   +91.36 | TH.SA      |        2433 |        1863 |            76.57 |     274,354 |     221,147 |             80.61 |           -19.9 |          +10.0 |           +20.0 |
|  +127.41 |  +111.36 | TH.SA      |        2433 |        1465 |            60.21 |     274,354 |     130,448 |             47.55 |           -19.7 |          +11.2 |           +20.0 |
|  +147.41 |  +131.36 | TH.SA      |        2433 |         945 |            38.84 |     274,354 |      50,972 |             18.58 |           -19.9 |           +9.3 |           +20.0 |
|  +167.41 |  +151.36 | TH.SA      |        2433 |         660 |            27.13 |     274,354 |      19,300 |              7.03 |           -19.9 |           +6.5 |           +20.0 |
|  +187.41 |  +171.36 | TH.SA      |        2433 |         570 |            23.43 |     274,354 |      10,957 |              3.99 |           -19.9 |           +5.5 |           +20.0 |
==========================================================================================================================

 -> Plot saved successfully to: OUTPUT_LDP/TH_SA/TH_SA_Plot_PP_Popu.svg

--> [TH.SA] Step 6: 6_LDP_OnePage.py
Processing province: TH_SA
[+] TH_SA: One-Page Report generated successfully.
======================================================================
Completed province: TH.SA
Finished: 2026-08-16T12:06:16+07:00
======================================================================
