======================================================================
Processing province: TH.NS
Started: 2026-08-19T16:28:24+07:00
======================================================================
--> [TH.NS] Step 1: 1_fabdem_province.py
[1/5] Read GADM and select HASC_1=TH.NS
[2/5] Save province and clip FABDEM
[3/5] Generate contours every 100 m with GDAL 3.10.3
[4/5] Calculate statistics and write PDF
[5/5] Write DataFrame summaries

Completed successfully.
HASC_1       NAME_1  contours                                                                                  PDF
 TH.NS Nakhon Sawan      1272 /mnt/nvme1/Project/2026-EIT_TH_LDP/src/OUTPUT_FABDEM/TH_NS/TH_NS_fabdem_contours.pdf
--> [TH.NS] Step 2: 2_popu2025_grid.py
[1/4] Select GADM province HASC_1=TH.NS
[2/4] Save boundary and cut population grid
[3/4] Calculate population-grid statistics
[4/4] Write population-grid PDF and summaries

Completed successfully.
HASC_1       NAME_1  population_sum                                                                                       grid
 TH.NS Nakhon Sawan   861741.982533 /mnt/nvme1/Project/2026-EIT_TH_LDP/src/OUTPUT_POP2025/TH_NS/TH_NS_population_2025_100m.tif
--> [TH.NS] Step 3: 3_generate_sample.py
[1/4] Select GADM province HASC_1=TH.NS
 -> [READ] Loading Vector Dataset: OUTPUT_PROV/gadm41_THA.gpkg (Layer: 'ADM_ADM_1')
[2/4] Generate 500.0m grid points
 -> Auto-detected EPSG:32647 for province.
 -> Generated 96,520 bounding box points.
 -> Clipping points to province boundary...
 -> Computing 8-digit Geohashes...
[3/4] Extracting Raster Values (FABDEM MSL & POP2025)...
 -> [READ] Opening Raster File: OUTPUT_FABDEM/TH_NS/TH_NS_fabdem.tif
 -> [READ] Opening Raster File for Area Sum: OUTPUT_POP2025/TH_NS/TH_NS_population_2025_100m.tif
 -> Converting geometries to Lng/Lat (EPSG:4326)...
[4/4] Save GeoPackage Data...
 -> [WRITE] Saving Vector File: /mnt/nvme1/Project/2026-EIT_TH_LDP/src/OUTPUT_SAMPL/TH_NS/TH_NS_SAMPL.gpkg (Layer: 'samples')

[5/5] Comparing POP2025 with DOPA Registration Population...

Completed successfully.
HASC_1  Grid (m)       CRS  Samples           Output POP2025  DOPA_Pop     Diff
 TH.NS     500.0 EPSG:4326    38016 TH_NS_SAMPL.gpkg 871,470 1,008,362 -136,892
--> [TH.NS] Step 4: 4_analyse_ldp.py
LDP                                            [LCC, 15:41]
FALSE_EN                                   [280000, 750000]
PP_MSL                                                   20
GPKG         [OUTPUT_SAMPL/TH_NS/TH_NS_SAMPL.gpkg, samples]
OFFSET_PP      [0.0, default hPP from average topo or pnts]
dtype: object
 -> OUTLIER FILTER: Dropped 774 points.
 -> Dropped MSL values: [-9999, -9999, -9999, -9999, -9999, -9999, -9999, -9999, -9999, -9999, -9999, -9999, -9999, 95, 29, 109, 153, 163, 52, 56, 64, 48, 47, 66, 86, 41, 63, 49, 44, 55, 54, 115, 87, 67, 41, 41, 104, 55, 100, 56, 61, 66, 70, 69, 201, 201, 252, 210, 205, 270, 327, 1039, 1024, 1051, 437, 1005, 994, 977, 410, 417, 233, 362, 385, 1572, 1536, 1585, 180, 182, 196, 195, 205, 180, 183, 151, 154, 154, 162, 192, 156, 147, 502, 311, 156, 195, 252, 279, 140, 1608, 1508, 1597, 1612, 958, 1048, 971, 1034, 971, 778, 701, 949, 785, 717, 259, 228, 251, 379, 370, 258, 248, 304, 184, 67, 130, 134, 73, 126, 97, 78, 80, 166, 192, 110, 136, 128, 100, 123, 133, 111, 153, 133, 148, 223, 169, 156, 306, 179, 146, 155, 255, 153, 162, 146, 155, 139, 158, 175, 177, 161, 182, 592, 681, 100, 622, 71, 76, 749, 689, 581, 602, 705, 91, 594, 96, 99, 48, 71, 49, 74, 79, 149, 191, 177, 182, 173, 161, 132, 129, 150, 561, 184, 177, 133, 152, 135, 199, 138, 169, 605, 185, 188, 164, 139, 178, 566, 182, 177, 154, 177, 133, 150, 143, 153, 172, 154, 160, 172, 145, 184, 144, 186, 184, 524, 59, 60, 47, 71, 88, 88, 72, 49, 54, 124, 93, 175, 155, 156, 303, 136, 141, 146, 144, 120, 48, 113, 198, 113, 86, 46, 125, 59, 70, 70, 100, 10, 9, 20, 39, 47, 30, 39, 73, 27, 85, 161, 35, 75, 142, 55, 41, 27, 51, 49, 83, 33, 35, 84, 146, 57, 148, 70, 36, 84, 60, 28, 48, 24, 74, 109, 24, 107, 44, 104, 35, 121, 58, 25, 69, 25, 38, 55, 87, 55, 88, 49, 94, 47, 77, 77, 131, 95, 109, 93, 125, 93, 102, 142, 292, 119, 29, 44, 55, 39, 88, 108, 112, 127, 316, 115, 105, 105, 136, 104, 112, 86, 63, 100, 128, 292, 318, 367, 301, 111, 84, 20, 15, 69, 100, 69, 119, 73, 84, 119, 180, 73, 105, 146, 92, 91, 72, 29, 42, 33, 41, 173, 154, 155, 96, 72, 104, 109, 90, 86, 142, 128, 142, 119, 112, 69, 80, 75, 128, 98, 84, 124, 85, 107, 105, 130, 149, 137, 147, 142, 134, 140, 423, 431, 435, 142, 93, 96, 427, 413, 445, 144, 161, 138, 137, 153, 147, 153, 139, 145, 137, 96, 120, 524, 500, 466, 471, 129, 84, 104, 107, 101, 90, 79, 84, 100, 105, 106, 77, 396, 507, 553, 86, 86, 99, 89, 115, 133, 155, 123, 139, 166, 93, 85, 86, 68, 18, 19, 30, 31, 34, 75, 62, 117, 32, 35, 92, 52, 30, 32, 35, 30, 34, 35, 136, 28, 39, 40, 44, 32, 32, 80, 39, 36, 84, 111, 72, 33, 36, 40, 40, 33, 39, 33, 38, 72, 106, 71, 97, 89, 142, 104, 87, 103, 50, 51, 70, 78, 104, 101, 134, 88, 112, 87, 300, 343, 416, 392, 308, 444, 86, 80, 128, 88, 104, 113, 113, 81, 130, 80, 132, 62, 90, 111, 100, 88, 59, 90, 61, 72, 62, 78, 77, 71, 90, 115, 119, 43, 40, 92, 62, 123, 41, 102, 42, 85, 103, 118, 156, 103, 151, 47, 82, 97, 39, 83, 47, 95, 50, 99, 118, 31, 46, 40, 41, 611, 564, 56, 49, 68, 92, 78, 54, 71, 85, 65, 60, 95, 32, 61, 52, 152, 50, 46, 45, 139, 127, 157, 77, 33, 34, 389, 303, 141, 132, 140, 296, 114, 108, 44, 49, 96, 110, 90, 115, 93, 101, 105, 59, 57, 70, 103, 102, 88, 117, 135, 68, 149, 58, 146, 129, 103, 66, 56, 78, 47, 32, 45, 19, 19, 36, 42, 35, 19, 60, 49, 36, 48, 87, 53, 38, 40, 44, 56, 142, 80, 44, 108, 43, 131, 54, 35, 22, 46, 38, 34, 36, 124, 123, 112, 64, 45, 46, 57, 133, 48, 39, 90, 55, 62, 173, 134, 124, 37, 39, 62, 71, 117, 51, 366, 231, 59, 121, 101, 191, 85, 93, 86, 89, 107, 107, 176, 84, 92, 160, 112, 95, 163, 150, 143, 152, 93, 153, 111, 96, 217, 108, 102, 96, 79, 106, 129, 127, 131, 121, 111, 295, 110, 95, 92, 75, 73, 84, 100, 120, 80, 105, 80, 76, 42, 139, 129, 135, 123, 170, 140, 143, 99, 107, 164, 316, 119, 97, 94, 110, 86, 45, 50, 167, 99, 357, 173, 313, 329, 150, 97, 138, 524, 386, 132, 343, 111, 188, 171, 129, 179, 104, 41, 67, 90, 53, 95, 86, 92, 92, 64, 53, 39, 35, 28, 28, 29, 41]
 -> Using user-defined PP_MSL: 20.000m
=================================== LDP LCC ====================================
@ Centroid @     <lng=100°09′>    <lat=15°41′>
Offset Projection Plane = +0.0 m. <default hPP from average topo or pnts>
Designed Project Plane : hPP=-13.52 m. / MSL=+20.00 m. tied to k0 = 0.999998
Points CSF min/mean/max [ppm] : -225.4 / -3.2 / +59.3
Points MSL min/mean/max [m.]  : +9.0 / +84.2 / +1475.0
|      |       LDP_E |       LDP_N |
|:-----|------------:|------------:|
| min  | 166,340.206 | 681,585.785 |
| max  | 354,780.014 | 805,843.235 |
| diff | 188,439.808 | 124,257.450 |
{"meta": "LDP_Definition", "PROJ_String_Decimal": "+proj=lcc +lat_1=15.68333333 +lat_0=15.68333333 +lon_0=100.15000000 +k_0=0.999998 +x_0=280000 +y_0=750000 +ellps=WGS84 +units=m +no_defs +type=crs", "PROJ_String_DMS": "+proj=lcc +lat_1=15°41′ +lat_0=15°41′ +lon_0=100°09′ +k_0=0.999998 +x_0=280000 +y_0=750000 +ellps=WGS84 +units=m +no_defs +type=crs"}
Writing definition GPKG : OUTPUT_LDP/TH_NS/TH_NS_LDP.gpkg ...
 -> THINNING: Snapping points to 2 decimal grid for visualization...
 -> THINNING: Plot points reduced from 37242 to 8191.
Writing definition plot : OUTPUT_LDP/TH_NS/TH_NS_LDP.svg...
{"meta": "Coverage_Analysis", "Province": "TH.NS", "Total_Pts": 38016, "Valid_Pts": 31398, "Pt_Coverage(%)": 82.59, "Total_POP": 871470.1385, "Valid_POP": 769220.1039, "POP_Coverage(%)": 88.27, "CSF_Lower_ppm": -20.0, "CSF_Mean_ppm": -0.5, "CSF_Upper_ppm": 20.0}
--> [TH.NS] Step 5: 5_plot_PP_PctPopu.py
[TH.NS] Starting ProcessPoolExecutor with 16 offsets to compute (Mean MSL: 84.17 m)...
[TH.NS] OFFSET_PP [-200.00] computed successfully.
[TH.NS] OFFSET_PP [-180.00] computed successfully.
[TH.NS] OFFSET_PP [-160.00] computed successfully.
[TH.NS] OFFSET_PP [-140.00] computed successfully.
[TH.NS] OFFSET_PP [-120.00] computed successfully.
[TH.NS] OFFSET_PP [-100.00] computed successfully.
[TH.NS] OFFSET_PP [-80.00] computed successfully.
[TH.NS] OFFSET_PP [-60.00] computed successfully.
[TH.NS] OFFSET_PP [-40.00] computed successfully.
[TH.NS] OFFSET_PP [-20.00] computed successfully.
[TH.NS] OFFSET_PP [0.00] computed successfully.
[TH.NS] OFFSET_PP [20.00] computed successfully.
[TH.NS] OFFSET_PP [40.00] computed successfully.
[TH.NS] OFFSET_PP [60.00] computed successfully.
[TH.NS] OFFSET_PP [80.00] computed successfully.
[TH.NS] OFFSET_PP [100.00] computed successfully.

==================================== LDP Population Coverage Analysis: TH.NS ====================================
|   MSL_PP |   HAE_PP | Province   |   Total_Pts |   Valid_Pts |   Pt_Coverage(%) |   Total_POP |   Valid_POP |   POP_Coverage(%) |   CSF_Lower_ppm |   CSF_Mean_ppm |   CSF_Upper_ppm |
|---------:|---------:|:-----------|------------:|------------:|-----------------:|------------:|------------:|------------------:|----------------:|---------------:|----------------:|
|  -115.83 |  -149.35 | TH.NS      |       38016 |       13053 |            34.34 |     871,470 |     306,070 |             35.12 |           -20.0 |          -10.7 |           +19.9 |
|   -95.83 |  -129.35 | TH.NS      |       38016 |       21772 |            57.27 |     871,470 |     626,433 |             71.88 |           -20.0 |          -12.4 |           +20.0 |
|   -75.83 |  -109.35 | TH.NS      |       38016 |       25888 |            68.10 |     871,470 |     725,130 |             83.21 |           -20.0 |          -11.1 |           +20.0 |
|   -55.83 |   -89.35 | TH.NS      |       38016 |       28306 |            74.46 |     871,470 |     757,366 |             86.91 |           -20.0 |           -9.3 |           +20.0 |
|   -35.83 |   -69.35 | TH.NS      |       38016 |       29830 |            78.47 |     871,470 |     766,689 |             87.98 |           -20.0 |           -7.4 |           +20.0 |
|   -15.83 |   -49.35 | TH.NS      |       38016 |       30667 |            80.67 |     871,470 |     770,645 |             88.43 |           -20.0 |           -5.1 |           +20.0 |
|    +4.17 |   -29.35 | TH.NS      |       38016 |       31094 |            81.79 |     871,470 |     764,369 |             87.71 |           -20.0 |           -2.8 |           +20.0 |
|   +24.17 |    -9.35 | TH.NS      |       38016 |       31454 |            82.74 |     871,470 |     768,250 |             88.16 |           -20.0 |           +0.3 |           +20.0 |
|   +44.17 |   +10.65 | TH.NS      |       38016 |       31375 |            82.53 |     871,470 |     764,170 |             87.69 |           -20.0 |           +2.7 |           +20.0 |
|   +64.17 |   +30.65 | TH.NS      |       38016 |       30760 |            80.91 |     871,470 |     747,875 |             85.82 |           -20.0 |           +5.0 |           +20.0 |
|   +84.17 |   +50.65 | TH.NS      |       38016 |       29760 |            78.28 |     871,470 |     724,575 |             83.14 |           -20.0 |           +7.2 |           +20.0 |
|  +104.17 |   +70.65 | TH.NS      |       38016 |       28242 |            74.29 |     871,470 |     684,126 |             78.50 |           -20.0 |           +9.4 |           +20.0 |
|  +124.17 |   +90.65 | TH.NS      |       38016 |       25666 |            67.51 |     871,470 |     617,053 |             70.81 |           -20.0 |          +11.2 |           +20.0 |
|  +144.17 |  +110.65 | TH.NS      |       38016 |       21933 |            57.69 |     871,470 |     523,730 |             60.10 |           -20.0 |          +12.8 |           +20.0 |
|  +164.17 |  +130.65 | TH.NS      |       38016 |       11584 |            30.47 |     871,470 |     160,490 |             18.42 |           -20.0 |          +11.6 |           +20.0 |
|  +184.17 |  +150.65 | TH.NS      |       38016 |        7748 |            20.38 |     871,470 |      80,855 |              9.28 |           -20.0 |          +10.7 |           +20.0 |
==========================================================================================================================

 -> Plot saved successfully to: OUTPUT_LDP/TH_NS/TH_NS_Plot_PP_Popu.svg

--> [TH.NS] Step 6: 6_LDP_OnePage.py
Processing province: TH_NS
[+] TH_NS: One-Page Report generated successfully.
======================================================================
Completed province: TH.NS
Finished: 2026-08-19T16:49:05+07:00
======================================================================
