======================================================================
Processing province: TH.CM_C
Started: 2026-08-19T15:57:09+07:00
======================================================================
--> [TH.CM_C] Step 1: 1_fabdem_province.py
[1/5] Read GADM and select HASC_1=TH.CM_C
[2/5] Save province and clip FABDEM
[3/5] Generate contours every 100 m with GDAL 3.10.3
[4/5] Calculate statistics and write PDF
[5/5] Write DataFrame summaries

Completed successfully.
 HASC_1             NAME_1  contours                                                                                      PDF
TH.CM_C Chiang Mai Central      5511 /mnt/nvme1/Project/2026-EIT_TH_LDP/src/OUTPUT_FABDEM/TH_CM_C/TH_CM_C_fabdem_contours.pdf
--> [TH.CM_C] Step 2: 2_popu2025_grid.py
[1/4] Select GADM province HASC_1=TH.CM_C
[2/4] Save boundary and cut population grid
[3/4] Calculate population-grid statistics
[4/4] Write population-grid PDF and summaries

Completed successfully.
 HASC_1             NAME_1  population_sum                                                                                           grid
TH.CM_C Chiang Mai Central    1.302760e+06 /mnt/nvme1/Project/2026-EIT_TH_LDP/src/OUTPUT_POP2025/TH_CM_C/TH_CM_C_population_2025_100m.tif
--> [TH.CM_C] Step 3: 3_generate_sample.py
[1/4] Select GADM province HASC_1=TH.CM_C
 -> [READ] Loading Vector Dataset: OUTPUT_PROV/gadm41_THA.gpkg (Layer: 'ADM_ADM_1')
[2/4] Generate 500.0m grid points
 -> Auto-detected EPSG:32647 for province.
 -> Generated 64,296 bounding box points.
 -> Clipping points to province boundary...
 -> Computing 8-digit Geohashes...
[3/4] Extracting Raster Values (FABDEM MSL & POP2025)...
 -> [READ] Opening Raster File: OUTPUT_FABDEM/TH_CM_C/TH_CM_C_fabdem.tif
 -> [READ] Opening Raster File for Area Sum: OUTPUT_POP2025/TH_CM_C/TH_CM_C_population_2025_100m.tif
 -> Converting geometries to Lng/Lat (EPSG:4326)...
[4/4] Save GeoPackage Data...
 -> [WRITE] Saving Vector File: /mnt/nvme1/Project/2026-EIT_TH_LDP/src/OUTPUT_SAMPL/TH_CM_C/TH_CM_C_SAMPL.gpkg (Layer: 'samples')

[5/5] Comparing POP2025 with DOPA Registration Population...

Completed successfully.
 HASC_1  Grid (m)       CRS  Samples             Output   POP2025  DOPA_Pop     Diff
TH.CM_C     500.0 EPSG:4326    36947 TH_CM_C_SAMPL.gpkg 1,312,694 1,798,588 -485,894
--> [TH.CM_C] Step 4: 4_analyse_ldp.py
LDP                                               [LCC, 18:43]
FALSE_EN                                                  AUTO
PP_MSL                                                     310
POPU_PLOT                                       [800, 250, 20]
GPKG         [OUTPUT_SAMPL/TH_CM_C/TH_CM_C_SAMPL.gpkg, samp...
OFFSET_PP         [0.0, default hPP from average topo or pnts]
dtype: object
 -> OUTLIER FILTER: Dropped 748 points.
 -> Dropped MSL values: [-9999, -9999, -9999, -9999, -9999, -9999, -9999, -9999, -9999, 610, 349, 816, 1402, 1420, 901, 1404, 799, 699, 1583, 1497, 1432, 1513, 1448, 1462, 1475, 1434, 1060, 1067, 1136, 425, 430, 589, 1150, 571, 873, 1499, 992, 1437, 1435, 1218, 1272, 1213, 1201, 1207, 1175, 1490, 1327, 1294, 1280, 1099, 1511, 1525, 1518, 1597, 1637, 1773, 1574, 1846, 1572, 781, 1641, 747, 766, 767, 800, 753, 795, 1272, 1284, 883, 1365, 1432, 1478, 1546, 1468, 1776, 1903, 1901, 1803, 1789, 1546, 2508, 1514, 1495, 1650, 2502, 2528, 1390, 1410, 1555, 2548, 2533, 2543, 2506, 2491, 1411, 1364, 1550, 1372, 1295, 1296, 857, 862, 881, 868, 1564, 1624, 1652, 1606, 1624, 1573, 525, 499, 506, 495, 505, 1510, 1414, 1437, 1233, 1231, 1234, 1086, 1063, 309, 277, 301, 300, 277, 279, 888, 839, 970, 899, 1006, 630, 345, 399, 344, 904, 901, 946, 904, 963, 878, 868, 562, 1164, 443, 418, 1104, 824, 1609, 1617, 1635, 1161, 1662, 304, 321, 312, 305, 313, 274, 271, 266, 268, 325, 324, 325, 329, 344, 335, 329, 276, 1371, 1363, 1262, 1260, 1521, 939, 1581, 1769, 1882, 1761, 1740, 1647, 1821, 1759, 1700, 1703, 1645, 1614, 342, 326, 330, 336, 352, 353, 359, 349, 417, 390, 404, 393, 387, 375, 388, 588, 621, 434, 1390, 1167, 1049, 1132, 807, 759, 877, 962, 749, 794, 857, 819, 974, 941, 933, 775, 555, 504, 870, 909, 1044, 1083, 951, 1023, 964, 952, 373, 386, 970, 379, 377, 374, 359, 342, 338, 911, 824, 958, 832, 322, 329, 326, 1004, 961, 965, 390, 1059, 1072, 1401, 1842, 1763, 811, 1357, 1467, 1454, 1566, 1361, 1426, 1363, 785, 775, 802, 703, 778, 698, 1443, 1501, 1495, 1432, 813, 362, 373, 395, 723, 703, 726, 897, 856, 777, 893, 886, 1315, 886, 859, 966, 374, 372, 414, 1559, 1566, 1620, 1609, 425, 379, 421, 423, 396, 424, 395, 407, 396, 401, 378, 1502, 1433, 1452, 1446, 1612, 1378, 1003, 1177, 1057, 1151, 994, 986, 996, 895, 1201, 1172, 614, 1043, 1032, 614, 579, 726, 1263, 1301, 1335, 1389, 1405, 1032, 1076, 1049, 720, 1122, 1046, 1324, 1370, 1383, 1402, 1340, 1343, 1343, 370, 352, 361, 369, 400, 394, 379, 383, 376, 395, 411, 382, 392, 345, 339, 339, 1102, 1168, 1118, 1115, 1350, 1379, 1357, 1058, 1384, 1431, 1383, 1397, 1394, 1571, 1580, 1347, 1362, 1067, 1151, 616, 620, 1179, 1067, 898, 891, 765, 763, 779, 822, 837, 1365, 1289, 1282, 539, 1259, 594, 451, 1100, 1058, 1123, 707, 857, 925, 880, 884, 1022, 378, 376, 388, 846, 361, 383, 377, 951, 890, 843, 825, 548, 529, 432, 405, 394, 666, 649, 356, 662, 725, 658, 390, 406, 368, 615, 545, 425, 384, 404, 423, 438, 400, 359, 385, 355, 379, 381, 351, 358, 359, 366, 382, 407, 409, 367, 404, 353, 386, 1078, 1079, 1048, 409, 412, 839, 566, 554, 558, 550, 516, 562, 545, 523, 525, 519, 1178, 1236, 1309, 1308, 1545, 1534, 1647, 1657, 1685, 492, 445, 387, 556, 433, 514, 556, 378, 372, 584, 558, 600, 517, 387, 375, 736, 525, 469, 505, 665, 535, 518, 701, 695, 725, 557, 713, 711, 400, 714, 698, 796, 1255, 1363, 1259, 1666, 1619, 494, 507, 1792, 1751, 1771, 1819, 1755, 1777, 1753, 1840, 1818, 1834, 857, 857, 895, 585, 484, 606, 620, 869, 642, 626, 596, 806, 437, 818, 853, 597, 434, 845, 818, 618, 917, 881, 810, 631, 896, 923, 930, 882, 977, 638, 607, 622, 588, 626, 653, 654, 630, 625, 1301, 827, 1520, 1564, 1618, 1598, 1574, 1663, 1699, 1592, 1322, 802, 791, 1034, 1558, 1069, 1462, 1431, 1458, 1382, 1382, 1451, 1362, 1367, 1375, 1429, 1469, 1427, 1358, 1252, 1213, 851, 651, 1175, 1170, 1165, 1172, 1270, 1380, 1287, 1600, 1629, 1635, 1714, 1637, 1650, 1639, 1418, 1419, 1683, 1681, 1544, 1574, 861, 917, 919, 886, 1407, 1323, 1307, 1295, 1066, 1329, 930, 1398, 1293, 1392, 1383, 1531, 1528, 1505, 1506, 1473, 1398, 725, 1693, 1646, 1683, 1638, 1132, 1351, 1318, 1263, 1241, 1007, 1202, 1013, 1118, 663, 671, 1143, 1129, 1217, 1128, 1152, 1105, 871, 1052, 1077, 1186, 744, 1514, 1651, 1417, 1499, 1504, 1674, 1694, 1697, 1887, 1891, 1458, 1430, 1475, 1474, 1472, 1458, 1459, 1021, 1410, 1469, 1374, 1385, 1361, 1392, 1493, 1360, 752, 739, 1132, 1211, 793, 802, 1306, 1376, 1311, 1373, 1416, 529, 1544, 753, 1392, 1519, 1378, 1392, 1472, 1484, 1416, 1379, 1397, 1495, 1416, 1378, 1402, 1419, 1252, 1199, 1221, 1311, 1320, 1117, 1368, 1413, 1422, 1415, 1423, 1457, 1484, 1317, 1409, 1264, 524]
 -> Using user-defined PP_MSL: 310.000m
 -> AUTO detected FALSE_EN: E: 500000, N: 500000
=================================== LDP LCC ====================================
@ Centroid @     <lng=98°39′>    <lat=18°42′>
Offset Projection Plane = +0.0 m. <default hPP from average topo or pnts>
Designed Project Plane : hPP=+271.81 m. / MSL=+310.00 m. tied to k0 = 1.000043
Points CSF min/mean/max [ppm] : -336.2 / -67.1 / +48.2
Points MSL min/mean/max [m.]  : +258.0 / +789.5 / +2462.0
|      |       LDP_E |       LDP_N |
|:-----|------------:|------------:|
| min  | 439,938.210 | 438,320.075 |
| max  | 578,372.519 | 550,269.658 |
| diff | 138,434.309 | 111,949.583 |
{"meta": "LDP_Definition", "PROJ_String_Decimal": "+proj=lcc +lat_1=18.70000000 +lat_0=18.70000000 +lon_0=98.65000000 +k_0=1.000043 +x_0=500000 +y_0=500000 +ellps=WGS84 +units=m +no_defs +type=crs", "PROJ_String_DMS": "+proj=lcc +lat_1=18°42′ +lat_0=18°42′ +lon_0=98°39′ +k_0=1.000043 +x_0=500000 +y_0=500000 +ellps=WGS84 +units=m +no_defs +type=crs"}
Writing definition GPKG : OUTPUT_LDP/TH_CM_C/TH_CM_C_LDP.gpkg ...
 -> THINNING: Snapping points to 2 decimal grid for visualization...
 -> THINNING: Plot points reduced from 36199 to 8070.
Writing definition plot : OUTPUT_LDP/TH_CM_C/TH_CM_C_LDP.svg...
{"meta": "Coverage_Analysis", "Province": "TH.CM_C", "Total_Pts": 36947, "Valid_Pts": 8733, "Pt_Coverage(%)": 23.64, "Total_POP": 1312694.0013000001, "Valid_POP": 1141111.3660999998, "POP_Coverage(%)": 86.93, "CSF_Lower_ppm": -20.0, "CSF_Mean_ppm": -0.1, "CSF_Upper_ppm": 20.0}
--> [TH.CM_C] Step 5: 5_plot_PP_PctPopu.py
[TH.CM_C] POPU_PLOT found in TOML. Overriding MSL bounds: Upper=800.0, Lower=250.0, Step=20.0
[TH.CM_C] Starting ProcessPoolExecutor with 28 offsets to compute (Mean MSL: 789.54 m)...
[TH.CM_C] OFFSET_PP [-539.54] computed successfully.
[TH.CM_C] OFFSET_PP [-519.54] computed successfully.
[TH.CM_C] OFFSET_PP [-499.54] computed successfully.
[TH.CM_C] OFFSET_PP [-479.54] computed successfully.
[TH.CM_C] OFFSET_PP [-459.54] computed successfully.
[TH.CM_C] OFFSET_PP [-439.54] computed successfully.
[TH.CM_C] OFFSET_PP [-419.54] computed successfully.
[TH.CM_C] OFFSET_PP [-399.54] computed successfully.
[TH.CM_C] OFFSET_PP [-379.54] computed successfully.
[TH.CM_C] OFFSET_PP [-359.54] computed successfully.
[TH.CM_C] OFFSET_PP [-339.54] computed successfully.
[TH.CM_C] OFFSET_PP [-319.54] computed successfully.
[TH.CM_C] OFFSET_PP [-299.54] computed successfully.
[TH.CM_C] OFFSET_PP [-279.54] computed successfully.
[TH.CM_C] OFFSET_PP [-259.54] computed successfully.
[TH.CM_C] OFFSET_PP [-239.54] computed successfully.
[TH.CM_C] OFFSET_PP [-219.54] computed successfully.
[TH.CM_C] OFFSET_PP [-199.54] computed successfully.
[TH.CM_C] OFFSET_PP [-179.54] computed successfully.
[TH.CM_C] OFFSET_PP [-159.54] computed successfully.
[TH.CM_C] OFFSET_PP [-139.54] computed successfully.
[TH.CM_C] OFFSET_PP [-119.54] computed successfully.
[TH.CM_C] OFFSET_PP [-99.54] computed successfully.
[TH.CM_C] OFFSET_PP [-79.54] computed successfully.
[TH.CM_C] OFFSET_PP [-59.54] computed successfully.
[TH.CM_C] OFFSET_PP [-39.54] computed successfully.
[TH.CM_C] OFFSET_PP [-19.54] computed successfully.
[TH.CM_C] OFFSET_PP [0.46] computed successfully.

==================================== LDP Population Coverage Analysis: TH.CM_C ====================================
|   MSL_PP |   HAE_PP | Province   |   Total_Pts |   Valid_Pts |   Pt_Coverage(%) |   Total_POP |   Valid_POP |   POP_Coverage(%) |   CSF_Lower_ppm |   CSF_Mean_ppm |   CSF_Upper_ppm |
|---------:|---------:|:-----------|------------:|------------:|-----------------:|------------:|------------:|------------------:|----------------:|---------------:|----------------:|
|  +250.00 |  +211.81 | TH.CM_C    |       36947 |        7700 |            20.84 |   1,312,694 |   1,128,326 |             85.95 |           -20.0 |           -6.1 |           +20.0 |
|  +270.00 |  +231.81 | TH.CM_C    |       36947 |        7933 |            21.47 |   1,312,694 |   1,132,314 |             86.26 |           -20.0 |           -4.2 |           +19.9 |
|  +290.00 |  +251.81 | TH.CM_C    |       36947 |        8343 |            22.58 |   1,312,694 |   1,134,723 |             86.44 |           -20.0 |           -1.9 |           +20.0 |
|  +310.00 |  +271.81 | TH.CM_C    |       36947 |        8733 |            23.64 |   1,312,694 |   1,141,111 |             86.93 |           -20.0 |           -0.1 |           +20.0 |
|  +330.00 |  +291.81 | TH.CM_C    |       36947 |        9070 |            24.55 |   1,312,694 |   1,138,466 |             86.73 |           -20.0 |           +1.4 |           +20.0 |
|  +350.00 |  +311.81 | TH.CM_C    |       36947 |        9279 |            25.11 |   1,312,694 |   1,123,242 |             85.57 |           -20.0 |           +2.8 |           +20.0 |
|  +370.00 |  +331.81 | TH.CM_C    |       36947 |        9467 |            25.62 |   1,312,694 |   1,112,456 |             84.75 |           -20.0 |           +4.1 |           +20.0 |
|  +390.00 |  +351.81 | TH.CM_C    |       36947 |        9466 |            25.62 |   1,312,694 |   1,085,037 |             82.66 |           -20.0 |           +5.2 |           +20.0 |
|  +410.00 |  +371.81 | TH.CM_C    |       36947 |        9133 |            24.72 |   1,312,694 |   1,015,317 |             77.35 |           -20.0 |           +5.5 |           +20.0 |
|  +430.00 |  +391.81 | TH.CM_C    |       36947 |        6827 |            18.48 |   1,312,694 |     293,446 |             22.35 |           -20.0 |           +1.4 |           +20.0 |
|  +450.00 |  +411.81 | TH.CM_C    |       36947 |        6321 |            17.11 |   1,312,694 |     105,618 |              8.05 |           -20.0 |           -0.5 |           +20.0 |
|  +470.00 |  +431.81 | TH.CM_C    |       36947 |        6320 |            17.11 |   1,312,694 |      81,227 |              6.19 |           -20.0 |           -1.1 |           +20.0 |
|  +490.00 |  +451.81 | TH.CM_C    |       36947 |        6443 |            17.44 |   1,312,694 |      74,708 |              5.69 |           -20.0 |           -1.2 |           +20.0 |
|  +510.00 |  +471.81 | TH.CM_C    |       36947 |        6621 |            17.92 |   1,312,694 |      69,240 |              5.27 |           -20.0 |           -1.3 |           +20.0 |
|  +530.00 |  +491.81 | TH.CM_C    |       36947 |        6868 |            18.59 |   1,312,694 |      65,862 |              5.02 |           -20.0 |           -1.2 |           +20.0 |
|  +550.00 |  +511.81 | TH.CM_C    |       36947 |        7073 |            19.14 |   1,312,694 |      62,748 |              4.78 |           -20.0 |           -1.2 |           +20.0 |
|  +570.00 |  +531.81 | TH.CM_C    |       36947 |        7287 |            19.72 |   1,312,694 |      55,799 |              4.25 |           -20.0 |           -1.2 |           +20.0 |
|  +590.00 |  +551.81 | TH.CM_C    |       36947 |        7443 |            20.15 |   1,312,694 |      51,354 |              3.91 |           -20.0 |           -1.2 |           +20.0 |
|  +610.00 |  +571.81 | TH.CM_C    |       36947 |        7590 |            20.54 |   1,312,694 |      46,924 |              3.57 |           -20.0 |           -1.2 |           +20.0 |
|  +630.00 |  +591.81 | TH.CM_C    |       36947 |        7753 |            20.98 |   1,312,694 |      44,064 |              3.36 |           -20.0 |           -1.0 |           +20.0 |
|  +650.00 |  +611.81 | TH.CM_C    |       36947 |        7929 |            21.46 |   1,312,694 |      42,417 |              3.23 |           -20.0 |           -0.8 |           +20.0 |
|  +670.00 |  +631.81 | TH.CM_C    |       36947 |        8055 |            21.80 |   1,312,694 |      39,407 |              3.00 |           -20.0 |           -0.6 |           +20.0 |
|  +690.00 |  +651.81 | TH.CM_C    |       36947 |        8155 |            22.07 |   1,312,694 |      35,183 |              2.68 |           -20.0 |           -0.5 |           +20.0 |
|  +710.00 |  +671.81 | TH.CM_C    |       36947 |        8255 |            22.34 |   1,312,694 |      34,413 |              2.62 |           -20.0 |           -0.2 |           +20.0 |
|  +730.00 |  +691.81 | TH.CM_C    |       36947 |        8331 |            22.55 |   1,312,694 |      35,225 |              2.68 |           -20.0 |           -0.2 |           +20.0 |
|  +750.00 |  +711.81 | TH.CM_C    |       36947 |        8425 |            22.80 |   1,312,694 |      36,052 |              2.75 |           -20.0 |           -0.2 |           +20.0 |
|  +770.00 |  +731.81 | TH.CM_C    |       36947 |        8556 |            23.16 |   1,312,694 |      36,767 |              2.80 |           -20.0 |           -0.3 |           +20.0 |
|  +790.00 |  +751.81 | TH.CM_C    |       36947 |        8623 |            23.34 |   1,312,694 |      36,760 |              2.80 |           -20.0 |           -0.4 |           +20.0 |
==========================================================================================================================

 -> Plot saved successfully to: OUTPUT_LDP/TH_CM_C/TH_CM_C_Plot_PP_Popu.svg

--> [TH.CM_C] Step 6: 6_LDP_OnePage.py
Processing province: TH_CM_C
[+] TH_CM_C: One-Page Report generated successfully.
======================================================================
Completed province: TH.CM_C
Finished: 2026-08-19T16:23:31+07:00
======================================================================
