======================================================================
Processing province: TH.TK_S
Started: 2026-08-16T12:07:40+07:00
======================================================================
--> [TH.TK_S] Step 1: 1_fabdem_province.py
[1/5] Read GADM and select HASC_1=TH.TK_S
[2/5] Save province and clip FABDEM
[3/5] Generate contours every 100 m with GDAL 3.10.3
[4/5] Calculate statistics and write PDF
[5/5] Write DataFrame summaries

Completed successfully.
 HASC_1    NAME_1  contours                                                                                      PDF
TH.TK_S Tak South      4761 /mnt/nvme1/Project/2026-EIT_TH_LDP/src/OUTPUT_FABDEM/TH_TK_S/TH_TK_S_fabdem_contours.pdf
--> [TH.TK_S] Step 2: 2_popu2025_grid.py
[1/4] Select GADM province HASC_1=TH.TK_S
[2/4] Save boundary and cut population grid
[3/4] Calculate population-grid statistics
[4/4] Write population-grid PDF and summaries

Completed successfully.
 HASC_1    NAME_1  population_sum                                                                                           grid
TH.TK_S Tak South    30283.797465 /mnt/nvme1/Project/2026-EIT_TH_LDP/src/OUTPUT_POP2025/TH_TK_S/TH_TK_S_population_2025_100m.tif
--> [TH.TK_S] Step 3: 3_generate_sample.py
[1/4] Select GADM province HASC_1=TH.TK_S
 -> [READ] Loading Vector Dataset: OUTPUT_PROV/gadm41_THA.gpkg (Layer: 'ADM_ADM_1')
[2/4] Generate 1000.0m grid points
 -> Auto-detected EPSG:32647 for province.
 -> Generated 8,840 bounding box points.
 -> Clipping points to province boundary...
 -> Computing 7-digit Geohashes...
[3/4] Extracting Raster Values (FABDEM MSL & POP2025)...
 -> [READ] Opening Raster File: OUTPUT_FABDEM/TH_TK_S/TH_TK_S_fabdem.tif
 -> [READ] Opening Raster File for Area Sum: OUTPUT_POP2025/TH_TK_S/TH_TK_S_population_2025_100m.tif
 -> Converting geometries to Lng/Lat (EPSG:4326)...
[4/4] Save GeoPackage Data...
 -> [WRITE] Saving Vector File: /mnt/nvme1/Project/2026-EIT_TH_LDP/src/OUTPUT_SAMPL/TH_TK_S/TH_TK_S_SAMPL.gpkg (Layer: 'samples')

[5/5] Comparing POP2025 with DOPA Registration Population...

Completed successfully.
 HASC_1  Grid (m)       CRS  Samples             Output POP2025 DOPA_Pop     Diff
TH.TK_S    1000.0 EPSG:4326     4815 TH_TK_S_SAMPL.gpkg  28,847  704,494 -675,647
--> [TH.TK_S] Step 4: 4_analyse_ldp.py
LDP                                                [TM, 98:53]
FALSE_EN                                                  AUTO
PP_MSL                                                     570
POPU_PLOT                                       [850, 150, 20]
GPKG         [OUTPUT_SAMPL/TH_TK_S/TH_TK_S_SAMPL.gpkg, samp...
OFFSET_PP         [0.0, default hPP from average topo or pnts]
dtype: object
 -> OUTLIER FILTER: Dropped 99 points.
 -> Dropped MSL values: [-9999, -9999, 1038, 639, 1125, 1129, 1157, 1100, 1090, 1182, 1290, 1228, 1257, 1192, 1007, 224, 1193, 280, 927, 963, 1042, 370, 998, 428, 378, 997, 983, 1069, 1072, 1240, 1318, 1304, 1078, 1050, 1076, 1109, 1005, 1512, 1390, 1466, 1446, 989, 1011, 1013, 490, 1086, 969, 1045, 988, 801, 917, 903, 963, 1069, 1110, 1121, 1083, 1126, 1057, 1125, 1053, 972, 1020, 1151, 478, 1010, 435, 1193, 1086, 1559, 1094, 1134, 778, 824, 1071, 793, 957, 899, 1000, 1708, 2045, 1657, 1656, 1735, 1611, 1641, 1793, 1588, 660, 688, 694, 846, 638, 746, 1601, 1541, 1496, 1599, 1496]
 -> Using user-defined PP_MSL: 570.000m
 -> AUTO detected FALSE_EN: E: 50000, N: -1200000
==================================== LDP TM ====================================
@ Centroid @     <lng=98°53′>    <lat=15°48′>
Offset Projection Plane = +0.0 m. <default hPP from average topo or pnts>
Designed Project Plane : hPP=+534.18 m. / MSL=+570.00 m. tied to k0 = 1.000084
Points CSF min/mean/max [ppm] : -221.8 / -36.5 / +87.2
Points MSL min/mean/max [m.]  : +116.0 / +819.3 / +2002.0
|      |      LDP_E |       LDP_N |
|:-----|-----------:|------------:|
| min  | 14,484.309 | 479,815.238 |
| max  | 76,512.459 | 611,878.155 |
| diff | 62,028.150 | 132,062.918 |
{"meta": "LDP_Definition", "PROJ_String_Decimal": "+proj=tmerc +lat_0=0.0 +lon_0=98.88333333 +k_0=1.000084 +x_0=50000 +y_0=-1200000 +ellps=WGS84 +units=m +no_defs +type=crs", "PROJ_String_DMS": "+proj=tmerc +lat_0=0.0 +lon_0=98°53′ +k_0=1.000084 +x_0=50000 +y_0=-1200000 +ellps=WGS84 +units=m +no_defs +type=crs"}
Writing definition GPKG : OUTPUT_LDP/TH_TK_S/TH_TK_S_LDP.gpkg ...
 -> THINNING: Snapping points to 2 decimal grid for visualization...
 -> THINNING: Plot points reduced from 4716 to 4005.
Writing definition plot : OUTPUT_LDP/TH_TK_S/TH_TK_S_LDP.svg...
{"meta": "Coverage_Analysis", "Province": "TH.TK_S", "Total_Pts": 4815, "Valid_Pts": 1195, "Pt_Coverage(%)": 24.82, "Total_POP": 28846.567800000004, "Valid_POP": 20565.7519, "POP_Coverage(%)": 71.29, "CSF_Lower_ppm": -20.0, "CSF_Mean_ppm": -1.4, "CSF_Upper_ppm": 19.8}
--> [TH.TK_S] Step 5: 5_plot_PP_PctPopu.py
[TH.TK_S] POPU_PLOT found in TOML. Overriding MSL bounds: Upper=850.0, Lower=150.0, Step=20.0
[TH.TK_S] Starting ProcessPoolExecutor with 36 offsets to compute (Mean MSL: 819.25 m)...
[TH.TK_S] OFFSET_PP [-669.25] computed successfully.
[TH.TK_S] OFFSET_PP [-649.25] computed successfully.
[TH.TK_S] OFFSET_PP [-629.25] computed successfully.
[TH.TK_S] OFFSET_PP [-609.25] computed successfully.
[TH.TK_S] OFFSET_PP [-589.25] computed successfully.
[TH.TK_S] OFFSET_PP [-569.25] computed successfully.
[TH.TK_S] OFFSET_PP [-549.25] computed successfully.
[TH.TK_S] OFFSET_PP [-529.25] computed successfully.
[TH.TK_S] OFFSET_PP [-509.25] computed successfully.
[TH.TK_S] OFFSET_PP [-489.25] computed successfully.
[TH.TK_S] OFFSET_PP [-469.25] computed successfully.
[TH.TK_S] OFFSET_PP [-449.25] computed successfully.
[TH.TK_S] OFFSET_PP [-429.25] computed successfully.
[TH.TK_S] OFFSET_PP [-409.25] computed successfully.
[TH.TK_S] OFFSET_PP [-389.25] computed successfully.
[TH.TK_S] OFFSET_PP [-369.25] computed successfully.
[TH.TK_S] OFFSET_PP [-349.25] computed successfully.
[TH.TK_S] OFFSET_PP [-329.25] computed successfully.
[TH.TK_S] OFFSET_PP [-309.25] computed successfully.
[TH.TK_S] OFFSET_PP [-289.25] computed successfully.
[TH.TK_S] OFFSET_PP [-269.25] computed successfully.
[TH.TK_S] OFFSET_PP [-249.25] computed successfully.
[TH.TK_S] OFFSET_PP [-229.25] computed successfully.
[TH.TK_S] OFFSET_PP [-209.25] computed successfully.
[TH.TK_S] OFFSET_PP [-189.25] computed successfully.
[TH.TK_S] OFFSET_PP [-169.25] computed successfully.
[TH.TK_S] OFFSET_PP [-149.25] computed successfully.
[TH.TK_S] OFFSET_PP [-129.25] computed successfully.
[TH.TK_S] OFFSET_PP [-109.25] computed successfully.
[TH.TK_S] OFFSET_PP [-89.25] computed successfully.
[TH.TK_S] OFFSET_PP [-69.25] computed successfully.
[TH.TK_S] OFFSET_PP [-49.25] computed successfully.
[TH.TK_S] OFFSET_PP [-29.25] computed successfully.
[TH.TK_S] OFFSET_PP [-9.25] computed successfully.
[TH.TK_S] OFFSET_PP [10.75] computed successfully.
[TH.TK_S] OFFSET_PP [30.75] computed successfully.

==================================== LDP Population Coverage Analysis: TH.TK_S ====================================
|   MSL_PP |   HAE_PP | Province   |   Total_Pts |   Valid_Pts |   Pt_Coverage(%) |   Total_POP |   Valid_POP |   POP_Coverage(%) |   CSF_Lower_ppm |   CSF_Mean_ppm |   CSF_Upper_ppm |
|---------:|---------:|:-----------|------------:|------------:|-----------------:|------------:|------------:|------------------:|----------------:|---------------:|----------------:|
|  +150.00 |  +114.18 | TH.TK_S    |        4815 |          54 |             1.12 |      28,847 |       1,151 |              3.99 |           -20.0 |           -0.6 |           +16.3 |
|  +170.00 |  +134.18 | TH.TK_S    |        4815 |          66 |             1.37 |      28,847 |       1,207 |              4.19 |           -19.9 |           -1.4 |           +19.3 |
|  +190.00 |  +154.18 | TH.TK_S    |        4815 |          95 |             1.97 |      28,847 |       1,244 |              4.31 |           -20.0 |           -6.3 |           +19.7 |
|  +210.00 |  +174.18 | TH.TK_S    |        4815 |         140 |             2.91 |      28,847 |       1,489 |              5.16 |           -20.0 |           -9.4 |           +19.9 |
|  +230.00 |  +194.18 | TH.TK_S    |        4815 |         202 |             4.20 |      28,847 |       1,764 |              6.11 |           -19.8 |          -10.6 |           +19.1 |
|  +250.00 |  +214.18 | TH.TK_S    |        4815 |         234 |             4.86 |      28,847 |       2,139 |              7.41 |           -19.9 |           -9.4 |           +19.9 |
|  +270.00 |  +234.18 | TH.TK_S    |        4815 |         264 |             5.48 |      28,847 |       1,986 |              6.88 |           -19.9 |           -9.4 |           +19.6 |
|  +290.00 |  +254.18 | TH.TK_S    |        4815 |         305 |             6.33 |      28,847 |       2,509 |              8.70 |           -19.9 |           -8.3 |           +19.8 |
|  +310.00 |  +274.18 | TH.TK_S    |        4815 |         354 |             7.35 |      28,847 |       2,710 |              9.40 |           -19.9 |           -8.0 |           +19.8 |
|  +330.00 |  +294.18 | TH.TK_S    |        4815 |         394 |             8.18 |      28,847 |       4,965 |             17.21 |           -19.9 |           -6.7 |           +19.8 |
|  +350.00 |  +314.18 | TH.TK_S    |        4815 |         456 |             9.47 |      28,847 |       8,413 |             29.16 |           -20.0 |           -6.0 |           +19.6 |
|  +370.00 |  +334.18 | TH.TK_S    |        4815 |         545 |            11.32 |      28,847 |      10,484 |             36.35 |           -19.9 |           -4.8 |           +18.9 |
|  +390.00 |  +354.18 | TH.TK_S    |        4815 |         633 |            13.15 |      28,847 |      12,098 |             41.94 |           -20.0 |           -4.4 |           +19.1 |
|  +410.00 |  +374.18 | TH.TK_S    |        4815 |         740 |            15.37 |      28,847 |      13,865 |             48.06 |           -20.0 |           -4.2 |           +19.4 |
|  +430.00 |  +394.18 | TH.TK_S    |        4815 |         829 |            17.22 |      28,847 |      16,449 |             57.02 |           -20.0 |           -4.1 |           +19.9 |
|  +450.00 |  +414.18 | TH.TK_S    |        4815 |         892 |            18.53 |      28,847 |      17,821 |             61.78 |           -20.0 |           -3.9 |           +19.9 |
|  +470.00 |  +434.18 | TH.TK_S    |        4815 |         921 |            19.13 |      28,847 |      18,073 |             62.65 |           -20.0 |           -3.9 |           +20.0 |
|  +490.00 |  +454.18 | TH.TK_S    |        4815 |         960 |            19.94 |      28,847 |      18,636 |             64.60 |           -20.0 |           -3.6 |           +20.0 |
|  +510.00 |  +474.18 | TH.TK_S    |        4815 |        1030 |            21.39 |      28,847 |      19,523 |             67.68 |           -20.0 |           -2.9 |           +20.0 |
|  +530.00 |  +494.18 | TH.TK_S    |        4815 |        1093 |            22.70 |      28,847 |      19,762 |             68.51 |           -20.0 |           -2.3 |           +19.9 |
|  +550.00 |  +514.18 | TH.TK_S    |        4815 |        1149 |            23.86 |      28,847 |      20,072 |             69.58 |           -20.0 |           -1.7 |           +19.9 |
|  +570.00 |  +534.18 | TH.TK_S    |        4815 |        1195 |            24.82 |      28,847 |      20,566 |             71.29 |           -20.0 |           -1.4 |           +19.8 |
|  +590.00 |  +554.18 | TH.TK_S    |        4815 |        1269 |            26.36 |      28,847 |      18,610 |             64.51 |           -20.0 |           -0.9 |           +20.0 |
|  +610.00 |  +574.18 | TH.TK_S    |        4815 |        1329 |            27.60 |      28,847 |      16,328 |             56.60 |           -20.0 |           -1.3 |           +20.0 |
|  +630.00 |  +594.18 | TH.TK_S    |        4815 |        1390 |            28.87 |      28,847 |      14,980 |             51.93 |           -20.0 |           -1.0 |           +20.0 |
|  +650.00 |  +614.18 | TH.TK_S    |        4815 |        1467 |            30.47 |      28,847 |      12,879 |             44.65 |           -20.0 |           -1.7 |           +20.0 |
|  +670.00 |  +634.18 | TH.TK_S    |        4815 |        1504 |            31.24 |      28,847 |      10,007 |             34.69 |           -20.0 |           -2.1 |           +20.0 |
|  +690.00 |  +654.18 | TH.TK_S    |        4815 |        1551 |            32.21 |      28,847 |       8,879 |             30.78 |           -20.0 |           -2.4 |           +20.0 |
|  +710.00 |  +674.18 | TH.TK_S    |        4815 |        1612 |            33.48 |      28,847 |       7,608 |             26.37 |           -20.0 |           -2.3 |           +20.0 |
|  +730.00 |  +694.18 | TH.TK_S    |        4815 |        1662 |            34.52 |      28,847 |       7,044 |             24.42 |           -20.0 |           -2.0 |           +20.0 |
|  +750.00 |  +714.18 | TH.TK_S    |        4815 |        1725 |            35.83 |      28,847 |       5,983 |             20.74 |           -20.0 |           -1.8 |           +19.9 |
|  +770.00 |  +734.18 | TH.TK_S    |        4815 |        1762 |            36.59 |      28,847 |       4,880 |             16.92 |           -20.0 |           -1.4 |           +20.0 |
|  +790.00 |  +754.18 | TH.TK_S    |        4815 |        1817 |            37.74 |      28,847 |       4,488 |             15.56 |           -19.9 |           -0.8 |           +19.9 |
|  +810.00 |  +774.18 | TH.TK_S    |        4815 |        1883 |            39.11 |      28,847 |       3,654 |             12.67 |           -19.9 |           -0.6 |           +20.0 |
|  +830.00 |  +794.18 | TH.TK_S    |        4815 |        1916 |            39.79 |      28,847 |       2,770 |              9.60 |           -20.0 |           -0.4 |           +20.0 |
|  +850.00 |  +814.18 | TH.TK_S    |        4815 |        1925 |            39.98 |      28,847 |       1,653 |              5.73 |           -20.0 |           -0.1 |           +20.0 |
==========================================================================================================================

 -> Plot saved successfully to: OUTPUT_LDP/TH_TK_S/TH_TK_S_Plot_PP_Popu.svg

--> [TH.TK_S] Step 6: 6_LDP_OnePage.py
Processing province: TH_TK_S
[+] TH_TK_S: One-Page Report generated successfully.
======================================================================
Completed province: TH.TK_S
Finished: 2026-08-16T12:12:57+07:00
======================================================================
