======================================================================
Processing province: TH.PS_W
Started: 2026-08-19T16:37:15+07:00
======================================================================
--> [TH.PS_W] Step 1: 1_fabdem_province.py
[1/5] Read GADM and select HASC_1=TH.PS_W
[2/5] Save province and clip FABDEM
[3/5] Generate contours every 100 m with GDAL 3.10.3
[4/5] Calculate statistics and write PDF
[5/5] Write DataFrame summaries

Completed successfully.
 HASC_1           NAME_1  contours                                                                                      PDF
TH.PS_W Phitsanulok West      1099 /mnt/nvme1/Project/2026-EIT_TH_LDP/src/OUTPUT_FABDEM/TH_PS_W/TH_PS_W_fabdem_contours.pdf
--> [TH.PS_W] Step 2: 2_popu2025_grid.py
[1/4] Select GADM province HASC_1=TH.PS_W
[2/4] Save boundary and cut population grid
[3/4] Calculate population-grid statistics
[4/4] Write population-grid PDF and summaries

Completed successfully.
 HASC_1           NAME_1  population_sum                                                                                           grid
TH.PS_W Phitsanulok West   818317.075108 /mnt/nvme1/Project/2026-EIT_TH_LDP/src/OUTPUT_POP2025/TH_PS_W/TH_PS_W_population_2025_100m.tif
--> [TH.PS_W] Step 3: 3_generate_sample.py
[1/4] Select GADM province HASC_1=TH.PS_W
 -> [READ] Loading Vector Dataset: OUTPUT_PROV/gadm41_THA.gpkg (Layer: 'ADM_ADM_1')
[2/4] Generate 500.0m grid points
 -> Auto-detected EPSG:32647 for province.
 -> Generated 56,394 bounding box points.
 -> Clipping points to province boundary...
 -> Computing 8-digit Geohashes...
[3/4] Extracting Raster Values (FABDEM MSL & POP2025)...
 -> [READ] Opening Raster File: OUTPUT_FABDEM/TH_PS_W/TH_PS_W_fabdem.tif
 -> [READ] Opening Raster File for Area Sum: OUTPUT_POP2025/TH_PS_W/TH_PS_W_population_2025_100m.tif
 -> Converting geometries to Lng/Lat (EPSG:4326)...
[4/4] Save GeoPackage Data...
 -> [WRITE] Saving Vector File: /mnt/nvme1/Project/2026-EIT_TH_LDP/src/OUTPUT_SAMPL/TH_PS_W/TH_PS_W_SAMPL.gpkg (Layer: 'samples')

[5/5] Comparing POP2025 with DOPA Registration Population...

Completed successfully.
 HASC_1  Grid (m)       CRS  Samples             Output POP2025 DOPA_Pop    Diff
TH.PS_W     500.0 EPSG:4326    26464 TH_PS_W_SAMPL.gpkg 817,951  835,480 -17,529
--> [TH.PS_W] Step 4: 4_analyse_ldp.py
LDP                                               [TM, 100:24]
FALSE_EN                                    [250000, -1100000]
PP_MSL                                                     -20
POPU_PLOT                                      [200, -100, 20]
GPKG         [OUTPUT_SAMPL/TH_PS_W/TH_PS_W_SAMPL.gpkg, samp...
OFFSET_PP         [0.0, default hPP from average topo or pnts]
dtype: object
 -> OUTLIER FILTER: Dropped 543 points.
 -> Dropped MSL values: [-9999, -9999, -9999, -9999, -9999, -9999, -9999, -9999, -9999, -9999, -9999, -9999, -9999, -9999, 56, 58, 58, 58, 60, 80, 78, 82, 82, 82, 117, 114, 202, 195, 196, 167, 108, 85, 168, 91, 88, 118, 89, 121, 104, 83, 116, 51, 77, 81, 68, 209, 96, 90, 214, 291, 281, 323, 258, 102, 76, 92, 303, 271, 69, 95, 112, 104, 263, 81, 503, 99, 112, 265, 104, 104, 85, 31, 54, 103, 115, 89, 78, 83, 91, 66, 67, 73, 65, 75, 134, 87, 159, 129, 87, 225, 73, 61, 82, 81, 64, 76, 68, 559, 82, 78, 86, 94, 94, 76, 85, 554, 93, 212, 200, 104, 174, 123, 230, 108, 182, 99, 130, 387, 359, 197, 234, 113, 251, 142, 183, 125, 101, 87, 90, 163, 141, 191, 855, 756, 748, 865, 815, 586, 844, 636, 813, 694, 604, 163, 712, 935, 819, 826, 110, 122, 168, 158, 618, 673, 182, 952, 617, 607, 956, 645, 159, 716, 675, 731, 602, 642, 597, 659, 720, 628, 167, 145, 172, 551, 379, 388, 385, 629, 553, 616, 597, 619, 101, 105, 124, 130, 120, 106, 107, 121, 92, 741, 734, 957, 933, 878, 955, 107, 84, 541, 121, 95, 82, 323, 85, 304, 314, 81, 76, 307, 72, 82, 367, 453, 101, 79, 293, 99, 62, 72, 314, 80, 65, 95, 92, 97, 549, 94, 81, 92, 473, 79, 97, 80, 94, 92, 69, 72, 459, 93, 86, 66, 80, 82, 73, 74, 84, 268, 294, 74, 94, 72, 100, 565, 563, 571, 75, 334, 334, 315, 324, 371, 412, 445, 410, 331, 91, 297, 690, 661, 669, 672, 641, 903, 988, 970, 984, 980, 647, 985, 963, 962, 635, 647, 684, 856, 858, 522, 962, 944, 923, 941, 872, 876, 837, 943, 926, 945, 790, 773, 844, 744, 962, 957, 714, 640, 665, 597, 503, 926, 624, 637, 802, 516, 503, 516, 578, 315, 306, 552, 539, 530, 570, 547, 553, 535, 427, 181, 164, 520, 241, 632, 622, 633, 614, 229, 307, 310, 549, 310, 382, 403, 232, 214, 522, 574, 508, 500, 513, 496, 507, 504, 49, 49, 49, 76, 99, 64, 97, 90, 238, 82, 203, 316, 329, 254, 318, 82, 116, 90, 100, 210, 339, 321, 92, 199, 201, 192, 566, 546, 171, 122, 160, 151, 100, 97, 86, 87, 123, 84, 82, 109, 111, 92, 128, 107, 77, 113, 73, 69, 71, 120, 149, 120, 58, 97, 132, 347, 378, 108, 96, 112, 114, 141, 91, 89, 106, 100, 168, 209, 196, 211, 187, 192, 167, 169, 191, 114, 115, 121, 112, 90, 151, 199, 101, 136, 80, 105, 110, 126, 89, 136, 125, 150, 80, 115, 137, 112, 82, 90, 93, 103, 349, 96, 142, 114, 354, 91, 91, 403, 394, 352, 132, 479, 443, 93, 91, 139, 596, 582, 608, 612, 591, 587, 155, 141, 150, 137, 144, 142, 132, 122, 117, 134, 165, 99, 100, 95, 333, 160, 149, 577, 582, 555, 150, 165, 202, 165, 168, 169, 169, 268, 274, 198, 319, 357, 162, 160, 161, 158, 297, 265, 249, 254, 316, 235, 231, 229, 318, 319, 343, 352, 325, 327, 367, 364, 400, 384, 357, 438, 350, 327, 437, 394, 313, 385, 344, 285, 271, 316, 220, 158, 143]
 -> Using user-defined PP_MSL: -20.000m
==================================== LDP TM ====================================
@ Centroid @     <lng=100°24′>    <lat=16°50′>
Offset Projection Plane = +0.0 m. <default hPP from average topo or pnts>
Designed Project Plane : hPP=-54.16 m. / MSL=-20.00 m. tied to k0 = 0.999991
Points CSF min/mean/max [ppm] : -133.5 / -20.0 / +30.0
Points MSL min/mean/max [m.]  : +33.0 / +158.9 / +954.0
|      |       LDP_E |       LDP_N |
|:-----|------------:|------------:|
| min  | 192,245.889 | 704,527.833 |
| max  | 306,742.435 | 822,761.617 |
| diff | 114,496.546 | 118,233.784 |
{"meta": "LDP_Definition", "PROJ_String_Decimal": "+proj=tmerc +lat_0=0.0 +lon_0=100.40000000 +k_0=0.999991 +x_0=250000 +y_0=-1100000 +ellps=WGS84 +units=m +no_defs +type=crs", "PROJ_String_DMS": "+proj=tmerc +lat_0=0.0 +lon_0=100°24′ +k_0=0.999991 +x_0=250000 +y_0=-1100000 +ellps=WGS84 +units=m +no_defs +type=crs"}
Writing definition GPKG : OUTPUT_LDP/TH_PS_W/TH_PS_W_LDP.gpkg ...
 -> THINNING: Snapping points to 2 decimal grid for visualization...
 -> THINNING: Plot points reduced from 25921 to 5751.
Writing definition plot : OUTPUT_LDP/TH_PS_W/TH_PS_W_LDP.svg...
{"meta": "Coverage_Analysis", "Province": "TH.PS_W", "Total_Pts": 26464, "Valid_Pts": 17199, "Pt_Coverage(%)": 64.99, "Total_POP": 817950.5094, "Valid_POP": 771896.5684, "POP_Coverage(%)": 94.37, "CSF_Lower_ppm": -20.0, "CSF_Mean_ppm": -4.4, "CSF_Upper_ppm": 20.0}
--> [TH.PS_W] Step 5: 5_plot_PP_PctPopu.py
[TH.PS_W] POPU_PLOT found in TOML. Overriding MSL bounds: Upper=200.0, Lower=-100.0, Step=20.0
[TH.PS_W] Starting ProcessPoolExecutor with 16 offsets to compute (Mean MSL: 158.90 m)...
[TH.PS_W] OFFSET_PP [-258.90] computed successfully.
[TH.PS_W] OFFSET_PP [-238.90] computed successfully.
[TH.PS_W] OFFSET_PP [-218.90] computed successfully.
[TH.PS_W] OFFSET_PP [-198.90] computed successfully.
[TH.PS_W] OFFSET_PP [-178.90] computed successfully.
[TH.PS_W] OFFSET_PP [-158.90] computed successfully.
[TH.PS_W] OFFSET_PP [-138.90] computed successfully.
[TH.PS_W] OFFSET_PP [-118.90] computed successfully.
[TH.PS_W] OFFSET_PP [-98.90] computed successfully.
[TH.PS_W] OFFSET_PP [-78.90] computed successfully.
[TH.PS_W] OFFSET_PP [-58.90] computed successfully.
[TH.PS_W] OFFSET_PP [-38.90] computed successfully.
[TH.PS_W] OFFSET_PP [-18.90] computed successfully.
[TH.PS_W] OFFSET_PP [1.10] computed successfully.
[TH.PS_W] OFFSET_PP [21.10] computed successfully.
[TH.PS_W] OFFSET_PP [41.10] computed successfully.

==================================== LDP Population Coverage Analysis: TH.PS_W ====================================
|   MSL_PP |   HAE_PP | Province   |   Total_Pts |   Valid_Pts |   Pt_Coverage(%) |   Total_POP |   Valid_POP |   POP_Coverage(%) |   CSF_Lower_ppm |   CSF_Mean_ppm |   CSF_Upper_ppm |
|---------:|---------:|:-----------|------------:|------------:|-----------------:|------------:|------------:|------------------:|----------------:|---------------:|----------------:|
|  -100.00 |  -134.16 | TH.PS_W    |       26464 |       10313 |            38.97 |     817,951 |     435,640 |             53.26 |           -20.0 |          -11.0 |           +18.0 |
|   -80.00 |  -114.16 | TH.PS_W    |       26464 |       15044 |            56.85 |     817,951 |     716,350 |             87.58 |           -20.0 |          -11.3 |           +20.0 |
|   -60.00 |   -94.16 | TH.PS_W    |       26464 |       16348 |            61.77 |     817,951 |     760,431 |             92.97 |           -20.0 |           -9.2 |           +19.8 |
|   -40.00 |   -74.16 | TH.PS_W    |       26464 |       16881 |            63.79 |     817,951 |     767,968 |             93.89 |           -20.0 |           -6.7 |           +20.0 |
|   -20.00 |   -54.16 | TH.PS_W    |       26464 |       17199 |            64.99 |     817,951 |     771,897 |             94.37 |           -20.0 |           -4.4 |           +20.0 |
|    +0.00 |   -34.16 | TH.PS_W    |       26464 |       17783 |            67.20 |     817,951 |     768,837 |             94.00 |           -20.0 |           -2.0 |           +20.0 |
|   +20.00 |   -14.16 | TH.PS_W    |       26464 |       17983 |            67.95 |     817,951 |     766,394 |             93.70 |           -20.0 |           -0.2 |           +20.0 |
|   +40.00 |    +5.84 | TH.PS_W    |       26464 |       17929 |            67.75 |     817,951 |     754,343 |             92.22 |           -20.0 |           +1.7 |           +20.0 |
|   +60.00 |   +25.84 | TH.PS_W    |       26464 |       17673 |            66.78 |     817,951 |     742,304 |             90.75 |           -20.0 |           +3.5 |           +20.0 |
|   +80.00 |   +45.84 | TH.PS_W    |       26464 |       17263 |            65.23 |     817,951 |     728,780 |             89.10 |           -20.0 |           +5.4 |           +20.0 |
|  +100.00 |   +65.84 | TH.PS_W    |       26464 |       16746 |            63.28 |     817,951 |     701,916 |             85.81 |           -20.0 |           +7.1 |           +20.0 |
|  +120.00 |   +85.84 | TH.PS_W    |       26464 |       15984 |            60.40 |     817,951 |     670,926 |             82.03 |           -20.0 |           +8.5 |           +20.0 |
|  +140.00 |  +105.84 | TH.PS_W    |       26464 |       13369 |            50.52 |     817,951 |     525,729 |             64.27 |           -20.0 |           +9.3 |           +20.0 |
|  +160.00 |  +125.84 | TH.PS_W    |       26464 |       10334 |            39.05 |     817,951 |     231,155 |             28.26 |           -20.0 |           +8.5 |           +20.0 |
|  +180.00 |  +145.84 | TH.PS_W    |       26464 |        6531 |            24.68 |     817,951 |      60,737 |              7.43 |           -20.0 |           +3.7 |           +20.0 |
|  +200.00 |  +165.84 | TH.PS_W    |       26464 |        5856 |            22.13 |     817,951 |      43,956 |              5.37 |           -20.0 |           +3.1 |           +20.0 |
==========================================================================================================================

 -> Plot saved successfully to: OUTPUT_LDP/TH_PS_W/TH_PS_W_Plot_PP_Popu.svg

--> [TH.PS_W] Step 6: 6_LDP_OnePage.py
Processing province: TH_PS_W
[+] TH_PS_W: One-Page Report generated successfully.
======================================================================
Completed province: TH.PS_W
Finished: 2026-08-19T16:54:42+07:00
======================================================================
