======================================================================
Processing province: TH.CB
Started: 2026-08-19T15:57:09+07:00
======================================================================
--> [TH.CB] Step 1: 1_fabdem_province.py
[1/5] Read GADM and select HASC_1=TH.CB
[2/5] Save province and clip FABDEM
[3/5] Generate contours every 100 m with GDAL 3.10.3
[4/5] Calculate statistics and write PDF
[5/5] Write DataFrame summaries

Completed successfully.
HASC_1    NAME_1  contours                                                                                  PDF
 TH.CB Chon Buri      1541 /mnt/nvme1/Project/2026-EIT_TH_LDP/src/OUTPUT_FABDEM/TH_CB/TH_CB_fabdem_contours.pdf
--> [TH.CB] Step 2: 2_popu2025_grid.py
[1/4] Select GADM province HASC_1=TH.CB
[2/4] Save boundary and cut population grid
[3/4] Calculate population-grid statistics
[4/4] Write population-grid PDF and summaries

Completed successfully.
HASC_1    NAME_1  population_sum                                                                                       grid
 TH.CB Chon Buri    2.219204e+06 /mnt/nvme1/Project/2026-EIT_TH_LDP/src/OUTPUT_POP2025/TH_CB/TH_CB_population_2025_100m.tif
--> [TH.CB] Step 3: 3_generate_sample.py
[1/4] Select GADM province HASC_1=TH.CB
 -> [READ] Loading Vector Dataset: OUTPUT_PROV/gadm41_THA.gpkg (Layer: 'ADM_ADM_1')
[2/4] Generate 500.0m grid points
 -> Auto-detected EPSG:32647 for province.
 -> Generated 43,232 bounding box points.
 -> Clipping points to province boundary...
 -> Computing 8-digit Geohashes...
[3/4] Extracting Raster Values (FABDEM MSL & POP2025)...
 -> [READ] Opening Raster File: OUTPUT_FABDEM/TH_CB/TH_CB_fabdem.tif
 -> [READ] Opening Raster File for Area Sum: OUTPUT_POP2025/TH_CB/TH_CB_population_2025_100m.tif
 -> Converting geometries to Lng/Lat (EPSG:4326)...
[4/4] Save GeoPackage Data...
 -> [WRITE] Saving Vector File: /mnt/nvme1/Project/2026-EIT_TH_LDP/src/OUTPUT_SAMPL/TH_CB/TH_CB_SAMPL.gpkg (Layer: 'samples')

[5/5] Comparing POP2025 with DOPA Registration Population...

Completed successfully.
HASC_1  Grid (m)       CRS  Samples           Output   POP2025  DOPA_Pop    Diff
 TH.CB     500.0 EPSG:4326    17713 TH_CB_SAMPL.gpkg 2,198,309 1,645,985 552,324
--> [TH.CB] Step 4: 4_analyse_ldp.py
LDP                                            [TM, 101:12]
FALSE_EN                                               AUTO
PP_MSL                                                   10
GPKG         [OUTPUT_SAMPL/TH_CB/TH_CB_SAMPL.gpkg, samples]
OFFSET_PP      [0.0, default hPP from average topo or pnts]
dtype: object
 -> OUTLIER FILTER: Dropped 364 points.
 -> Dropped MSL values: [-9999, -9999, -9999, -9999, -9999, -9999, -9999, -9999, -9999, 90, 96, 88, 104, 68, 82, 76, 102, 39, 0, 65, 0, 140, 148, 81, 0, 241, 191, 286, 115, 146, 130, 142, 115, 120, 130, 137, 152, 185, 184, 195, 191, 197, 190, 57, 0, 0, 29, 28, 51, 27, 16, 34, 0, 71, 36, 64, 84, 73, 288, 141, 145, 167, 0, 19, 36, 0, 0, 0, 0, 16, 143, 144, 144, 128, 100, 199, 128, 274, 168, 231, 183, 90, 34, 32, 23, 31, 45, 532, 715, 758, 717, 117, 158, 122, 113, 78, 125, 110, 79, 78, 72, 67, 99, 68, 96, 103, 114, 102, 486, 239, 58, 59, 131, 134, 167, 80, 146, 143, 140, 99, 96, 285, 242, 134, 128, 122, 120, 122, 123, 126, 126, 142, 101, 168, 224, 99, 121, 108, 449, 107, 99, 88, 153, 217, 143, 105, 82, 67, 114, 107, 93, 162, 106, 157, 123, 189, 61, 67, 126, 53, 66, 66, 39, 46, 116, 94, 99, 151, 83, 67, 65, 99, 65, 65, 65, 72, 99, 115, 84, 114, 71, 122, 415, 83, 50, 94, 77, 161, 195, 180, 168, 103, 85, 89, 87, 137, 139, 137, 649, 115, 212, 93, 93, 139, 293, 177, 130, 307, 142, 284, 124, 328, 267, 156, 269, 277, 134, 136, 108, 85, 97, 92, 92, 94, 94, 59, 135, 102, 130, 114, 107, 150, 112, 117, 134, 189, 127, 160, 134, 118, 131, 121, 114, 123, 102, 716, 231, 19, 41, 94, 30, 21, 40, 48, 51, 88, 121, 175, 48, 73, 139, 135, 122, 115, 72, 85, 1, 91, 60, 28, 60, 155, 59, 92, 201, 135, 75, 252, 77, 176, 75, 22, 23, 68, 66, 23, 27, 26, 33, 17, 12, 11, 10, 712, 277, -3, -26, 14, -59, -12, 8, 62, 40, 45, 64, 45, 76, -4, -15, -5, 7, -21, -15, 1, -15, 7, 55, 73, 67, 45, 62, -6, 11, 2, 3, 3, 59, 37, 11, -12, 4, 0, 101, 121, 102, 120, 5, -4, 20, 26, 32, 13, 102, 124, 168, 176, 130, 112, 121, 114, 207, 108, 176, 116, 229, 205, 209, 217, 211, 213, 228, 142, 95, 94]
 -> Using user-defined PP_MSL: 10.000m
 -> AUTO detected FALSE_EN: E: 40000, N: -900000
==================================== LDP TM ====================================
@ Centroid @     <lng=101°12′>    <lat=13°12′>
Offset Projection Plane = +0.0 m. <default hPP from average topo or pnts>
Designed Project Plane : hPP=-17.51 m. / MSL=+10.00 m. tied to k0 = 0.999997
Points CSF min/mean/max [ppm] : -103.3 / -3.6 / +20.6
Points MSL min/mean/max [m.]  : -1.0 / +72.3 / +687.0
|      |      LDP_E |       LDP_N |
|:-----|-----------:|------------:|
| min  |    597.344 | 493,269.807 |
| max  | 96,024.296 | 603,572.320 |
| diff | 95,426.951 | 110,302.513 |
{"meta": "LDP_Definition", "PROJ_String_Decimal": "+proj=tmerc +lat_0=0.0 +lon_0=101.20000000 +k_0=0.999997 +x_0=40000 +y_0=-900000 +ellps=WGS84 +units=m +no_defs +type=crs", "PROJ_String_DMS": "+proj=tmerc +lat_0=0.0 +lon_0=101°12′ +k_0=0.999997 +x_0=40000 +y_0=-900000 +ellps=WGS84 +units=m +no_defs +type=crs"}
Writing definition GPKG : OUTPUT_LDP/TH_CB/TH_CB_LDP.gpkg ...
 -> THINNING: Snapping points to 2 decimal grid for visualization...
 -> THINNING: Plot points reduced from 17349 to 3790.
Writing definition plot : OUTPUT_LDP/TH_CB/TH_CB_LDP.svg...
{"meta": "Coverage_Analysis", "Province": "TH.CB", "Total_Pts": 17713, "Valid_Pts": 16410, "Pt_Coverage(%)": 92.64, "Total_POP": 2198308.8384999996, "Valid_POP": 2162328.1317, "POP_Coverage(%)": 98.36, "CSF_Lower_ppm": -20.0, "CSF_Mean_ppm": -1.6, "CSF_Upper_ppm": 19.3}
--> [TH.CB] Step 5: 5_plot_PP_PctPopu.py
[TH.CB] Starting ProcessPoolExecutor with 16 offsets to compute (Mean MSL: 72.31 m)...
[TH.CB] OFFSET_PP [-200.00] computed successfully.
[TH.CB] OFFSET_PP [-180.00] computed successfully.
[TH.CB] OFFSET_PP [-160.00] computed successfully.
[TH.CB] OFFSET_PP [-140.00] computed successfully.
[TH.CB] OFFSET_PP [-120.00] computed successfully.
[TH.CB] OFFSET_PP [-100.00] computed successfully.
[TH.CB] OFFSET_PP [-80.00] computed successfully.
[TH.CB] OFFSET_PP [-60.00] computed successfully.
[TH.CB] OFFSET_PP [-40.00] computed successfully.
[TH.CB] OFFSET_PP [-20.00] computed successfully.
[TH.CB] OFFSET_PP [0.00] computed successfully.
[TH.CB] OFFSET_PP [20.00] computed successfully.
[TH.CB] OFFSET_PP [40.00] computed successfully.
[TH.CB] OFFSET_PP [60.00] computed successfully.
[TH.CB] OFFSET_PP [80.00] computed successfully.
[TH.CB] OFFSET_PP [100.00] computed successfully.

==================================== LDP Population Coverage Analysis: TH.CB ====================================
|   MSL_PP |   HAE_PP | Province   |   Total_Pts |   Valid_Pts |   Pt_Coverage(%) |   Total_POP |   Valid_POP |   POP_Coverage(%) |   CSF_Lower_ppm |   CSF_Mean_ppm |   CSF_Upper_ppm |
|---------:|---------:|:-----------|------------:|------------:|-----------------:|------------:|------------:|------------------:|----------------:|---------------:|----------------:|
|  -127.69 |  -155.20 | TH.CB      |       17713 |        6191 |            34.95 |   2,198,309 |   1,619,397 |             73.67 |           -20.0 |          -14.8 |            -0.4 |
|  -107.69 |  -135.20 | TH.CB      |       17713 |        9192 |            51.89 |   2,198,309 |   1,818,575 |             82.73 |           -20.0 |          -14.0 |            +2.6 |
|   -87.69 |  -115.20 | TH.CB      |       17713 |       11377 |            64.23 |   2,198,309 |   1,936,307 |             88.08 |           -20.0 |          -12.4 |            +5.6 |
|   -67.69 |   -95.20 | TH.CB      |       17713 |       12829 |            72.43 |   2,198,309 |   2,019,632 |             91.87 |           -20.0 |          -10.4 |            +8.6 |
|   -47.69 |   -75.20 | TH.CB      |       17713 |       13925 |            78.61 |   2,198,309 |   2,054,845 |             93.47 |           -20.0 |           -8.3 |           +11.6 |
|   -27.69 |   -55.20 | TH.CB      |       17713 |       15100 |            85.25 |   2,198,309 |   2,107,309 |             95.86 |           -20.0 |           -6.3 |           +14.6 |
|    -7.69 |   -35.20 | TH.CB      |       17713 |       15984 |            90.24 |   2,198,309 |   2,147,520 |             97.69 |           -20.0 |           -4.1 |           +17.6 |
|   +12.31 |   -15.20 | TH.CB      |       17713 |       16493 |            93.11 |   2,198,309 |   2,164,134 |             98.45 |           -20.0 |           -0.7 |           +19.8 |
|   +32.31 |    +4.80 | TH.CB      |       17713 |       16591 |            93.67 |   2,198,309 |   2,154,723 |             98.02 |           -19.9 |           +2.1 |           +20.0 |
|   +52.31 |   +24.80 | TH.CB      |       17713 |       16365 |            92.39 |   2,198,309 |   1,980,812 |             90.11 |           -20.0 |           +4.6 |           +20.0 |
|   +72.31 |   +44.80 | TH.CB      |       17713 |       15595 |            88.04 |   2,198,309 |   1,594,405 |             72.53 |           -20.0 |           +6.7 |           +20.0 |
|   +92.31 |   +64.80 | TH.CB      |       17713 |       14448 |            81.57 |   2,198,309 |   1,221,344 |             55.56 |           -20.0 |           +8.6 |           +20.0 |
|  +112.31 |   +84.80 | TH.CB      |       17713 |       13141 |            74.19 |   2,198,309 |     851,025 |             38.71 |           -20.0 |          +10.4 |           +20.0 |
|  +132.31 |  +104.80 | TH.CB      |       17713 |       10819 |            61.08 |   2,198,309 |     546,837 |             24.88 |           -20.0 |          +11.6 |           +20.0 |
|  +152.31 |  +124.80 | TH.CB      |       17713 |        7040 |            39.74 |   2,198,309 |     299,955 |             13.64 |           -20.0 |          +11.7 |           +20.0 |
|  +172.31 |  +144.80 | TH.CB      |       17713 |        5176 |            29.22 |   2,198,309 |     198,543 |              9.03 |           -20.0 |          +12.0 |           +20.0 |
==========================================================================================================================

 -> Plot saved successfully to: OUTPUT_LDP/TH_CB/TH_CB_Plot_PP_Popu.svg

--> [TH.CB] Step 6: 6_LDP_OnePage.py
Processing province: TH_CB
[+] TH_CB: One-Page Report generated successfully.
======================================================================
Completed province: TH.CB
Finished: 2026-08-19T16:02:20+07:00
======================================================================
