======================================================================
Processing province: TH.PA
Started: 2026-08-19T16:33:24+07:00
======================================================================
--> [TH.PA] Step 1: 1_fabdem_province.py
[1/5] Read GADM and select HASC_1=TH.PA
[2/5] Save province and clip FABDEM
[3/5] Generate contours every 100 m with GDAL 3.10.3
[4/5] Calculate statistics and write PDF
[5/5] Write DataFrame summaries

Completed successfully.
HASC_1                   NAME_1  contours                                                                                  PDF
 TH.PA Phra Nakhon Si Ayutthaya       101 /mnt/nvme1/Project/2026-EIT_TH_LDP/src/OUTPUT_FABDEM/TH_PA/TH_PA_fabdem_contours.pdf
--> [TH.PA] Step 2: 2_popu2025_grid.py
[1/4] Select GADM province HASC_1=TH.PA
[2/4] Save boundary and cut population grid
[3/4] Calculate population-grid statistics
[4/4] Write population-grid PDF and summaries

Completed successfully.
HASC_1                   NAME_1  population_sum                                                                                       grid
 TH.PA Phra Nakhon Si Ayutthaya    1.035140e+06 /mnt/nvme1/Project/2026-EIT_TH_LDP/src/OUTPUT_POP2025/TH_PA/TH_PA_population_2025_100m.tif
--> [TH.PA] Step 3: 3_generate_sample.py
[1/4] Select GADM province HASC_1=TH.PA
 -> [READ] Loading Vector Dataset: OUTPUT_PROV/gadm41_THA.gpkg (Layer: 'ADM_ADM_1')
[2/4] Generate 500.0m grid points
 -> Auto-detected EPSG:32647 for province.
 -> Generated 16,129 bounding box points.
 -> Clipping points to province boundary...
 -> Computing 8-digit Geohashes...
[3/4] Extracting Raster Values (FABDEM MSL & POP2025)...
 -> [READ] Opening Raster File: OUTPUT_FABDEM/TH_PA/TH_PA_fabdem.tif
 -> [READ] Opening Raster File for Area Sum: OUTPUT_POP2025/TH_PA/TH_PA_population_2025_100m.tif
 -> Converting geometries to Lng/Lat (EPSG:4326)...
[4/4] Save GeoPackage Data...
 -> [WRITE] Saving Vector File: /mnt/nvme1/Project/2026-EIT_TH_LDP/src/OUTPUT_SAMPL/TH_PA/TH_PA_SAMPL.gpkg (Layer: 'samples')

[5/5] Comparing POP2025 with DOPA Registration Population...

Completed successfully.
HASC_1  Grid (m)       CRS  Samples           Output   POP2025 DOPA_Pop    Diff
 TH.PA     500.0 EPSG:4326    10175 TH_PA_SAMPL.gpkg 1,029,797  822,703 207,094
--> [TH.PA] Step 4: 4_analyse_ldp.py
LDP                                            [TM, 100:32]
FALSE_EN                                  [50000, -1440000]
PP_MSL                                                  -40
GPKG         [OUTPUT_SAMPL/TH_PA/TH_PA_SAMPL.gpkg, samples]
OFFSET_PP      [0.0, default hPP from average topo or pnts]
dtype: object
 -> OUTLIER FILTER: Dropped 209 points.
 -> Dropped MSL values: [-9999, -9999, -9999, -9999, -9999, 0, 1, 1, 4, 4, 4, 4, 4, 4, 4, 4, 7, -4, -5, 4, 4, 4, 4, 0, 0, 4, 4, 0, 4, 0, 3, 11, 1, 4, 0, 2, 2, 2, 2, 6, 2, 2, 2, -3, -2, 7, 4, 4, 4, 4, 0, 4, 4, 1, 1, 0, 2, 4, 5, 5, 5, 4, 1, 1, 1, 0, 1, 3, 3, 3, 4, 1, 5, -3, 2, 2, 1, 1, 2, 7, 3, 3, 3, 3, -2, 2, 2, 2, 2, 2, 2, 1, 8, 6, 9, 8, 3, 2, 3, 8, 4, 6, 7, 6, 3, 9, 8, 0, -6, 7, 11, -1, 0, -5, 0, 10, 9, 7, 1, 1, 1, 1, 1, 1, 5, 8, 1, 1, 5, 5, 6, 6, 5, 5, 5, 5, 10, -2, 2, -8, 4, 6, 7, 6, -2, 5, 6, 2, 2, 2, 6, 6, 1, 4, -3, 8, 2, 2, 2, 6, 2, 2, 2, 2, 2, 2, 9, 7, 7, 7, 3, 8, 3, 8, 3, 3, 8, 9, 3, 3, 3, 3, 10, 13, 10, 5, 4, 4, 4, 12, 4, 12, 12, 12, 12, 12, 12, 13, 12, 12, 7, 7, 7, 7, 7, 7, 7, 4, 6]
 -> Using user-defined PP_MSL: -40.000m
==================================== LDP TM ====================================
@ Centroid @     <lng=100°32′>    <lat=14°21′>
Offset Projection Plane = +0.0 m. <default hPP from average topo or pnts>
Designed Project Plane : hPP=-71.11 m. / MSL=-40.00 m. tied to k0 = 0.999989
Points CSF min/mean/max [ppm] : -7.3 / -3.5 / +5.5
Points MSL min/mean/max [m.]  : +0.0 / +3.4 / +11.0
|      |      LDP_E |       LDP_N |
|:-----|-----------:|------------:|
| min  | 19,022.326 | 120,606.317 |
| max  | 81,132.839 | 182,589.240 |
| diff | 62,110.513 |  61,982.923 |
{"meta": "LDP_Definition", "PROJ_String_Decimal": "+proj=tmerc +lat_0=0.0 +lon_0=100.53333333 +k_0=0.999989 +x_0=50000 +y_0=-1440000 +ellps=WGS84 +units=m +no_defs +type=crs", "PROJ_String_DMS": "+proj=tmerc +lat_0=0.0 +lon_0=100°32′ +k_0=0.999989 +x_0=50000 +y_0=-1440000 +ellps=WGS84 +units=m +no_defs +type=crs"}
Writing definition GPKG : OUTPUT_LDP/TH_PA/TH_PA_LDP.gpkg ...
 -> THINNING: Snapping points to 2 decimal grid for visualization...
 -> THINNING: Plot points reduced from 9966 to 2207.
Writing definition plot : OUTPUT_LDP/TH_PA/TH_PA_LDP.svg...
{"meta": "Coverage_Analysis", "Province": "TH.PA", "Total_Pts": 10175, "Valid_Pts": 9966, "Pt_Coverage(%)": 97.95, "Total_POP": 1029796.5449999999, "Valid_POP": 994510.8067999999, "POP_Coverage(%)": 96.57, "CSF_Lower_ppm": -7.3, "CSF_Mean_ppm": -3.5, "CSF_Upper_ppm": 5.5}
--> [TH.PA] Step 5: 5_plot_PP_PctPopu.py
[TH.PA] Starting ProcessPoolExecutor with 16 offsets to compute (Mean MSL: 3.41 m)...
[TH.PA] OFFSET_PP [-200.00] computed successfully.
[TH.PA] OFFSET_PP [-180.00] computed successfully.
[TH.PA] OFFSET_PP [-160.00] computed successfully.
[TH.PA] OFFSET_PP [-140.00] computed successfully.
[TH.PA] OFFSET_PP [-120.00] computed successfully.
[TH.PA] OFFSET_PP [-100.00] computed successfully.
[TH.PA] OFFSET_PP [-80.00] computed successfully.
[TH.PA] OFFSET_PP [-60.00] computed successfully.
[TH.PA] OFFSET_PP [-40.00] computed successfully.
[TH.PA] OFFSET_PP [-20.00] computed successfully.
[TH.PA] OFFSET_PP [0.00] computed successfully.
[TH.PA] OFFSET_PP [20.00] computed successfully.
[TH.PA] OFFSET_PP [40.00] computed successfully.
[TH.PA] OFFSET_PP [60.00] computed successfully.
[TH.PA] OFFSET_PP [80.00] computed successfully.
[TH.PA] OFFSET_PP [100.00] computed successfully.

==================================== LDP Population Coverage Analysis: TH.PA ====================================
|   MSL_PP |   HAE_PP | Province   |   Total_Pts |   Valid_Pts |   Pt_Coverage(%) |   Total_POP |   Valid_POP |   POP_Coverage(%) |   CSF_Lower_ppm |   CSF_Mean_ppm |   CSF_Upper_ppm |
|---------:|---------:|:-----------|------------:|------------:|-----------------:|------------:|------------:|------------------:|----------------:|---------------:|----------------:|
|  -196.59 |  -227.70 | TH.PA      |       10175 |          47 |             0.46 |   1,029,797 |       3,679 |              0.36 |           -19.9 |          -19.7 |           -19.5 |
|  -176.59 |  -207.70 | TH.PA      |       10175 |         750 |             7.37 |   1,029,797 |      30,301 |              2.94 |           -20.0 |          -18.6 |           -16.5 |
|  -156.59 |  -187.70 | TH.PA      |       10175 |        2161 |            21.24 |   1,029,797 |     101,500 |              9.86 |           -20.0 |          -17.6 |           -13.5 |
|  -136.59 |  -167.70 | TH.PA      |       10175 |        5573 |            54.77 |   1,029,797 |     407,089 |             39.53 |           -20.0 |          -16.4 |            -9.5 |
|  -116.59 |  -147.70 | TH.PA      |       10175 |        9966 |            97.95 |   1,029,797 |     994,511 |             96.57 |           -19.3 |          -15.5 |            -6.5 |
|   -96.59 |  -127.70 | TH.PA      |       10175 |        9966 |            97.95 |   1,029,797 |     994,511 |             96.57 |           -16.3 |          -12.5 |            -3.5 |
|   -76.59 |  -107.70 | TH.PA      |       10175 |        9966 |            97.95 |   1,029,797 |     994,511 |             96.57 |           -13.3 |           -9.5 |            -0.5 |
|   -56.59 |   -87.70 | TH.PA      |       10175 |        9966 |            97.95 |   1,029,797 |     994,511 |             96.57 |           -10.3 |           -6.5 |            +2.5 |
|   -36.59 |   -67.70 | TH.PA      |       10175 |        9966 |            97.95 |   1,029,797 |     994,511 |             96.57 |            -7.3 |           -3.5 |            +5.5 |
|   -16.59 |   -47.70 | TH.PA      |       10175 |        9966 |            97.95 |   1,029,797 |     994,511 |             96.57 |            -4.3 |           -0.5 |            +8.5 |
|    +3.41 |   -27.70 | TH.PA      |       10175 |        9966 |            97.95 |   1,029,797 |     994,511 |             96.57 |            -0.3 |           +3.5 |           +12.5 |
|   +23.41 |    -7.70 | TH.PA      |       10175 |        9966 |            97.95 |   1,029,797 |     994,511 |             96.57 |            +2.7 |           +6.5 |           +15.5 |
|   +43.41 |   +12.30 | TH.PA      |       10175 |        9966 |            97.95 |   1,029,797 |     994,511 |             96.57 |            +5.7 |           +9.5 |           +18.5 |
|   +63.41 |   +32.30 | TH.PA      |       10175 |        9745 |            95.77 |   1,029,797 |     984,321 |             95.58 |            +8.7 |          +12.3 |           +20.0 |
|   +83.41 |   +52.30 | TH.PA      |       10175 |        8846 |            86.94 |   1,029,797 |     945,880 |             91.85 |           +11.7 |          +14.7 |           +20.0 |
|  +103.41 |   +72.30 | TH.PA      |       10175 |        7141 |            70.18 |   1,029,797 |     854,287 |             82.96 |           +14.7 |          +16.8 |           +20.0 |
==========================================================================================================================

 -> Plot saved successfully to: OUTPUT_LDP/TH_PA/TH_PA_Plot_PP_Popu.svg

--> [TH.PA] Step 6: 6_LDP_OnePage.py
Processing province: TH_PA
[+] TH_PA: One-Page Report generated successfully.
======================================================================
Completed province: TH.PA
Finished: 2026-08-19T16:36:36+07:00
======================================================================
