======================================================================
Processing province: TH.PR
Started: 2026-08-16T12:00:29+07:00
======================================================================
--> [TH.PR] Step 1: 1_fabdem_province.py
[1/5] Read GADM and select HASC_1=TH.PR
[2/5] Save province and clip FABDEM
[3/5] Generate contours every 100 m with GDAL 3.10.3
[4/5] Calculate statistics and write PDF
[5/5] Write DataFrame summaries

Completed successfully.
HASC_1 NAME_1  contours                                                                                  PDF
 TH.PR  Phrae      5701 /mnt/nvme1/Project/2026-EIT_TH_LDP/src/OUTPUT_FABDEM/TH_PR/TH_PR_fabdem_contours.pdf
--> [TH.PR] Step 2: 2_popu2025_grid.py
[1/4] Select GADM province HASC_1=TH.PR
[2/4] Save boundary and cut population grid
[3/4] Calculate population-grid statistics
[4/4] Write population-grid PDF and summaries

Completed successfully.
HASC_1 NAME_1  population_sum                                                                                       grid
 TH.PR  Phrae   349333.947334 /mnt/nvme1/Project/2026-EIT_TH_LDP/src/OUTPUT_POP2025/TH_PR/TH_PR_population_2025_100m.tif
--> [TH.PR] Step 3: 3_generate_sample.py
[1/4] Select GADM province HASC_1=TH.PR
 -> [READ] Loading Vector Dataset: OUTPUT_PROV/gadm41_THA.gpkg (Layer: 'ADM_ADM_1')
[2/4] Generate 1000.0m grid points
 -> Auto-detected EPSG:32647 for province.
 -> Generated 16,129 bounding box points.
 -> Clipping points to province boundary...
 -> Computing 7-digit Geohashes...
[3/4] Extracting Raster Values (FABDEM MSL & POP2025)...
 -> [READ] Opening Raster File: OUTPUT_FABDEM/TH_PR/TH_PR_fabdem.tif
 -> [READ] Opening Raster File for Area Sum: OUTPUT_POP2025/TH_PR/TH_PR_population_2025_100m.tif
 -> Converting geometries to Lng/Lat (EPSG:4326)...
[4/4] Save GeoPackage Data...
 -> [WRITE] Saving Vector File: /mnt/nvme1/Project/2026-EIT_TH_LDP/src/OUTPUT_SAMPL/TH_PR/TH_PR_SAMPL.gpkg (Layer: 'samples')

[5/5] Comparing POP2025 with DOPA Registration Population...

Completed successfully.
HASC_1  Grid (m)       CRS  Samples           Output POP2025 DOPA_Pop    Diff
 TH.PR    1000.0 EPSG:4326     6470 TH_PR_SAMPL.gpkg 350,632  417,480 -66,848
--> [TH.PR] Step 4: 4_analyse_ldp.py
LDP                                            [TM, 100:04]
FALSE_EN                                 [250000, -1270000]
PP_MSL                                                  110
POPU_PLOT                                      [400, 0, 20]
GPKG         [OUTPUT_SAMPL/TH_PR/TH_PR_SAMPL.gpkg, samples]
OFFSET_PP      [0.0, default hPP from average topo or pnts]
dtype: object
 -> OUTLIER FILTER: Dropped 131 points.
 -> Dropped MSL values: [-9999, 942, 259, 271, 210, 279, 210, 995, 995, 263, 208, 173, 1068, 948, 1039, 1128, 216, 206, 366, 172, 495, 509, 162, 240, 189, 295, 223, 235, 219, 223, 213, 197, 278, 783, 964, 515, 520, 174, 176, 186, 192, 182, 187, 325, 417, 534, 548, 419, 852, 543, 549, 586, 549, 580, 610, 542, 589, 803, 271, 304, 778, 316, 368, 369, 876, 841, 829, 793, 895, 803, 633, 634, 625, 535, 636, 659, 686, 664, 714, 662, 590, 700, 592, 518, 734, 574, 911, 1000, 726, 1219, 1282, 442, 207, 599, 236, 229, 738, 1365, 1270, 1162, 1483, 1211, 1628, 1195, 1186, 1176, 1227, 1269, 1169, 247, 523, 208, 212, 207, 239, 651, 288, 660, 607, 984, 941, 862, 1028, 647, 500, 517, 611, 1091, 1250, 1088, 1059]
 -> Using user-defined PP_MSL: 110.000m
==================================== LDP TM ====================================
@ Centroid @     <lng=100°04′>    <lat=18°12′>
Offset Projection Plane = +0.0 m. <default hPP from average topo or pnts>
Designed Project Plane : hPP=+73.94 m. / MSL=+110.00 m. tied to k0 = 1.000012
Points CSF min/mean/max [ppm] : -166.6 / -29.0 / +44.6
Points MSL min/mean/max [m.]  : +88.0 / +354.4 / +1213.0
|      |       LDP_E |       LDP_N |
|:-----|------------:|------------:|
| min  | 176,903.842 | 688,866.804 |
| max  | 300,394.756 | 812,450.569 |
| diff | 123,490.914 | 123,583.766 |
{"meta": "LDP_Definition", "PROJ_String_Decimal": "+proj=tmerc +lat_0=0.0 +lon_0=100.06666667 +k_0=1.000012 +x_0=250000 +y_0=-1270000 +ellps=WGS84 +units=m +no_defs +type=crs", "PROJ_String_DMS": "+proj=tmerc +lat_0=0.0 +lon_0=100°04′ +k_0=1.000012 +x_0=250000 +y_0=-1270000 +ellps=WGS84 +units=m +no_defs +type=crs"}
Writing definition GPKG : OUTPUT_LDP/TH_PR/TH_PR_LDP.gpkg ...
 -> THINNING: Snapping points to 2 decimal grid for visualization...
 -> THINNING: Plot points reduced from 6339 to 5437.
Writing definition plot : OUTPUT_LDP/TH_PR/TH_PR_LDP.svg...
{"meta": "Coverage_Analysis", "Province": "TH.PR", "Total_Pts": 6470, "Valid_Pts": 2500, "Pt_Coverage(%)": 38.64, "Total_POP": 350632.3186, "Valid_POP": 313664.2463, "POP_Coverage(%)": 89.46, "CSF_Lower_ppm": -20.0, "CSF_Mean_ppm": -6.7, "CSF_Upper_ppm": 20.0}
--> [TH.PR] Step 5: 5_plot_PP_PctPopu.py
[TH.PR] POPU_PLOT found in TOML. Overriding MSL bounds: Upper=400.0, Lower=0.0, Step=20.0
[TH.PR] Starting ProcessPoolExecutor with 21 offsets to compute (Mean MSL: 354.36 m)...
[TH.PR] OFFSET_PP [-354.36] computed successfully.
[TH.PR] OFFSET_PP [-334.36] computed successfully.
[TH.PR] OFFSET_PP [-314.36] computed successfully.
[TH.PR] OFFSET_PP [-294.36] computed successfully.
[TH.PR] OFFSET_PP [-274.36] computed successfully.
[TH.PR] OFFSET_PP [-254.36] computed successfully.
[TH.PR] OFFSET_PP [-234.36] computed successfully.
[TH.PR] OFFSET_PP [-214.36] computed successfully.
[TH.PR] OFFSET_PP [-194.36] computed successfully.
[TH.PR] OFFSET_PP [-174.36] computed successfully.
[TH.PR] OFFSET_PP [-154.36] computed successfully.
[TH.PR] OFFSET_PP [-134.36] computed successfully.
[TH.PR] OFFSET_PP [-114.36] computed successfully.
[TH.PR] OFFSET_PP [-94.36] computed successfully.
[TH.PR] OFFSET_PP [-74.36] computed successfully.
[TH.PR] OFFSET_PP [-54.36] computed successfully.
[TH.PR] OFFSET_PP [-34.36] computed successfully.
[TH.PR] OFFSET_PP [-14.36] computed successfully.
[TH.PR] OFFSET_PP [5.64] computed successfully.
[TH.PR] OFFSET_PP [25.64] computed successfully.
[TH.PR] OFFSET_PP [45.64] computed successfully.

==================================== LDP Population Coverage Analysis: TH.PR ====================================
|   MSL_PP |   HAE_PP | Province   |   Total_Pts |   Valid_Pts |   Pt_Coverage(%) |   Total_POP |   Valid_POP |   POP_Coverage(%) |   CSF_Lower_ppm |   CSF_Mean_ppm |   CSF_Upper_ppm |
|---------:|---------:|:-----------|------------:|------------:|-----------------:|------------:|------------:|------------------:|----------------:|---------------:|----------------:|
|    +0.00 |   -36.06 | TH.PR      |        6470 |         839 |            12.97 |     350,632 |      51,597 |             14.72 |           -20.0 |           -2.5 |           +19.9 |
|   +20.00 |   -16.06 | TH.PR      |        6470 |         925 |            14.30 |     350,632 |      57,164 |             16.30 |           -20.0 |           -2.1 |           +20.0 |
|   +40.00 |    +3.94 | TH.PR      |        6470 |        1582 |            24.45 |     350,632 |     271,082 |             77.31 |           -20.0 |           -8.1 |           +20.0 |
|   +60.00 |   +23.94 | TH.PR      |        6470 |        1899 |            29.35 |     350,632 |     301,666 |             86.03 |           -20.0 |           -8.7 |           +20.0 |
|   +80.00 |   +43.94 | TH.PR      |        6470 |        2144 |            33.14 |     350,632 |     310,062 |             88.43 |           -20.0 |           -8.3 |           +19.9 |
|  +100.00 |   +63.94 | TH.PR      |        6470 |        2361 |            36.49 |     350,632 |     313,152 |             89.31 |           -20.0 |           -7.4 |           +20.0 |
|  +120.00 |   +83.94 | TH.PR      |        6470 |        2571 |            39.74 |     350,632 |     313,292 |             89.35 |           -20.0 |           -6.4 |           +20.0 |
|  +140.00 |  +103.94 | TH.PR      |        6470 |        2743 |            42.40 |     350,632 |     310,726 |             88.62 |           -20.0 |           -5.2 |           +20.0 |
|  +160.00 |  +123.94 | TH.PR      |        6470 |        2904 |            44.88 |     350,632 |     309,412 |             88.24 |           -20.0 |           -4.1 |           +19.9 |
|  +180.00 |  +143.94 | TH.PR      |        6470 |        3099 |            47.90 |     350,632 |     306,242 |             87.34 |           -20.0 |           -2.5 |           +20.0 |
|  +200.00 |  +163.94 | TH.PR      |        6470 |        3281 |            50.71 |     350,632 |     300,494 |             85.70 |           -20.0 |           -1.4 |           +20.0 |
|  +220.00 |  +183.94 | TH.PR      |        6470 |        3413 |            52.75 |     350,632 |     293,651 |             83.75 |           -20.0 |           -0.1 |           +19.9 |
|  +240.00 |  +203.94 | TH.PR      |        6470 |        3534 |            54.62 |     350,632 |     289,666 |             82.61 |           -20.0 |           +1.3 |           +19.9 |
|  +260.00 |  +223.94 | TH.PR      |        6470 |        3626 |            56.04 |     350,632 |     288,743 |             82.35 |           -20.0 |           +2.7 |           +20.0 |
|  +280.00 |  +243.94 | TH.PR      |        6470 |        3550 |            54.87 |     350,632 |     243,080 |             69.33 |           -20.0 |           +3.5 |           +20.0 |
|  +300.00 |  +263.94 | TH.PR      |        6470 |        3154 |            48.75 |     350,632 |      61,320 |             17.49 |           -20.0 |           +2.5 |           +20.0 |
|  +320.00 |  +283.94 | TH.PR      |        6470 |        2884 |            44.57 |     350,632 |      22,475 |              6.41 |           -20.0 |           +2.1 |           +20.0 |
|  +340.00 |  +303.94 | TH.PR      |        6470 |        2726 |            42.13 |     350,632 |      14,581 |              4.16 |           -20.0 |           +2.1 |           +20.0 |
|  +360.00 |  +323.94 | TH.PR      |        6470 |        2566 |            39.66 |     350,632 |      11,090 |              3.16 |           -20.0 |           +2.4 |           +20.0 |
|  +380.00 |  +343.94 | TH.PR      |        6470 |        2422 |            37.43 |     350,632 |       9,129 |              2.60 |           -19.9 |           +2.8 |           +20.0 |
|  +400.00 |  +363.94 | TH.PR      |        6470 |        2288 |            35.36 |     350,632 |       7,959 |              2.27 |           -20.0 |           +3.3 |           +20.0 |
==========================================================================================================================

 -> Plot saved successfully to: OUTPUT_LDP/TH_PR/TH_PR_Plot_PP_Popu.svg

--> [TH.PR] Step 6: 6_LDP_OnePage.py
Processing province: TH_PR
[+] TH_PR: One-Page Report generated successfully.
======================================================================
Completed province: TH.PR
Finished: 2026-08-16T12:07:08+07:00
======================================================================
