======================================================================
Processing province: TH.SU
Started: 2026-08-19T16:57:51+07:00
======================================================================
--> [TH.SU] Step 1: 1_fabdem_province.py
[1/5] Read GADM and select HASC_1=TH.SU
[2/5] Save province and clip FABDEM
[3/5] Generate contours every 100 m with GDAL 3.10.3
[4/5] Calculate statistics and write PDF
[5/5] Write DataFrame summaries

Completed successfully.
HASC_1 NAME_1  contours                                                                                  PDF
 TH.SU  Surin       535 /mnt/nvme1/Project/2026-EIT_TH_LDP/src/OUTPUT_FABDEM/TH_SU/TH_SU_fabdem_contours.pdf
--> [TH.SU] Step 2: 2_popu2025_grid.py
[1/4] Select GADM province HASC_1=TH.SU
[2/4] Save boundary and cut population grid
[3/4] Calculate population-grid statistics
[4/4] Write population-grid PDF and summaries

Completed successfully.
HASC_1 NAME_1  population_sum                                                                                       grid
 TH.SU  Surin   897487.401178 /mnt/nvme1/Project/2026-EIT_TH_LDP/src/OUTPUT_POP2025/TH_SU/TH_SU_population_2025_100m.tif
--> [TH.SU] Step 3: 3_generate_sample.py
[1/4] Select GADM province HASC_1=TH.SU
 -> [READ] Loading Vector Dataset: OUTPUT_PROV/gadm41_THA.gpkg (Layer: 'ADM_ADM_1')
[2/4] Generate 500.0m grid points
 -> Auto-detected EPSG:32648 for province.
 -> Generated 55,769 bounding box points.
 -> Clipping points to province boundary...
 -> Computing 8-digit Geohashes...
[3/4] Extracting Raster Values (FABDEM MSL & POP2025)...
 -> [READ] Opening Raster File: OUTPUT_FABDEM/TH_SU/TH_SU_fabdem.tif
 -> [READ] Opening Raster File for Area Sum: OUTPUT_POP2025/TH_SU/TH_SU_population_2025_100m.tif
 -> Converting geometries to Lng/Lat (EPSG:4326)...
[4/4] Save GeoPackage Data...
 -> [WRITE] Saving Vector File: /mnt/nvme1/Project/2026-EIT_TH_LDP/src/OUTPUT_SAMPL/TH_SU/TH_SU_SAMPL.gpkg (Layer: 'samples')

[5/5] Comparing POP2025 with DOPA Registration Population...

Completed successfully.
HASC_1  Grid (m)       CRS  Samples           Output POP2025  DOPA_Pop     Diff
 TH.SU     500.0 EPSG:4326    35070 TH_SU_SAMPL.gpkg 892,663 1,354,477 -461,814
--> [TH.SU] Step 4: 4_analyse_ldp.py
LDP                                            [TM, 103:40]
FALSE_EN                                  [250000, -900000]
PP_MSL                                                   90
GPKG         [OUTPUT_SAMPL/TH_SU/TH_SU_SAMPL.gpkg, samples]
OFFSET_PP      [0.0, default hPP from average topo or pnts]
dtype: object
 -> OUTLIER FILTER: Dropped 708 points.
 -> Dropped MSL values: [-9999, -9999, -9999, -9999, -9999, -9999, 240, 259, 249, 239, 234, 227, 241, 230, 255, 253, 238, 236, 239, 237, 242, 243, 232, 239, 228, 232, 229, 182, 174, 335, 336, 341, 343, 335, 346, 409, 385, 354, 178, 174, 175, 173, 172, 164, 163, 170, 161, 174, 180, 180, 181, 182, 158, 146, 161, 162, 162, 143, 171, 166, 168, 183, 153, 152, 155, 153, 210, 190, 204, 189, 216, 200, 200, 173, 189, 182, 195, 188, 166, 291, 333, 378, 293, 349, 349, 280, 317, 269, 264, 330, 285, 271, 278, 283, 284, 273, 275, 271, 408, 368, 364, 371, 416, 435, 401, 380, 426, 387, 398, 408, 368, 397, 396, 371, 351, 353, 338, 361, 202, 194, 190, 188, 181, 178, 175, 175, 173, 177, 178, 178, 178, 178, 193, 190, 192, 189, 190, 187, 189, 186, 184, 176, 176, 180, 177, 169, 175, 175, 177, 174, 159, 157, 157, 156, 167, 169, 163, 156, 170, 166, 174, 169, 156, 166, 165, 157, 157, 156, 153, 154, 153, 161, 153, 153, 154, 154, 136, 133, 144, 146, 145, 153, 153, 150, 151, 143, 140, 145, 140, 145, 137, 143, 146, 144, 143, 128, 472, 469, 469, 349, 276, 285, 274, 293, 239, 240, 246, 268, 233, 286, 232, 253, 257, 271, 268, 216, 209, 197, 201, 178, 182, 183, 199, 203, 175, 170, 171, 175, 177, 175, 180, 174, 166, 172, 168, 170, 170, 166, 164, 159, 161, 167, 156, 164, 164, 161, 157, 153, 162, 164, 161, 165, 175, 168, 167, 169, 165, 167, 155, 155, 160, 140, 138, 137, 145, 147, 143, 139, 138, 136, 136, 128, 138, 145, 148, 147, 151, 150, 145, 139, 138, 138, 137, 137, 143, 153, 152, 146, 130, 132, 133, 128, 124, 123, 132, 132, 123, 126, 128, 128, 126, 127, 127, 135, 128, 128, 135, 136, 134, 127, 122, 135, 136, 135, 137, 132, 122, 122, 126, 127, 129, 127, 126, 122, 138, 124, 133, 128, 133, 132, 133, 131, 133, 129, 128, 126, 127, 135, 135, 136, 130, 129, 130, 138, 136, 130, 136, 130, 130, 136, 132, 135, 137, 138, 137, 136, 146, 151, 157, 152, 151, 150, 146, 163, 161, 174, 173, 171, 148, 169, 171, 142, 144, 143, 142, 142, 142, 130, 145, 130, 130, 135, 152, 145, 162, 132, 144, 162, 160, 161, 161, 143, 164, 167, 166, 161, 171, 172, 161, 144, 148, 156, 180, 157, 177, 182, 180, 160, 147, 149, 132, 119, 136, 127, 134, 127, 127, 123, 129, 128, 127, 127, 131, 129, 128, 142, 141, 136, 164, 165, 165, 149, 171, 173, 136, 138, 132, 130, 129, 171, 132, 128, 140, 138, 129, 129, 139, 135, 132, 141, 140, 130, 123, 129, 123, 131, 136, 121, 130, 120, 120, 120, 132, 131, 131, 132, 134, 135, 118, 123, 121, 118, 118, 118, 128, 118, 120, 118, 118, 131, 129, 118, 120, 118, 118, 118, 118, 129, 118, 131, 128, 130, 118, 128, 121, 118, 128, 128, 130, 124, 129, 129, 124, 128, 124, 124, 123, 130, 132, 131, 130, 131, 134, 131, 130, 125, 125, 126, 131, 132, 128, 144, 144, 143, 165, 172, 172, 171, 157, 159, 155, 156, 165, 141, 127, 124, 123, 127, 126, 133, 130, 122, 133, 121, 124, 124, 135, 125, 135, 135, 131, 121, 150, 155, 154, 131, 128, 128, 128, 141, 175, 135, 133, 134, 136, 127, 129, 131, 129, 128, 130, 127, 155, 183, 184, 191, 147, 183, 134, 133, 134, 134, 133, 132, 137, 135, 137, 131, 168, 128, 121, 120, 120, 121, 127, 120, 120, 128, 129, 127, 126, 125, 118, 122, 125, 126, 123, 121, 129, 128, 129, 129, 129, 128, 127, 125, 125, 125, 124, 117, 120, 117, 117, 120, 125, 125, 125, 117, 127, 126, 126, 127, 119, 117, 117, 117, 117, 117, 117, 126, 126, 126, 127, 127, 117, 123, 117, 135, 131, 134, 137, 134, 130, 130, 129, 118, 120, 118, 130, 129, 117, 117, 117, 117, 129, 129, 131, 129, 128, 130, 128, 127, 117, 129, 128, 128, 121, 121, 129, 128, 129, 128, 120, 117, 117, 120, 121, 117, 117, 117, 127, 120, 126, 126, 126, 127, 126, 117, 126, 127, 127, 127, 120, 119, 117, 127, 126, 123]
 -> Using user-defined PP_MSL: 90.000m
==================================== LDP TM ====================================
@ Centroid @     <lng=103°40′>    <lat=14°53′>
Offset Projection Plane = +0.0 m. <default hPP from average topo or pnts>
Designed Project Plane : hPP=+66.01 m. / MSL=+90.00 m. tied to k0 = 1.000010
Points CSF min/mean/max [ppm] : -49.6 / -4.9 / +39.1
Points MSL min/mean/max [m.]  : +118.0 / +162.1 / +461.0
|      |       LDP_E |       LDP_N |
|:-----|------------:|------------:|
| min  | 189,064.205 | 685,398.735 |
| max  | 295,128.343 | 811,900.672 |
| diff | 106,064.138 | 126,501.937 |
{"meta": "LDP_Definition", "PROJ_String_Decimal": "+proj=tmerc +lat_0=0.0 +lon_0=103.66666667 +k_0=1.000010 +x_0=250000 +y_0=-900000 +ellps=WGS84 +units=m +no_defs +type=crs", "PROJ_String_DMS": "+proj=tmerc +lat_0=0.0 +lon_0=103°40′ +k_0=1.000010 +x_0=250000 +y_0=-900000 +ellps=WGS84 +units=m +no_defs +type=crs"}
Writing definition GPKG : OUTPUT_LDP/TH_SU/TH_SU_LDP.gpkg ...
 -> THINNING: Snapping points to 2 decimal grid for visualization...
 -> THINNING: Plot points reduced from 34362 to 7547.
Writing definition plot : OUTPUT_LDP/TH_SU/TH_SU_LDP.svg...
{"meta": "Coverage_Analysis", "Province": "TH.SU", "Total_Pts": 35070, "Valid_Pts": 32211, "Pt_Coverage(%)": 91.85, "Total_POP": 892663.2205, "Valid_POP": 846248.1901, "POP_Coverage(%)": 94.8, "CSF_Lower_ppm": -20.0, "CSF_Mean_ppm": -4.3, "CSF_Upper_ppm": 20.0}
--> [TH.SU] Step 5: 5_plot_PP_PctPopu.py
[TH.SU] Starting ProcessPoolExecutor with 16 offsets to compute (Mean MSL: 162.10 m)...
[TH.SU] OFFSET_PP [-200.00] computed successfully.
[TH.SU] OFFSET_PP [-180.00] computed successfully.
[TH.SU] OFFSET_PP [-160.00] computed successfully.
[TH.SU] OFFSET_PP [-140.00] computed successfully.
[TH.SU] OFFSET_PP [-120.00] computed successfully.
[TH.SU] OFFSET_PP [-100.00] computed successfully.
[TH.SU] OFFSET_PP [-80.00] computed successfully.
[TH.SU] OFFSET_PP [-60.00] computed successfully.
[TH.SU] OFFSET_PP [-40.00] computed successfully.
[TH.SU] OFFSET_PP [-20.00] computed successfully.
[TH.SU] OFFSET_PP [0.00] computed successfully.
[TH.SU] OFFSET_PP [20.00] computed successfully.
[TH.SU] OFFSET_PP [40.00] computed successfully.
[TH.SU] OFFSET_PP [60.00] computed successfully.
[TH.SU] OFFSET_PP [80.00] computed successfully.
[TH.SU] OFFSET_PP [100.00] computed successfully.

==================================== LDP Population Coverage Analysis: TH.SU ====================================
|   MSL_PP |   HAE_PP | Province   |   Total_Pts |   Valid_Pts |   Pt_Coverage(%) |   Total_POP |   Valid_POP |   POP_Coverage(%) |   CSF_Lower_ppm |   CSF_Mean_ppm |   CSF_Upper_ppm |
|---------:|---------:|:-----------|------------:|------------:|-----------------:|------------:|------------:|------------------:|----------------:|---------------:|----------------:|
|   -37.90 |   -61.88 | TH.SU      |       35070 |        8425 |            24.02 |     892,663 |     176,638 |             19.79 |           -20.0 |          -12.6 |           +19.1 |
|   -17.90 |   -41.88 | TH.SU      |       35070 |       12089 |            34.47 |     892,663 |     271,291 |             30.39 |           -20.0 |          -12.3 |           +19.9 |
|    +2.10 |   -21.88 | TH.SU      |       35070 |       19858 |            56.62 |     892,663 |     546,704 |             61.24 |           -20.0 |          -12.4 |           +19.6 |
|   +22.10 |    -1.88 | TH.SU      |       35070 |       25763 |            73.46 |     892,663 |     705,457 |             79.03 |           -20.0 |          -11.6 |           +20.0 |
|   +42.10 |   +18.12 | TH.SU      |       35070 |       29917 |            85.31 |     892,663 |     805,481 |             90.23 |           -20.0 |          -10.1 |           +19.9 |
|   +62.10 |   +38.12 | TH.SU      |       35070 |       31416 |            89.58 |     892,663 |     833,130 |             93.33 |           -20.0 |           -7.7 |           +19.9 |
|   +82.10 |   +58.12 | TH.SU      |       35070 |       32066 |            91.43 |     892,663 |     845,124 |             94.67 |           -20.0 |           -5.2 |           +19.9 |
|  +102.10 |   +78.12 | TH.SU      |       35070 |       32392 |            92.36 |     892,663 |     845,389 |             94.70 |           -20.0 |           -2.6 |           +20.0 |
|  +122.10 |   +98.12 | TH.SU      |       35070 |       32414 |            92.43 |     892,663 |     840,705 |             94.18 |           -20.0 |           +0.0 |           +20.0 |
|  +142.10 |  +118.12 | TH.SU      |       35070 |       32025 |            91.32 |     892,663 |     828,541 |             92.82 |           -20.0 |           +3.3 |           +20.0 |
|  +162.10 |  +138.12 | TH.SU      |       35070 |       31168 |            88.87 |     892,663 |     810,751 |             90.82 |           -19.9 |           +5.7 |           +20.0 |
|  +182.10 |  +158.12 | TH.SU      |       35070 |       29670 |            84.60 |     892,663 |     779,596 |             87.33 |           -20.0 |           +8.0 |           +20.0 |
|  +202.10 |  +178.12 | TH.SU      |       35070 |       27604 |            78.71 |     892,663 |     720,847 |             80.75 |           -20.0 |          +10.0 |           +20.0 |
|  +222.10 |  +198.12 | TH.SU      |       35070 |       24718 |            70.48 |     892,663 |     649,968 |             72.81 |           -19.9 |          +12.0 |           +20.0 |
|  +242.10 |  +218.12 | TH.SU      |       35070 |       20647 |            58.87 |     892,663 |     532,667 |             59.67 |           -19.9 |          +13.6 |           +20.0 |
|  +262.10 |  +238.12 | TH.SU      |       35070 |       14383 |            41.01 |     892,663 |     307,621 |             34.46 |           -20.0 |          +14.3 |           +20.0 |
==========================================================================================================================

 -> Plot saved successfully to: OUTPUT_LDP/TH_SU/TH_SU_Plot_PP_Popu.svg

--> [TH.SU] Step 6: 6_LDP_OnePage.py
Processing province: TH_SU
[+] TH_SU: One-Page Report generated successfully.
======================================================================
Completed province: TH.SU
Finished: 2026-08-19T17:16:02+07:00
======================================================================
