======================================================================
Processing province: TH.NW
Started: 2026-08-19T16:32:32+07:00
======================================================================
--> [TH.NW] Step 1: 1_fabdem_province.py
[1/5] Read GADM and select HASC_1=TH.NW
[2/5] Save province and clip FABDEM
[3/5] Generate contours every 100 m with GDAL 3.10.3
[4/5] Calculate statistics and write PDF
[5/5] Write DataFrame summaries

Completed successfully.
HASC_1     NAME_1  contours                                                                                  PDF
 TH.NW Narathiwat      1909 /mnt/nvme1/Project/2026-EIT_TH_LDP/src/OUTPUT_FABDEM/TH_NW/TH_NW_fabdem_contours.pdf
--> [TH.NW] Step 2: 2_popu2025_grid.py
[1/4] Select GADM province HASC_1=TH.NW
[2/4] Save boundary and cut population grid
[3/4] Calculate population-grid statistics
[4/4] Write population-grid PDF and summaries

Completed successfully.
HASC_1     NAME_1  population_sum                                                                                       grid
 TH.NW Narathiwat   633387.734921 /mnt/nvme1/Project/2026-EIT_TH_LDP/src/OUTPUT_POP2025/TH_NW/TH_NW_population_2025_100m.tif
--> [TH.NW] Step 3: 3_generate_sample.py
[1/4] Select GADM province HASC_1=TH.NW
 -> [READ] Loading Vector Dataset: OUTPUT_PROV/gadm41_THA.gpkg (Layer: 'ADM_ADM_1')
[2/4] Generate 500.0m grid points
 -> Auto-detected EPSG:32647 for province.
 -> Generated 32,562 bounding box points.
 -> Clipping points to province boundary...
 -> Computing 8-digit Geohashes...
[3/4] Extracting Raster Values (FABDEM MSL & POP2025)...
 -> [READ] Opening Raster File: OUTPUT_FABDEM/TH_NW/TH_NW_fabdem.tif
 -> [READ] Opening Raster File for Area Sum: OUTPUT_POP2025/TH_NW/TH_NW_population_2025_100m.tif
 -> Converting geometries to Lng/Lat (EPSG:4326)...
[4/4] Save GeoPackage Data...
 -> [WRITE] Saving Vector File: /mnt/nvme1/Project/2026-EIT_TH_LDP/src/OUTPUT_SAMPL/TH_NW/TH_NW_SAMPL.gpkg (Layer: 'samples')

[5/5] Comparing POP2025 with DOPA Registration Population...

Completed successfully.
HASC_1  Grid (m)       CRS  Samples           Output POP2025 DOPA_Pop     Diff
 TH.NW     500.0 EPSG:4326    17851 TH_NW_SAMPL.gpkg 629,798  828,346 -198,548
--> [TH.NW] Step 4: 4_analyse_ldp.py
LDP                                            [TM, 101:43]
FALSE_EN                                   [50000, -530000]
PP_MSL                                                    0
GPKG         [OUTPUT_SAMPL/TH_NW/TH_NW_SAMPL.gpkg, samples]
OFFSET_PP      [0.0, default hPP from average topo or pnts]
dtype: object
 -> OUTLIER FILTER: Dropped 365 points.
 -> Dropped MSL values: [-9999, -9999, -9999, -9999, -9999, -9999, -9999, -9999, 420, 544, 387, 525, 740, 662, 647, 677, 1109, 1409, 1341, 1327, 494, 529, 544, 511, 550, 543, 505, 94, 283, 242, 239, 257, 1114, 1153, 1146, 539, 478, 1084, 1108, 1121, 1176, 1143, 260, 412, 316, 313, 403, 330, 215, 555, 58, 81, 70, 76, 1186, 1147, 1121, 1166, 1099, 1066, 99, 973, 953, 160, 90, 94, 432, 85, 91, 97, 481, 847, 899, 806, 102, 81, 75, 82, 75, 71, 78, 63, 80, 67, 52, 53, 81, 75, 59, 59, 51, 76, 36, 50, 88, 55, 82, 121, 82, 89, 116, 107, 58, 411, 32, 45, 45, 31, 43, 569, 398, 855, 70, 72, 85, 99, 67, 84, 89, 82, 72, 69, 648, 669, 705, 95, 62, 92, 86, 30, 45, 40, 97, 576, 85, 91, 64, 72, 81, 87, 104, 422, 69, 65, 100, 79, 104, 73, 54, 75, 65, 85, 55, 58, 75, 84, 79, 65, 84, 65, 1, 77, 85, 82, 85, 57, 89, 77, 77, 85, 76, 1023, 1164, 1029, 1095, 1039, 1059, 1078, 1087, 82, 59, 64, 67, 75, 55, 61, 70, 61, 313, 61, 37, 81, 86, 77, 45, 73, 67, 67, 43, 43, 79, 43, 40, 64, 45, 52, 59, 264, 41, 46, 43, 83, 53, 805, 855, 827, 802, 1002, 876, 81, 74, 98, 74, 80, 95, 74, 79, 82, 89, 68, 77, 112, 94, 527, 449, 468, 77, 77, 74, 78, 266, 334, 69, 68, 547, 649, 103, 111, 40, 51, 66, 566, 49, 65, 67, 35, 50, 65, 63, 70, 79, 65, 46, 42, 51, 61, 78, 41, 42, 51, 50, 39, 57, 292, 327, 275, 170, 90, 67, 215, 85, 39, 72, 65, 66, 88, 125, 137, 99, 215, 46, 69, 718, 721, 791, 740, 758, 90, 47, 59, 39, 477, 512, 39, 533, 447, 453, 513, 44, 6, 483, 538, 44, 78, 197, 74, 26, 27, 71, 172, 5, 25, 64, 41, 28, 133, 91, 54, 153, 183, 171, 75, 78, 20, 33, 38, 32, 54, 24, 48, 31, 87, 32, 0, 182, 28, 84, 108, 219, 80, 225, 150, 174, 68, 57, 13, 39, 23, 25, 23, 27, 23, 24, 51, 24]
 -> Using user-defined PP_MSL: 0.000m
==================================== LDP TM ====================================
@ Centroid @     <lng=101°43′>    <lat=06°11′>
Offset Projection Plane = +0.0 m. <default hPP from average topo or pnts>
Designed Project Plane : hPP=-8.16 m. / MSL=+0.00 m. tied to k0 = 0.999999
Points CSF min/mean/max [ppm] : -200.5 / -17.6 / +21.0
Points MSL min/mean/max [m.]  : +0.0 / +139.1 / +1309.0
|      |      LDP_E |       LDP_N |
|:-----|-----------:|------------:|
| min  | 12,373.091 | 104,988.867 |
| max  | 91,286.071 | 203,035.062 |
| diff | 78,912.980 |  98,046.195 |
{"meta": "LDP_Definition", "PROJ_String_Decimal": "+proj=tmerc +lat_0=0.0 +lon_0=101.71666667 +k_0=0.999999 +x_0=50000 +y_0=-530000 +ellps=WGS84 +units=m +no_defs +type=crs", "PROJ_String_DMS": "+proj=tmerc +lat_0=0.0 +lon_0=101°43′ +k_0=0.999999 +x_0=50000 +y_0=-530000 +ellps=WGS84 +units=m +no_defs +type=crs"}
Writing definition GPKG : OUTPUT_LDP/TH_NW/TH_NW_LDP.gpkg ...
 -> THINNING: Snapping points to 2 decimal grid for visualization...
 -> THINNING: Plot points reduced from 17486 to 3733.
Writing definition plot : OUTPUT_LDP/TH_NW/TH_NW_LDP.svg...
{"meta": "Coverage_Analysis", "Province": "TH.NW", "Total_Pts": 17851, "Valid_Pts": 12063, "Pt_Coverage(%)": 67.58, "Total_POP": 629798.485, "Valid_POP": 613736.3515, "POP_Coverage(%)": 97.45, "CSF_Lower_ppm": -20.0, "CSF_Mean_ppm": -1.0, "CSF_Upper_ppm": 20.0}
--> [TH.NW] Step 5: 5_plot_PP_PctPopu.py
[TH.NW] Starting ProcessPoolExecutor with 16 offsets to compute (Mean MSL: 139.09 m)...
[TH.NW] OFFSET_PP [-200.00] computed successfully.
[TH.NW] OFFSET_PP [-180.00] computed successfully.
[TH.NW] OFFSET_PP [-160.00] computed successfully.
[TH.NW] OFFSET_PP [-140.00] computed successfully.
[TH.NW] OFFSET_PP [-120.00] computed successfully.
[TH.NW] OFFSET_PP [-100.00] computed successfully.
[TH.NW] OFFSET_PP [-80.00] computed successfully.
[TH.NW] OFFSET_PP [-60.00] computed successfully.
[TH.NW] OFFSET_PP [-40.00] computed successfully.
[TH.NW] OFFSET_PP [-20.00] computed successfully.
[TH.NW] OFFSET_PP [0.00] computed successfully.
[TH.NW] OFFSET_PP [20.00] computed successfully.
[TH.NW] OFFSET_PP [40.00] computed successfully.
[TH.NW] OFFSET_PP [60.00] computed successfully.
[TH.NW] OFFSET_PP [80.00] computed successfully.
[TH.NW] OFFSET_PP [100.00] computed successfully.

==================================== LDP Population Coverage Analysis: TH.NW ====================================
|   MSL_PP |   HAE_PP | Province   |   Total_Pts |   Valid_Pts |   Pt_Coverage(%) |   Total_POP |   Valid_POP |   POP_Coverage(%) |   CSF_Lower_ppm |   CSF_Mean_ppm |   CSF_Upper_ppm |
|---------:|---------:|:-----------|------------:|------------:|-----------------:|------------:|------------:|------------------:|----------------:|---------------:|----------------:|
|   -60.91 |   -69.07 | TH.NW      |       17851 |       10439 |            58.48 |     629,798 |     589,837 |             93.65 |           -20.0 |           -8.7 |           +11.0 |
|   -40.91 |   -49.07 | TH.NW      |       17851 |       10805 |            60.53 |     629,798 |     594,342 |             94.37 |           -20.0 |           -6.1 |           +14.0 |
|   -20.91 |   -29.07 | TH.NW      |       17851 |       11327 |            63.45 |     629,798 |     606,324 |             96.27 |           -20.0 |           -3.8 |           +17.0 |
|    -0.91 |    -9.07 | TH.NW      |       17851 |       12063 |            67.58 |     629,798 |     613,736 |             97.45 |           -20.0 |           -1.0 |           +20.0 |
|   +19.09 |   +10.93 | TH.NW      |       17851 |       12412 |            69.53 |     629,798 |     603,400 |             95.81 |           -20.0 |           +0.8 |           +20.0 |
|   +39.09 |   +30.93 | TH.NW      |       17851 |       12543 |            70.26 |     629,798 |     590,859 |             93.82 |           -20.0 |           +2.6 |           +20.0 |
|   +59.09 |   +50.93 | TH.NW      |       17851 |       12595 |            70.56 |     629,798 |     579,895 |             92.08 |           -20.0 |           +4.5 |           +20.0 |
|   +79.09 |   +70.93 | TH.NW      |       17851 |       12423 |            69.59 |     629,798 |     562,327 |             89.29 |           -20.0 |           +6.3 |           +20.0 |
|   +99.09 |   +90.93 | TH.NW      |       17851 |       11698 |            65.53 |     629,798 |     515,572 |             81.86 |           -20.0 |           +7.6 |           +20.0 |
|  +119.09 |  +110.93 | TH.NW      |       17851 |       10422 |            58.38 |     629,798 |     454,672 |             72.19 |           -20.0 |           +8.3 |           +20.0 |
|  +139.09 |  +130.93 | TH.NW      |       17851 |        7265 |            40.70 |     629,798 |     193,332 |             30.70 |           -20.0 |           +6.3 |           +20.0 |
|  +159.09 |  +150.93 | TH.NW      |       17851 |        5501 |            30.82 |     629,798 |      74,799 |             11.88 |           -20.0 |           +4.0 |           +20.0 |
|  +179.09 |  +170.93 | TH.NW      |       17851 |        4838 |            27.10 |     629,798 |      44,084 |              7.00 |           -20.0 |           +3.4 |           +20.0 |
|  +199.09 |  +190.93 | TH.NW      |       17851 |        4614 |            25.85 |     629,798 |      35,239 |              5.60 |           -20.0 |           +4.2 |           +20.0 |
|  +219.09 |  +210.93 | TH.NW      |       17851 |        4401 |            24.65 |     629,798 |      29,005 |              4.61 |           -20.0 |           +4.8 |           +20.0 |
|  +239.09 |  +230.93 | TH.NW      |       17851 |        3993 |            22.37 |     629,798 |      17,349 |              2.75 |           -20.0 |           +4.8 |           +20.0 |
==========================================================================================================================

 -> Plot saved successfully to: OUTPUT_LDP/TH_NW/TH_NW_Plot_PP_Popu.svg

--> [TH.NW] Step 6: 6_LDP_OnePage.py
Processing province: TH_NW
[+] TH_NW: One-Page Report generated successfully.
======================================================================
Completed province: TH.NW
Finished: 2026-08-19T16:39:42+07:00
======================================================================
