======================================================================
Processing province: TH.NK
Started: 2026-08-19T16:23:31+07:00
======================================================================
--> [TH.NK] Step 1: 1_fabdem_province.py
[1/5] Read GADM and select HASC_1=TH.NK
[2/5] Save province and clip FABDEM
[3/5] Generate contours every 100 m with GDAL 3.10.3
[4/5] Calculate statistics and write PDF
[5/5] Write DataFrame summaries

Completed successfully.
HASC_1    NAME_1  contours                                                                                  PDF
 TH.NK Nong Khai       667 /mnt/nvme1/Project/2026-EIT_TH_LDP/src/OUTPUT_FABDEM/TH_NK/TH_NK_fabdem_contours.pdf
--> [TH.NK] Step 2: 2_popu2025_grid.py
[1/4] Select GADM province HASC_1=TH.NK
[2/4] Save boundary and cut population grid
[3/4] Calculate population-grid statistics
[4/4] Write population-grid PDF and summaries

Completed successfully.
HASC_1    NAME_1  population_sum                                                                                       grid
 TH.NK Nong Khai   387254.879956 /mnt/nvme1/Project/2026-EIT_TH_LDP/src/OUTPUT_POP2025/TH_NK/TH_NK_population_2025_100m.tif
--> [TH.NK] Step 3: 3_generate_sample.py
[1/4] Select GADM province HASC_1=TH.NK
 -> [READ] Loading Vector Dataset: OUTPUT_PROV/gadm41_THA.gpkg (Layer: 'ADM_ADM_1')
[2/4] Generate 500.0m grid points
 -> Auto-detected EPSG:32648 for province.
 -> Generated 45,662 bounding box points.
 -> Clipping points to province boundary...
 -> Computing 8-digit Geohashes...
[3/4] Extracting Raster Values (FABDEM MSL & POP2025)...
 -> [READ] Opening Raster File: OUTPUT_FABDEM/TH_NK/TH_NK_fabdem.tif
 -> [READ] Opening Raster File for Area Sum: OUTPUT_POP2025/TH_NK/TH_NK_population_2025_100m.tif
 -> Converting geometries to Lng/Lat (EPSG:4326)...
[4/4] Save GeoPackage Data...
 -> [WRITE] Saving Vector File: /mnt/nvme1/Project/2026-EIT_TH_LDP/src/OUTPUT_SAMPL/TH_NK/TH_NK_SAMPL.gpkg (Layer: 'samples')

[5/5] Comparing POP2025 with DOPA Registration Population...

Completed successfully.
HASC_1  Grid (m)       CRS  Samples           Output POP2025 DOPA_Pop     Diff
 TH.NK     500.0 EPSG:4326    12889 TH_NK_SAMPL.gpkg 389,827  510,189 -120,362
--> [TH.NK] Step 4: 4_analyse_ldp.py
LDP                                            [LCC, 17:56]
FALSE_EN                                               AUTO
PP_MSL                                                  150
GPKG         [OUTPUT_SAMPL/TH_NK/TH_NK_SAMPL.gpkg, samples]
OFFSET_PP      [0.0, default hPP from average topo or pnts]
dtype: object
 -> OUTLIER FILTER: Dropped 264 points.
 -> Dropped MSL values: [-9999, -9999, -9999, -9999, -9999, -9999, 177, 180, 183, 197, 191, 188, 190, 192, 193, 184, 176, 178, 186, 174, 179, 182, 184, 184, 172, 184, 183, 192, 158, 158, 158, 158, 157, 179, 182, 157, 155, 158, 158, 172, 159, 159, 159, 159, 158, 159, 159, 159, 159, 176, 159, 159, 177, 159, 159, 159, 160, 178, 184, 160, 160, 176, 160, 175, 160, 160, 160, 160, 160, 160, 176, 176, 160, 160, 160, 160, 160, 160, 160, 161, 161, 176, 175, 189, 190, 165, 164, 174, 168, 188, 177, 178, 182, 186, 188, 160, 160, 161, 161, 173, 175, 161, 161, 161, 161, 161, 174, 174, 161, 161, 161, 161, 180, 162, 162, 203, 203, 206, 192, 163, 161, 174, 178, 178, 367, 496, 240, 192, 164, 164, 164, 203, 235, 218, 192, 165, 165, 200, 186, 165, 185, 212, 187, 197, 219, 350, 225, 186, 165, 176, 187, 189, 206, 210, 264, 258, 182, 167, 167, 778, 836, 903, 203, 208, 199, 184, 182, 155, 167, 191, 155, 176, 155, 155, 191, 203, 197, 155, 155, 205, 169, 171, 155, 155, 184, 161, 185, 190, 197, 188, 160, 183, 190, 197, 197, 199, 185, 190, 151, 196, 196, 196, 184, 182, 172, 180, 181, 207, 172, 171, 161, 190, 179, 178, 176, 175, 175, 157, 157, 186, 152, 182, 171, 152, 153, 153, 154, 154, 154, 154, 154, 154, 187, 168, 166, 166, 166, 212, 165, 166, 166, 431, 201, 191, 201, 172, 179, 189, 165, 165, 190, 194, 188, 150, 177, 175, 168, 168, 169, 165, 171, 160, 160, 159]
 -> Using user-defined PP_MSL: 150.000m
 -> AUTO detected FALSE_EN: E: 500000, N: 50000
=================================== LDP LCC ====================================
@ Centroid @     <lng=102°50′>    <lat=17°56′>
Offset Projection Plane = +0.0 m. <default hPP from average topo or pnts>
Designed Project Plane : hPP=+118.88 m. / MSL=+150.00 m. tied to k0 = 1.000019
Points CSF min/mean/max [ppm] : -93.4 / -3.0 / +18.5
Points MSL min/mean/max [m.]  : +148.0 / +190.9 / +774.0
|      |       LDP_E |      LDP_N |
|:-----|------------:|-----------:|
| min  | 418,324.395 | 12,641.678 |
| max  | 561,498.527 | 89,922.501 |
| diff | 143,174.132 | 77,280.824 |
{"meta": "LDP_Definition", "PROJ_String_Decimal": "+proj=lcc +lat_1=17.93333333 +lat_0=17.93333333 +lon_0=102.83333333 +k_0=1.000019 +x_0=500000 +y_0=50000 +ellps=WGS84 +units=m +no_defs +type=crs", "PROJ_String_DMS": "+proj=lcc +lat_1=17°56′ +lat_0=17°56′ +lon_0=102°50′ +k_0=1.000019 +x_0=500000 +y_0=50000 +ellps=WGS84 +units=m +no_defs +type=crs"}
Writing definition GPKG : OUTPUT_LDP/TH_NK/TH_NK_LDP.gpkg ...
 -> THINNING: Snapping points to 2 decimal grid for visualization...
 -> THINNING: Plot points reduced from 12625 to 2892.
Writing definition plot : OUTPUT_LDP/TH_NK/TH_NK_LDP.svg...
{"meta": "Coverage_Analysis", "Province": "TH.NK", "Total_Pts": 12889, "Valid_Pts": 11833, "Pt_Coverage(%)": 91.81, "Total_POP": 389826.9244, "Valid_POP": 371113.8236, "POP_Coverage(%)": 95.2, "CSF_Lower_ppm": -19.9, "CSF_Mean_ppm": -0.7, "CSF_Upper_ppm": 18.5}
--> [TH.NK] Step 5: 5_plot_PP_PctPopu.py
[TH.NK] Starting ProcessPoolExecutor with 16 offsets to compute (Mean MSL: 190.92 m)...
[TH.NK] OFFSET_PP [-200.00] computed successfully.
[TH.NK] OFFSET_PP [-180.00] computed successfully.
[TH.NK] OFFSET_PP [-160.00] computed successfully.
[TH.NK] OFFSET_PP [-140.00] computed successfully.
[TH.NK] OFFSET_PP [-120.00] computed successfully.
[TH.NK] OFFSET_PP [-100.00] computed successfully.
[TH.NK] OFFSET_PP [-80.00] computed successfully.
[TH.NK] OFFSET_PP [-60.00] computed successfully.
[TH.NK] OFFSET_PP [-40.00] computed successfully.
[TH.NK] OFFSET_PP [-20.00] computed successfully.
[TH.NK] OFFSET_PP [0.00] computed successfully.
[TH.NK] OFFSET_PP [20.00] computed successfully.
[TH.NK] OFFSET_PP [40.00] computed successfully.
[TH.NK] OFFSET_PP [60.00] computed successfully.
[TH.NK] OFFSET_PP [80.00] computed successfully.
[TH.NK] OFFSET_PP [100.00] computed successfully.

==================================== LDP Population Coverage Analysis: TH.NK ====================================
|   MSL_PP |   HAE_PP | Province   |   Total_Pts |   Valid_Pts |   Pt_Coverage(%) |   Total_POP |   Valid_POP |   POP_Coverage(%) |   CSF_Lower_ppm |   CSF_Mean_ppm |   CSF_Upper_ppm |
|---------:|---------:|:-----------|------------:|------------:|-----------------:|------------:|------------:|------------------:|----------------:|---------------:|----------------:|
|    -9.08 |   -40.20 | TH.NK      |       12889 |        1329 |            10.31 |     389,827 |      38,319 |              9.83 |           -20.0 |          -15.7 |            -6.5 |
|   +10.92 |   -20.20 | TH.NK      |       12889 |        2602 |            20.19 |     389,827 |      64,508 |             16.55 |           -20.0 |          -15.6 |            -3.5 |
|   +30.92 |    -0.20 | TH.NK      |       12889 |        5222 |            40.52 |     389,827 |     137,852 |             35.36 |           -20.0 |          -15.7 |            -0.5 |
|   +50.92 |   +19.80 | TH.NK      |       12889 |        9924 |            77.00 |     389,827 |     343,343 |             88.08 |           -20.0 |          -15.3 |            +2.5 |
|   +70.92 |   +39.80 | TH.NK      |       12889 |       11060 |            85.81 |     389,827 |     363,239 |             93.18 |           -20.0 |          -12.9 |            +5.5 |
|   +90.92 |   +59.80 | TH.NK      |       12889 |       11383 |            88.32 |     389,827 |     367,395 |             94.25 |           -20.0 |          -10.2 |            +8.5 |
|  +110.92 |   +79.80 | TH.NK      |       12889 |       11594 |            89.95 |     389,827 |     370,249 |             94.98 |           -20.0 |           -6.4 |           +12.5 |
|  +130.92 |   +99.80 | TH.NK      |       12889 |       11731 |            91.02 |     389,827 |     370,937 |             95.15 |           -20.0 |           -3.5 |           +15.5 |
|  +150.92 |  +119.80 | TH.NK      |       12889 |       11833 |            91.81 |     389,827 |     371,114 |             95.20 |           -19.9 |           -0.7 |           +18.5 |
|  +170.92 |  +139.80 | TH.NK      |       12889 |       11915 |            92.44 |     389,827 |     370,831 |             95.13 |           -20.0 |           +2.1 |           +20.0 |
|  +190.92 |  +159.80 | TH.NK      |       12889 |       11907 |            92.38 |     389,827 |     367,701 |             94.32 |           -19.9 |           +4.7 |           +20.0 |
|  +210.92 |  +179.80 | TH.NK      |       12889 |       11825 |            91.74 |     389,827 |     365,016 |             93.64 |           -20.0 |           +7.2 |           +20.0 |
|  +230.92 |  +199.80 | TH.NK      |       12889 |       11462 |            88.93 |     389,827 |     352,766 |             90.49 |           -20.0 |           +9.6 |           +20.0 |
|  +250.92 |  +219.80 | TH.NK      |       12889 |       10601 |            82.25 |     389,827 |     326,339 |             83.71 |           -19.9 |          +12.6 |           +20.0 |
|  +270.92 |  +239.80 | TH.NK      |       12889 |        9195 |            71.34 |     389,827 |     293,982 |             75.41 |           -19.9 |          +14.6 |           +20.0 |
|  +290.92 |  +259.80 | TH.NK      |       12889 |        5167 |            40.09 |     389,827 |     151,128 |             38.77 |           -20.0 |          +14.4 |           +20.0 |
==========================================================================================================================

 -> Plot saved successfully to: OUTPUT_LDP/TH_NK/TH_NK_Plot_PP_Popu.svg

--> [TH.NK] Step 6: 6_LDP_OnePage.py
Processing province: TH_NK
[+] TH_NK: One-Page Report generated successfully.
======================================================================
Completed province: TH.NK
Finished: 2026-08-19T16:33:38+07:00
======================================================================
