======================================================================
Processing province: TH.LE
Started: 2026-08-19T16:04:17+07:00
======================================================================
--> [TH.LE] Step 1: 1_fabdem_province.py
[1/5] Read GADM and select HASC_1=TH.LE
[2/5] Save province and clip FABDEM
[3/5] Generate contours every 100 m with GDAL 3.10.3
[4/5] Calculate statistics and write PDF
[5/5] Write DataFrame summaries

Completed successfully.
HASC_1 NAME_1  contours                                                                                  PDF
 TH.LE   Loei      6475 /mnt/nvme1/Project/2026-EIT_TH_LDP/src/OUTPUT_FABDEM/TH_LE/TH_LE_fabdem_contours.pdf
--> [TH.LE] Step 2: 2_popu2025_grid.py
[1/4] Select GADM province HASC_1=TH.LE
[2/4] Save boundary and cut population grid
[3/4] Calculate population-grid statistics
[4/4] Write population-grid PDF and summaries

Completed successfully.
HASC_1 NAME_1  population_sum                                                                                       grid
 TH.LE   Loei   455703.432971 /mnt/nvme1/Project/2026-EIT_TH_LDP/src/OUTPUT_POP2025/TH_LE/TH_LE_population_2025_100m.tif
--> [TH.LE] Step 3: 3_generate_sample.py
[1/4] Select GADM province HASC_1=TH.LE
 -> [READ] Loading Vector Dataset: OUTPUT_PROV/gadm41_THA.gpkg (Layer: 'ADM_ADM_1')
[2/4] Generate 500.0m grid points
 -> Auto-detected EPSG:32647 for province.
 -> Generated 93,765 bounding box points.
 -> Clipping points to province boundary...
 -> Computing 8-digit Geohashes...
[3/4] Extracting Raster Values (FABDEM MSL & POP2025)...
 -> [READ] Opening Raster File: OUTPUT_FABDEM/TH_LE/TH_LE_fabdem.tif
 -> [READ] Opening Raster File for Area Sum: OUTPUT_POP2025/TH_LE/TH_LE_population_2025_100m.tif
 -> Converting geometries to Lng/Lat (EPSG:4326)...
[4/4] Save GeoPackage Data...
 -> [WRITE] Saving Vector File: /mnt/nvme1/Project/2026-EIT_TH_LDP/src/OUTPUT_SAMPL/TH_LE/TH_LE_SAMPL.gpkg (Layer: 'samples')

[5/5] Comparing POP2025 with DOPA Registration Population...

Completed successfully.
HASC_1  Grid (m)       CRS  Samples           Output POP2025 DOPA_Pop     Diff
 TH.LE     500.0 EPSG:4326    42185 TH_LE_SAMPL.gpkg 450,094  629,377 -179,283
--> [TH.LE] Step 4: 4_analyse_ldp.py
LDP                                            [TM, 101:38]
FALSE_EN                                 [250000, -1170000]
PP_MSL                                                  240
POPU_PLOT                                    [550, 100, 20]
GPKG         [OUTPUT_SAMPL/TH_LE/TH_LE_SAMPL.gpkg, samples]
OFFSET_PP      [0.0, default hPP from average topo or pnts]
dtype: object
 -> OUTLIER FILTER: Dropped 861 points.
 -> Dropped MSL values: [-9999, -9999, -9999, -9999, -9999, -9999, -9999, -9999, -9999, -9999, -9999, -9999, -9999, -9999, -9999, -9999, -9999, 1729, 1696, 1672, 1695, 1581, 269, 739, 715, 693, 784, 413, 439, 466, 426, 464, 501, 770, 872, 883, 924, 886, 867, 471, 586, 584, 508, 818, 859, 829, 804, 896, 797, 964, 981, 981, 1358, 1386, 1320, 1330, 1292, 1043, 1074, 1743, 1692, 772, 779, 768, 727, 700, 726, 727, 736, 735, 747, 736, 654, 724, 636, 751, 655, 746, 732, 491, 266, 497, 496, 730, 734, 609, 1037, 593, 1031, 1026, 703, 694, 660, 806, 746, 629, 636, 631, 603, 594, 624, 596, 890, 611, 877, 881, 880, 1275, 1234, 1310, 1240, 1250, 1232, 1114, 605, 658, 658, 665, 651, 654, 590, 1456, 1478, 1458, 1472, 1279, 620, 628, 614, 629, 610, 650, 785, 837, 611, 490, 447, 608, 462, 614, 435, 626, 689, 1292, 1330, 1372, 1293, 1288, 372, 1130, 1116, 945, 685, 754, 426, 384, 396, 496, 370, 458, 449, 424, 440, 239, 237, 237, 1303, 1057, 1062, 1036, 1081, 1120, 1040, 1029, 1138, 460, 525, 984, 1225, 1014, 1041, 1022, 1032, 977, 1081, 547, 547, 536, 543, 561, 1369, 1341, 556, 701, 381, 831, 286, 750, 911, 272, 296, 271, 276, 294, 273, 296, 306, 1186, 1203, 307, 1187, 1154, 1186, 1281, 1165, 1270, 1156, 296, 291, 295, 293, 294, 538, 458, 526, 753, 786, 741, 760, 431, 655, 662, 671, 763, 306, 678, 726, 739, 732, 745, 701, 678, 671, 717, 308, 310, 507, 510, 535, 706, 737, 834, 963, 823, 500, 587, 927, 562, 1050, 992, 837, 983, 515, 503, 313, 1225, 1223, 1300, 1286, 1242, 1231, 1226, 577, 1228, 1306, 1290, 1233, 1233, 1210, 679, 343, 337, 385, 340, 403, 354, 474, 333, 314, 312, 327, 386, 342, 342, 335, 438, 476, 432, 382, 355, 369, 410, 346, 344, 326, 318, 301, 327, 306, 319, 386, 292, 290, 281, 1251, 1222, 1213, 1249, 1227, 1208, 1489, 1521, 1490, 1340, 1263, 1256, 1329, 1335, 1185, 1256, 1271, 1255, 1200, 1196, 1202, 1242, 1259, 1221, 1329, 1204, 1274, 1216, 1222, 1264, 284, 302, 325, 313, 339, 316, 321, 317, 477, 477, 394, 387, 468, 383, 383, 532, 488, 494, 295, 354, 361, 317, 377, 440, 336, 326, 367, 373, 365, 351, 357, 354, 282, 305, 275, 277, 308, 299, 592, 266, 279, 274, 267, 213, 344, 318, 340, 403, 385, 360, 314, 348, 347, 329, 604, 586, 321, 597, 318, 372, 368, 364, 638, 672, 652, 744, 392, 402, 358, 320, 391, 336, 331, 472, 402, 298, 304, 307, 359, 302, 367, 293, 342, 334, 338, 356, 350, 372, 911, 951, 362, 365, 355, 372, 368, 357, 370, 367, 368, 374, 358, 352, 380, 328, 355, 313, 322, 589, 376, 312, 302, 386, 389, 360, 361, 380, 386, 369, 340, 426, 426, 410, 420, 452, 481, 393, 493, 312, 293, 306, 550, 474, 292, 304, 311, 306, 314, 310, 319, 314, 389, 317, 397, 350, 465, 504, 456, 532, 469, 349, 482, 492, 535, 308, 305, 249, 277, 296, 357, 431, 426, 406, 405, 407, 411, 416, 355, 411, 502, 411, 344, 396, 327, 350, 386, 429, 424, 380, 359, 504, 503, 461, 436, 460, 397, 330, 391, 333, 378, 315, 326, 340, 373, 763, 752, 725, 698, 1272, 747, 713, 700, 639, 614, 697, 594, 737, 427, 428, 450, 438, 492, 353, 311, 331, 319, 333, 426, 364, 356, 356, 343, 343, 325, 521, 539, 596, 595, 787, 391, 252, 265, 255, 778, 805, 395, 370, 409, 432, 362, 405, 373, 694, 553, 422, 350, 339, 609, 344, 620, 619, 718, 616, 442, 486, 398, 376, 418, 344, 443, 388, 490, 476, 730, 699, 457, 484, 693, 468, 352, 648, 373, 504, 472, 440, 490, 469, 494, 607, 346, 605, 367, 382, 689, 308, 464, 389, 423, 452, 452, 391, 434, 406, 417, 573, 240, 239, 234, 590, 565, 228, 236, 233, 357, 439, 450, 453, 478, 340, 338, 453, 452, 443, 428, 403, 276, 566, 588, 773, 646, 671, 572, 643, 577, 589, 560, 570, 305, 287, 295, 297, 322, 281, 273, 218, 465, 531, 489, 203, 203, 203, 203, 527, 675, 645, 530, 240, 542, 685, 717, 642, 613, 639, 276, 356, 592, 594, 394, 414, 414, 579, 546, 413, 358, 450, 436, 408, 315, 395, 334, 444, 507, 401, 420, 399, 382, 288, 453, 388, 396, 456, 432, 354, 289, 395, 404, 427, 412, 408, 476, 483, 438, 400, 496, 523, 558, 498, 518, 534, 456, 474, 474, 456, 489, 446, 445, 510, 461, 538, 478, 499, 491, 474, 452, 315, 309, 317, 469, 471, 440, 447, 464, 440, 545, 488, 434, 494, 468, 433, 449, 505, 433, 477, 465, 398, 405, 472, 605, 443, 483, 404, 435, 407, 339, 534, 563, 555, 435, 486, 541, 532, 514, 487, 490, 765, 573, 584, 574, 489, 509, 537, 448, 441, 462, 469, 462, 494, 423, 529, 441, 463, 437, 557, 605, 661, 632, 555, 583, 553, 723, 514, 705, 741, 738, 760, 703, 538, 580, 757, 890, 288, 583, 559, 564, 456, 429, 424, 374, 851, 902, 866, 699, 304, 677, 281, 289, 312, 190, 190, 190, 658, 750, 700, 180, 180, 696, 671, 670]
 -> Using user-defined PP_MSL: 240.000m
==================================== LDP TM ====================================
@ Centroid @     <lng=101°38′>    <lat=17°24′>
Offset Projection Plane = +0.0 m. <default hPP from average topo or pnts>
Designed Project Plane : hPP=+208.78 m. / MSL=+240.00 m. tied to k0 = 1.000033
Points CSF min/mean/max [ppm] : -210.3 / -25.2 / +41.1
Points MSL min/mean/max [m.]  : +176.0 / +484.5 / +1679.0
|      |       LDP_E |       LDP_N |
|:-----|------------:|------------:|
| min  | 165,341.224 | 682,805.975 |
| max  | 305,126.480 | 845,173.237 |
| diff | 139,785.256 | 162,367.262 |
{"meta": "LDP_Definition", "PROJ_String_Decimal": "+proj=tmerc +lat_0=0.0 +lon_0=101.63333333 +k_0=1.000033 +x_0=250000 +y_0=-1170000 +ellps=WGS84 +units=m +no_defs +type=crs", "PROJ_String_DMS": "+proj=tmerc +lat_0=0.0 +lon_0=101°38′ +k_0=1.000033 +x_0=250000 +y_0=-1170000 +ellps=WGS84 +units=m +no_defs +type=crs"}
Writing definition GPKG : OUTPUT_LDP/TH_LE/TH_LE_LDP.gpkg ...
 -> THINNING: Snapping points to 2 decimal grid for visualization...
 -> THINNING: Plot points reduced from 41324 to 9168.
Writing definition plot : OUTPUT_LDP/TH_LE/TH_LE_LDP.svg...
{"meta": "Coverage_Analysis", "Province": "TH.LE", "Total_Pts": 42185, "Valid_Pts": 24359, "Pt_Coverage(%)": 57.74, "Total_POP": 450093.63159999996, "Valid_POP": 386589.5036, "POP_Coverage(%)": 85.89, "CSF_Lower_ppm": -20.0, "CSF_Mean_ppm": -3.4, "CSF_Upper_ppm": 20.0}
--> [TH.LE] Step 5: 5_plot_PP_PctPopu.py
[TH.LE] POPU_PLOT found in TOML. Overriding MSL bounds: Upper=550.0, Lower=100.0, Step=20.0
[TH.LE] Starting ProcessPoolExecutor with 23 offsets to compute (Mean MSL: 484.49 m)...
[TH.LE] OFFSET_PP [-384.49] computed successfully.
[TH.LE] OFFSET_PP [-364.49] computed successfully.
[TH.LE] OFFSET_PP [-344.49] computed successfully.
[TH.LE] OFFSET_PP [-324.49] computed successfully.
[TH.LE] OFFSET_PP [-304.49] computed successfully.
[TH.LE] OFFSET_PP [-284.49] computed successfully.
[TH.LE] OFFSET_PP [-264.49] computed successfully.
[TH.LE] OFFSET_PP [-244.49] computed successfully.
[TH.LE] OFFSET_PP [-224.49] computed successfully.
[TH.LE] OFFSET_PP [-204.49] computed successfully.
[TH.LE] OFFSET_PP [-184.49] computed successfully.
[TH.LE] OFFSET_PP [-164.49] computed successfully.
[TH.LE] OFFSET_PP [-144.49] computed successfully.
[TH.LE] OFFSET_PP [-124.49] computed successfully.
[TH.LE] OFFSET_PP [-104.49] computed successfully.
[TH.LE] OFFSET_PP [-84.49] computed successfully.
[TH.LE] OFFSET_PP [-64.49] computed successfully.
[TH.LE] OFFSET_PP [-44.49] computed successfully.
[TH.LE] OFFSET_PP [-24.49] computed successfully.
[TH.LE] OFFSET_PP [-4.49] computed successfully.
[TH.LE] OFFSET_PP [15.51] computed successfully.
[TH.LE] OFFSET_PP [35.51] computed successfully.
[TH.LE] OFFSET_PP [55.51] computed successfully.

==================================== LDP Population Coverage Analysis: TH.LE ====================================
|   MSL_PP |   HAE_PP | Province   |   Total_Pts |   Valid_Pts |   Pt_Coverage(%) |   Total_POP |   Valid_POP |   POP_Coverage(%) |   CSF_Lower_ppm |   CSF_Mean_ppm |   CSF_Upper_ppm |
|---------:|---------:|:-----------|------------:|------------:|-----------------:|------------:|------------:|------------------:|----------------:|---------------:|----------------:|
|  +100.00 |   +68.78 | TH.LE      |       42185 |        6745 |            15.99 |     450,094 |     128,389 |             28.52 |           -20.0 |          -12.1 |           +19.1 |
|  +120.00 |   +88.78 | TH.LE      |       42185 |       10062 |            23.85 |     450,094 |     254,722 |             56.59 |           -20.0 |          -12.3 |           +19.6 |
|  +140.00 |  +108.78 | TH.LE      |       42185 |       13483 |            31.96 |     450,094 |     314,744 |             69.93 |           -20.0 |          -11.7 |           +19.9 |
|  +160.00 |  +128.78 | TH.LE      |       42185 |       16757 |            39.72 |     450,094 |     358,010 |             79.54 |           -20.0 |          -10.7 |           +19.9 |
|  +180.00 |  +148.78 | TH.LE      |       42185 |       19351 |            45.87 |     450,094 |     375,751 |             83.48 |           -20.0 |           -9.4 |           +20.0 |
|  +200.00 |  +168.78 | TH.LE      |       42185 |       21831 |            51.75 |     450,094 |     385,004 |             85.54 |           -20.0 |           -7.1 |           +20.0 |
|  +220.00 |  +188.78 | TH.LE      |       42185 |       23298 |            55.23 |     450,094 |     387,709 |             86.14 |           -20.0 |           -5.3 |           +20.0 |
|  +240.00 |  +208.78 | TH.LE      |       42185 |       24359 |            57.74 |     450,094 |     386,590 |             85.89 |           -20.0 |           -3.4 |           +20.0 |
|  +260.00 |  +228.78 | TH.LE      |       42185 |       25131 |            59.57 |     450,094 |     385,084 |             85.56 |           -20.0 |           -1.5 |           +20.0 |
|  +280.00 |  +248.78 | TH.LE      |       42185 |       25589 |            60.66 |     450,094 |     374,711 |             83.25 |           -20.0 |           +0.4 |           +20.0 |
|  +300.00 |  +268.78 | TH.LE      |       42185 |       25713 |            60.95 |     450,094 |     365,102 |             81.12 |           -20.0 |           +2.2 |           +20.0 |
|  +320.00 |  +288.78 | TH.LE      |       42185 |       25750 |            61.04 |     450,094 |     358,580 |             79.67 |           -20.0 |           +3.9 |           +20.0 |
|  +340.00 |  +308.78 | TH.LE      |       42185 |       24940 |            59.12 |     450,094 |     326,203 |             72.47 |           -20.0 |           +5.7 |           +20.0 |
|  +360.00 |  +328.78 | TH.LE      |       42185 |       22971 |            54.45 |     450,094 |     240,593 |             53.45 |           -20.0 |           +6.1 |           +20.0 |
|  +380.00 |  +348.78 | TH.LE      |       42185 |       20462 |            48.51 |     450,094 |     147,700 |             32.82 |           -20.0 |           +6.0 |           +20.0 |
|  +400.00 |  +368.78 | TH.LE      |       42185 |       17806 |            42.21 |     450,094 |      92,904 |             20.64 |           -20.0 |           +5.3 |           +20.0 |
|  +420.00 |  +388.78 | TH.LE      |       42185 |       15303 |            36.28 |     450,094 |      64,238 |             14.27 |           -20.0 |           +4.4 |           +20.0 |
|  +440.00 |  +408.78 | TH.LE      |       42185 |       13443 |            31.87 |     450,094 |      52,707 |             11.71 |           -20.0 |           +3.7 |           +20.0 |
|  +460.00 |  +428.78 | TH.LE      |       42185 |       12021 |            28.50 |     450,094 |      45,719 |             10.16 |           -20.0 |           +3.2 |           +20.0 |
|  +480.00 |  +448.78 | TH.LE      |       42185 |       10549 |            25.01 |     450,094 |      39,913 |              8.87 |           -20.0 |           +2.8 |           +20.0 |
|  +500.00 |  +468.78 | TH.LE      |       42185 |        9804 |            23.24 |     450,094 |      37,577 |              8.35 |           -20.0 |           +2.8 |           +20.0 |
|  +520.00 |  +488.78 | TH.LE      |       42185 |        9122 |            21.62 |     450,094 |      35,565 |              7.90 |           -20.0 |           +2.9 |           +20.0 |
|  +540.00 |  +508.78 | TH.LE      |       42185 |        8579 |            20.34 |     450,094 |      34,655 |              7.70 |           -20.0 |           +3.2 |           +20.0 |
==========================================================================================================================

 -> Plot saved successfully to: OUTPUT_LDP/TH_LE/TH_LE_Plot_PP_Popu.svg

--> [TH.LE] Step 6: 6_LDP_OnePage.py
Processing province: TH_LE
[+] TH_LE: One-Page Report generated successfully.
======================================================================
Completed province: TH.LE
Finished: 2026-08-19T16:36:42+07:00
======================================================================
