======================================================================
Processing province: TH.UR_N
Started: 2026-08-16T12:10:07+07:00
======================================================================
--> [TH.UR_N] Step 1: 1_fabdem_province.py
[1/5] Read GADM and select HASC_1=TH.UR_N
[2/5] Save province and clip FABDEM
[3/5] Generate contours every 100 m with GDAL 3.10.3
[4/5] Calculate statistics and write PDF
[5/5] Write DataFrame summaries

Completed successfully.
 HASC_1                 NAME_1  contours                                                                                      PDF
TH.UR_N Ubon Ratchathani North       452 /mnt/nvme1/Project/2026-EIT_TH_LDP/src/OUTPUT_FABDEM/TH_UR_N/TH_UR_N_fabdem_contours.pdf
--> [TH.UR_N] Step 2: 2_popu2025_grid.py
[1/4] Select GADM province HASC_1=TH.UR_N
[2/4] Save boundary and cut population grid
[3/4] Calculate population-grid statistics
[4/4] Write population-grid PDF and summaries

Completed successfully.
 HASC_1                 NAME_1  population_sum                                                                                           grid
TH.UR_N Ubon Ratchathani North   405162.537689 /mnt/nvme1/Project/2026-EIT_TH_LDP/src/OUTPUT_POP2025/TH_UR_N/TH_UR_N_population_2025_100m.tif
--> [TH.UR_N] Step 3: 3_generate_sample.py
[1/4] Select GADM province HASC_1=TH.UR_N
 -> [READ] Loading Vector Dataset: OUTPUT_PROV/gadm41_THA.gpkg (Layer: 'ADM_ADM_1')
[2/4] Generate 1000.0m grid points
 -> Auto-detected EPSG:32648 for province.
 -> Generated 7,885 bounding box points.
 -> Clipping points to province boundary...
 -> Computing 7-digit Geohashes...
[3/4] Extracting Raster Values (FABDEM MSL & POP2025)...
 -> [READ] Opening Raster File: OUTPUT_FABDEM/TH_UR_N/TH_UR_N_fabdem.tif
 -> [READ] Opening Raster File for Area Sum: OUTPUT_POP2025/TH_UR_N/TH_UR_N_population_2025_100m.tif
 -> Converting geometries to Lng/Lat (EPSG:4326)...
[4/4] Save GeoPackage Data...
 -> [WRITE] Saving Vector File: /mnt/nvme1/Project/2026-EIT_TH_LDP/src/OUTPUT_SAMPL/TH_UR_N/TH_UR_N_SAMPL.gpkg (Layer: 'samples')

[5/5] Comparing POP2025 with DOPA Registration Population...

Completed successfully.
 HASC_1  Grid (m)       CRS  Samples             Output POP2025  DOPA_Pop       Diff
TH.UR_N    1000.0 EPSG:4326     4646 TH_UR_N_SAMPL.gpkg 400,910 1,865,501 -1,464,591
--> [TH.UR_N] Step 4: 4_analyse_ldp.py
LDP                                               [TM, 105:15]
FALSE_EN                                     [50000, -1580000]
PP_MSL                                                     100
GPKG         [OUTPUT_SAMPL/TH_UR_N/TH_UR_N_SAMPL.gpkg, samp...
OFFSET_PP         [0.0, default hPP from average topo or pnts]
dtype: object
 -> OUTLIER FILTER: Dropped 94 points.
 -> Dropped MSL values: [-9999, 545, 467, 434, 404, 442, 442, 488, 415, 361, 214, 273, 234, 204, 259, 203, 216, 256, 240, 182, 188, 184, 189, 187, 180, 270, 114, 108, 131, 131, 122, 126, 288, 279, 327, 289, 286, 262, 259, 138, 140, 115, 129, 146, 129, 232, 135, 299, 189, 177, 182, 142, 146, 455, 110, 144, 155, 240, 251, 213, 267, 273, 284, 280, 185, 239, 227, 235, 249, 257, 225, 249, 314, 246, 240, 114, 114, 157, 220, 224, 207, 292, 115, 116, 116, 173, 118, 177, 179, 119, 119, 119, 118, 118]
 -> Using user-defined PP_MSL: 100.000m
==================================== LDP TM ====================================
@ Centroid @     <lng=105°15′>    <lat=15°40′>
Offset Projection Plane = +0.0 m. <default hPP from average topo or pnts>
Designed Project Plane : hPP=+79.37 m. / MSL=+100.00 m. tied to k0 = 1.000012
Points CSF min/mean/max [ppm] : -48.4 / -5.5 / +19.1
Points MSL min/mean/max [m.]  : +98.0 / +160.6 / +452.0
|      |      LDP_E |       LDP_N |
|:-----|-----------:|------------:|
| min  | 12,177.089 | 108,641.043 |
| max  | 91,224.072 | 199,743.365 |
| diff | 79,046.983 |  91,102.322 |
{"meta": "LDP_Definition", "PROJ_String_Decimal": "+proj=tmerc +lat_0=0.0 +lon_0=105.25000000 +k_0=1.000012 +x_0=50000 +y_0=-1580000 +ellps=WGS84 +units=m +no_defs +type=crs", "PROJ_String_DMS": "+proj=tmerc +lat_0=0.0 +lon_0=105°15′ +k_0=1.000012 +x_0=50000 +y_0=-1580000 +ellps=WGS84 +units=m +no_defs +type=crs"}
Writing definition GPKG : OUTPUT_LDP/TH_UR_N/TH_UR_N_LDP.gpkg ...
 -> THINNING: Snapping points to 2 decimal grid for visualization...
 -> THINNING: Plot points reduced from 4552 to 3859.
Writing definition plot : OUTPUT_LDP/TH_UR_N/TH_UR_N_LDP.svg...
{"meta": "Coverage_Analysis", "Province": "TH.UR_N", "Total_Pts": 4646, "Valid_Pts": 4439, "Pt_Coverage(%)": 95.54, "Total_POP": 400909.58389999997, "Valid_POP": 396067.70180000004, "POP_Coverage(%)": 98.79, "CSF_Lower_ppm": -20.0, "CSF_Mean_ppm": -4.9, "CSF_Upper_ppm": 19.1}
--> [TH.UR_N] Step 5: 5_plot_PP_PctPopu.py
[TH.UR_N] Starting ProcessPoolExecutor with 16 offsets to compute (Mean MSL: 160.56 m)...
[TH.UR_N] OFFSET_PP [-200.00] computed successfully.
[TH.UR_N] OFFSET_PP [-180.00] computed successfully.
[TH.UR_N] OFFSET_PP [-160.00] computed successfully.
[TH.UR_N] OFFSET_PP [-140.00] computed successfully.
[TH.UR_N] OFFSET_PP [-120.00] computed successfully.
[TH.UR_N] OFFSET_PP [-100.00] computed successfully.
[TH.UR_N] OFFSET_PP [-80.00] computed successfully.
[TH.UR_N] OFFSET_PP [-60.00] computed successfully.
[TH.UR_N] OFFSET_PP [-40.00] computed successfully.
[TH.UR_N] OFFSET_PP [-20.00] computed successfully.
[TH.UR_N] OFFSET_PP [0.00] computed successfully.
[TH.UR_N] OFFSET_PP [20.00] computed successfully.
[TH.UR_N] OFFSET_PP [40.00] computed successfully.
[TH.UR_N] OFFSET_PP [60.00] computed successfully.
[TH.UR_N] OFFSET_PP [80.00] computed successfully.
[TH.UR_N] OFFSET_PP [100.00] computed successfully.

==================================== LDP Population Coverage Analysis: TH.UR_N ====================================
|   MSL_PP |   HAE_PP | Province   |   Total_Pts |   Valid_Pts |   Pt_Coverage(%) |   Total_POP |   Valid_POP |   POP_Coverage(%) |   CSF_Lower_ppm |   CSF_Mean_ppm |   CSF_Upper_ppm |
|---------:|---------:|:-----------|------------:|------------:|-----------------:|------------:|------------:|------------------:|----------------:|---------------:|----------------:|
|   -39.44 |   -60.06 | TH.UR_N    |        4646 |         697 |            15.00 |     400,910 |      80,181 |             20.00 |           -20.0 |          -15.4 |            -1.9 |
|   -19.44 |   -40.06 | TH.UR_N    |        4646 |        1192 |            25.66 |     400,910 |     128,686 |             32.10 |           -20.0 |          -15.0 |            +1.1 |
|    +0.56 |   -20.06 | TH.UR_N    |        4646 |        1935 |            41.65 |     400,910 |     188,855 |             47.11 |           -20.0 |          -14.5 |            +4.1 |
|   +20.56 |    -0.06 | TH.UR_N    |        4646 |        3102 |            66.77 |     400,910 |     308,592 |             76.97 |           -20.0 |          -14.2 |            +7.1 |
|   +40.56 |   +19.94 | TH.UR_N    |        4646 |        3868 |            83.25 |     400,910 |     373,732 |             93.22 |           -20.0 |          -12.6 |           +10.1 |
|   +60.56 |   +39.94 | TH.UR_N    |        4646 |        4170 |            89.75 |     400,910 |     387,601 |             96.68 |           -20.0 |          -10.2 |           +13.1 |
|   +80.56 |   +59.94 | TH.UR_N    |        4646 |        4351 |            93.65 |     400,910 |     394,821 |             98.48 |           -20.0 |           -7.7 |           +16.1 |
|  +100.56 |   +79.94 | TH.UR_N    |        4646 |        4451 |            95.80 |     400,910 |     396,548 |             98.91 |           -20.0 |           -4.0 |           +20.0 |
|  +120.56 |   +99.94 | TH.UR_N    |        4646 |        4472 |            96.25 |     400,910 |     396,427 |             98.88 |           -19.9 |           -1.2 |           +20.0 |
|  +140.56 |  +119.94 | TH.UR_N    |        4646 |        4464 |            96.08 |     400,910 |     395,750 |             98.71 |           -19.9 |           +1.6 |           +19.7 |
|  +160.56 |  +139.94 | TH.UR_N    |        4646 |        4425 |            95.24 |     400,910 |     391,999 |             97.78 |           -19.9 |           +4.3 |           +20.0 |
|  +180.56 |  +159.94 | TH.UR_N    |        4646 |        4308 |            92.72 |     400,910 |     376,155 |             93.83 |           -19.9 |           +6.9 |           +20.0 |
|  +200.56 |  +179.94 | TH.UR_N    |        4646 |        4155 |            89.43 |     400,910 |     358,865 |             89.51 |           -20.0 |           +9.3 |           +20.0 |
|  +220.56 |  +199.94 | TH.UR_N    |        4646 |        3852 |            82.91 |     400,910 |     316,740 |             79.01 |           -19.4 |          +11.5 |           +20.0 |
|  +240.56 |  +219.94 | TH.UR_N    |        4646 |        3182 |            68.49 |     400,910 |     255,231 |             63.66 |           -16.4 |          +14.2 |           +20.0 |
|  +260.56 |  +239.94 | TH.UR_N    |        4646 |        2261 |            48.67 |     400,910 |     170,278 |             42.47 |           -13.4 |          +15.5 |           +20.0 |
==========================================================================================================================

 -> Plot saved successfully to: OUTPUT_LDP/TH_UR_N/TH_UR_N_Plot_PP_Popu.svg

--> [TH.UR_N] Step 6: 6_LDP_OnePage.py
Processing province: TH_UR_N
[+] TH_UR_N: One-Page Report generated successfully.
======================================================================
Completed province: TH.UR_N
Finished: 2026-08-16T12:13:30+07:00
======================================================================
