======================================================================
Processing province: TH.RN
Started: 2026-08-19T16:42:10+07:00
======================================================================
--> [TH.RN] Step 1: 1_fabdem_province.py
[1/5] Read GADM and select HASC_1=TH.RN
[2/5] Save province and clip FABDEM
[3/5] Generate contours every 100 m with GDAL 3.10.3
[4/5] Calculate statistics and write PDF
[5/5] Write DataFrame summaries

Completed successfully.
HASC_1 NAME_1  contours                                                                                  PDF
 TH.RN Ranong      2339 /mnt/nvme1/Project/2026-EIT_TH_LDP/src/OUTPUT_FABDEM/TH_RN/TH_RN_fabdem_contours.pdf
--> [TH.RN] Step 2: 2_popu2025_grid.py
[1/4] Select GADM province HASC_1=TH.RN
[2/4] Save boundary and cut population grid
[3/4] Calculate population-grid statistics
[4/4] Write population-grid PDF and summaries

Completed successfully.
HASC_1 NAME_1  population_sum                                                                                       grid
 TH.RN Ranong   346967.495383 /mnt/nvme1/Project/2026-EIT_TH_LDP/src/OUTPUT_POP2025/TH_RN/TH_RN_population_2025_100m.tif
--> [TH.RN] Step 3: 3_generate_sample.py
[1/4] Select GADM province HASC_1=TH.RN
 -> [READ] Loading Vector Dataset: OUTPUT_PROV/gadm41_THA.gpkg (Layer: 'ADM_ADM_1')
[2/4] Generate 500.0m grid points
 -> Auto-detected EPSG:32647 for province.
 -> Generated 42,112 bounding box points.
 -> Clipping points to province boundary...
 -> Computing 8-digit Geohashes...
[3/4] Extracting Raster Values (FABDEM MSL & POP2025)...
 -> [READ] Opening Raster File: OUTPUT_FABDEM/TH_RN/TH_RN_fabdem.tif
 -> [READ] Opening Raster File for Area Sum: OUTPUT_POP2025/TH_RN/TH_RN_population_2025_100m.tif
 -> Converting geometries to Lng/Lat (EPSG:4326)...
[4/4] Save GeoPackage Data...
 -> [WRITE] Saving Vector File: /mnt/nvme1/Project/2026-EIT_TH_LDP/src/OUTPUT_SAMPL/TH_RN/TH_RN_SAMPL.gpkg (Layer: 'samples')

[5/5] Comparing POP2025 with DOPA Registration Population...

Completed successfully.
HASC_1  Grid (m)       CRS  Samples           Output POP2025 DOPA_Pop    Diff
 TH.RN     500.0 EPSG:4326    12263 TH_RN_SAMPL.gpkg 342,902  192,487 150,415
--> [TH.RN] Step 4: 4_analyse_ldp.py
LDP                                             [TM, 98:42]
FALSE_EN                                               AUTO
PP_MSL                                                   50
GPKG         [OUTPUT_SAMPL/TH_RN/TH_RN_SAMPL.gpkg, samples]
OFFSET_PP      [0.0, default hPP from average topo or pnts]
dtype: object
 -> OUTLIER FILTER: Dropped 271 points.
 -> Dropped MSL values: [-9999, -9999, -9999, -9999, -9999, -9999, -9999, -9999, -9999, -9999, -9999, -9999, -9999, -9999, -9999, -9999, -9999, -9999, -9999, -9999, -9999, -9999, -9999, -9999, -9999, -9999, 620, 495, 1280, 1041, 1283, 407, 373, 401, 443, 468, 461, 731, 667, 509, 524, 526, 464, 480, 498, 509, 490, 508, 541, 503, 523, 499, 585, 610, 998, 1005, 992, 821, 618, 642, 918, 648, 664, 649, 529, 553, 645, 43, 26, 555, 560, 538, 590, 36, 38, 35, 554, 56, 56, 28, 36, 49, 27, 22, 55, 107, 32, 67, 28, 107, 36, 27, 16, 41, 38, 64, 15, 357, 182, 144, 291, 286, 3, 278, 291, 2, 1, 291, 11, 1, 3, 3, 0, 32, 5, 4, 389, 294, 439, 429, 561, 669, 578, 601, 599, 479, 492, 84, 592, 258, 265, 245, 620, 635, 46, 400, 496, 510, 509, 120, 422, 518, 442, 411, 568, 587, 513, 87, 77, 64, 69, 89, 1182, 1061, 663, 651, 1295, 1028, 47, 43, 20, 19, 31, 39, 31, 116, 153, 136, 29, 2, 2, 173, 254, 56, 57, 40, 49, 271, 264, 99, 40, 34, 21, 28, 24, 191, 167, 41, 62, 41, 174, 111, 33, 60, 181, 48, 51, 31, 40, 0, 12, 1, 46, 42, 34, 31, 45, 37, 2, 1, 40, 45, 13, 37, 43, 72, 21, 77, 41, 28, 32, 742, 558, 583, 30, 857, 42, 43, 19, 53, 28, 2, 67, 284, 56, 255, 302, 64, 184, 66, 147, 177, 181, 4, 15, 6, 12, 247, 335, 239, 267, 241, 175, 141, 499, 397, 79, 86, 372, 379, 424, 383, 110, 69, 73, 326, 542, 518, 676, 700, 128]
 -> Using user-defined PP_MSL: 50.000m
 -> AUTO detected FALSE_EN: E: 50000, N: -600000
==================================== LDP TM ====================================
@ Centroid @     <lng=98°42′>    <lat=09°58′>
Offset Projection Plane = +0.0 m. <default hPP from average topo or pnts>
Designed Project Plane : hPP=+22.03 m. / MSL=+50.00 m. tied to k0 = 1.000003
Points CSF min/mean/max [ppm] : -185.6 / -18.1 / +21.3
Points MSL min/mean/max [m.]  : -1.0 / +178.8 / +1231.0
|      |      LDP_E |       LDP_N |
|:-----|-----------:|------------:|
| min  | 16,428.628 | 429,380.515 |
| max  | 78,828.020 | 592,483.899 |
| diff | 62,399.392 | 163,103.384 |
{"meta": "LDP_Definition", "PROJ_String_Decimal": "+proj=tmerc +lat_0=0.0 +lon_0=98.70000000 +k_0=1.000003 +x_0=50000 +y_0=-600000 +ellps=WGS84 +units=m +no_defs +type=crs", "PROJ_String_DMS": "+proj=tmerc +lat_0=0.0 +lon_0=98°42′ +k_0=1.000003 +x_0=50000 +y_0=-600000 +ellps=WGS84 +units=m +no_defs +type=crs"}
Writing definition GPKG : OUTPUT_LDP/TH_RN/TH_RN_LDP.gpkg ...
 -> THINNING: Snapping points to 2 decimal grid for visualization...
 -> THINNING: Plot points reduced from 11992 to 2703.
Writing definition plot : OUTPUT_LDP/TH_RN/TH_RN_LDP.svg...
{"meta": "Coverage_Analysis", "Province": "TH.RN", "Total_Pts": 12263, "Valid_Pts": 7632, "Pt_Coverage(%)": 62.24, "Total_POP": 342901.9591, "Valid_POP": 329884.2026, "POP_Coverage(%)": 96.2, "CSF_Lower_ppm": -20.0, "CSF_Mean_ppm": 0.7, "CSF_Upper_ppm": 20.0}
--> [TH.RN] Step 5: 5_plot_PP_PctPopu.py
[TH.RN] Starting ProcessPoolExecutor with 16 offsets to compute (Mean MSL: 178.83 m)...
[TH.RN] OFFSET_PP [-200.00] computed successfully.
[TH.RN] OFFSET_PP [-180.00] computed successfully.
[TH.RN] OFFSET_PP [-160.00] computed successfully.
[TH.RN] OFFSET_PP [-140.00] computed successfully.
[TH.RN] OFFSET_PP [-120.00] computed successfully.
[TH.RN] OFFSET_PP [-100.00] computed successfully.
[TH.RN] OFFSET_PP [-80.00] computed successfully.
[TH.RN] OFFSET_PP [-60.00] computed successfully.
[TH.RN] OFFSET_PP [-40.00] computed successfully.
[TH.RN] OFFSET_PP [-20.00] computed successfully.
[TH.RN] OFFSET_PP [0.00] computed successfully.
[TH.RN] OFFSET_PP [20.00] computed successfully.
[TH.RN] OFFSET_PP [40.00] computed successfully.
[TH.RN] OFFSET_PP [60.00] computed successfully.
[TH.RN] OFFSET_PP [80.00] computed successfully.
[TH.RN] OFFSET_PP [100.00] computed successfully.

==================================== LDP Population Coverage Analysis: TH.RN ====================================
|   MSL_PP |   HAE_PP | Province   |   Total_Pts |   Valid_Pts |   Pt_Coverage(%) |   Total_POP |   Valid_POP |   POP_Coverage(%) |   CSF_Lower_ppm |   CSF_Mean_ppm |   CSF_Upper_ppm |
|---------:|---------:|:-----------|------------:|------------:|-----------------:|------------:|------------:|------------------:|----------------:|---------------:|----------------:|
|   -21.17 |   -49.14 | TH.RN      |       12263 |        6216 |            50.69 |     342,902 |     323,409 |             94.32 |           -20.0 |           -6.9 |           +10.3 |
|    -1.17 |   -29.14 | TH.RN      |       12263 |        6640 |            54.15 |     342,902 |     325,387 |             94.89 |           -20.0 |           -4.8 |           +13.3 |
|   +18.83 |    -9.14 | TH.RN      |       12263 |        7170 |            58.47 |     342,902 |     328,965 |             95.94 |           -20.0 |           -2.1 |           +17.3 |
|   +38.83 |   +10.86 | TH.RN      |       12263 |        7531 |            61.41 |     342,902 |     329,891 |             96.21 |           -20.0 |           +0.0 |           +19.9 |
|   +58.83 |   +30.86 | TH.RN      |       12263 |        7829 |            63.84 |     342,902 |     327,201 |             95.42 |           -20.0 |           +1.9 |           +19.9 |
|   +78.83 |   +50.86 | TH.RN      |       12263 |        7977 |            65.05 |     342,902 |     321,493 |             93.76 |           -20.0 |           +3.8 |           +20.0 |
|   +98.83 |   +70.86 | TH.RN      |       12263 |        7910 |            64.50 |     342,902 |     314,197 |             91.63 |           -20.0 |           +5.3 |           +20.0 |
|  +118.83 |   +90.86 | TH.RN      |       12263 |        7471 |            60.92 |     342,902 |     296,728 |             86.53 |           -20.0 |           +5.6 |           +20.0 |
|  +138.83 |  +110.86 | TH.RN      |       12263 |        6306 |            51.42 |     342,902 |     105,043 |             30.63 |           -20.0 |           +4.3 |           +20.0 |
|  +158.83 |  +130.86 | TH.RN      |       12263 |        5341 |            43.55 |     342,902 |      43,175 |             12.59 |           -20.0 |           +3.4 |           +20.0 |
|  +178.83 |  +150.86 | TH.RN      |       12263 |        4893 |            39.90 |     342,902 |      29,269 |              8.54 |           -20.0 |           +3.1 |           +20.0 |
|  +198.83 |  +170.86 | TH.RN      |       12263 |        4488 |            36.60 |     342,902 |      21,789 |              6.35 |           -20.0 |           +2.8 |           +20.0 |
|  +218.83 |  +190.86 | TH.RN      |       12263 |        4157 |            33.90 |     342,902 |      16,510 |              4.81 |           -20.0 |           +2.7 |           +20.0 |
|  +238.83 |  +210.86 | TH.RN      |       12263 |        3889 |            31.71 |     342,902 |      13,338 |              3.89 |           -20.0 |           +2.8 |           +20.0 |
|  +258.83 |  +230.86 | TH.RN      |       12263 |        3622 |            29.54 |     342,902 |      11,993 |              3.50 |           -20.0 |           +2.8 |           +20.0 |
|  +278.83 |  +250.86 | TH.RN      |       12263 |        3383 |            27.59 |     342,902 |       8,917 |              2.60 |           -20.0 |           +3.0 |           +20.0 |
==========================================================================================================================

 -> Plot saved successfully to: OUTPUT_LDP/TH_RN/TH_RN_Plot_PP_Popu.svg

--> [TH.RN] Step 6: 6_LDP_OnePage.py
Processing province: TH_RN
[+] TH_RN: One-Page Report generated successfully.
======================================================================
Completed province: TH.RN
Finished: 2026-08-19T16:50:02+07:00
======================================================================
