======================================================================
Processing province: TH.YS
Started: 2026-08-19T17:08:32+07:00
======================================================================
--> [TH.YS] Step 1: 1_fabdem_province.py
[1/5] Read GADM and select HASC_1=TH.YS
[2/5] Save province and clip FABDEM
[3/5] Generate contours every 100 m with GDAL 3.10.3
[4/5] Calculate statistics and write PDF
[5/5] Write DataFrame summaries

Completed successfully.
HASC_1   NAME_1  contours                                                                                  PDF
 TH.YS Yasothon       359 /mnt/nvme1/Project/2026-EIT_TH_LDP/src/OUTPUT_FABDEM/TH_YS/TH_YS_fabdem_contours.pdf
--> [TH.YS] Step 2: 2_popu2025_grid.py
[1/4] Select GADM province HASC_1=TH.YS
[2/4] Save boundary and cut population grid
[3/4] Calculate population-grid statistics
[4/4] Write population-grid PDF and summaries

Completed successfully.
HASC_1   NAME_1  population_sum                                                                                       grid
 TH.YS Yasothon   400901.504554 /mnt/nvme1/Project/2026-EIT_TH_LDP/src/OUTPUT_POP2025/TH_YS/TH_YS_population_2025_100m.tif
--> [TH.YS] Step 3: 3_generate_sample.py
[1/4] Select GADM province HASC_1=TH.YS
 -> [READ] Loading Vector Dataset: OUTPUT_PROV/gadm41_THA.gpkg (Layer: 'ADM_ADM_1')
[2/4] Generate 500.0m grid points
 -> Auto-detected EPSG:32648 for province.
 -> Generated 42,480 bounding box points.
 -> Clipping points to province boundary...
 -> Computing 8-digit Geohashes...
[3/4] Extracting Raster Values (FABDEM MSL & POP2025)...
 -> [READ] Opening Raster File: OUTPUT_FABDEM/TH_YS/TH_YS_fabdem.tif
 -> [READ] Opening Raster File for Area Sum: OUTPUT_POP2025/TH_YS/TH_YS_population_2025_100m.tif
 -> Converting geometries to Lng/Lat (EPSG:4326)...
[4/4] Save GeoPackage Data...
 -> [WRITE] Saving Vector File: /mnt/nvme1/Project/2026-EIT_TH_LDP/src/OUTPUT_SAMPL/TH_YS/TH_YS_SAMPL.gpkg (Layer: 'samples')

[5/5] Comparing POP2025 with DOPA Registration Population...

Completed successfully.
HASC_1  Grid (m)       CRS  Samples           Output POP2025 DOPA_Pop     Diff
 TH.YS     500.0 EPSG:4326    16373 TH_YS_SAMPL.gpkg 394,765  522,819 -128,054
--> [TH.YS] Step 4: 4_analyse_ldp.py
LDP                                            [TM, 104:21]
FALSE_EN                                 [290000, -1000000]
PP_MSL                                                  110
GPKG         [OUTPUT_SAMPL/TH_YS/TH_YS_SAMPL.gpkg, samples]
OFFSET_PP      [0.0, default hPP from average topo or pnts]
dtype: object
 -> OUTLIER FILTER: Dropped 334 points.
 -> Dropped MSL values: [-9999, -9999, -9999, -9999, -9999, -9999, 127, 115, 115, 129, 130, 135, 115, 115, 115, 135, 115, 116, 116, 115, 115, 126, 131, 133, 131, 136, 125, 126, 125, 132, 125, 126, 125, 127, 128, 119, 119, 126, 115, 126, 128, 125, 126, 115, 115, 117, 130, 126, 135, 126, 130, 129, 133, 129, 129, 125, 145, 140, 139, 145, 117, 135, 115, 115, 132, 129, 115, 115, 115, 115, 138, 129, 116, 115, 115, 119, 116, 116, 116, 131, 115, 118, 129, 118, 118, 133, 131, 127, 132, 130, 129, 116, 128, 131, 129, 128, 129, 129, 128, 131, 128, 128, 131, 131, 131, 120, 120, 129, 128, 122, 128, 128, 128, 129, 129, 127, 125, 127, 128, 139, 139, 140, 120, 120, 128, 130, 127, 128, 127, 128, 127, 132, 130, 127, 129, 129, 135, 127, 128, 131, 131, 130, 130, 128, 129, 130, 130, 129, 129, 129, 134, 130, 129, 129, 129, 128, 130, 130, 130, 128, 130, 132, 130, 131, 134, 136, 137, 161, 161, 126, 127, 131, 125, 125, 159, 157, 156, 125, 178, 185, 136, 127, 127, 139, 129, 116, 120, 120, 116, 116, 129, 129, 130, 138, 129, 129, 129, 130, 130, 130, 131, 133, 116, 120, 120, 116, 133, 116, 120, 119, 129, 129, 124, 132, 121, 121, 121, 122, 121, 123, 125, 127, 127, 117, 122, 121, 138, 130, 130, 128, 124, 133, 134, 130, 131, 133, 138, 124, 137, 136, 124, 131, 124, 124, 144, 144, 124, 124, 136, 137, 125, 141, 141, 140, 135, 167, 138, 155, 141, 138, 134, 132, 135, 144, 131, 130, 149, 150, 138, 138, 142, 141, 131, 130, 130, 129, 143, 139, 131, 132, 131, 135, 128, 147, 346, 309, 208, 164, 323, 339, 198, 126, 127, 203, 177, 343, 360, 351, 212, 212, 249, 216, 209, 215, 213, 202, 227, 262, 210, 208, 167, 198, 202, 220, 323, 198, 229, 215, 193, 156, 162, 199, 199, 200, 333, 370, 317, 376, 445, 332, 212, 211, 269, 217]
 -> Using user-defined PP_MSL: 110.000m
==================================== LDP TM ====================================
@ Centroid @     <lng=104°21′>    <lat=15°54′>
Offset Projection Plane = +0.0 m. <default hPP from average topo or pnts>
Designed Project Plane : hPP=+85.44 m. / MSL=+110.00 m. tied to k0 = 1.000013
Points CSF min/mean/max [ppm] : -36.1 / -3.2 / +20.6
Points MSL min/mean/max [m.]  : +115.0 / +148.3 / +340.0
|      |       LDP_E |       LDP_N |
|:-----|------------:|------------:|
| min  | 253,099.542 | 691,109.843 |
| max  | 341,017.262 | 807,667.426 |
| diff |  87,917.721 | 116,557.584 |
{"meta": "LDP_Definition", "PROJ_String_Decimal": "+proj=tmerc +lat_0=0.0 +lon_0=104.35000000 +k_0=1.000013 +x_0=290000 +y_0=-1000000 +ellps=WGS84 +units=m +no_defs +type=crs", "PROJ_String_DMS": "+proj=tmerc +lat_0=0.0 +lon_0=104°21′ +k_0=1.000013 +x_0=290000 +y_0=-1000000 +ellps=WGS84 +units=m +no_defs +type=crs"}
Writing definition GPKG : OUTPUT_LDP/TH_YS/TH_YS_LDP.gpkg ...
 -> THINNING: Snapping points to 2 decimal grid for visualization...
 -> THINNING: Plot points reduced from 16039 to 3584.
Writing definition plot : OUTPUT_LDP/TH_YS/TH_YS_LDP.svg...
{"meta": "Coverage_Analysis", "Province": "TH.YS", "Total_Pts": 16373, "Valid_Pts": 15931, "Pt_Coverage(%)": 97.3, "Total_POP": 394765.4288, "Valid_POP": 380732.2642, "POP_Coverage(%)": 96.45, "CSF_Lower_ppm": -19.9, "CSF_Mean_ppm": -3.1, "CSF_Upper_ppm": 20.0}
--> [TH.YS] Step 5: 5_plot_PP_PctPopu.py
[TH.YS] Starting ProcessPoolExecutor with 16 offsets to compute (Mean MSL: 148.29 m)...
[TH.YS] OFFSET_PP [-200.00] computed successfully.
[TH.YS] OFFSET_PP [-180.00] computed successfully.
[TH.YS] OFFSET_PP [-160.00] computed successfully.
[TH.YS] OFFSET_PP [-140.00] computed successfully.
[TH.YS] OFFSET_PP [-120.00] computed successfully.
[TH.YS] OFFSET_PP [-100.00] computed successfully.
[TH.YS] OFFSET_PP [-80.00] computed successfully.
[TH.YS] OFFSET_PP [-60.00] computed successfully.
[TH.YS] OFFSET_PP [-40.00] computed successfully.
[TH.YS] OFFSET_PP [-20.00] computed successfully.
[TH.YS] OFFSET_PP [0.00] computed successfully.
[TH.YS] OFFSET_PP [20.00] computed successfully.
[TH.YS] OFFSET_PP [40.00] computed successfully.
[TH.YS] OFFSET_PP [60.00] computed successfully.
[TH.YS] OFFSET_PP [80.00] computed successfully.
[TH.YS] OFFSET_PP [100.00] computed successfully.

==================================== LDP Population Coverage Analysis: TH.YS ====================================
|   MSL_PP |   HAE_PP | Province   |   Total_Pts |   Valid_Pts |   Pt_Coverage(%) |   Total_POP |   Valid_POP |   POP_Coverage(%) |   CSF_Lower_ppm |   CSF_Mean_ppm |   CSF_Upper_ppm |
|---------:|---------:|:-----------|------------:|------------:|-----------------:|------------:|------------:|------------------:|----------------:|---------------:|----------------:|
|   -51.71 |   -76.27 | TH.YS      |       16373 |         944 |             5.77 |     394,765 |      18,883 |              4.78 |           -20.0 |          -15.7 |            -4.4 |
|   -31.71 |   -56.27 | TH.YS      |       16373 |        1953 |            11.93 |     394,765 |      66,545 |             16.86 |           -20.0 |          -15.8 |            -1.4 |
|   -11.71 |   -36.27 | TH.YS      |       16373 |        4145 |            25.32 |     394,765 |     123,302 |             31.23 |           -20.0 |          -16.0 |            +1.6 |
|    +8.29 |   -16.27 | TH.YS      |       16373 |        9807 |            59.90 |     394,765 |     257,512 |             65.23 |           -20.0 |          -16.1 |            +4.6 |
|   +28.29 |    +3.73 | TH.YS      |       16373 |       13518 |            82.56 |     394,765 |     337,900 |             85.60 |           -20.0 |          -13.7 |            +8.6 |
|   +48.29 |   +23.73 | TH.YS      |       16373 |       14976 |            91.47 |     394,765 |     367,321 |             93.05 |           -20.0 |          -11.4 |           +11.6 |
|   +68.29 |   +43.73 | TH.YS      |       16373 |       15668 |            95.69 |     394,765 |     377,982 |             95.75 |           -20.0 |           -8.9 |           +14.6 |
|   +88.29 |   +63.73 | TH.YS      |       16373 |       15876 |            96.96 |     394,765 |     380,214 |             96.31 |           -20.0 |           -6.0 |           +17.6 |
|  +108.29 |   +83.73 | TH.YS      |       16373 |       15931 |            97.30 |     394,765 |     380,732 |             96.45 |           -19.9 |           -3.1 |           +20.0 |
|  +128.29 |  +103.73 | TH.YS      |       16373 |       15913 |            97.19 |     394,765 |     379,948 |             96.25 |           -19.4 |           -0.2 |           +20.0 |
|  +148.29 |  +123.73 | TH.YS      |       16373 |       15893 |            97.07 |     394,765 |     379,862 |             96.22 |           -20.0 |           +2.7 |           +19.9 |
|  +168.29 |  +143.73 | TH.YS      |       16373 |       15704 |            95.91 |     394,765 |     378,321 |             95.83 |           -19.9 |           +6.5 |           +20.0 |
|  +188.29 |  +163.73 | TH.YS      |       16373 |       15377 |            93.92 |     394,765 |     370,329 |             93.81 |           -19.7 |           +9.2 |           +20.0 |
|  +208.29 |  +183.73 | TH.YS      |       16373 |       14825 |            90.55 |     394,765 |     355,797 |             90.13 |           -18.6 |          +11.8 |           +20.0 |
|  +228.29 |  +203.73 | TH.YS      |       16373 |       13594 |            83.03 |     394,765 |     294,773 |             74.67 |           -17.1 |          +14.2 |           +20.0 |
|  +248.29 |  +223.73 | TH.YS      |       16373 |       10129 |            61.86 |     394,765 |     219,929 |             55.71 |           -14.1 |          +15.9 |           +20.0 |
==========================================================================================================================

 -> Plot saved successfully to: OUTPUT_LDP/TH_YS/TH_YS_Plot_PP_Popu.svg

--> [TH.YS] Step 6: 6_LDP_OnePage.py
Processing province: TH_YS
[+] TH_YS: One-Page Report generated successfully.
======================================================================
Completed province: TH.YS
Finished: 2026-08-19T17:17:18+07:00
======================================================================
