======================================================================
Processing province: TH.KP
Started: 2026-08-19T16:00:09+07:00
======================================================================
--> [TH.KP] Step 1: 1_fabdem_province.py
[1/5] Read GADM and select HASC_1=TH.KP
[2/5] Save province and clip FABDEM
[3/5] Generate contours every 100 m with GDAL 3.10.3
[4/5] Calculate statistics and write PDF
[5/5] Write DataFrame summaries

Completed successfully.
HASC_1         NAME_1  contours                                                                                  PDF
 TH.KP Kamphaeng Phet      2102 /mnt/nvme1/Project/2026-EIT_TH_LDP/src/OUTPUT_FABDEM/TH_KP/TH_KP_fabdem_contours.pdf
--> [TH.KP] Step 2: 2_popu2025_grid.py
[1/4] Select GADM province HASC_1=TH.KP
[2/4] Save boundary and cut population grid
[3/4] Calculate population-grid statistics
[4/4] Write population-grid PDF and summaries

Completed successfully.
HASC_1         NAME_1  population_sum                                                                                       grid
 TH.KP Kamphaeng Phet   876926.906229 /mnt/nvme1/Project/2026-EIT_TH_LDP/src/OUTPUT_POP2025/TH_KP/TH_KP_population_2025_100m.tif
--> [TH.KP] Step 3: 3_generate_sample.py
[1/4] Select GADM province HASC_1=TH.KP
 -> [READ] Loading Vector Dataset: OUTPUT_PROV/gadm41_THA.gpkg (Layer: 'ADM_ADM_1')
[2/4] Generate 500.0m grid points
 -> Auto-detected EPSG:32647 for province.
 -> Generated 53,820 bounding box points.
 -> Clipping points to province boundary...
 -> Computing 8-digit Geohashes...
[3/4] Extracting Raster Values (FABDEM MSL & POP2025)...
 -> [READ] Opening Raster File: OUTPUT_FABDEM/TH_KP/TH_KP_fabdem.tif
 -> [READ] Opening Raster File for Area Sum: OUTPUT_POP2025/TH_KP/TH_KP_population_2025_100m.tif
 -> Converting geometries to Lng/Lat (EPSG:4326)...
[4/4] Save GeoPackage Data...
 -> [WRITE] Saving Vector File: /mnt/nvme1/Project/2026-EIT_TH_LDP/src/OUTPUT_SAMPL/TH_KP/TH_KP_SAMPL.gpkg (Layer: 'samples')

[5/5] Comparing POP2025 with DOPA Registration Population...

Completed successfully.
HASC_1  Grid (m)       CRS  Samples           Output POP2025 DOPA_Pop    Diff
 TH.KP     500.0 EPSG:4326    34526 TH_KP_SAMPL.gpkg 874,334  696,972 177,362
--> [TH.KP] Step 4: 4_analyse_ldp.py
LDP                                             [TM, 99:32]
FALSE_EN                                 [250000, -1050000]
PP_MSL                                                    0
POPU_PLOT                                   [250, -100, 20]
GPKG         [OUTPUT_SAMPL/TH_KP/TH_KP_SAMPL.gpkg, samples]
OFFSET_PP      [0.0, default hPP from average topo or pnts]
dtype: object
 -> OUTLIER FILTER: Dropped 701 points.
 -> Dropped MSL values: [-9999, -9999, -9999, -9999, -9999, -9999, -9999, -9999, -9999, -9999, 191, 151, 165, 155, 161, 315, 264, 151, 497, 507, 708, 669, 636, 850, 599, 213, 221, 205, 210, 610, 706, 685, 247, 967, 850, 812, 920, 675, 829, 197, 224, 757, 1007, 809, 427, 530, 377, 412, 389, 1115, 767, 725, 729, 357, 348, 425, 439, 707, 494, 857, 870, 791, 787, 828, 852, 864, 756, 789, 1046, 890, 943, 1100, 1228, 1410, 1141, 1260, 1204, 1333, 1293, 1211, 1162, 1000, 1032, 1196, 1175, 1201, 1121, 1209, 1313, 1636, 1809, 1651, 1716, 1688, 1670, 1658, 1701, 1741, 1723, 906, 1232, 1287, 1189, 1149, 1560, 463, 468, 973, 991, 1282, 1288, 1383, 197, 223, 194, 186, 180, 220, 620, 698, 648, 532, 216, 140, 220, 161, 147, 136, 206, 148, 197, 712, 180, 186, 1587, 1897, 1740, 1659, 1839, 1686, 1718, 1663, 1674, 1737, 180, 181, 183, 926, 171, 169, 172, 172, 177, 151, 193, 196, 185, 200, 180, 197, 367, 216, 206, 212, 512, 1781, 1795, 1787, 1753, 580, 1043, 1095, 1156, 1064, 1057, 1128, 1069, 875, 921, 969, 924, 910, 913, 868, 738, 706, 220, 145, 139, 139, 183, 227, 219, 211, 202, 194, 296, 157, 187, 176, 153, 126, 156, 197, 175, 201, 147, 236, 170, 316, 158, 192, 236, 151, 328, 156, 246, 180, 244, 237, 263, 173, 227, 217, 233, 160, 166, 175, 164, 170, 495, 464, 463, 210, 229, 240, 187, 163, 138, 104, 84, 59, 195, 235, 201, 158, 321, 273, 157, 337, 134, 318, 170, 156, 272, 279, 142, 147, 151, 159, 137, 220, 177, 166, 135, 176, 141, 191, 168, 193, 248, 166, 143, 284, 247, 246, 185, 212, 191, 217, 174, 155, 157, 135, 124, 123, 123, 124, 111, 209, 139, 207, 168, 155, 142, 115, 141, 135, 127, 125, 121, 132, 159, 196, 155, 150, 272, 187, 266, 171, 244, 175, 437, 216, 273, 380, 293, 364, 232, 411, 361, 170, 168, 230, 215, 158, 131, 121, 118, 120, 292, 450, 287, 398, 268, 152, 192, 150, 138, 126, 136, 118, 116, 185, 128, 145, 116, 113, 42, 41, 41, 151, 114, 135, 96, 154, 72, 92, 94, 100, 59, 41, 40, 227, 192, 150, 181, 94, 67, 40, 42, 79, 239, 44, 108, 111, 71, 163, 56, 55, 58, 99, 64, 65, 95, 39, 41, 39, 41, 41, 42, 42, 44, 60, 76, 44, 43, 45, 333, 391, 764, 829, 823, 883, 513, 495, 511, 491, 761, 1023, 1061, 1052, 1024, 1038, 338, 298, 334, 333, 299, 400, 1018, 308, 943, 323, 332, 312, 381, 1778, 1755, 1713, 1725, 1166, 1006, 1511, 786, 756, 738, 758, 899, 903, 339, 338, 685, 629, 511, 154, 173, 175, 137, 145, 134, 171, 309, 372, 154, 181, 479, 505, 523, 660, 356, 384, 161, 158, 150, 183, 137, 151, 160, 135, 234, 680, 730, 249, 247, 230, 664, 763, 142, 224, 218, 215, 235, 706, 718, 817, 728, 191, 165, 172, 222, 146, 223, 135, 219, 228, 206, 162, 129, 145, 190, 131, 1385, 1560, 1568, 1572, 1647, 1483, 829, 898, 739, 907, 1006, 1332, 199, 195, 296, 313, 144, 147, 151, 203, 196, 104, 133, 183, 255, 247, 132, 154, 162, 101, 126, 112, 113, 78, 100, 102, 95, 110, 110, 111, 135, 139, 126, 131, 124, 128, 147, 130, 148, 149, 140, 139, 134, 127, 124, 187, 148, 129, 141, 177, 148, 155, 141, 171, 158, 140, 155, 112, 142, 135, 131, 135, 138, 150, 112, 138, 173, 142, 181, 169, 158, 180, 154, 167, 156, 245, 115, 119, 113, 117, 138, 127, 184, 206, 121, 244, 164, 153, 148, 103, 149, 190, 113, 286, 120, 317, 113, 157, 310, 149, 342, 111, 155, 155, 423, 150, 151, 147, 127, 161, 124, 116, 151, 114, 128, 121, 178, 191, 184, 207, 179, 192, 160, 153, 121, 159, 443, 440, 439, 514, 104, 145, 142, 506, 511, 447, 400, 114, 171, 110, 147, 122, 162, 132, 115, 106, 114, 128, 140, 104, 148, 142, 170, 170, 158, 157, 193, 162, 163, 182, 313, 271, 196, 202, 259, 195, 177, 157, 163, 177, 172, 202, 132, 125, 121, 44, 44, 65, 54, 52, 51, 53, 49, 57, 54, 51, 51, 52, 54]
 -> Using user-defined PP_MSL: 0.000m
==================================== LDP TM ====================================
@ Centroid @     <lng=99°32′>    <lat=16°20′>
Offset Projection Plane = +0.0 m. <default hPP from average topo or pnts>
Designed Project Plane : hPP=-35.71 m. / MSL=+0.00 m. tied to k0 = 0.999994
Points CSF min/mean/max [ppm] : -233.2 / -21.5 / +30.4
Points MSL min/mean/max [m.]  : +39.0 / +190.1 / +1682.0
|      |       LDP_E |       LDP_N |
|:-----|------------:|------------:|
| min  | 192,055.045 | 704,081.857 |
| max  | 305,020.139 | 819,672.777 |
| diff | 112,965.094 | 115,590.921 |
{"meta": "LDP_Definition", "PROJ_String_Decimal": "+proj=tmerc +lat_0=0.0 +lon_0=99.53333333 +k_0=0.999994 +x_0=250000 +y_0=-1050000 +ellps=WGS84 +units=m +no_defs +type=crs", "PROJ_String_DMS": "+proj=tmerc +lat_0=0.0 +lon_0=99°32′ +k_0=0.999994 +x_0=250000 +y_0=-1050000 +ellps=WGS84 +units=m +no_defs +type=crs"}
Writing definition GPKG : OUTPUT_LDP/TH_KP/TH_KP_LDP.gpkg ...
 -> THINNING: Snapping points to 2 decimal grid for visualization...
 -> THINNING: Plot points reduced from 33825 to 7417.
Writing definition plot : OUTPUT_LDP/TH_KP/TH_KP_LDP.svg...
{"meta": "Coverage_Analysis", "Province": "TH.KP", "Total_Pts": 34526, "Valid_Pts": 25537, "Pt_Coverage(%)": 73.96, "Total_POP": 874334.0165, "Valid_POP": 836295.2749, "POP_Coverage(%)": 95.65, "CSF_Lower_ppm": -20.0, "CSF_Mean_ppm": -7.1, "CSF_Upper_ppm": 20.0}
--> [TH.KP] Step 5: 5_plot_PP_PctPopu.py
[TH.KP] POPU_PLOT found in TOML. Overriding MSL bounds: Upper=250.0, Lower=-100.0, Step=20.0
[TH.KP] Starting ProcessPoolExecutor with 18 offsets to compute (Mean MSL: 190.07 m)...
[TH.KP] OFFSET_PP [-290.07] computed successfully.
[TH.KP] OFFSET_PP [-270.07] computed successfully.
[TH.KP] OFFSET_PP [-250.07] computed successfully.
[TH.KP] OFFSET_PP [-230.07] computed successfully.
[TH.KP] OFFSET_PP [-210.07] computed successfully.
[TH.KP] OFFSET_PP [-190.07] computed successfully.
[TH.KP] OFFSET_PP [-170.07] computed successfully.
[TH.KP] OFFSET_PP [-150.07] computed successfully.
[TH.KP] OFFSET_PP [-130.07] computed successfully.
[TH.KP] OFFSET_PP [-110.07] computed successfully.
[TH.KP] OFFSET_PP [-90.07] computed successfully.
[TH.KP] OFFSET_PP [-70.07] computed successfully.
[TH.KP] OFFSET_PP [-50.07] computed successfully.
[TH.KP] OFFSET_PP [-30.07] computed successfully.
[TH.KP] OFFSET_PP [-10.07] computed successfully.
[TH.KP] OFFSET_PP [9.93] computed successfully.
[TH.KP] OFFSET_PP [29.93] computed successfully.
[TH.KP] OFFSET_PP [49.93] computed successfully.

==================================== LDP Population Coverage Analysis: TH.KP ====================================
|   MSL_PP |   HAE_PP | Province   |   Total_Pts |   Valid_Pts |   Pt_Coverage(%) |   Total_POP |   Valid_POP |   POP_Coverage(%) |   CSF_Lower_ppm |   CSF_Mean_ppm |   CSF_Upper_ppm |
|---------:|---------:|:-----------|------------:|------------:|-----------------:|------------:|------------:|------------------:|----------------:|---------------:|----------------:|
|  -100.00 |  -135.71 | TH.KP      |       34526 |        9252 |            26.80 |     874,334 |     286,378 |             32.75 |           -20.0 |           -8.3 |           +15.4 |
|   -80.00 |  -115.71 | TH.KP      |       34526 |       11370 |            32.93 |     874,334 |     351,437 |             40.19 |           -20.0 |           -7.8 |           +18.4 |
|   -60.00 |   -95.71 | TH.KP      |       34526 |       14254 |            41.28 |     874,334 |     451,858 |             51.68 |           -20.0 |           -7.6 |           +19.9 |
|   -40.00 |   -75.71 | TH.KP      |       34526 |       18858 |            54.62 |     874,334 |     687,602 |             78.64 |           -20.0 |           -8.3 |           +20.0 |
|   -20.00 |   -55.71 | TH.KP      |       34526 |       23357 |            67.65 |     874,334 |     800,550 |             91.56 |           -20.0 |           -8.3 |           +20.0 |
|    +0.00 |   -35.71 | TH.KP      |       34526 |       25537 |            73.96 |     874,334 |     836,295 |             95.65 |           -20.0 |           -7.1 |           +20.0 |
|   +20.00 |   -15.71 | TH.KP      |       34526 |       25933 |            75.11 |     874,334 |     830,934 |             95.04 |           -20.0 |           -4.4 |           +20.0 |
|   +40.00 |    +4.29 | TH.KP      |       34526 |       25622 |            74.21 |     874,334 |     814,952 |             93.21 |           -20.0 |           -2.2 |           +20.0 |
|   +60.00 |   +24.29 | TH.KP      |       34526 |       25119 |            72.75 |     874,334 |     796,394 |             91.09 |           -20.0 |           +0.0 |           +20.0 |
|   +80.00 |   +44.29 | TH.KP      |       34526 |       24386 |            70.63 |     874,334 |     763,748 |             87.35 |           -20.0 |           +2.1 |           +20.0 |
|  +100.00 |   +64.29 | TH.KP      |       34526 |       23437 |            67.88 |     874,334 |     717,308 |             82.04 |           -20.0 |           +4.1 |           +20.0 |
|  +120.00 |   +84.29 | TH.KP      |       34526 |       22391 |            64.85 |     874,334 |     673,952 |             77.08 |           -20.0 |           +6.0 |           +20.0 |
|  +140.00 |  +104.29 | TH.KP      |       34526 |       21208 |            61.43 |     874,334 |     638,186 |             72.99 |           -20.0 |           +8.0 |           +20.0 |
|  +160.00 |  +124.29 | TH.KP      |       34526 |       19277 |            55.83 |     874,334 |     566,116 |             64.75 |           -20.0 |          +10.5 |           +20.0 |
|  +180.00 |  +144.29 | TH.KP      |       34526 |       17072 |            49.45 |     874,334 |     497,544 |             56.91 |           -20.0 |          +12.1 |           +20.0 |
|  +200.00 |  +164.29 | TH.KP      |       34526 |       13815 |            40.01 |     874,334 |     358,804 |             41.04 |           -20.0 |          +13.2 |           +20.0 |
|  +220.00 |  +184.29 | TH.KP      |       34526 |        9007 |            26.09 |     874,334 |     140,016 |             16.01 |           -20.0 |          +12.6 |           +20.0 |
|  +240.00 |  +204.29 | TH.KP      |       34526 |        4822 |            13.97 |     874,334 |      37,502 |              4.29 |           -20.0 |           +9.2 |           +20.0 |
==========================================================================================================================

 -> Plot saved successfully to: OUTPUT_LDP/TH_KP/TH_KP_Plot_PP_Popu.svg

--> [TH.KP] Step 6: 6_LDP_OnePage.py
Processing province: TH_KP
[+] TH_KP: One-Page Report generated successfully.
======================================================================
Completed province: TH.KP
Finished: 2026-08-19T16:27:38+07:00
======================================================================
