======================================================================
Processing province: TH.PH
Started: 2026-08-19T16:34:36+07:00
======================================================================
--> [TH.PH] Step 1: 1_fabdem_province.py
[1/5] Read GADM and select HASC_1=TH.PH
[2/5] Save province and clip FABDEM
[3/5] Generate contours every 100 m with GDAL 3.10.3
[4/5] Calculate statistics and write PDF
[5/5] Write DataFrame summaries

Completed successfully.
HASC_1     NAME_1  contours                                                                                  PDF
 TH.PH Phetchabun      6409 /mnt/nvme1/Project/2026-EIT_TH_LDP/src/OUTPUT_FABDEM/TH_PH/TH_PH_fabdem_contours.pdf
--> [TH.PH] Step 2: 2_popu2025_grid.py
[1/4] Select GADM province HASC_1=TH.PH
[2/4] Save boundary and cut population grid
[3/4] Calculate population-grid statistics
[4/4] Write population-grid PDF and summaries

Completed successfully.
HASC_1     NAME_1  population_sum                                                                                       grid
 TH.PH Phetchabun   855772.562341 /mnt/nvme1/Project/2026-EIT_TH_LDP/src/OUTPUT_POP2025/TH_PH/TH_PH_population_2025_100m.tif
--> [TH.PH] Step 3: 3_generate_sample.py
[1/4] Select GADM province HASC_1=TH.PH
 -> [READ] Loading Vector Dataset: OUTPUT_PROV/gadm41_THA.gpkg (Layer: 'ADM_ADM_1')
[2/4] Generate 500.0m grid points
 -> Auto-detected EPSG:32647 for province.
 -> Generated 99,138 bounding box points.
 -> Clipping points to province boundary...
 -> Computing 8-digit Geohashes...
[3/4] Extracting Raster Values (FABDEM MSL & POP2025)...
 -> [READ] Opening Raster File: OUTPUT_FABDEM/TH_PH/TH_PH_fabdem.tif
 -> [READ] Opening Raster File for Area Sum: OUTPUT_POP2025/TH_PH/TH_PH_population_2025_100m.tif
 -> Converting geometries to Lng/Lat (EPSG:4326)...
[4/4] Save GeoPackage Data...
 -> [WRITE] Saving Vector File: /mnt/nvme1/Project/2026-EIT_TH_LDP/src/OUTPUT_SAMPL/TH_PH/TH_PH_SAMPL.gpkg (Layer: 'samples')

[5/5] Comparing POP2025 with DOPA Registration Population...

Completed successfully.
HASC_1  Grid (m)       CRS  Samples           Output POP2025 DOPA_Pop     Diff
 TH.PH     500.0 EPSG:4326    49582 TH_PH_SAMPL.gpkg 839,894  954,417 -114,523
--> [TH.PH] Step 4: 4_analyse_ldp.py
LDP                                            [TM, 101:09]
FALSE_EN                                 [250000, -1050000]
PP_MSL                                                  100
POPU_PLOT                                      [350, 0, 20]
GPKG         [OUTPUT_SAMPL/TH_PH/TH_PH_SAMPL.gpkg, samples]
OFFSET_PP      [0.0, default hPP from average topo or pnts]
dtype: object
 -> OUTLIER FILTER: Dropped 1001 points.
 -> Dropped MSL values: [-9999, -9999, -9999, -9999, -9999, -9999, -9999, -9999, -9999, 100, 108, 91, 127, 114, 222, 206, 208, 207, 224, 271, 205, 165, 176, 174, 194, 176, 205, 157, 163, 149, 113, 171, 155, 145, 189, 278, 266, 331, 247, 465, 425, 136, 210, 171, 145, 132, 149, 179, 178, 131, 145, 163, 162, 133, 154, 120, 140, 120, 153, 122, 109, 140, 155, 199, 217, 178, 266, 194, 119, 228, 158, 124, 168, 145, 191, 198, 156, 155, 115, 98, 126, 142, 175, 154, 212, 145, 158, 161, 170, 98, 128, 291, 149, 141, 131, 117, 127, 154, 230, 243, 254, 342, 361, 381, 353, 413, 116, 161, 145, 187, 163, 175, 171, 184, 135, 133, 130, 173, 148, 153, 136, 136, 116, 212, 116, 140, 123, 176, 190, 98, 116, 122, 168, 149, 182, 164, 155, 356, 355, 419, 177, 391, 362, 343, 492, 331, 177, 234, 322, 224, 219, 244, 200, 223, 317, 358, 316, 324, 379, 197, 261, 239, 415, 260, 277, 222, 223, 282, 249, 160, 210, 260, 146, 222, 175, 321, 335, 314, 404, 186, 328, 398, 353, 458, 150, 145, 170, 220, 151, 172, 155, 174, 167, 174, 188, 158, 290, 140, 234, 317, 157, 311, 140, 297, 179, 325, 283, 371, 339, 328, 194, 159, 329, 128, 164, 142, 151, 171, 237, 307, 141, 246, 236, 149, 145, 295, 238, 361, 248, 171, 257, 340, 170, 101, 141, 195, 130, 106, 109, 181, 169, 153, 137, 112, 115, 109, 146, 109, 121, 142, 466, 420, 416, 131, 129, 119, 135, 132, 437, 82, 105, 98, 53, 52, 128, 215, 207, 90, 113, 164, 112, 103, 129, 151, 142, 129, 138, 132, 146, 122, 131, 244, 275, 255, 224, 172, 124, 160, 132, 120, 130, 145, 151, 170, 175, 201, 218, 142, 256, 352, 863, 834, 979, 1039, 926, 988, 1042, 1053, 972, 1046, 1063, 829, 1018, 923, 1041, 829, 961, 859, 109, 93, 164, 117, 97, 89, 88, 104, 97, 103, 205, 192, 124, 97, 182, 99, 138, 114, 101, 103, 116, 152, 141, 226, 124, 135, 279, 231, 137, 172, 77, 85, 187, 129, 116, 124, 126, 118, 126, 128, 125, 167, 168, 170, 195, 188, 193, 473, 723, 739, 764, 768, 774, 765, 132, 127, 133, 192, 217, 827, 832, 832, 840, 825, 765, 384, 530, 386, 516, 213, 168, 217, 700, 834, 907, 798, 838, 689, 786, 849, 729, 727, 660, 669, 781, 800, 706, 734, 755, 1054, 1049, 742, 765, 1069, 1064, 1073, 1048, 1022, 1013, 1030, 1024, 771, 764, 769, 775, 1050, 1030, 1044, 1075, 707, 908, 736, 798, 790, 791, 745, 839, 784, 703, 735, 634, 691, 725, 623, 334, 369, 363, 367, 370, 368, 372, 363, 257, 290, 219, 217, 257, 260, 258, 719, 772, 701, 691, 134, 418, 463, 451, 129, 152, 207, 229, 278, 225, 117, 211, 262, 249, 209, 212, 236, 116, 134, 117, 179, 479, 490, 605, 205, 215, 701, 603, 347, 175, 178, 840, 916, 1029, 894, 869, 895, 851, 1091, 937, 901, 937, 875, 943, 830, 1114, 917, 923, 1087, 980, 1072, 1086, 967, 849, 928, 1264, 1292, 850, 826, 950, 1136, 832, 948, 1319, 1309, 1272, 809, 940, 772, 756, 778, 775, 964, 156, 160, 173, 179, 146, 160, 654, 650, 169, 175, 161, 738, 764, 785, 685, 1123, 967, 958, 1263, 1289, 1133, 1163, 1128, 1129, 1230, 1186, 753, 787, 980, 977, 995, 968, 929, 779, 770, 1023, 1121, 1010, 1019, 1011, 1010, 1103, 821, 799, 924, 924, 919, 955, 989, 964, 956, 436, 492, 757, 744, 748, 946, 916, 1073, 1095, 1055, 1084, 1092, 1068, 1049, 1057, 1037, 667, 723, 669, 313, 552, 717, 707, 765, 867, 700, 713, 681, 638, 721, 698, 747, 707, 737, 708, 698, 1659, 1655, 593, 539, 591, 547, 521, 521, 536, 528, 579, 560, 570, 582, 566, 685, 691, 631, 643, 606, 606, 619, 199, 251, 233, 203, 221, 1673, 1727, 1700, 1713, 389, 367, 374, 221, 206, 231, 242, 228, 295, 286, 259, 313, 600, 622, 625, 617, 267, 259, 419, 391, 821, 817, 494, 512, 418, 403, 245, 333, 341, 482, 501, 467, 417, 499, 422, 494, 223, 241, 324, 210, 221, 226, 608, 646, 654, 618, 683, 459, 562, 459, 537, 452, 631, 647, 391, 375, 304, 315, 365, 353, 364, 290, 534, 239, 486, 480, 487, 136, 536, 614, 644, 610, 643, 645, 373, 332, 439, 437, 449, 444, 505, 454, 527, 483, 485, 574, 540, 617, 679, 677, 662, 708, 639, 484, 511, 517, 520, 547, 513, 544, 188, 312, 309, 405, 149, 155, 333, 459, 424, 409, 425, 413, 432, 439, 498, 632, 636, 635, 242, 1172, 1160, 992, 1272, 1267, 1253, 1239, 942, 963, 956, 1220, 1230, 1019, 638, 146, 154, 173, 166, 637, 166, 169, 162, 170, 165, 900, 967, 997, 969, 1027, 956, 967, 928, 212, 1074, 962, 1149, 950, 925, 1048, 1047, 1145, 1158, 1130, 1144, 1150, 412, 900, 920, 946, 908, 926, 987, 952, 982, 969, 328, 310, 310, 929, 829, 828, 1022, 1024, 1048, 990, 1060, 874, 913, 901, 921, 924, 920, 927, 917, 1091, 1071, 844, 889, 405, 483, 414, 866, 758, 781, 775, 750, 878, 745, 721, 355, 673, 784, 896, 953, 946, 936, 981, 875, 876, 859, 848, 970, 971, 892, 1001, 1063, 1021, 729, 731, 637, 633, 642, 212, 237, 212, 852, 683, 857, 862, 857, 287, 307, 324, 610, 195, 245, 250, 241, 230, 359, 360, 319, 1028, 1014, 1012, 1045, 1067, 1061, 1062, 663, 663, 847, 674, 1047, 788, 818, 762, 821, 644, 709, 726, 683, 629, 718, 806, 748, 795, 849, 607, 658, 418, 427, 407, 773, 679, 708, 663, 613, 529, 630, 772, 747, 779, 600, 647, 618, 556, 498, 658, 661, 749, 701, 368, 456, 600, 567, 659, 576, 424, 563, 423, 383, 393, 395, 862, 863, 951, 880, 931, 931, 891, 831, 888, 892, 882, 942, 886, 978, 889, 829, 554, 592, 550, 569, 804, 811, 789, 750, 671, 575, 568, 763, 787, 776, 776, 564, 571, 594, 585, 780]
 -> Using user-defined PP_MSL: 100.000m
==================================== LDP TM ====================================
@ Centroid @     <lng=101°09′>    <lat=16°16′>
Offset Projection Plane = +0.0 m. <default hPP from average topo or pnts>
Designed Project Plane : hPP=+68.72 m. / MSL=+100.00 m. tied to k0 = 1.000011
Points CSF min/mean/max [ppm] : -241.8 / -27.4 / +43.2
Points MSL min/mean/max [m.]  : +43.0 / +320.1 / +1645.0
|      |       LDP_E |       LDP_N |
|:-----|------------:|------------:|
| min  | 196,475.095 | 644,490.568 |
| max  | 317,787.600 | 844,428.501 |
| diff | 121,312.505 | 199,937.933 |
{"meta": "LDP_Definition", "PROJ_String_Decimal": "+proj=tmerc +lat_0=0.0 +lon_0=101.15000000 +k_0=1.000011 +x_0=250000 +y_0=-1050000 +ellps=WGS84 +units=m +no_defs +type=crs", "PROJ_String_DMS": "+proj=tmerc +lat_0=0.0 +lon_0=101°09′ +k_0=1.000011 +x_0=250000 +y_0=-1050000 +ellps=WGS84 +units=m +no_defs +type=crs"}
Writing definition GPKG : OUTPUT_LDP/TH_PH/TH_PH_LDP.gpkg ...
 -> THINNING: Snapping points to 2 decimal grid for visualization...
 -> THINNING: Plot points reduced from 48581 to 10641.
Writing definition plot : OUTPUT_LDP/TH_PH/TH_PH_LDP.svg...
{"meta": "Coverage_Analysis", "Province": "TH.PH", "Total_Pts": 49582, "Valid_Pts": 27461, "Pt_Coverage(%)": 55.39, "Total_POP": 839893.9414999998, "Valid_POP": 736279.3339000001, "POP_Coverage(%)": 87.66, "CSF_Lower_ppm": -20.0, "CSF_Mean_ppm": -1.0, "CSF_Upper_ppm": 20.0}
--> [TH.PH] Step 5: 5_plot_PP_PctPopu.py
[TH.PH] POPU_PLOT found in TOML. Overriding MSL bounds: Upper=350.0, Lower=0.0, Step=20.0
[TH.PH] Starting ProcessPoolExecutor with 18 offsets to compute (Mean MSL: 320.12 m)...
[TH.PH] OFFSET_PP [-320.12] computed successfully.
[TH.PH] OFFSET_PP [-300.12] computed successfully.
[TH.PH] OFFSET_PP [-280.12] computed successfully.
[TH.PH] OFFSET_PP [-260.12] computed successfully.
[TH.PH] OFFSET_PP [-240.12] computed successfully.
[TH.PH] OFFSET_PP [-220.12] computed successfully.
[TH.PH] OFFSET_PP [-200.12] computed successfully.
[TH.PH] OFFSET_PP [-180.12] computed successfully.
[TH.PH] OFFSET_PP [-160.12] computed successfully.
[TH.PH] OFFSET_PP [-140.12] computed successfully.
[TH.PH] OFFSET_PP [-120.12] computed successfully.
[TH.PH] OFFSET_PP [-100.12] computed successfully.
[TH.PH] OFFSET_PP [-80.12] computed successfully.
[TH.PH] OFFSET_PP [-60.12] computed successfully.
[TH.PH] OFFSET_PP [-40.12] computed successfully.
[TH.PH] OFFSET_PP [-20.12] computed successfully.
[TH.PH] OFFSET_PP [-0.12] computed successfully.
[TH.PH] OFFSET_PP [19.88] computed successfully.

==================================== LDP Population Coverage Analysis: TH.PH ====================================
|   MSL_PP |   HAE_PP | Province   |   Total_Pts |   Valid_Pts |   Pt_Coverage(%) |   Total_POP |   Valid_POP |   POP_Coverage(%) |   CSF_Lower_ppm |   CSF_Mean_ppm |   CSF_Upper_ppm |
|---------:|---------:|:-----------|------------:|------------:|-----------------:|------------:|------------:|------------------:|----------------:|---------------:|----------------:|
|    +0.00 |   -31.28 | TH.PH      |       49582 |       19406 |            39.14 |     839,894 |     498,472 |             59.35 |           -20.0 |           -9.8 |           +20.0 |
|   +20.00 |   -11.28 | TH.PH      |       49582 |       22573 |            45.53 |     839,894 |     647,693 |             77.12 |           -20.0 |           -8.9 |           +20.0 |
|   +40.00 |    +8.72 | TH.PH      |       49582 |       24456 |            49.32 |     839,894 |     703,835 |             83.80 |           -20.0 |           -7.3 |           +20.0 |
|   +60.00 |   +28.72 | TH.PH      |       49582 |       26117 |            52.67 |     839,894 |     730,473 |             86.97 |           -20.0 |           -4.9 |           +20.0 |
|   +80.00 |   +48.72 | TH.PH      |       49582 |       26906 |            54.27 |     839,894 |     736,177 |             87.65 |           -20.0 |           -3.0 |           +20.0 |
|  +100.00 |   +68.72 | TH.PH      |       49582 |       27461 |            55.39 |     839,894 |     736,279 |             87.66 |           -20.0 |           -1.0 |           +20.0 |
|  +120.00 |   +88.72 | TH.PH      |       49582 |       27867 |            56.20 |     839,894 |     729,359 |             86.84 |           -20.0 |           +1.0 |           +20.0 |
|  +140.00 |  +108.72 | TH.PH      |       49582 |       28064 |            56.60 |     839,894 |     714,790 |             85.10 |           -20.0 |           +3.0 |           +20.0 |
|  +160.00 |  +128.72 | TH.PH      |       49582 |       28151 |            56.78 |     839,894 |     702,661 |             83.66 |           -20.0 |           +4.9 |           +20.0 |
|  +180.00 |  +148.72 | TH.PH      |       49582 |       27829 |            56.13 |     839,894 |     690,547 |             82.22 |           -20.0 |           +6.8 |           +20.0 |
|  +200.00 |  +168.72 | TH.PH      |       49582 |       23026 |            46.44 |     839,894 |     548,746 |             65.34 |           -20.0 |           +7.1 |           +20.0 |
|  +220.00 |  +188.72 | TH.PH      |       49582 |       19832 |            40.00 |     839,894 |     460,617 |             54.84 |           -20.0 |           +7.1 |           +20.0 |
|  +240.00 |  +208.72 | TH.PH      |       49582 |       17222 |            34.73 |     839,894 |     379,308 |             45.16 |           -20.0 |           +7.0 |           +20.0 |
|  +260.00 |  +228.72 | TH.PH      |       49582 |       14322 |            28.89 |     839,894 |     236,047 |             28.10 |           -20.0 |           +6.0 |           +20.0 |
|  +280.00 |  +248.72 | TH.PH      |       49582 |       11895 |            23.99 |     839,894 |     107,017 |             12.74 |           -20.0 |           +4.5 |           +20.0 |
|  +300.00 |  +268.72 | TH.PH      |       49582 |       10447 |            21.07 |     839,894 |      54,891 |              6.54 |           -20.0 |           +3.7 |           +20.0 |
|  +320.00 |  +288.72 | TH.PH      |       49582 |        9459 |            19.08 |     839,894 |      34,528 |              4.11 |           -20.0 |           +3.0 |           +20.0 |
|  +340.00 |  +308.72 | TH.PH      |       49582 |        8603 |            17.35 |     839,894 |      22,763 |              2.71 |           -20.0 |           +2.4 |           +20.0 |
==========================================================================================================================

 -> Plot saved successfully to: OUTPUT_LDP/TH_PH/TH_PH_Plot_PP_Popu.svg

--> [TH.PH] Step 6: 6_LDP_OnePage.py
Processing province: TH_PH
[+] TH_PH: One-Page Report generated successfully.
======================================================================
Completed province: TH.PH
Finished: 2026-08-19T17:04:13+07:00
======================================================================
