======================================================================
Processing province: TH.KK
Started: 2026-08-19T15:57:09+07:00
======================================================================
--> [TH.KK] Step 1: 1_fabdem_province.py
[1/5] Read GADM and select HASC_1=TH.KK
[2/5] Save province and clip FABDEM
[3/5] Generate contours every 100 m with GDAL 3.10.3
[4/5] Calculate statistics and write PDF
[5/5] Write DataFrame summaries

Completed successfully.
HASC_1    NAME_1  contours                                                                                  PDF
 TH.KK Khon Kaen      2678 /mnt/nvme1/Project/2026-EIT_TH_LDP/src/OUTPUT_FABDEM/TH_KK/TH_KK_fabdem_contours.pdf
--> [TH.KK] Step 2: 2_popu2025_grid.py
[1/4] Select GADM province HASC_1=TH.KK
[2/4] Save boundary and cut population grid
[3/4] Calculate population-grid statistics
[4/4] Write population-grid PDF and summaries

Completed successfully.
HASC_1    NAME_1  population_sum                                                                                       grid
 TH.KK Khon Kaen    1.695520e+06 /mnt/nvme1/Project/2026-EIT_TH_LDP/src/OUTPUT_POP2025/TH_KK/TH_KK_population_2025_100m.tif
--> [TH.KK] Step 3: 3_generate_sample.py
[1/4] Select GADM province HASC_1=TH.KK
 -> [READ] Loading Vector Dataset: OUTPUT_PROV/gadm41_THA.gpkg (Layer: 'ADM_ADM_1')
[2/4] Generate 500.0m grid points
 -> Auto-detected EPSG:32648 for province.
 -> Generated 100,425 bounding box points.
 -> Clipping points to province boundary...
 -> Computing 8-digit Geohashes...
[3/4] Extracting Raster Values (FABDEM MSL & POP2025)...
 -> [READ] Opening Raster File: OUTPUT_FABDEM/TH_KK/TH_KK_fabdem.tif
 -> [READ] Opening Raster File for Area Sum: OUTPUT_POP2025/TH_KK/TH_KK_population_2025_100m.tif
 -> Converting geometries to Lng/Lat (EPSG:4326)...
[4/4] Save GeoPackage Data...
 -> [WRITE] Saving Vector File: /mnt/nvme1/Project/2026-EIT_TH_LDP/src/OUTPUT_SAMPL/TH_KK/TH_KK_SAMPL.gpkg (Layer: 'samples')

[5/5] Comparing POP2025 with DOPA Registration Population...

Completed successfully.
HASC_1  Grid (m)       CRS  Samples           Output   POP2025  DOPA_Pop    Diff
 TH.KK     500.0 EPSG:4326    42450 TH_KK_SAMPL.gpkg 1,689,901 1,765,967 -76,066
--> [TH.KK] Step 4: 4_analyse_ldp.py
LDP                                            [TM, 102:35]
FALSE_EN                                 [250000, -1050000]
PP_MSL                                                   90
GPKG         [OUTPUT_SAMPL/TH_KK/TH_KK_SAMPL.gpkg, samples]
OFFSET_PP      [0.0, default hPP from average topo or pnts]
dtype: object
 -> OUTLIER FILTER: Dropped 866 points.
 -> Dropped MSL values: [-9999, -9999, -9999, -9999, -9999, -9999, -9999, -9999, -9999, -9999, -9999, -9999, -9999, -9999, -9999, -9999, -9999, 221, 193, 235, 236, 237, 214, 214, 274, 248, 248, 242, 249, 252, 247, 188, 193, 191, 197, 197, 197, 195, 204, 238, 242, 245, 236, 240, 269, 242, 243, 258, 243, 494, 527, 503, 557, 249, 469, 256, 250, 256, 490, 262, 228, 248, 239, 274, 236, 243, 536, 280, 257, 260, 329, 238, 238, 258, 259, 294, 324, 305, 318, 415, 288, 290, 307, 306, 503, 595, 338, 331, 301, 295, 331, 333, 700, 307, 270, 265, 325, 317, 323, 546, 601, 319, 350, 680, 331, 369, 370, 374, 335, 364, 341, 355, 368, 354, 355, 351, 292, 298, 258, 254, 449, 448, 195, 212, 242, 210, 213, 233, 227, 258, 247, 252, 228, 228, 359, 248, 249, 236, 362, 362, 230, 257, 232, 245, 323, 252, 762, 763, 776, 772, 782, 271, 244, 772, 263, 252, 273, 280, 478, 799, 767, 357, 251, 278, 267, 813, 789, 268, 265, 267, 268, 265, 288, 255, 257, 283, 766, 276, 296, 237, 256, 261, 257, 272, 249, 244, 225, 249, 242, 235, 236, 511, 216, 572, 540, 536, 580, 545, 546, 570, 559, 667, 655, 229, 211, 226, 183, 234, 211, 210, 211, 209, 210, 214, 214, 205, 194, 259, 256, 259, 241, 239, 237, 250, 569, 246, 242, 232, 229, 564, 552, 543, 557, 560, 652, 246, 229, 235, 235, 711, 688, 235, 250, 223, 223, 280, 659, 657, 247, 242, 226, 228, 223, 213, 234, 231, 233, 228, 224, 206, 208, 221, 206, 221, 222, 378, 345, 341, 217, 209, 202, 204, 608, 218, 415, 217, 199, 209, 193, 238, 241, 236, 238, 238, 238, 467, 517, 498, 568, 486, 493, 426, 451, 540, 491, 475, 449, 472, 232, 231, 233, 373, 416, 439, 363, 312, 312, 311, 225, 222, 230, 231, 226, 286, 301, 213, 745, 732, 771, 330, 695, 735, 773, 740, 344, 343, 338, 298, 318, 349, 334, 338, 331, 327, 318, 315, 305, 335, 320, 321, 290, 296, 277, 278, 261, 279, 328, 755, 683, 725, 352, 355, 347, 343, 334, 338, 336, 299, 291, 691, 707, 732, 765, 272, 254, 342, 258, 374, 258, 242, 205, 223, 213, 220, 223, 179, 187, 219, 352, 207, 406, 207, 216, 207, 565, 365, 374, 426, 162, 165, 165, 168, 166, 154, 152, 154, 153, 151, 168, 184, 171, 198, 212, 167, 159, 165, 175, 178, 174, 163, 167, 168, 167, 165, 175, 176, 182, 192, 183, 186, 186, 191, 190, 193, 218, 222, 223, 223, 226, 208, 205, 233, 239, 254, 258, 249, 237, 244, 251, 244, 253, 256, 230, 230, 234, 226, 229, 231, 197, 229, 227, 233, 238, 179, 181, 184, 172, 170, 168, 157, 157, 155, 155, 162, 165, 164, 212, 167, 151, 175, 229, 228, 227, 222, 224, 226, 225, 220, 221, 220, 223, 211, 195, 195, 195, 224, 164, 164, 175, 200, 211, 207, 207, 153, 261, 263, 262, 263, 265, 266, 186, 213, 214, 208, 214, 238, 238, 227, 239, 606, 623, 665, 669, 608, 246, 251, 640, 616, 159, 174, 149, 147, 189, 189, 147, 155, 173, 146, 146, 146, 146, 146, 166, 227, 213, 191, 197, 192, 181, 205, 202, 207, 210, 235, 220, 226, 174, 178, 178, 180, 182, 186, 217, 218, 173, 617, 608, 259, 226, 244, 239, 264, 243, 244, 261, 640, 265, 220, 223, 216, 242, 206, 198, 185, 219, 205, 212, 210, 206, 206, 208, 208, 218, 220, 234, 182, 191, 192, 180, 177, 178, 203, 187, 185, 185, 218, 191, 191, 187, 215, 216, 236, 232, 210, 212, 230, 224, 234, 234, 243, 263, 200, 206, 200, 215, 181, 182, 197, 539, 210, 203, 246, 188, 180, 234, 181, 179, 455, 187, 185, 223, 188, 187, 201, 181, 182, 191, 184, 193, 181, 202, 455, 199, 191, 189, 196, 301, 274, 182, 181, 180, 220, 204, 198, 154, 219, 218, 214, 198, 195, 202, 197, 192, 154, 201, 207, 201, 202, 199, 198, 162, 162, 162, 222, 220, 197, 207, 158, 152, 146, 153, 150, 153, 146, 146, 146, 146, 146, 155, 147, 147, 182, 189, 158, 157, 147, 160, 207, 163, 163, 164, 162, 147, 148, 160, 162, 161, 147, 151, 168, 169, 169, 169, 167, 166, 170, 160, 162, 160, 161, 165, 160, 173, 174, 161, 150, 150, 150, 151, 151, 154, 160, 154, 164, 167, 206, 208, 164, 183, 191, 183, 169, 164, 154, 201, 208, 211, 204, 205, 198, 180, 200, 250, 212, 219, 255, 255, 255, 167, 167, 244, 246, 234, 218, 200, 220, 235, 231, 387, 396, 394, 192, 332, 311, 297, 281, 182, 179, 211, 181, 191, 207, 233, 225, 210, 217, 228, 235, 243, 244, 240, 162, 167, 168, 207, 200, 238, 227, 230, 169, 168, 169, 173, 214, 222, 203, 206, 210, 208, 212, 212, 397, 200, 213, 223, 222, 207, 381, 223, 240, 237, 241, 243, 242, 550, 577, 238, 238, 213, 234, 235, 235, 234, 240, 556, 552, 263, 274, 269, 268, 265, 301, 312, 337, 342, 360, 361, 349, 335, 315, 296, 286, 308, 236, 237, 228, 234, 228, 185, 181, 241, 255, 223, 294, 180, 208]
 -> Using user-defined PP_MSL: 90.000m
==================================== LDP TM ====================================
@ Centroid @     <lng=102°35′>    <lat=16°24′>
Offset Projection Plane = +0.0 m. <default hPP from average topo or pnts>
Designed Project Plane : hPP=+60.50 m. / MSL=+90.00 m. tied to k0 = 1.000010
Points CSF min/mean/max [ppm] : -80.5 / -6.8 / +69.7
Points MSL min/mean/max [m.]  : +146.0 / +213.0 / +752.0
|      |       LDP_E |       LDP_N |
|:-----|------------:|------------:|
| min  | 161,305.370 | 679,009.848 |
| max  | 314,079.564 | 839,844.057 |
| diff | 152,774.194 | 160,834.209 |
{"meta": "LDP_Definition", "PROJ_String_Decimal": "+proj=tmerc +lat_0=0.0 +lon_0=102.58333333 +k_0=1.000010 +x_0=250000 +y_0=-1050000 +ellps=WGS84 +units=m +no_defs +type=crs", "PROJ_String_DMS": "+proj=tmerc +lat_0=0.0 +lon_0=102°35′ +k_0=1.000010 +x_0=250000 +y_0=-1050000 +ellps=WGS84 +units=m +no_defs +type=crs"}
Writing definition GPKG : OUTPUT_LDP/TH_KK/TH_KK_LDP.gpkg ...
 -> THINNING: Snapping points to 2 decimal grid for visualization...
 -> THINNING: Plot points reduced from 41584 to 9171.
Writing definition plot : OUTPUT_LDP/TH_KK/TH_KK_LDP.svg...
{"meta": "Coverage_Analysis", "Province": "TH.KK", "Total_Pts": 42450, "Valid_Pts": 37101, "Pt_Coverage(%)": 87.4, "Total_POP": 1689900.5762999998, "Valid_POP": 1607228.8317999998, "POP_Coverage(%)": 95.11, "CSF_Lower_ppm": -20.0, "CSF_Mean_ppm": -6.7, "CSF_Upper_ppm": 20.0}
--> [TH.KK] Step 5: 5_plot_PP_PctPopu.py
[TH.KK] Starting ProcessPoolExecutor with 16 offsets to compute (Mean MSL: 213.03 m)...
[TH.KK] OFFSET_PP [-200.00] computed successfully.
[TH.KK] OFFSET_PP [-180.00] computed successfully.
[TH.KK] OFFSET_PP [-160.00] computed successfully.
[TH.KK] OFFSET_PP [-140.00] computed successfully.
[TH.KK] OFFSET_PP [-120.00] computed successfully.
[TH.KK] OFFSET_PP [-100.00] computed successfully.
[TH.KK] OFFSET_PP [-80.00] computed successfully.
[TH.KK] OFFSET_PP [-60.00] computed successfully.
[TH.KK] OFFSET_PP [-40.00] computed successfully.
[TH.KK] OFFSET_PP [-20.00] computed successfully.
[TH.KK] OFFSET_PP [0.00] computed successfully.
[TH.KK] OFFSET_PP [20.00] computed successfully.
[TH.KK] OFFSET_PP [40.00] computed successfully.
[TH.KK] OFFSET_PP [60.00] computed successfully.
[TH.KK] OFFSET_PP [80.00] computed successfully.
[TH.KK] OFFSET_PP [100.00] computed successfully.

==================================== LDP Population Coverage Analysis: TH.KK ====================================
|   MSL_PP |   HAE_PP | Province   |   Total_Pts |   Valid_Pts |   Pt_Coverage(%) |   Total_POP |   Valid_POP |   POP_Coverage(%) |   CSF_Lower_ppm |   CSF_Mean_ppm |   CSF_Upper_ppm |
|---------:|---------:|:-----------|------------:|------------:|-----------------:|------------:|------------:|------------------:|----------------:|---------------:|----------------:|
|   +13.03 |   -16.47 | TH.KK      |       42450 |       15534 |            36.59 |   1,689,901 |     930,693 |             55.07 |           -20.0 |           -7.8 |           +20.0 |
|   +33.03 |    +3.53 | TH.KK      |       42450 |       23525 |            55.42 |   1,689,901 |   1,230,551 |             72.82 |           -20.0 |           -9.1 |           +20.0 |
|   +53.03 |   +23.53 | TH.KK      |       42450 |       30535 |            71.93 |   1,689,901 |   1,438,149 |             85.10 |           -20.0 |           -9.4 |           +20.0 |
|   +73.03 |   +43.53 | TH.KK      |       42450 |       35312 |            83.18 |   1,689,901 |   1,573,667 |             93.12 |           -20.0 |           -8.5 |           +20.0 |
|   +93.03 |   +63.53 | TH.KK      |       42450 |       37101 |            87.40 |   1,689,901 |   1,607,229 |             95.11 |           -20.0 |           -6.7 |           +20.0 |
|  +113.03 |   +83.53 | TH.KK      |       42450 |       37141 |            87.49 |   1,689,901 |   1,597,049 |             94.51 |           -20.0 |           -4.4 |           +20.0 |
|  +133.03 |  +103.53 | TH.KK      |       42450 |       36510 |            86.01 |   1,689,901 |   1,566,503 |             92.70 |           -20.0 |           -2.0 |           +20.0 |
|  +153.03 |  +123.53 | TH.KK      |       42450 |       35638 |            83.95 |   1,689,901 |   1,529,517 |             90.51 |           -20.0 |           +0.3 |           +20.0 |
|  +173.03 |  +143.53 | TH.KK      |       42450 |       33781 |            79.58 |   1,689,901 |   1,465,734 |             86.73 |           -20.0 |           +3.1 |           +20.0 |
|  +193.03 |  +163.53 | TH.KK      |       42450 |       32388 |            76.30 |   1,689,901 |   1,410,687 |             83.48 |           -20.0 |           +5.3 |           +20.0 |
|  +213.03 |  +183.53 | TH.KK      |       42450 |       31043 |            73.13 |   1,689,901 |   1,337,613 |             79.15 |           -20.0 |           +7.7 |           +20.0 |
|  +233.03 |  +203.53 | TH.KK      |       42450 |       29617 |            69.77 |   1,689,901 |   1,106,683 |             65.49 |           -20.0 |          +10.0 |           +20.0 |
|  +253.03 |  +223.53 | TH.KK      |       42450 |       27465 |            64.70 |   1,689,901 |     863,929 |             51.12 |           -19.9 |          +12.3 |           +20.0 |
|  +273.03 |  +243.53 | TH.KK      |       42450 |       23255 |            54.78 |   1,689,901 |     662,637 |             39.21 |           -20.0 |          +14.0 |           +20.0 |
|  +293.03 |  +263.53 | TH.KK      |       42450 |       16680 |            39.29 |   1,689,901 |     418,571 |             24.77 |           -20.0 |          +15.0 |           +20.0 |
|  +313.03 |  +283.53 | TH.KK      |       42450 |        7269 |            17.12 |   1,689,901 |     127,200 |              7.53 |           -20.0 |          +14.4 |           +20.0 |
==========================================================================================================================

 -> Plot saved successfully to: OUTPUT_LDP/TH_KK/TH_KK_Plot_PP_Popu.svg

--> [TH.KK] Step 6: 6_LDP_OnePage.py
Processing province: TH_KK
[+] TH_KK: One-Page Report generated successfully.
======================================================================
Completed province: TH.KK
Finished: 2026-08-19T16:19:20+07:00
======================================================================
