======================================================================
Processing province: TH.AC
Started: 2026-08-19T15:57:09+07:00
======================================================================
--> [TH.AC] Step 1: 1_fabdem_province.py
[1/5] Read GADM and select HASC_1=TH.AC
[2/5] Save province and clip FABDEM
[3/5] Generate contours every 100 m with GDAL 3.10.3
[4/5] Calculate statistics and write PDF
[5/5] Write DataFrame summaries

Completed successfully.
HASC_1        NAME_1  contours                                                                                  PDF
 TH.AC Amnat Charoen       298 /mnt/nvme1/Project/2026-EIT_TH_LDP/src/OUTPUT_FABDEM/TH_AC/TH_AC_fabdem_contours.pdf
--> [TH.AC] Step 2: 2_popu2025_grid.py
[1/4] Select GADM province HASC_1=TH.AC
[2/4] Save boundary and cut population grid
[3/4] Calculate population-grid statistics
[4/4] Write population-grid PDF and summaries

Completed successfully.
HASC_1        NAME_1  population_sum                                                                                       grid
 TH.AC Amnat Charoen   212129.863818 /mnt/nvme1/Project/2026-EIT_TH_LDP/src/OUTPUT_POP2025/TH_AC/TH_AC_population_2025_100m.tif
--> [TH.AC] Step 3: 3_generate_sample.py
[1/4] Select GADM province HASC_1=TH.AC
 -> [READ] Loading Vector Dataset: OUTPUT_PROV/gadm41_THA.gpkg (Layer: 'ADM_ADM_1')
[2/4] Generate 500.0m grid points
 -> Auto-detected EPSG:32648 for province.
 -> Generated 23,380 bounding box points.
 -> Clipping points to province boundary...
 -> Computing 8-digit Geohashes...
[3/4] Extracting Raster Values (FABDEM MSL & POP2025)...
 -> [READ] Opening Raster File: OUTPUT_FABDEM/TH_AC/TH_AC_fabdem.tif
 -> [READ] Opening Raster File for Area Sum: OUTPUT_POP2025/TH_AC/TH_AC_population_2025_100m.tif
 -> Converting geometries to Lng/Lat (EPSG:4326)...
[4/4] Save GeoPackage Data...
 -> [WRITE] Saving Vector File: /mnt/nvme1/Project/2026-EIT_TH_LDP/src/OUTPUT_SAMPL/TH_AC/TH_AC_SAMPL.gpkg (Layer: 'samples')

[5/5] Comparing POP2025 with DOPA Registration Population...

Completed successfully.
HASC_1  Grid (m)       CRS  Samples           Output POP2025 DOPA_Pop     Diff
 TH.AC     500.0 EPSG:4326    12948 TH_AC_SAMPL.gpkg 211,765  370,677 -158,912
--> [TH.AC] Step 4: 4_analyse_ldp.py
LDP                                            [TM, 104:45]
FALSE_EN                                  [50000, -1610000]
PP_MSL                                                  125
GPKG         [OUTPUT_SAMPL/TH_AC/TH_AC_SAMPL.gpkg, samples]
OFFSET_PP      [0.0, default hPP from average topo or pnts]
dtype: object
 -> OUTLIER FILTER: Dropped 264 points.
 -> Dropped MSL values: [-9999, -9999, -9999, -9999, -9999, 127, 117, 125, 116, 118, 118, 119, 116, 125, 117, 117, 124, 122, 127, 125, 133, 125, 117, 140, 128, 118, 130, 133, 128, 123, 133, 134, 132, 130, 137, 132, 120, 121, 123, 131, 123, 147, 141, 141, 141, 139, 139, 142, 127, 127, 127, 122, 128, 130, 121, 128, 150, 151, 135, 133, 126, 135, 128, 124, 129, 129, 129, 127, 130, 131, 152, 149, 147, 148, 133, 154, 152, 140, 162, 139, 187, 180, 179, 146, 154, 127, 144, 145, 127, 147, 125, 128, 126, 228, 221, 194, 205, 201, 212, 212, 209, 221, 327, 342, 218, 223, 206, 211, 204, 202, 175, 177, 185, 170, 151, 155, 150, 200, 227, 200, 181, 169, 170, 201, 195, 150, 152, 151, 154, 164, 157, 158, 167, 114, 122, 127, 125, 125, 116, 120, 134, 131, 142, 135, 116, 133, 138, 135, 135, 145, 163, 164, 165, 135, 142, 145, 173, 176, 213, 211, 220, 222, 222, 218, 204, 223, 203, 294, 201, 212, 213, 192, 223, 194, 211, 190, 188, 187, 205, 194, 198, 197, 201, 193, 202, 199, 196, 198, 189, 244, 186, 147, 183, 205, 191, 194, 192, 196, 185, 187, 187, 177, 176, 191, 189, 187, 187, 176, 193, 188, 193, 192, 195, 186, 155, 216, 178, 177, 189, 144, 143, 135, 135, 122, 184, 176, 184, 181, 179, 180, 178, 175, 132, 122, 123, 123, 123, 123, 123, 124, 124, 176, 182, 208, 213, 214, 216, 193, 214, 200, 196, 186, 190, 383, 387, 408, 420, 218, 213, 169, 171, 173, 169, 155]
 -> Using user-defined PP_MSL: 125.000m
==================================== LDP TM ====================================
@ Centroid @     <lng=104°45′>    <lat=15°53′>
Offset Projection Plane = +0.0 m. <default hPP from average topo or pnts>
Designed Project Plane : hPP=+102.09 m. / MSL=+125.00 m. tied to k0 = 1.000016
Points CSF min/mean/max [ppm] : -38.9 / -1.1 / +15.5
Points MSL min/mean/max [m.]  : +116.0 / +154.3 / +374.0
|      |      LDP_E |       LDP_N |
|:-----|-----------:|------------:|
| min  | 15,272.341 | 108,714.862 |
| max  | 81,748.478 | 190,760.548 |
| diff | 66,476.138 |  82,045.686 |
{"meta": "LDP_Definition", "PROJ_String_Decimal": "+proj=tmerc +lat_0=0.0 +lon_0=104.75000000 +k_0=1.000016 +x_0=50000 +y_0=-1610000 +ellps=WGS84 +units=m +no_defs +type=crs", "PROJ_String_DMS": "+proj=tmerc +lat_0=0.0 +lon_0=104°45′ +k_0=1.000016 +x_0=50000 +y_0=-1610000 +ellps=WGS84 +units=m +no_defs +type=crs"}
Writing definition GPKG : OUTPUT_LDP/TH_AC/TH_AC_LDP.gpkg ...
 -> THINNING: Snapping points to 2 decimal grid for visualization...
 -> THINNING: Plot points reduced from 12684 to 2824.
Writing definition plot : OUTPUT_LDP/TH_AC/TH_AC_LDP.svg...
{"meta": "Coverage_Analysis", "Province": "TH.AC", "Total_Pts": 12948, "Valid_Pts": 12600, "Pt_Coverage(%)": 97.31, "Total_POP": 211765.01810000002, "Valid_POP": 204654.218, "POP_Coverage(%)": 96.64, "CSF_Lower_ppm": -19.9, "CSF_Mean_ppm": -1.0, "CSF_Upper_ppm": 15.5}
--> [TH.AC] Step 5: 5_plot_PP_PctPopu.py
[TH.AC] Starting ProcessPoolExecutor with 16 offsets to compute (Mean MSL: 154.31 m)...
[TH.AC] OFFSET_PP [-200.00] computed successfully.
[TH.AC] OFFSET_PP [-180.00] computed successfully.
[TH.AC] OFFSET_PP [-160.00] computed successfully.
[TH.AC] OFFSET_PP [-140.00] computed successfully.
[TH.AC] OFFSET_PP [-120.00] computed successfully.
[TH.AC] OFFSET_PP [-100.00] computed successfully.
[TH.AC] OFFSET_PP [-80.00] computed successfully.
[TH.AC] OFFSET_PP [-60.00] computed successfully.
[TH.AC] OFFSET_PP [-40.00] computed successfully.
[TH.AC] OFFSET_PP [-20.00] computed successfully.
[TH.AC] OFFSET_PP [0.00] computed successfully.
[TH.AC] OFFSET_PP [20.00] computed successfully.
[TH.AC] OFFSET_PP [40.00] computed successfully.
[TH.AC] OFFSET_PP [60.00] computed successfully.
[TH.AC] OFFSET_PP [80.00] computed successfully.
[TH.AC] OFFSET_PP [100.00] computed successfully.

==================================== LDP Population Coverage Analysis: TH.AC ====================================
|   MSL_PP |   HAE_PP | Province   |   Total_Pts |   Valid_Pts |   Pt_Coverage(%) |   Total_POP |   Valid_POP |   POP_Coverage(%) |   CSF_Lower_ppm |   CSF_Mean_ppm |   CSF_Upper_ppm |
|---------:|---------:|:-----------|------------:|------------:|-----------------:|------------:|------------:|------------------:|----------------:|---------------:|----------------:|
|   -45.69 |   -68.60 | TH.AC      |       12948 |        1007 |             7.78 |     211,765 |      18,681 |              8.82 |           -20.0 |          -17.1 |           -11.5 |
|   -25.69 |   -48.60 | TH.AC      |       12948 |        2195 |            16.95 |     211,765 |      35,331 |             16.68 |           -20.0 |          -16.6 |            -8.5 |
|    -5.69 |   -28.60 | TH.AC      |       12948 |        5130 |            39.62 |     211,765 |      73,061 |             34.50 |           -20.0 |          -15.8 |            -4.5 |
|   +14.31 |    -8.60 | TH.AC      |       12948 |        8116 |            62.68 |     211,765 |     134,002 |             63.28 |           -20.0 |          -14.9 |            -1.5 |
|   +34.31 |   +11.40 | TH.AC      |       12948 |       10446 |            80.68 |     211,765 |     181,318 |             85.62 |           -20.0 |          -13.4 |            +1.5 |
|   +54.31 |   +31.40 | TH.AC      |       12948 |       11810 |            91.21 |     211,765 |     198,008 |             93.50 |           -20.0 |          -11.3 |            +4.5 |
|   +74.31 |   +51.40 | TH.AC      |       12948 |       12425 |            95.96 |     211,765 |     203,752 |             96.22 |           -20.0 |           -8.8 |            +7.5 |
|   +94.31 |   +71.40 | TH.AC      |       12948 |       12528 |            96.76 |     211,765 |     204,570 |             96.60 |           -19.9 |           -5.9 |           +10.5 |
|  +114.31 |   +91.40 | TH.AC      |       12948 |       12573 |            97.10 |     211,765 |     204,633 |             96.63 |           -19.9 |           -2.9 |           +13.5 |
|  +134.31 |  +111.40 | TH.AC      |       12948 |       12621 |            97.47 |     211,765 |     204,666 |             96.65 |           -19.9 |           +1.0 |           +17.5 |
|  +154.31 |  +131.40 | TH.AC      |       12948 |       12643 |            97.64 |     211,765 |     204,674 |             96.65 |           -19.8 |           +3.9 |           +19.9 |
|  +174.31 |  +151.40 | TH.AC      |       12948 |       12458 |            96.22 |     211,765 |     203,669 |             96.18 |           -20.0 |           +6.7 |           +20.0 |
|  +194.31 |  +171.40 | TH.AC      |       12948 |       12079 |            93.29 |     211,765 |     195,586 |             92.36 |           -18.9 |           +9.3 |           +20.0 |
|  +214.31 |  +191.40 | TH.AC      |       12948 |       11411 |            88.13 |     211,765 |     182,214 |             86.05 |           -19.9 |          +11.8 |           +20.0 |
|  +234.31 |  +211.40 | TH.AC      |       12948 |        9871 |            76.24 |     211,765 |     159,833 |             75.48 |           -19.2 |          +13.7 |           +20.0 |
|  +254.31 |  +231.40 | TH.AC      |       12948 |        7555 |            58.35 |     211,765 |     131,623 |             62.16 |           -18.9 |          +15.3 |           +20.0 |
==========================================================================================================================

 -> Plot saved successfully to: OUTPUT_LDP/TH_AC/TH_AC_Plot_PP_Popu.svg

--> [TH.AC] Step 6: 6_LDP_OnePage.py
Processing province: TH_AC
[+] TH_AC: One-Page Report generated successfully.
======================================================================
Completed province: TH.AC
Finished: 2026-08-19T16:00:09+07:00
======================================================================
