======================================================================
Processing province: TH.UD_W
Started: 2026-08-19T17:04:42+07:00
======================================================================
--> [TH.UD_W] Step 1: 1_fabdem_province.py
[1/5] Read GADM and select HASC_1=TH.UD_W
[2/5] Save province and clip FABDEM
[3/5] Generate contours every 100 m with GDAL 3.10.3
[4/5] Calculate statistics and write PDF
[5/5] Write DataFrame summaries

Completed successfully.
 HASC_1         NAME_1  contours                                                                                      PDF
TH.UD_W Uttaradit West      1692 /mnt/nvme1/Project/2026-EIT_TH_LDP/src/OUTPUT_FABDEM/TH_UD_W/TH_UD_W_fabdem_contours.pdf
--> [TH.UD_W] Step 2: 2_popu2025_grid.py
[1/4] Select GADM province HASC_1=TH.UD_W
[2/4] Save boundary and cut population grid
[3/4] Calculate population-grid statistics
[4/4] Write population-grid PDF and summaries

Completed successfully.
 HASC_1         NAME_1  population_sum                                                                                           grid
TH.UD_W Uttaradit West    298637.88641 /mnt/nvme1/Project/2026-EIT_TH_LDP/src/OUTPUT_POP2025/TH_UD_W/TH_UD_W_population_2025_100m.tif
--> [TH.UD_W] Step 3: 3_generate_sample.py
[1/4] Select GADM province HASC_1=TH.UD_W
 -> [READ] Loading Vector Dataset: OUTPUT_PROV/gadm41_THA.gpkg (Layer: 'ADM_ADM_1')
[2/4] Generate 500.0m grid points
 -> Auto-detected EPSG:32647 for province.
 -> Generated 25,272 bounding box points.
 -> Clipping points to province boundary...
 -> Computing 8-digit Geohashes...
[3/4] Extracting Raster Values (FABDEM MSL & POP2025)...
 -> [READ] Opening Raster File: OUTPUT_FABDEM/TH_UD_W/TH_UD_W_fabdem.tif
 -> [READ] Opening Raster File for Area Sum: OUTPUT_POP2025/TH_UD_W/TH_UD_W_population_2025_100m.tif
 -> Converting geometries to Lng/Lat (EPSG:4326)...
[4/4] Save GeoPackage Data...
 -> [WRITE] Saving Vector File: /mnt/nvme1/Project/2026-EIT_TH_LDP/src/OUTPUT_SAMPL/TH_UD_W/TH_UD_W_SAMPL.gpkg (Layer: 'samples')

[5/5] Comparing POP2025 with DOPA Registration Population...

Completed successfully.
 HASC_1  Grid (m)       CRS  Samples             Output POP2025 DOPA_Pop     Diff
TH.UD_W     500.0 EPSG:4326    12061 TH_UD_W_SAMPL.gpkg 300,128  433,275 -133,147
--> [TH.UD_W] Step 4: 4_analyse_ldp.py
LDP                                               [TM, 100:11]
FALSE_EN                                    [140000, -1890000]
PP_MSL                                                     120
GPKG         [OUTPUT_SAMPL/TH_UD_W/TH_UD_W_SAMPL.gpkg, samp...
OFFSET_PP         [0.0, default hPP from average topo or pnts]
dtype: object
 -> OUTLIER FILTER: Dropped 245 points.
 -> Dropped MSL values: [-9999, -9999, -9999, 68, 115, 66, 59, 53, 72, 74, 138, 96, 92, 218, 116, 72, 115, 275, 339, 120, 365, 149, 166, 367, 210, 379, 240, 98, 101, 275, 127, 345, 324, 199, 113, 160, 140, 231, 362, 307, 117, 70, 110, 100, 79, 111, 108, 110, 100, 85, 104, 107, 506, 496, 238, 217, 137, 230, 287, 268, 116, 202, 86, 139, 174, 120, 106, 113, 141, 137, 132, 129, 132, 107, 146, 122, 128, 177, 210, 151, 217, 392, 416, 126, 430, 543, 479, 460, 410, 387, 82, 76, 88, 81, 87, 94, 137, 103, 107, 104, 256, 146, 382, 276, 324, 161, 134, 126, 123, 280, 124, 95, 93, 114, 110, 102, 115, 112, 115, 182, 114, 109, 147, 394, 382, 478, 803, 894, 973, 477, 490, 464, 543, 88, 99, 88, 90, 99, 146, 108, 610, 575, 122, 171, 1035, 1032, 1098, 328, 329, 991, 1065, 853, 761, 822, 820, 796, 758, 251, 270, 167, 143, 138, 121, 152, 569, 569, 644, 577, 626, 621, 561, 130, 132, 130, 148, 137, 128, 447, 461, 113, 102, 94, 108, 95, 144, 94, 106, 101, 97, 110, 108, 98, 464, 387, 615, 623, 665, 775, 624, 699, 708, 608, 610, 644, 385, 377, 301, 286, 392, 292, 322, 357, 293, 299, 349, 408, 565, 563, 113, 489, 171, 212, 320, 242, 257, 335, 528, 792, 870, 844, 599, 605, 405, 551, 416, 553, 618, 417, 420, 216, 102, 227, 104, 118, 115]
 -> Using user-defined PP_MSL: 120.000m
==================================== LDP TM ====================================
@ Centroid @     <lng=100°11′>    <lat=17°31′>
Offset Projection Plane = +0.0 m. <default hPP from average topo or pnts>
Designed Project Plane : hPP=+84.55 m. / MSL=+120.00 m. tied to k0 = 1.000013
Points CSF min/mean/max [ppm] : -108.7 / +0.3 / +18.3
Points MSL min/mean/max [m.]  : +47.0 / +137.1 / +973.0
|      |       LDP_E |      LDP_N |
|:-----|------------:|-----------:|
| min  | 111,546.471 |  8,500.187 |
| max  | 189,384.195 | 84,959.034 |
| diff |  77,837.724 | 76,458.847 |
{"meta": "LDP_Definition", "PROJ_String_Decimal": "+proj=tmerc +lat_0=0.0 +lon_0=100.18333333 +k_0=1.000013 +x_0=140000 +y_0=-1890000 +ellps=WGS84 +units=m +no_defs +type=crs", "PROJ_String_DMS": "+proj=tmerc +lat_0=0.0 +lon_0=100°11′ +k_0=1.000013 +x_0=140000 +y_0=-1890000 +ellps=WGS84 +units=m +no_defs +type=crs"}
Writing definition GPKG : OUTPUT_LDP/TH_UD_W/TH_UD_W_LDP.gpkg ...
 -> THINNING: Snapping points to 2 decimal grid for visualization...
 -> THINNING: Plot points reduced from 11816 to 2651.
Writing definition plot : OUTPUT_LDP/TH_UD_W/TH_UD_W_LDP.svg...
{"meta": "Coverage_Analysis", "Province": "TH.UD_W", "Total_Pts": 12061, "Valid_Pts": 10323, "Pt_Coverage(%)": 85.59, "Total_POP": 300128.1211, "Valid_POP": 298368.1304, "POP_Coverage(%)": 99.41, "CSF_Lower_ppm": -20.0, "CSF_Mean_ppm": 6.1, "CSF_Upper_ppm": 18.3}
--> [TH.UD_W] Step 5: 5_plot_PP_PctPopu.py
[TH.UD_W] Starting ProcessPoolExecutor with 16 offsets to compute (Mean MSL: 137.13 m)...
[TH.UD_W] OFFSET_PP [-200.00] computed successfully.
[TH.UD_W] OFFSET_PP [-180.00] computed successfully.
[TH.UD_W] OFFSET_PP [-160.00] computed successfully.
[TH.UD_W] OFFSET_PP [-140.00] computed successfully.
[TH.UD_W] OFFSET_PP [-120.00] computed successfully.
[TH.UD_W] OFFSET_PP [-100.00] computed successfully.
[TH.UD_W] OFFSET_PP [-80.00] computed successfully.
[TH.UD_W] OFFSET_PP [-60.00] computed successfully.
[TH.UD_W] OFFSET_PP [-40.00] computed successfully.
[TH.UD_W] OFFSET_PP [-20.00] computed successfully.
[TH.UD_W] OFFSET_PP [0.00] computed successfully.
[TH.UD_W] OFFSET_PP [20.00] computed successfully.
[TH.UD_W] OFFSET_PP [40.00] computed successfully.
[TH.UD_W] OFFSET_PP [60.00] computed successfully.
[TH.UD_W] OFFSET_PP [80.00] computed successfully.
[TH.UD_W] OFFSET_PP [100.00] computed successfully.

==================================== LDP Population Coverage Analysis: TH.UD_W ====================================
|   MSL_PP |   HAE_PP | Province   |   Total_Pts |   Valid_Pts |   Pt_Coverage(%) |   Total_POP |   Valid_POP |   POP_Coverage(%) |   CSF_Lower_ppm |   CSF_Mean_ppm |   CSF_Upper_ppm |
|---------:|---------:|:-----------|------------:|------------:|-----------------:|------------:|------------:|------------------:|----------------:|---------------:|----------------:|
|   -62.87 |   -98.33 | TH.UD_W    |       12061 |        5831 |            48.35 |     300,128 |     236,977 |             78.96 |           -20.0 |          -16.9 |            -9.7 |
|   -42.87 |   -78.33 | TH.UD_W    |       12061 |        7389 |            61.26 |     300,128 |     281,638 |             93.84 |           -20.0 |          -14.8 |            -6.7 |
|   -22.87 |   -58.33 | TH.UD_W    |       12061 |        8198 |            67.97 |     300,128 |     291,532 |             97.14 |           -20.0 |          -12.5 |            -3.7 |
|    -2.87 |   -38.33 | TH.UD_W    |       12061 |        8650 |            71.72 |     300,128 |     294,457 |             98.11 |           -20.0 |          -10.0 |            -0.7 |
|   +17.13 |   -18.33 | TH.UD_W    |       12061 |        9034 |            74.90 |     300,128 |     296,275 |             98.72 |           -20.0 |           -7.4 |            +2.3 |
|   +37.13 |    +1.67 | TH.UD_W    |       12061 |        9341 |            77.45 |     300,128 |     296,978 |             98.95 |           -20.0 |           -4.9 |            +5.3 |
|   +57.13 |   +21.67 | TH.UD_W    |       12061 |        9613 |            79.70 |     300,128 |     297,536 |             99.14 |           -20.0 |           -2.4 |            +8.3 |
|   +77.13 |   +41.67 | TH.UD_W    |       12061 |        9965 |            82.62 |     300,128 |     298,115 |             99.33 |           -20.0 |           +0.9 |           +12.3 |
|   +97.13 |   +61.67 | TH.UD_W    |       12061 |       10162 |            84.26 |     300,128 |     298,247 |             99.37 |           -19.9 |           +3.5 |           +15.3 |
|  +117.13 |   +81.67 | TH.UD_W    |       12061 |       10323 |            85.59 |     300,128 |     298,368 |             99.41 |           -20.0 |           +6.1 |           +18.3 |
|  +137.13 |  +101.67 | TH.UD_W    |       12061 |       10472 |            86.83 |     300,128 |     297,739 |             99.20 |           -20.0 |           +8.6 |           +20.0 |
|  +157.13 |  +121.67 | TH.UD_W    |       12061 |        9941 |            82.42 |     300,128 |     287,157 |             95.68 |           -19.9 |          +10.5 |           +20.0 |
|  +177.13 |  +141.67 | TH.UD_W    |       12061 |        8240 |            68.32 |     300,128 |     240,388 |             80.10 |           -20.0 |          +11.2 |           +20.0 |
|  +197.13 |  +161.67 | TH.UD_W    |       12061 |        5107 |            42.34 |     300,128 |      61,676 |             20.55 |           -20.0 |           +8.6 |           +20.0 |
|  +217.13 |  +181.67 | TH.UD_W    |       12061 |        3340 |            27.69 |     300,128 |      11,345 |              3.78 |           -19.9 |           +5.7 |           +20.0 |
|  +237.13 |  +201.67 | TH.UD_W    |       12061 |        2818 |            23.36 |     300,128 |       6,148 |              2.05 |           -20.0 |           +5.1 |           +20.0 |
==========================================================================================================================

 -> Plot saved successfully to: OUTPUT_LDP/TH_UD_W/TH_UD_W_Plot_PP_Popu.svg

--> [TH.UD_W] Step 6: 6_LDP_OnePage.py
Processing province: TH_UD_W
[+] TH_UD_W: One-Page Report generated successfully.
======================================================================
Completed province: TH.UD_W
Finished: 2026-08-19T17:14:23+07:00
======================================================================
