======================================================================
Processing province: TH.CP
Started: 2026-08-16T11:46:14+07:00
======================================================================
--> [TH.CP] Step 1: 1_fabdem_province.py
[1/5] Read GADM and select HASC_1=TH.CP
[2/5] Save province and clip FABDEM
[3/5] Generate contours every 100 m with GDAL 3.10.3
[4/5] Calculate statistics and write PDF
[5/5] Write DataFrame summaries

Completed successfully.
HASC_1   NAME_1  contours                                                                                  PDF
 TH.CP Chumphon      3884 /mnt/nvme1/Project/2026-EIT_TH_LDP/src/OUTPUT_FABDEM/TH_CP/TH_CP_fabdem_contours.pdf
--> [TH.CP] Step 2: 2_popu2025_grid.py
[1/4] Select GADM province HASC_1=TH.CP
[2/4] Save boundary and cut population grid
[3/4] Calculate population-grid statistics
[4/4] Write population-grid PDF and summaries

Completed successfully.
HASC_1   NAME_1  population_sum                                                                                       grid
 TH.CP Chumphon   458590.587382 /mnt/nvme1/Project/2026-EIT_TH_LDP/src/OUTPUT_POP2025/TH_CP/TH_CP_population_2025_100m.tif
--> [TH.CP] Step 3: 3_generate_sample.py
[1/4] Select GADM province HASC_1=TH.CP
 -> [READ] Loading Vector Dataset: OUTPUT_PROV/gadm41_THA.gpkg (Layer: 'ADM_ADM_1')
[2/4] Generate 1000.0m grid points
 -> Auto-detected EPSG:32647 for province.
 -> Generated 15,840 bounding box points.
 -> Clipping points to province boundary...
 -> Computing 7-digit Geohashes...
[3/4] Extracting Raster Values (FABDEM MSL & POP2025)...
 -> [READ] Opening Raster File: OUTPUT_FABDEM/TH_CP/TH_CP_fabdem.tif
 -> [READ] Opening Raster File for Area Sum: OUTPUT_POP2025/TH_CP/TH_CP_population_2025_100m.tif
 -> Converting geometries to Lng/Lat (EPSG:4326)...
[4/4] Save GeoPackage Data...
 -> [WRITE] Saving Vector File: /mnt/nvme1/Project/2026-EIT_TH_LDP/src/OUTPUT_SAMPL/TH_CP/TH_CP_SAMPL.gpkg (Layer: 'samples')

[5/5] Comparing POP2025 with DOPA Registration Population...

Completed successfully.
HASC_1  Grid (m)       CRS  Samples           Output POP2025 DOPA_Pop    Diff
 TH.CP    1000.0 EPSG:4326     5992 TH_CP_SAMPL.gpkg 452,174  506,856 -54,682
--> [TH.CP] Step 4: 4_analyse_ldp.py
LDP                                             [TM, 99:04]
FALSE_EN                                               AUTO
PP_MSL                                                   50
GPKG         [OUTPUT_SAMPL/TH_CP/TH_CP_SAMPL.gpkg, samples]
OFFSET_PP      [0.0, default hPP from average topo or pnts]
dtype: object
 -> OUTLIER FILTER: Dropped 124 points.
 -> Dropped MSL values: [-9999, -9999, -9999, -9999, 215, 150, 407, 426, 464, 351, 133, 175, 152, 85, 16, 113, 106, 66, 348, 947, 819, 829, 884, 899, 552, 612, 697, 706, 604, 573, 554, 87, 77, 79, 96, 151, 81, 111, 64, 63, 640, 49, 54, 34, 0, 38, 37, 43, 50, 60, 372, 106, 82, 24, 41, 169, 27, 61, 77, 29, 62, 153, 25, 49, 203, 49, 163, 27, 51, 78, 37, 111, 149, 83, 23, 43, 45, 63, 88, 44, 154, 123, 55, 31, 62, 133, 141, 89, 155, 643, 28, 101, 40, 67, 180, 90, 106, 208, 116, 125, 252, 187, 91, 150, 124, 172, 208, 193, 224, 137, 182, 134, 173, 125, 124, 164, 136, 87, 112, 132, 107, 143, 123, 146]
 -> Using user-defined PP_MSL: 50.000m
 -> AUTO detected FALSE_EN: E: 50000, N: -600000
==================================== LDP TM ====================================
@ Centroid @     <lng=99°04′>    <lat=10°21′>
Offset Projection Plane = +0.0 m. <default hPP from average topo or pnts>
Designed Project Plane : hPP=+22.24 m. / MSL=+50.00 m. tied to k0 = 1.000003
Points CSF min/mean/max [ppm] : -103.0 / -6.7 / +35.5
Points MSL min/mean/max [m.]  : +0.0 / +115.3 / +794.0
|      |      LDP_E |       LDP_N |
|:-----|-----------:|------------:|
| min  |  2,668.915 | 462,434.307 |
| max  | 98,733.821 | 619,489.147 |
| diff | 96,064.906 | 157,054.840 |
{"meta": "LDP_Definition", "PROJ_String_Decimal": "+proj=tmerc +lat_0=0.0 +lon_0=99.06666667 +k_0=1.000003 +x_0=50000 +y_0=-600000 +ellps=WGS84 +units=m +no_defs +type=crs", "PROJ_String_DMS": "+proj=tmerc +lat_0=0.0 +lon_0=99°04′ +k_0=1.000003 +x_0=50000 +y_0=-600000 +ellps=WGS84 +units=m +no_defs +type=crs"}
Writing definition GPKG : OUTPUT_LDP/TH_CP/TH_CP_LDP.gpkg ...
 -> THINNING: Snapping points to 2 decimal grid for visualization...
 -> THINNING: Plot points reduced from 5868 to 4878.
Writing definition plot : OUTPUT_LDP/TH_CP/TH_CP_LDP.svg...
{"meta": "Coverage_Analysis", "Province": "TH.CP", "Total_Pts": 5992, "Valid_Pts": 4665, "Pt_Coverage(%)": 77.85, "Total_POP": 452173.7182, "Valid_POP": 429710.581, "POP_Coverage(%)": 95.03, "CSF_Lower_ppm": -20.0, "CSF_Mean_ppm": 0.3, "CSF_Upper_ppm": 20.0}
--> [TH.CP] Step 5: 5_plot_PP_PctPopu.py
[TH.CP] Starting ProcessPoolExecutor with 16 offsets to compute (Mean MSL: 115.28 m)...
[TH.CP] OFFSET_PP [-200.00] computed successfully.
[TH.CP] OFFSET_PP [-180.00] computed successfully.
[TH.CP] OFFSET_PP [-160.00] computed successfully.
[TH.CP] OFFSET_PP [-140.00] computed successfully.
[TH.CP] OFFSET_PP [-120.00] computed successfully.
[TH.CP] OFFSET_PP [-100.00] computed successfully.
[TH.CP] OFFSET_PP [-80.00] computed successfully.
[TH.CP] OFFSET_PP [-60.00] computed successfully.
[TH.CP] OFFSET_PP [-40.00] computed successfully.
[TH.CP] OFFSET_PP [-20.00] computed successfully.
[TH.CP] OFFSET_PP [0.00] computed successfully.
[TH.CP] OFFSET_PP [20.00] computed successfully.
[TH.CP] OFFSET_PP [40.00] computed successfully.
[TH.CP] OFFSET_PP [60.00] computed successfully.
[TH.CP] OFFSET_PP [80.00] computed successfully.
[TH.CP] OFFSET_PP [100.00] computed successfully.

==================================== LDP Population Coverage Analysis: TH.CP ====================================
|   MSL_PP |   HAE_PP | Province   |   Total_Pts |   Valid_Pts |   Pt_Coverage(%) |   Total_POP |   Valid_POP |   POP_Coverage(%) |   CSF_Lower_ppm |   CSF_Mean_ppm |   CSF_Upper_ppm |
|---------:|---------:|:-----------|------------:|------------:|-----------------:|------------:|------------:|------------------:|----------------:|---------------:|----------------:|
|   -84.72 |  -112.48 | TH.CP      |        5992 |        2671 |            44.58 |     452,174 |     336,889 |             74.50 |           -20.0 |          -13.6 |           +14.5 |
|   -64.72 |   -92.48 | TH.CP      |        5992 |        3147 |            52.52 |     452,174 |     367,759 |             81.33 |           -20.0 |          -11.8 |           +17.5 |
|   -44.72 |   -72.48 | TH.CP      |        5992 |        3679 |            61.40 |     452,174 |     396,101 |             87.60 |           -20.0 |           -9.3 |           +19.9 |
|   -24.72 |   -52.48 | TH.CP      |        5992 |        4002 |            66.79 |     452,174 |     410,808 |             90.85 |           -20.0 |           -7.5 |           +19.7 |
|    -4.72 |   -32.48 | TH.CP      |        5992 |        4269 |            71.24 |     452,174 |     423,136 |             93.58 |           -20.0 |           -5.5 |           +19.6 |
|   +15.28 |   -12.48 | TH.CP      |        5992 |        4471 |            74.62 |     452,174 |     429,458 |             94.98 |           -20.0 |           -3.4 |           +20.0 |
|   +35.28 |    +7.52 | TH.CP      |        5992 |        4611 |            76.95 |     452,174 |     430,739 |             95.26 |           -20.0 |           -1.2 |           +19.8 |
|   +55.28 |   +27.52 | TH.CP      |        5992 |        4696 |            78.37 |     452,174 |     429,026 |             94.88 |           -20.0 |           +1.0 |           +19.9 |
|   +75.28 |   +47.52 | TH.CP      |        5992 |        4738 |            79.07 |     452,174 |     425,937 |             94.20 |           -20.0 |           +3.3 |           +19.9 |
|   +95.28 |   +67.52 | TH.CP      |        5992 |        4734 |            79.01 |     452,174 |     413,960 |             91.55 |           -20.0 |           +6.1 |           +20.0 |
|  +115.28 |   +87.52 | TH.CP      |        5992 |        4567 |            76.22 |     452,174 |     373,624 |             82.63 |           -20.0 |           +7.9 |           +20.0 |
|  +135.28 |  +107.52 | TH.CP      |        5992 |        3842 |            64.12 |     452,174 |     247,161 |             54.66 |           -19.9 |           +8.0 |           +20.0 |
|  +155.28 |  +127.52 | TH.CP      |        5992 |        3079 |            51.39 |     452,174 |     143,871 |             31.82 |           -20.0 |           +7.6 |           +20.0 |
|  +175.28 |  +147.52 | TH.CP      |        5992 |        2529 |            42.21 |     452,174 |      94,401 |             20.88 |           -19.9 |           +7.1 |           +20.0 |
|  +195.28 |  +167.52 | TH.CP      |        5992 |        2176 |            36.32 |     452,174 |      69,813 |             15.44 |           -20.0 |           +6.8 |           +20.0 |
|  +215.28 |  +187.52 | TH.CP      |        5992 |        1836 |            30.64 |     452,174 |      49,552 |             10.96 |           -20.0 |           +6.4 |           +20.0 |
==========================================================================================================================

 -> Plot saved successfully to: OUTPUT_LDP/TH_CP/TH_CP_Plot_PP_Popu.svg

--> [TH.CP] Step 6: 6_LDP_OnePage.py
Processing province: TH_CP
[+] TH_CP: One-Page Report generated successfully.
======================================================================
Completed province: TH.CP
Finished: 2026-08-16T11:49:18+07:00
======================================================================
