======================================================================
Processing province: TH.PL
Started: 2026-08-19T16:35:30+07:00
======================================================================
--> [TH.PL] Step 1: 1_fabdem_province.py
[1/5] Read GADM and select HASC_1=TH.PL
[2/5] Save province and clip FABDEM
[3/5] Generate contours every 100 m with GDAL 3.10.3
[4/5] Calculate statistics and write PDF
[5/5] Write DataFrame summaries

Completed successfully.
HASC_1      NAME_1  contours                                                                                  PDF
 TH.PL Phatthalung       987 /mnt/nvme1/Project/2026-EIT_TH_LDP/src/OUTPUT_FABDEM/TH_PL/TH_PL_fabdem_contours.pdf
--> [TH.PL] Step 2: 2_popu2025_grid.py
[1/4] Select GADM province HASC_1=TH.PL
[2/4] Save boundary and cut population grid
[3/4] Calculate population-grid statistics
[4/4] Write population-grid PDF and summaries

Completed successfully.
HASC_1      NAME_1  population_sum                                                                                       grid
 TH.PL Phatthalung   437620.016176 /mnt/nvme1/Project/2026-EIT_TH_LDP/src/OUTPUT_POP2025/TH_PL/TH_PL_population_2025_100m.tif
--> [TH.PL] Step 3: 3_generate_sample.py
[1/4] Select GADM province HASC_1=TH.PL
 -> [READ] Loading Vector Dataset: OUTPUT_PROV/gadm41_THA.gpkg (Layer: 'ADM_ADM_1')
[2/4] Generate 500.0m grid points
 -> Auto-detected EPSG:32647 for province.
 -> Generated 28,080 bounding box points.
 -> Clipping points to province boundary...
 -> Computing 8-digit Geohashes...
[3/4] Extracting Raster Values (FABDEM MSL & POP2025)...
 -> [READ] Opening Raster File: OUTPUT_FABDEM/TH_PL/TH_PL_fabdem.tif
 -> [READ] Opening Raster File for Area Sum: OUTPUT_POP2025/TH_PL/TH_PL_population_2025_100m.tif
 -> Converting geometries to Lng/Lat (EPSG:4326)...
[4/4] Save GeoPackage Data...
 -> [WRITE] Saving Vector File: /mnt/nvme1/Project/2026-EIT_TH_LDP/src/OUTPUT_SAMPL/TH_PL/TH_PL_SAMPL.gpkg (Layer: 'samples')

[5/5] Comparing POP2025 with DOPA Registration Population...

Completed successfully.
HASC_1  Grid (m)       CRS  Samples           Output POP2025 DOPA_Pop    Diff
 TH.PL     500.0 EPSG:4326    15263 TH_PL_SAMPL.gpkg 437,108  518,066 -80,958
--> [TH.PL] Step 4: 4_analyse_ldp.py
LDP                                            [TM, 100:04]
FALSE_EN                                   [50000, -680000]
PP_MSL                                                    0
GPKG         [OUTPUT_SAMPL/TH_PL/TH_PL_SAMPL.gpkg, samples]
OFFSET_PP      [0.0, default hPP from average topo or pnts]
dtype: object
 -> OUTLIER FILTER: Dropped 310 points.
 -> Dropped MSL values: [-9999, -9999, -9999, -9999, 687, 608, 553, 548, 596, 562, 666, 113, 708, 568, 98, 1033, 97, 94, 829, 820, 823, 873, 888, 855, 834, 874, 878, 782, 874, 883, 107, 110, 88, 109, 63, 95, 79, 87, 87, 91, 80, 98, 102, 103, 236, 218, 130, 121, 115, 116, 130, 79, 43, 80, 107, 100, 1042, 78, 94, 73, 78, 79, 68, 72, 1176, 1214, 94, 84, 74, 69, 101, 100, 60, 385, 80, 101, 47, 41, 61, 67, 60, 61, 47, 73, 74, 38, 44, 449, 333, 52, 55, 54, 35, 36, 1221, 1147, 1139, 1158, 1333, 877, 815, 804, 865, 864, 753, 961, 730, 74, 89, 65, 65, 82, 80, 94, 93, 97, 99, 81, 95, 90, 80, 102, 74, 67, 39, 34, 54, 95, 36, 51, 184, 70, 58, 115, 164, 67, 60, 31, 71, 81, 177, 80, 166, 276, 103, 170, 44, 36, 32, 33, 84, 37, 58, 57, 31, 57, 75, 86, 87, 82, 87, 69, 56, 92, 1, 58, 39, 45, 89, 69, 46, 37, 60, 85, 126, 86, 73, 109, 71, 65, 63, 104, 66, 58, 126, 56, 64, 54, 49, 94, 92, 87, 100, 57, 96, 57, 112, 50, 40, 52, 45, 75, 72, 112, 74, 76, 64, 26, 80, 68, 15, 51, 60, 25, 57, 27, 37, 38, 51, 20, 57, 18, 20, 30, 32, 29, 45, 39, 22, 32, 28, 14, 39, 37, 26, 24, 22, 13, 25, 21, 33, 227, 235, 31, 51, 32, 58, 36, 17, 18, 29, 31, 19, 32, 36, 31, 14, 22, 24, 44, 20, 15, 80, 123, 138, 138, 135, 115, 235, 241, 115, 116, 51, 91, 704, 628, 619, 659, 667, 120, 706, 689, 635, 709, 38, 617, 401, 200, 122, 132, 122, 120, 123, 217, 106, 102, 80, 40, 82, 22, 30, 15, 76, 58, 35, 40, 32, 0, 29, 7]
 -> Using user-defined PP_MSL: 0.000m
==================================== LDP TM ====================================
@ Centroid @     <lng=100°04′>    <lat=07°31′>
Offset Projection Plane = +0.0 m. <default hPP from average topo or pnts>
Designed Project Plane : hPP=-17.16 m. / MSL=+0.00 m. tied to k0 = 0.999997
Points CSF min/mean/max [ppm] : -172.9 / -10.3 / +19.0
Points MSL min/mean/max [m.]  : +0.0 / +85.1 / +1140.0
|      |      LDP_E |       LDP_N |
|:-----|-----------:|------------:|
| min  | 13,892.918 | 105,186.054 |
| max  | 89,764.584 | 192,269.105 |
| diff | 75,871.666 |  87,083.051 |
{"meta": "LDP_Definition", "PROJ_String_Decimal": "+proj=tmerc +lat_0=0.0 +lon_0=100.06666667 +k_0=0.999997 +x_0=50000 +y_0=-680000 +ellps=WGS84 +units=m +no_defs +type=crs", "PROJ_String_DMS": "+proj=tmerc +lat_0=0.0 +lon_0=100°04′ +k_0=0.999997 +x_0=50000 +y_0=-680000 +ellps=WGS84 +units=m +no_defs +type=crs"}
Writing definition GPKG : OUTPUT_LDP/TH_PL/TH_PL_LDP.gpkg ...
 -> THINNING: Snapping points to 2 decimal grid for visualization...
 -> THINNING: Plot points reduced from 14953 to 3222.
Writing definition plot : OUTPUT_LDP/TH_PL/TH_PL_LDP.svg...
{"meta": "Coverage_Analysis", "Province": "TH.PL", "Total_Pts": 15263, "Valid_Pts": 12797, "Pt_Coverage(%)": 83.84, "Total_POP": 437107.87789999996, "Valid_POP": 432877.45780000003, "POP_Coverage(%)": 99.03, "CSF_Lower_ppm": -20.0, "CSF_Mean_ppm": -1.4, "CSF_Upper_ppm": 19.0}
--> [TH.PL] Step 5: 5_plot_PP_PctPopu.py
[TH.PL] Starting ProcessPoolExecutor with 16 offsets to compute (Mean MSL: 85.12 m)...
[TH.PL] OFFSET_PP [-200.00] computed successfully.
[TH.PL] OFFSET_PP [-180.00] computed successfully.
[TH.PL] OFFSET_PP [-160.00] computed successfully.
[TH.PL] OFFSET_PP [-140.00] computed successfully.
[TH.PL] OFFSET_PP [-120.00] computed successfully.
[TH.PL] OFFSET_PP [-100.00] computed successfully.
[TH.PL] OFFSET_PP [-80.00] computed successfully.
[TH.PL] OFFSET_PP [-60.00] computed successfully.
[TH.PL] OFFSET_PP [-40.00] computed successfully.
[TH.PL] OFFSET_PP [-20.00] computed successfully.
[TH.PL] OFFSET_PP [0.00] computed successfully.
[TH.PL] OFFSET_PP [20.00] computed successfully.
[TH.PL] OFFSET_PP [40.00] computed successfully.
[TH.PL] OFFSET_PP [60.00] computed successfully.
[TH.PL] OFFSET_PP [80.00] computed successfully.
[TH.PL] OFFSET_PP [100.00] computed successfully.

==================================== LDP Population Coverage Analysis: TH.PL ====================================
|   MSL_PP |   HAE_PP | Province   |   Total_Pts |   Valid_Pts |   Pt_Coverage(%) |   Total_POP |   Valid_POP |   POP_Coverage(%) |   CSF_Lower_ppm |   CSF_Mean_ppm |   CSF_Upper_ppm |
|---------:|---------:|:-----------|------------:|------------:|-----------------:|------------:|------------:|------------------:|----------------:|---------------:|----------------:|
|  -114.88 |  -132.04 | TH.PL      |       15263 |        6718 |            44.01 |     437,108 |     200,917 |             45.97 |           -20.0 |          -15.3 |            +1.0 |
|   -94.88 |  -112.04 | TH.PL      |       15263 |        9949 |            65.18 |     437,108 |     361,617 |             82.73 |           -20.0 |          -14.2 |            +4.0 |
|   -74.88 |   -92.04 | TH.PL      |       15263 |       11737 |            76.90 |     437,108 |     421,410 |             96.41 |           -20.0 |          -11.4 |            +8.0 |
|   -54.88 |   -72.04 | TH.PL      |       15263 |       12249 |            80.25 |     437,108 |     429,567 |             98.27 |           -20.0 |           -8.8 |           +11.0 |
|   -34.88 |   -52.04 | TH.PL      |       15263 |       12495 |            81.86 |     437,108 |     431,947 |             98.82 |           -20.0 |           -6.0 |           +14.0 |
|   -14.88 |   -32.04 | TH.PL      |       15263 |       12695 |            83.17 |     437,108 |     432,729 |             99.00 |           -20.0 |           -3.3 |           +17.0 |
|    +5.12 |   -12.04 | TH.PL      |       15263 |       12854 |            84.22 |     437,108 |     432,938 |             99.05 |           -19.9 |           -0.5 |           +20.0 |
|   +25.12 |    +7.96 | TH.PL      |       15263 |       12879 |            84.38 |     437,108 |     432,198 |             98.88 |           -20.0 |           +2.2 |           +20.0 |
|   +45.12 |   +27.96 | TH.PL      |       15263 |       12671 |            83.02 |     437,108 |     429,319 |             98.22 |           -20.0 |           +4.5 |           +20.0 |
|   +65.12 |   +47.96 | TH.PL      |       15263 |       12246 |            80.23 |     437,108 |     421,123 |             96.34 |           -20.0 |           +7.6 |           +19.9 |
|   +85.12 |   +67.96 | TH.PL      |       15263 |       11884 |            77.86 |     437,108 |     411,080 |             94.05 |           -19.9 |          +10.0 |           +20.0 |
|  +105.12 |   +87.96 | TH.PL      |       15263 |       11301 |            74.04 |     437,108 |     397,637 |             90.97 |           -20.0 |          +12.3 |           +20.0 |
|  +125.12 |  +107.96 | TH.PL      |       15263 |        9504 |            62.27 |     437,108 |     368,258 |             84.25 |           -20.0 |          +13.7 |           +20.0 |
|  +145.12 |  +127.96 | TH.PL      |       15263 |        5451 |            35.71 |     437,108 |     159,187 |             36.42 |           -20.0 |          +12.5 |           +20.0 |
|  +165.12 |  +147.96 | TH.PL      |       15263 |        3143 |            20.59 |     437,108 |      49,211 |             11.26 |           -19.9 |          +10.1 |           +20.0 |
|  +185.12 |  +167.96 | TH.PL      |       15263 |        1998 |            13.09 |     437,108 |      11,929 |              2.73 |           -20.0 |           +6.7 |           +20.0 |
==========================================================================================================================

 -> Plot saved successfully to: OUTPUT_LDP/TH_PL/TH_PL_Plot_PP_Popu.svg

--> [TH.PL] Step 6: 6_LDP_OnePage.py
Processing province: TH_PL
[+] TH_PL: One-Page Report generated successfully.
======================================================================
Completed province: TH.PL
Finished: 2026-08-19T16:42:49+07:00
======================================================================
