======================================================================
Processing province: TH.CR
Started: 2026-08-16T11:46:14+07:00
======================================================================
--> [TH.CR] Step 1: 1_fabdem_province.py
[1/5] Read GADM and select HASC_1=TH.CR
[2/5] Save province and clip FABDEM
[3/5] Generate contours every 100 m with GDAL 3.10.3
[4/5] Calculate statistics and write PDF
[5/5] Write DataFrame summaries

Completed successfully.
HASC_1     NAME_1  contours                                                                                  PDF
 TH.CR Chiang Rai      7777 /mnt/nvme1/Project/2026-EIT_TH_LDP/src/OUTPUT_FABDEM/TH_CR/TH_CR_fabdem_contours.pdf
--> [TH.CR] Step 2: 2_popu2025_grid.py
[1/4] Select GADM province HASC_1=TH.CR
[2/4] Save boundary and cut population grid
[3/4] Calculate population-grid statistics
[4/4] Write population-grid PDF and summaries

Completed successfully.
HASC_1     NAME_1  population_sum                                                                                       grid
 TH.CR Chiang Rai    1.129897e+06 /mnt/nvme1/Project/2026-EIT_TH_LDP/src/OUTPUT_POP2025/TH_CR/TH_CR_population_2025_100m.tif
--> [TH.CR] Step 3: 3_generate_sample.py
[1/4] Select GADM province HASC_1=TH.CR
 -> [READ] Loading Vector Dataset: OUTPUT_PROV/gadm41_THA.gpkg (Layer: 'ADM_ADM_1')
[2/4] Generate 1000.0m grid points
 -> Auto-detected EPSG:32647 for province.
 -> Generated 23,100 bounding box points.
 -> Clipping points to province boundary...
 -> Computing 7-digit Geohashes...
[3/4] Extracting Raster Values (FABDEM MSL & POP2025)...
 -> [READ] Opening Raster File: OUTPUT_FABDEM/TH_CR/TH_CR_fabdem.tif
 -> [READ] Opening Raster File for Area Sum: OUTPUT_POP2025/TH_CR/TH_CR_population_2025_100m.tif
 -> Converting geometries to Lng/Lat (EPSG:4326)...
[4/4] Save GeoPackage Data...
 -> [WRITE] Saving Vector File: /mnt/nvme1/Project/2026-EIT_TH_LDP/src/OUTPUT_SAMPL/TH_CR/TH_CR_SAMPL.gpkg (Layer: 'samples')

[5/5] Comparing POP2025 with DOPA Registration Population...

Completed successfully.
HASC_1  Grid (m)       CRS  Samples           Output   POP2025  DOPA_Pop     Diff
 TH.CR    1000.0 EPSG:4326    11560 TH_CR_SAMPL.gpkg 1,114,885 1,295,922 -181,037
--> [TH.CR] Step 4: 4_analyse_ldp.py
LDP                                             [TM, 99:52]
FALSE_EN                                 [250000, -1450000]
PP_MSL                                                  360
POPU_PLOT                                    [650, 300, 20]
GPKG         [OUTPUT_SAMPL/TH_CR/TH_CR_SAMPL.gpkg, samples]
OFFSET_PP      [0.0, default hPP from average topo or pnts]
dtype: object
 -> OUTLIER FILTER: Dropped 235 points.
 -> Dropped MSL values: [-9999, -9999, -9999, 1650, 1816, 1628, 1608, 1843, 1593, 1701, 1725, 1793, 1529, 1310, 1505, 1618, 1501, 1568, 586, 581, 1264, 1314, 1384, 1118, 457, 988, 478, 474, 473, 1157, 1228, 1194, 1074, 1097, 1247, 1319, 1310, 1315, 1305, 1258, 1360, 1348, 1384, 1305, 433, 468, 468, 453, 457, 1573, 1665, 1489, 1611, 1246, 537, 1347, 1299, 1269, 733, 502, 516, 1648, 1667, 469, 443, 831, 744, 685, 739, 703, 782, 821, 806, 698, 774, 742, 751, 706, 892, 499, 881, 469, 436, 483, 441, 442, 494, 503, 545, 488, 482, 452, 491, 431, 487, 447, 478, 488, 609, 465, 601, 1225, 1613, 1497, 1493, 586, 501, 426, 431, 439, 408, 554, 714, 460, 409, 469, 439, 438, 780, 715, 756, 472, 476, 463, 505, 497, 611, 740, 767, 561, 631, 489, 535, 542, 545, 550, 472, 437, 917, 912, 601, 835, 841, 660, 534, 730, 636, 655, 446, 439, 407, 396, 439, 405, 441, 454, 402, 442, 433, 403, 445, 416, 432, 1624, 436, 388, 425, 381, 403, 383, 394, 393, 387, 393, 393, 380, 341, 382, 383, 886, 907, 697, 437, 410, 434, 430, 467, 871, 788, 1266, 1270, 408, 498, 476, 450, 461, 410, 642, 574, 433, 432, 451, 657, 633, 591, 435, 536, 440, 516, 829, 516, 648, 486, 424, 430, 1076, 1491, 1602, 1297, 1048, 1430, 1110, 432, 1251, 1298, 1390, 1372, 1341, 488, 520, 555, 479, 505, 452, 501]
 -> Using user-defined PP_MSL: 360.000m
==================================== LDP TM ====================================
@ Centroid @     <lng=99°52′>    <lat=19°51′>
Offset Projection Plane = +0.0 m. <default hPP from average topo or pnts>
Designed Project Plane : hPP=+322.67 m. / MSL=+360.00 m. tied to k0 = 1.000051
Points CSF min/mean/max [ppm] : -185.1 / -22.9 / +59.8
Points MSL min/mean/max [m.]  : +341.0 / +597.3 / +1614.0
|      |       LDP_E |       LDP_N |
|:-----|------------:|------------:|
| min  | 187,105.097 | 653,946.877 |
| max  | 323,453.087 | 812,736.037 |
| diff | 136,347.991 | 158,789.161 |
{"meta": "LDP_Definition", "PROJ_String_Decimal": "+proj=tmerc +lat_0=0.0 +lon_0=99.86666667 +k_0=1.000051 +x_0=250000 +y_0=-1450000 +ellps=WGS84 +units=m +no_defs +type=crs", "PROJ_String_DMS": "+proj=tmerc +lat_0=0.0 +lon_0=99°52′ +k_0=1.000051 +x_0=250000 +y_0=-1450000 +ellps=WGS84 +units=m +no_defs +type=crs"}
Writing definition GPKG : OUTPUT_LDP/TH_CR/TH_CR_LDP.gpkg ...
 -> THINNING: Snapping points to 2 decimal grid for visualization...
 -> THINNING: Plot points reduced from 11325 to 9831.
Writing definition plot : OUTPUT_LDP/TH_CR/TH_CR_LDP.svg...
{"meta": "Coverage_Analysis", "Province": "TH.CR", "Total_Pts": 11560, "Valid_Pts": 6219, "Pt_Coverage(%)": 53.8, "Total_POP": 1114884.8228, "Valid_POP": 912467.3451, "POP_Coverage(%)": 81.84, "CSF_Lower_ppm": -20.0, "CSF_Mean_ppm": -3.0, "CSF_Upper_ppm": 20.0}
--> [TH.CR] Step 5: 5_plot_PP_PctPopu.py
[TH.CR] POPU_PLOT found in TOML. Overriding MSL bounds: Upper=650.0, Lower=300.0, Step=20.0
[TH.CR] Starting ProcessPoolExecutor with 18 offsets to compute (Mean MSL: 597.29 m)...
[TH.CR] OFFSET_PP [-297.29] computed successfully.
[TH.CR] OFFSET_PP [-277.29] computed successfully.
[TH.CR] OFFSET_PP [-257.29] computed successfully.
[TH.CR] OFFSET_PP [-237.29] computed successfully.
[TH.CR] OFFSET_PP [-217.29] computed successfully.
[TH.CR] OFFSET_PP [-197.29] computed successfully.
[TH.CR] OFFSET_PP [-177.29] computed successfully.
[TH.CR] OFFSET_PP [-157.29] computed successfully.
[TH.CR] OFFSET_PP [-137.29] computed successfully.
[TH.CR] OFFSET_PP [-117.29] computed successfully.
[TH.CR] OFFSET_PP [-97.29] computed successfully.
[TH.CR] OFFSET_PP [-77.29] computed successfully.
[TH.CR] OFFSET_PP [-57.29] computed successfully.
[TH.CR] OFFSET_PP [-37.29] computed successfully.
[TH.CR] OFFSET_PP [-17.29] computed successfully.
[TH.CR] OFFSET_PP [2.71] computed successfully.
[TH.CR] OFFSET_PP [22.71] computed successfully.
[TH.CR] OFFSET_PP [42.71] computed successfully.

==================================== LDP Population Coverage Analysis: TH.CR ====================================
|   MSL_PP |   HAE_PP | Province   |   Total_Pts |   Valid_Pts |   Pt_Coverage(%) |   Total_POP |   Valid_POP |   POP_Coverage(%) |   CSF_Lower_ppm |   CSF_Mean_ppm |   CSF_Upper_ppm |
|---------:|---------:|:-----------|------------:|------------:|-----------------:|------------:|------------:|------------------:|----------------:|---------------:|----------------:|
|  +300.00 |  +262.67 | TH.CR      |       11560 |        5279 |            45.67 |   1,114,885 |     853,668 |             76.57 |           -20.0 |           -9.0 |           +20.0 |
|  +320.00 |  +282.67 | TH.CR      |       11560 |        5669 |            49.04 |   1,114,885 |     888,930 |             79.73 |           -20.0 |           -7.3 |           +19.8 |
|  +340.00 |  +302.67 | TH.CR      |       11560 |        6029 |            52.15 |   1,114,885 |     903,586 |             81.05 |           -20.0 |           -4.9 |           +20.0 |
|  +360.00 |  +322.67 | TH.CR      |       11560 |        6219 |            53.80 |   1,114,885 |     912,467 |             81.84 |           -20.0 |           -3.0 |           +20.0 |
|  +380.00 |  +342.67 | TH.CR      |       11560 |        6307 |            54.56 |   1,114,885 |     905,570 |             81.23 |           -20.0 |           -1.2 |           +20.0 |
|  +400.00 |  +362.67 | TH.CR      |       11560 |        6377 |            55.16 |   1,114,885 |     889,963 |             79.83 |           -19.9 |           +0.4 |           +20.0 |
|  +420.00 |  +382.67 | TH.CR      |       11560 |        6397 |            55.34 |   1,114,885 |     875,363 |             78.52 |           -20.0 |           +1.9 |           +20.0 |
|  +440.00 |  +402.67 | TH.CR      |       11560 |        6403 |            55.39 |   1,114,885 |     862,168 |             77.33 |           -20.0 |           +3.5 |           +20.0 |
|  +460.00 |  +422.67 | TH.CR      |       11560 |        6296 |            54.46 |   1,114,885 |     828,238 |             74.29 |           -20.0 |           +5.2 |           +20.0 |
|  +480.00 |  +442.67 | TH.CR      |       11560 |        5984 |            51.76 |   1,114,885 |     762,525 |             68.39 |           -20.0 |           +6.8 |           +20.0 |
|  +500.00 |  +462.67 | TH.CR      |       11560 |        5381 |            46.55 |   1,114,885 |     674,726 |             60.52 |           -20.0 |           +7.3 |           +20.0 |
|  +520.00 |  +482.67 | TH.CR      |       11560 |        4578 |            39.60 |   1,114,885 |     470,853 |             42.23 |           -20.0 |           +6.8 |           +20.0 |
|  +540.00 |  +502.67 | TH.CR      |       11560 |        3547 |            30.68 |   1,114,885 |     185,055 |             16.60 |           -20.0 |           +4.3 |           +20.0 |
|  +560.00 |  +522.67 | TH.CR      |       11560 |        3102 |            26.83 |   1,114,885 |     124,090 |             11.13 |           -20.0 |           +3.1 |           +20.0 |
|  +580.00 |  +542.67 | TH.CR      |       11560 |        2874 |            24.86 |   1,114,885 |      95,929 |              8.60 |           -20.0 |           +2.4 |           +20.0 |
|  +600.00 |  +562.67 | TH.CR      |       11560 |        2711 |            23.45 |   1,114,885 |      82,233 |              7.38 |           -20.0 |           +2.0 |           +20.0 |
|  +620.00 |  +582.67 | TH.CR      |       11560 |        2559 |            22.14 |   1,114,885 |      61,219 |              5.49 |           -20.0 |           +1.6 |           +20.0 |
|  +640.00 |  +602.67 | TH.CR      |       11560 |        2461 |            21.29 |   1,114,885 |      48,368 |              4.34 |           -20.0 |           +1.6 |           +20.0 |
==========================================================================================================================

 -> Plot saved successfully to: OUTPUT_LDP/TH_CR/TH_CR_Plot_PP_Popu.svg

--> [TH.CR] Step 6: 6_LDP_OnePage.py
Processing province: TH_CR
[+] TH_CR: One-Page Report generated successfully.
======================================================================
Completed province: TH.CR
Finished: 2026-08-16T11:56:15+07:00
======================================================================
