======================================================================
Processing province: TH.KN_N
Started: 2026-08-19T15:59:24+07:00
======================================================================
--> [TH.KN_N] Step 1: 1_fabdem_province.py
[1/5] Read GADM and select HASC_1=TH.KN_N
[2/5] Save province and clip FABDEM
[3/5] Generate contours every 100 m with GDAL 3.10.3
[4/5] Calculate statistics and write PDF
[5/5] Write DataFrame summaries

Completed successfully.
 HASC_1             NAME_1  contours                                                                                      PDF
TH.KN_N Kanchanaburi North     10455 /mnt/nvme1/Project/2026-EIT_TH_LDP/src/OUTPUT_FABDEM/TH_KN_N/TH_KN_N_fabdem_contours.pdf
--> [TH.KN_N] Step 2: 2_popu2025_grid.py
[1/4] Select GADM province HASC_1=TH.KN_N
[2/4] Save boundary and cut population grid
[3/4] Calculate population-grid statistics
[4/4] Write population-grid PDF and summaries

Completed successfully.
 HASC_1             NAME_1  population_sum                                                                                           grid
TH.KN_N Kanchanaburi North   106883.498314 /mnt/nvme1/Project/2026-EIT_TH_LDP/src/OUTPUT_POP2025/TH_KN_N/TH_KN_N_population_2025_100m.tif
--> [TH.KN_N] Step 3: 3_generate_sample.py
[1/4] Select GADM province HASC_1=TH.KN_N
 -> [READ] Loading Vector Dataset: OUTPUT_PROV/gadm41_THA.gpkg (Layer: 'ADM_ADM_1')
[2/4] Generate 500.0m grid points
 -> Auto-detected EPSG:32647 for province.
 -> Generated 86,445 bounding box points.
 -> Clipping points to province boundary...
 -> Computing 8-digit Geohashes...
[3/4] Extracting Raster Values (FABDEM MSL & POP2025)...
 -> [READ] Opening Raster File: OUTPUT_FABDEM/TH_KN_N/TH_KN_N_fabdem.tif
 -> [READ] Opening Raster File for Area Sum: OUTPUT_POP2025/TH_KN_N/TH_KN_N_population_2025_100m.tif
 -> Converting geometries to Lng/Lat (EPSG:4326)...
[4/4] Save GeoPackage Data...
 -> [WRITE] Saving Vector File: /mnt/nvme1/Project/2026-EIT_TH_LDP/src/OUTPUT_SAMPL/TH_KN_N/TH_KN_N_SAMPL.gpkg (Layer: 'samples')

[5/5] Comparing POP2025 with DOPA Registration Population...

Completed successfully.
 HASC_1  Grid (m)       CRS  Samples             Output POP2025 DOPA_Pop     Diff
TH.KN_N     500.0 EPSG:4326    46052 TH_KN_N_SAMPL.gpkg 106,037  896,673 -790,636
--> [TH.KN_N] Step 4: 4_analyse_ldp.py
LDP                                                [TM, 98:46]
FALSE_EN                                     [250000, -890000]
PP_MSL                                                     120
POPU_PLOT                                         [550, 0, 20]
GPKG         [OUTPUT_SAMPL/TH_KN_N/TH_KN_N_SAMPL.gpkg, samp...
OFFSET_PP         [0.0, default hPP from average topo or pnts]
dtype: object
 -> OUTLIER FILTER: Dropped 926 points.
 -> Dropped MSL values: [-9999, -9999, -9999, -9999, -9999, 1026, 1025, 952, 1176, 1200, 1199, 1203, 1211, 1235, 1012, 211, 205, 636, 679, 655, 1135, 840, 806, 865, 863, 695, 1031, 994, 911, 981, 1031, 912, 937, 926, 235, 707, 597, 654, 615, 601, 565, 551, 52, 52, 645, 192, 521, 664, 572, 601, 647, 463, 465, 469, 637, 665, 563, 554, 655, 152, 211, 151, 159, 248, 493, 529, 626, 499, 545, 574, 552, 190, 197, 266, 281, 286, 276, 268, 613, 488, 515, 271, 269, 702, 954, 948, 922, 951, 910, 927, 950, 535, 137, 868, 246, 280, 294, 732, 740, 841, 848, 762, 318, 294, 290, 262, 236, 738, 757, 823, 758, 819, 792, 690, 173, 742, 735, 945, 553, 634, 639, 624, 663, 167, 427, 329, 919, 241, 785, 806, 839, 796, 822, 896, 240, 716, 722, 287, 301, 256, 283, 337, 255, 292, 613, 668, 854, 858, 860, 694, 582, 515, 635, 643, 517, 684, 733, 742, 686, 694, 726, 145, 198, 191, 713, 710, 708, 161, 141, 204, 144, 708, 183, 138, 710, 186, 165, 147, 493, 146, 262, 439, 766, 285, 239, 253, 232, 230, 194, 154, 234, 159, 980, 980, 126, 185, 171, 165, 192, 868, 856, 873, 324, 324, 369, 381, 418, 662, 764, 777, 863, 794, 787, 798, 151, 143, 195, 859, 845, 797, 198, 194, 190, 244, 203, 193, 197, 186, 863, 192, 195, 196, 189, 189, 406, 972, 891, 951, 585, 438, 450, 690, 688, 640, 867, 1151, 682, 671, 676, 606, 658, 643, 1177, 1167, 669, 1131, 189, 193, 191, 190, 191, 186, 192, 192, 1129, 1088, 848, 1135, 1003, 1053, 356, 834, 953, 957, 922, 936, 929, 899, 967, 922, 834, 700, 746, 778, 189, 195, 944, 749, 745, 774, 787, 743, 765, 782, 731, 728, 675, 661, 668, 959, 900, 896, 875, 884, 553, 780, 640, 832, 407, 848, 857, 823, 864, 845, 873, 894, 913, 852, 865, 782, 864, 264, 867, 859, 926, 952, 858, 991, 837, 870, 147, 169, 173, 161, 167, 171, 398, 175, 657, 280, 287, 174, 170, 162, 172, 282, 489, 447, 761, 752, 759, 985, 308, 260, 293, 273, 424, 435, 319, 175, 168, 170, 171, 175, 162, 176, 180, 154, 499, 285, 423, 399, 391, 169, 174, 385, 379, 380, 301, 164, 280, 248, 164, 173, 320, 214, 212, 196, 185, 209, 167, 191, 179, 179, 189, 172, 166, 814, 757, 783, 801, 789, 736, 785, 519, 744, 796, 782, 836, 527, 796, 532, 845, 852, 907, 818, 1024, 658, 677, 902, 640, 957, 1028, 914, 885, 1019, 950, 936, 1033, 915, 934, 935, 931, 998, 1005, 1007, 985, 979, 952, 691, 671, 320, 368, 338, 820, 837, 964, 962, 562, 552, 1019, 282, 277, 1245, 1248, 1238, 1260, 1372, 1299, 1339, 1213, 797, 805, 804, 855, 1098, 1080, 1078, 1136, 1064, 1126, 1078, 831, 1105, 935, 944, 947, 941, 1077, 1092, 949, 1068, 1149, 644, 1105, 1073, 1059, 1073, 171, 164, 163, 683, 426, 286, 341, 166, 165, 303, 171, 170, 162, 170, 849, 948, 939, 928, 865, 857, 849, 622, 638, 570, 528, 505, 490, 493, 167, 147, 549, 161, 174, 168, 179, 170, 382, 367, 205, 612, 270, 163, 192, 204, 198, 167, 168, 292, 315, 194, 164, 166, 147, 147, 232, 233, 245, 179, 173, 170, 175, 233, 171, 257, 317, 194, 303, 168, 260, 234, 734, 351, 279, 372, 989, 986, 1021, 985, 703, 173, 203, 180, 163, 219, 201, 238, 230, 166, 164, 186, 170, 180, 182, 545, 587, 1144, 571, 1060, 1240, 1151, 1378, 1230, 1287, 1221, 556, 607, 807, 841, 533, 704, 167, 160, 160, 363, 347, 502, 499, 608, 315, 348, 197, 224, 165, 425, 482, 490, 483, 374, 351, 195, 284, 606, 689, 609, 626, 199, 196, 187, 187, 187, 306, 190, 190, 186, 190, 195, 196, 177, 172, 189, 191, 188, 187, 276, 986, 962, 910, 192, 188, 205, 192, 188, 674, 749, 671, 851, 880, 851, 767, 851, 754, 850, 684, 186, 659, 820, 824, 766, 767, 234, 191, 814, 172, 260, 281, 172, 263, 172, 235, 172, 172, 172, 172, 172, 879, 776, 770, 779, 746, 917, 947, 949, 943, 1065, 916, 912, 759, 728, 769, 765, 556, 286, 973, 172, 792, 800, 861, 845, 844, 915, 898, 860, 887, 196, 672, 612, 1055, 1064, 1058, 702, 750, 757, 771, 734, 783, 752, 996, 1067, 656, 713, 712, 641, 851, 862, 840, 603, 172, 172, 1466, 1508, 1461, 1457, 1479, 1124, 1592, 1563, 1606, 1541, 1627, 1594, 1468, 1541, 729, 681, 991, 676, 1095, 1141, 1109, 1144, 630, 613, 618, 596, 891, 1102, 1150, 890, 649, 643, 930, 889, 1126, 1121, 1316, 338, 827, 841, 833, 798, 745, 842, 799, 692, 679, 811, 837, 825, 1655, 1694, 1757, 1646, 1658, 1645, 879, 733, 941, 939, 983, 646, 666, 671, 698, 1010, 551, 564, 879, 826, 823, 809, 802, 852, 815, 614, 536, 606, 676, 612, 611, 620, 594, 639, 563, 633, 1137, 1073, 1097, 1101, 1054, 1055, 1059, 814, 910, 885, 1002, 1029, 996, 801, 758, 897, 892, 738, 814, 939, 888, 845, 1023, 1011, 969, 962, 1003, 939, 798, 772, 807, 781, 660, 640, 627, 626, 381, 384, 390, 285, 372, 370, 405, 405, 399, 802, 653, 857, 686, 367, 771, 710, 503, 405, 463, 565, 543, 534, 571, 530, 508, 514, 484, 423, 508, 474, 563, 500, 559, 388, 419, 556, 462, 363, 457, 628, 627, 423, 497, 284, 611, 475, 745, 345, 286, 436, 616, 321, 387, 826, 852, 520, 506, 580, 526, 529, 826, 210, 214, 1175, 1149, 1193, 217, 1142]
 -> Using user-defined PP_MSL: 120.000m
==================================== LDP TM ====================================
@ Centroid @     <lng=98°46′>    <lat=14°49′>
Offset Projection Plane = +0.0 m. <default hPP from average topo or pnts>
Designed Project Plane : hPP=+84.52 m. / MSL=+120.00 m. tied to k0 = 1.000013
Points CSF min/mean/max [ppm] : -248.0 / -48.9 / +36.6
Points MSL min/mean/max [m.]  : +53.0 / +497.3 / +1697.0
|      |       LDP_E |       LDP_N |
|:-----|------------:|------------:|
| min  | 187,547.679 | 673,645.371 |
| max  | 313,189.595 | 841,178.713 |
| diff | 125,641.916 | 167,533.342 |
{"meta": "LDP_Definition", "PROJ_String_Decimal": "+proj=tmerc +lat_0=0.0 +lon_0=98.76666667 +k_0=1.000013 +x_0=250000 +y_0=-890000 +ellps=WGS84 +units=m +no_defs +type=crs", "PROJ_String_DMS": "+proj=tmerc +lat_0=0.0 +lon_0=98°46′ +k_0=1.000013 +x_0=250000 +y_0=-890000 +ellps=WGS84 +units=m +no_defs +type=crs"}
Writing definition GPKG : OUTPUT_LDP/TH_KN_N/TH_KN_N_LDP.gpkg ...
 -> THINNING: Snapping points to 2 decimal grid for visualization...
 -> THINNING: Plot points reduced from 45126 to 9821.
Writing definition plot : OUTPUT_LDP/TH_KN_N/TH_KN_N_LDP.svg...
{"meta": "Coverage_Analysis", "Province": "TH.KN_N", "Total_Pts": 46052, "Valid_Pts": 15695, "Pt_Coverage(%)": 34.08, "Total_POP": 106036.6293, "Valid_POP": 90212.92439999999, "POP_Coverage(%)": 85.08, "CSF_Lower_ppm": -20.0, "CSF_Mean_ppm": -2.6, "CSF_Upper_ppm": 20.0}
--> [TH.KN_N] Step 5: 5_plot_PP_PctPopu.py
[TH.KN_N] POPU_PLOT found in TOML. Overriding MSL bounds: Upper=550.0, Lower=0.0, Step=20.0
[TH.KN_N] Starting ProcessPoolExecutor with 28 offsets to compute (Mean MSL: 497.33 m)...
[TH.KN_N] OFFSET_PP [-497.33] computed successfully.
[TH.KN_N] OFFSET_PP [-477.33] computed successfully.
[TH.KN_N] OFFSET_PP [-457.33] computed successfully.
[TH.KN_N] OFFSET_PP [-437.33] computed successfully.
[TH.KN_N] OFFSET_PP [-417.33] computed successfully.
[TH.KN_N] OFFSET_PP [-397.33] computed successfully.
[TH.KN_N] OFFSET_PP [-377.33] computed successfully.
[TH.KN_N] OFFSET_PP [-357.33] computed successfully.
[TH.KN_N] OFFSET_PP [-337.33] computed successfully.
[TH.KN_N] OFFSET_PP [-317.33] computed successfully.
[TH.KN_N] OFFSET_PP [-297.33] computed successfully.
[TH.KN_N] OFFSET_PP [-277.33] computed successfully.
[TH.KN_N] OFFSET_PP [-257.33] computed successfully.
[TH.KN_N] OFFSET_PP [-237.33] computed successfully.
[TH.KN_N] OFFSET_PP [-217.33] computed successfully.
[TH.KN_N] OFFSET_PP [-197.33] computed successfully.
[TH.KN_N] OFFSET_PP [-177.33] computed successfully.
[TH.KN_N] OFFSET_PP [-157.33] computed successfully.
[TH.KN_N] OFFSET_PP [-137.33] computed successfully.
[TH.KN_N] OFFSET_PP [-117.33] computed successfully.
[TH.KN_N] OFFSET_PP [-97.33] computed successfully.
[TH.KN_N] OFFSET_PP [-77.33] computed successfully.
[TH.KN_N] OFFSET_PP [-57.33] computed successfully.
[TH.KN_N] OFFSET_PP [-37.33] computed successfully.
[TH.KN_N] OFFSET_PP [-17.33] computed successfully.
[TH.KN_N] OFFSET_PP [2.67] computed successfully.
[TH.KN_N] OFFSET_PP [22.67] computed successfully.
[TH.KN_N] OFFSET_PP [42.67] computed successfully.

==================================== LDP Population Coverage Analysis: TH.KN_N ====================================
|   MSL_PP |   HAE_PP | Province   |   Total_Pts |   Valid_Pts |   Pt_Coverage(%) |   Total_POP |   Valid_POP |   POP_Coverage(%) |   CSF_Lower_ppm |   CSF_Mean_ppm |   CSF_Upper_ppm |
|---------:|---------:|:-----------|------------:|------------:|-----------------:|------------:|------------:|------------------:|----------------:|---------------:|----------------:|
|    +0.00 |   -35.48 | TH.KN_N    |       46052 |        7908 |            17.17 |     106,037 |      61,130 |             57.65 |           -20.0 |          -13.3 |           +17.6 |
|   +20.00 |   -15.48 | TH.KN_N    |       46052 |        9870 |            21.43 |     106,037 |      71,736 |             67.65 |           -20.0 |          -11.1 |           +19.8 |
|   +40.00 |    +4.52 | TH.KN_N    |       46052 |       11227 |            24.38 |     106,037 |      78,505 |             74.04 |           -20.0 |           -9.4 |           +20.0 |
|   +60.00 |   +24.52 | TH.KN_N    |       46052 |       12454 |            27.04 |     106,037 |      83,140 |             78.41 |           -20.0 |           -7.8 |           +19.9 |
|   +80.00 |   +44.52 | TH.KN_N    |       46052 |       13600 |            29.53 |     106,037 |      86,282 |             81.37 |           -20.0 |           -6.2 |           +19.9 |
|  +100.00 |   +64.52 | TH.KN_N    |       46052 |       14649 |            31.81 |     106,037 |      88,869 |             83.81 |           -20.0 |           -4.4 |           +20.0 |
|  +120.00 |   +84.52 | TH.KN_N    |       46052 |       15695 |            34.08 |     106,037 |      90,213 |             85.08 |           -20.0 |           -2.6 |           +20.0 |
|  +140.00 |  +104.52 | TH.KN_N    |       46052 |       16676 |            36.21 |     106,037 |      88,879 |             83.82 |           -20.0 |           -0.9 |           +20.0 |
|  +160.00 |  +124.52 | TH.KN_N    |       46052 |       17719 |            38.48 |     106,037 |      87,448 |             82.47 |           -20.0 |           +1.0 |           +20.0 |
|  +180.00 |  +144.52 | TH.KN_N    |       46052 |       18231 |            39.59 |     106,037 |      85,669 |             80.79 |           -20.0 |           +2.4 |           +20.0 |
|  +200.00 |  +164.52 | TH.KN_N    |       46052 |       18176 |            39.47 |     106,037 |      76,366 |             72.02 |           -20.0 |           +3.2 |           +20.0 |
|  +220.00 |  +184.52 | TH.KN_N    |       46052 |       17151 |            37.24 |     106,037 |      56,768 |             53.54 |           -20.0 |           +3.0 |           +20.0 |
|  +240.00 |  +204.52 | TH.KN_N    |       46052 |       15604 |            33.88 |     106,037 |      41,657 |             39.29 |           -20.0 |           +2.0 |           +20.0 |
|  +260.00 |  +224.52 | TH.KN_N    |       46052 |       14853 |            32.25 |     106,037 |      31,985 |             30.16 |           -20.0 |           +1.7 |           +20.0 |
|  +280.00 |  +244.52 | TH.KN_N    |       46052 |       14216 |            30.87 |     106,037 |      24,755 |             23.35 |           -20.0 |           +1.5 |           +20.0 |
|  +300.00 |  +264.52 | TH.KN_N    |       46052 |       13544 |            29.41 |     106,037 |      16,380 |             15.45 |           -20.0 |           +1.3 |           +20.0 |
|  +320.00 |  +284.52 | TH.KN_N    |       46052 |       13116 |            28.48 |     106,037 |      11,983 |             11.30 |           -20.0 |           +1.1 |           +20.0 |
|  +340.00 |  +304.52 | TH.KN_N    |       46052 |       12760 |            27.71 |     106,037 |       8,968 |              8.46 |           -20.0 |           +1.0 |           +20.0 |
|  +360.00 |  +324.52 | TH.KN_N    |       46052 |       12475 |            27.09 |     106,037 |       6,674 |              6.29 |           -20.0 |           +1.1 |           +20.0 |
|  +380.00 |  +344.52 | TH.KN_N    |       46052 |       12199 |            26.49 |     106,037 |       5,863 |              5.53 |           -20.0 |           +1.1 |           +20.0 |
|  +400.00 |  +364.52 | TH.KN_N    |       46052 |       11891 |            25.82 |     106,037 |       5,423 |              5.11 |           -20.0 |           +1.1 |           +20.0 |
|  +420.00 |  +384.52 | TH.KN_N    |       46052 |       11557 |            25.10 |     106,037 |       5,170 |              4.88 |           -20.0 |           +1.1 |           +20.0 |
|  +440.00 |  +404.52 | TH.KN_N    |       46052 |       11300 |            24.54 |     106,037 |       4,306 |              4.06 |           -20.0 |           +1.1 |           +20.0 |
|  +460.00 |  +424.52 | TH.KN_N    |       46052 |       11024 |            23.94 |     106,037 |       3,569 |              3.37 |           -20.0 |           +1.0 |           +20.0 |
|  +480.00 |  +444.52 | TH.KN_N    |       46052 |       10812 |            23.48 |     106,037 |       3,204 |              3.02 |           -20.0 |           +0.9 |           +20.0 |
|  +500.00 |  +464.52 | TH.KN_N    |       46052 |       10591 |            23.00 |     106,037 |       3,146 |              2.97 |           -20.0 |           +0.8 |           +20.0 |
|  +520.00 |  +484.52 | TH.KN_N    |       46052 |       10473 |            22.74 |     106,037 |       3,263 |              3.08 |           -20.0 |           +0.6 |           +20.0 |
|  +540.00 |  +504.52 | TH.KN_N    |       46052 |       10433 |            22.65 |     106,037 |       4,115 |              3.88 |           -20.0 |           +0.4 |           +20.0 |
==========================================================================================================================

 -> Plot saved successfully to: OUTPUT_LDP/TH_KN_N/TH_KN_N_Plot_PP_Popu.svg

--> [TH.KN_N] Step 6: 6_LDP_OnePage.py
Processing province: TH_KN_N
[+] TH_KN_N: One-Page Report generated successfully.
======================================================================
Completed province: TH.KN_N
Finished: 2026-08-19T16:35:30+07:00
======================================================================
