======================================================================
Processing province: TH.NR_N
Started: 2026-08-19T16:27:38+07:00
======================================================================
--> [TH.NR_N] Step 1: 1_fabdem_province.py
[1/5] Read GADM and select HASC_1=TH.NR_N
[2/5] Save province and clip FABDEM
[3/5] Generate contours every 100 m with GDAL 3.10.3
[4/5] Calculate statistics and write PDF
[5/5] Write DataFrame summaries

Completed successfully.
 HASC_1                  NAME_1  contours                                                                                      PDF
TH.NR_N Nakhon Ratchasima North       622 /mnt/nvme1/Project/2026-EIT_TH_LDP/src/OUTPUT_FABDEM/TH_NR_N/TH_NR_N_fabdem_contours.pdf
--> [TH.NR_N] Step 2: 2_popu2025_grid.py
[1/4] Select GADM province HASC_1=TH.NR_N
[2/4] Save boundary and cut population grid
[3/4] Calculate population-grid statistics
[4/4] Write population-grid PDF and summaries

Completed successfully.
 HASC_1                  NAME_1  population_sum                                                                                           grid
TH.NR_N Nakhon Ratchasima North   545944.910037 /mnt/nvme1/Project/2026-EIT_TH_LDP/src/OUTPUT_POP2025/TH_NR_N/TH_NR_N_population_2025_100m.tif
--> [TH.NR_N] Step 3: 3_generate_sample.py
[1/4] Select GADM province HASC_1=TH.NR_N
 -> [READ] Loading Vector Dataset: OUTPUT_PROV/gadm41_THA.gpkg (Layer: 'ADM_ADM_1')
[2/4] Generate 500.0m grid points
 -> Auto-detected EPSG:32648 for province.
 -> Generated 48,600 bounding box points.
 -> Clipping points to province boundary...
 -> Computing 8-digit Geohashes...
[3/4] Extracting Raster Values (FABDEM MSL & POP2025)...
 -> [READ] Opening Raster File: OUTPUT_FABDEM/TH_NR_N/TH_NR_N_fabdem.tif
 -> [READ] Opening Raster File for Area Sum: OUTPUT_POP2025/TH_NR_N/TH_NR_N_population_2025_100m.tif
 -> Converting geometries to Lng/Lat (EPSG:4326)...
[4/4] Save GeoPackage Data...
 -> [WRITE] Saving Vector File: /mnt/nvme1/Project/2026-EIT_TH_LDP/src/OUTPUT_SAMPL/TH_NR_N/TH_NR_N_SAMPL.gpkg (Layer: 'samples')

[5/5] Comparing POP2025 with DOPA Registration Population...

Completed successfully.
 HASC_1  Grid (m)       CRS  Samples             Output POP2025  DOPA_Pop       Diff
TH.NR_N     500.0 EPSG:4326    27946 TH_NR_N_SAMPL.gpkg 544,638 2,613,432 -2,068,794
--> [TH.NR_N] Step 4: 4_analyse_ldp.py
LDP                                               [TM, 102:30]
FALSE_EN                                     [250000, -950000]
PP_MSL                                                     110
GPKG         [OUTPUT_SAMPL/TH_NR_N/TH_NR_N_SAMPL.gpkg, samp...
OFFSET_PP         [0.0, default hPP from average topo or pnts]
dtype: object
 -> OUTLIER FILTER: Dropped 564 points.
 -> Dropped MSL values: [-9999, -9999, -9999, -9999, -9999, 202, 229, 230, 233, 216, 234, 233, 228, 199, 220, 220, 225, 230, 232, 241, 242, 228, 229, 200, 173, 174, 176, 172, 171, 175, 152, 156, 152, 161, 176, 166, 165, 165, 167, 167, 161, 163, 165, 166, 164, 164, 164, 168, 167, 164, 163, 211, 217, 215, 218, 207, 208, 230, 172, 152, 152, 151, 156, 156, 171, 151, 149, 179, 154, 150, 155, 155, 158, 159, 157, 151, 152, 151, 151, 152, 152, 152, 157, 160, 160, 159, 156, 152, 157, 156, 154, 154, 154, 155, 153, 157, 251, 250, 250, 153, 153, 153, 154, 151, 153, 152, 152, 153, 152, 152, 151, 152, 150, 152, 151, 150, 150, 166, 173, 171, 170, 169, 172, 157, 162, 160, 163, 165, 162, 162, 162, 159, 168, 165, 166, 167, 165, 165, 166, 163, 163, 161, 160, 159, 162, 160, 161, 175, 173, 175, 172, 172, 172, 167, 166, 166, 171, 173, 184, 185, 181, 190, 182, 189, 170, 163, 163, 162, 176, 176, 160, 160, 172, 171, 172, 165, 165, 165, 176, 176, 167, 179, 179, 181, 224, 250, 195, 201, 166, 166, 167, 152, 200, 200, 185, 182, 185, 183, 185, 200, 200, 174, 192, 187, 193, 206, 214, 210, 214, 143, 143, 134, 137, 134, 137, 136, 136, 235, 235, 237, 147, 145, 146, 143, 146, 145, 144, 139, 137, 147, 144, 145, 143, 142, 142, 142, 144, 136, 136, 142, 139, 137, 139, 137, 137, 144, 139, 143, 137, 145, 147, 143, 142, 142, 143, 143, 143, 139, 138, 144, 144, 144, 146, 181, 151, 148, 149, 151, 151, 149, 150, 150, 151, 148, 150, 142, 142, 149, 150, 148, 149, 148, 149, 149, 142, 142, 143, 142, 142, 142, 142, 141, 140, 140, 140, 147, 140, 146, 142, 142, 140, 140, 140, 140, 147, 140, 140, 134, 140, 145, 144, 145, 147, 146, 147, 145, 145, 151, 153, 145, 147, 146, 146, 145, 145, 146, 149, 134, 132, 139, 140, 140, 141, 132, 135, 132, 138, 134, 134, 144, 141, 141, 142, 136, 134, 134, 134, 139, 155, 154, 156, 155, 159, 155, 155, 154, 153, 153, 153, 176, 175, 178, 171, 170, 149, 149, 151, 142, 142, 149, 152, 151, 150, 153, 151, 152, 163, 164, 150, 150, 159, 151, 151, 149, 149, 145, 150, 149, 152, 150, 147, 151, 153, 154, 159, 159, 159, 152, 160, 159, 157, 156, 152, 152, 156, 154, 158, 155, 163, 179, 178, 178, 189, 190, 190, 195, 142, 143, 151, 157, 157, 152, 157, 157, 167, 190, 193, 155, 165, 164, 165, 165, 191, 165, 154, 184, 182, 172, 173, 198, 222, 222, 222, 182, 174, 182, 197, 177, 181, 180, 175, 178, 178, 174, 248, 225, 223, 201, 237, 247, 246, 247, 247, 246, 246, 246, 248, 217, 215, 213, 184, 183, 233, 234, 233, 235, 233, 233, 232, 232, 199, 199, 196, 200, 174, 172, 144, 143, 143, 152, 147, 148, 150, 147, 150, 149, 144, 146, 145, 144, 146, 144, 146, 144, 138, 143, 138, 138, 138, 142, 135, 143, 143, 138, 142, 139, 138, 144, 144, 146, 144, 145, 145, 143, 149, 153, 148, 148, 147, 146, 140, 149, 145, 140, 147, 149, 146, 150, 143, 151, 145, 145, 157, 157, 140, 147, 163, 146, 161, 146, 146, 145, 164, 165, 168, 161, 160, 162, 161, 162, 165, 165, 157, 151]
 -> Using user-defined PP_MSL: 110.000m
==================================== LDP TM ====================================
@ Centroid @     <lng=102°30′>    <lat=15°20′>
Offset Projection Plane = +0.0 m. <default hPP from average topo or pnts>
Designed Project Plane : hPP=+81.52 m. / MSL=+110.00 m. tied to k0 = 1.000013
Points CSF min/mean/max [ppm] : -21.0 / -3.0 / +32.2
Points MSL min/mean/max [m.]  : +135.0 / +174.7 / +249.0
|      |       LDP_E |       LDP_N |
|:-----|------------:|------------:|
| min  | 198,787.079 | 687,182.128 |
| max  | 304,283.001 | 797,907.722 |
| diff | 105,495.922 | 110,725.593 |
{"meta": "LDP_Definition", "PROJ_String_Decimal": "+proj=tmerc +lat_0=0.0 +lon_0=102.50000000 +k_0=1.000013 +x_0=250000 +y_0=-950000 +ellps=WGS84 +units=m +no_defs +type=crs", "PROJ_String_DMS": "+proj=tmerc +lat_0=0.0 +lon_0=102°30′ +k_0=1.000013 +x_0=250000 +y_0=-950000 +ellps=WGS84 +units=m +no_defs +type=crs"}
Writing definition GPKG : OUTPUT_LDP/TH_NR_N/TH_NR_N_LDP.gpkg ...
 -> THINNING: Snapping points to 2 decimal grid for visualization...
 -> THINNING: Plot points reduced from 27382 to 5985.
Writing definition plot : OUTPUT_LDP/TH_NR_N/TH_NR_N_LDP.svg...
{"meta": "Coverage_Analysis", "Province": "TH.NR_N", "Total_Pts": 27946, "Valid_Pts": 26871, "Pt_Coverage(%)": 96.15, "Total_POP": 544638.4329, "Valid_POP": 498581.3316, "POP_Coverage(%)": 91.54, "CSF_Lower_ppm": -19.8, "CSF_Mean_ppm": -3.5, "CSF_Upper_ppm": 20.0}
--> [TH.NR_N] Step 5: 5_plot_PP_PctPopu.py
[TH.NR_N] Starting ProcessPoolExecutor with 16 offsets to compute (Mean MSL: 174.65 m)...
[TH.NR_N] OFFSET_PP [-200.00] computed successfully.
[TH.NR_N] OFFSET_PP [-180.00] computed successfully.
[TH.NR_N] OFFSET_PP [-160.00] computed successfully.
[TH.NR_N] OFFSET_PP [-140.00] computed successfully.
[TH.NR_N] OFFSET_PP [-120.00] computed successfully.
[TH.NR_N] OFFSET_PP [-100.00] computed successfully.
[TH.NR_N] OFFSET_PP [-80.00] computed successfully.
[TH.NR_N] OFFSET_PP [-60.00] computed successfully.
[TH.NR_N] OFFSET_PP [-40.00] computed successfully.
[TH.NR_N] OFFSET_PP [-20.00] computed successfully.
[TH.NR_N] OFFSET_PP [0.00] computed successfully.
[TH.NR_N] OFFSET_PP [20.00] computed successfully.
[TH.NR_N] OFFSET_PP [40.00] computed successfully.
[TH.NR_N] OFFSET_PP [60.00] computed successfully.
[TH.NR_N] OFFSET_PP [80.00] computed successfully.
[TH.NR_N] OFFSET_PP [100.00] computed successfully.

==================================== LDP Population Coverage Analysis: TH.NR_N ====================================
|   MSL_PP |   HAE_PP | Province   |   Total_Pts |   Valid_Pts |   Pt_Coverage(%) |   Total_POP |   Valid_POP |   POP_Coverage(%) |   CSF_Lower_ppm |   CSF_Mean_ppm |   CSF_Upper_ppm |
|---------:|---------:|:-----------|------------:|------------:|-----------------:|------------:|------------:|------------------:|----------------:|---------------:|----------------:|
|   -25.35 |   -53.82 | TH.NR_N    |       27946 |        6822 |            24.41 |     544,638 |     113,205 |             20.79 |           -20.0 |          -12.4 |           +11.2 |
|    -5.35 |   -33.82 | TH.NR_N    |       27946 |        9864 |            35.30 |     544,638 |     177,282 |             32.55 |           -20.0 |          -12.3 |           +14.2 |
|   +14.65 |   -13.82 | TH.NR_N    |       27946 |       13983 |            50.04 |     544,638 |     242,335 |             44.49 |           -20.0 |          -12.0 |           +17.2 |
|   +34.65 |    +6.18 | TH.NR_N    |       27946 |       20490 |            73.32 |     544,638 |     376,917 |             69.21 |           -20.0 |          -12.0 |           +19.9 |
|   +54.65 |   +26.18 | TH.NR_N    |       27946 |       23587 |            84.40 |     544,638 |     448,455 |             82.34 |           -20.0 |          -10.3 |           +20.0 |
|   +74.65 |   +46.18 | TH.NR_N    |       27946 |       25730 |            92.07 |     544,638 |     483,877 |             88.84 |           -20.0 |           -8.4 |           +19.9 |
|   +94.65 |   +66.18 | TH.NR_N    |       27946 |       26796 |            95.88 |     544,638 |     498,984 |             91.62 |           -20.0 |           -6.1 |           +19.9 |
|  +114.65 |   +86.18 | TH.NR_N    |       27946 |       26777 |            95.82 |     544,638 |     497,152 |             91.28 |           -20.0 |           -2.6 |           +20.0 |
|  +134.65 |  +106.18 | TH.NR_N    |       27946 |       26295 |            94.09 |     544,638 |     488,929 |             89.77 |           -17.0 |           +0.0 |           +20.0 |
|  +154.65 |  +126.18 | TH.NR_N    |       27946 |       25837 |            92.45 |     544,638 |     483,283 |             88.73 |           -14.0 |           +2.7 |           +20.0 |
|  +174.65 |  +146.18 | TH.NR_N    |       27946 |       25203 |            90.18 |     544,638 |     476,058 |             87.41 |           -11.0 |           +5.3 |           +20.0 |
|  +194.65 |  +166.18 | TH.NR_N    |       27946 |       24129 |            86.34 |     544,638 |     458,845 |             84.25 |            -8.0 |           +7.7 |           +20.0 |
|  +214.65 |  +186.18 | TH.NR_N    |       27946 |       22647 |            81.04 |     544,638 |     435,121 |             79.89 |            -5.0 |          +10.0 |           +20.0 |
|  +234.65 |  +206.18 | TH.NR_N    |       27946 |       20560 |            73.57 |     544,638 |     392,899 |             72.14 |            -2.0 |          +12.2 |           +20.0 |
|  +254.65 |  +226.18 | TH.NR_N    |       27946 |       16162 |            57.83 |     544,638 |     308,438 |             56.63 |            +2.0 |          +14.7 |           +20.0 |
|  +274.65 |  +246.18 | TH.NR_N    |       27946 |       11536 |            41.28 |     544,638 |     235,249 |             43.19 |            +5.0 |          +16.2 |           +20.0 |
==========================================================================================================================

 -> Plot saved successfully to: OUTPUT_LDP/TH_NR_N/TH_NR_N_Plot_PP_Popu.svg

--> [TH.NR_N] Step 6: 6_LDP_OnePage.py
Processing province: TH_NR_N
[+] TH_NR_N: One-Page Report generated successfully.
======================================================================
Completed province: TH.NR_N
Finished: 2026-08-19T16:42:09+07:00
======================================================================
