======================================================================
Processing province: TH.MH_N
Started: 2026-08-19T16:19:20+07:00
======================================================================
--> [TH.MH_N] Step 1: 1_fabdem_province.py
[1/5] Read GADM and select HASC_1=TH.MH_N
[2/5] Save province and clip FABDEM
[3/5] Generate contours every 100 m with GDAL 3.10.3
[4/5] Calculate statistics and write PDF
[5/5] Write DataFrame summaries

Completed successfully.
 HASC_1             NAME_1  contours                                                                                      PDF
TH.MH_N Mae Hong Son North      2715 /mnt/nvme1/Project/2026-EIT_TH_LDP/src/OUTPUT_FABDEM/TH_MH_N/TH_MH_N_fabdem_contours.pdf
--> [TH.MH_N] Step 2: 2_popu2025_grid.py
[1/4] Select GADM province HASC_1=TH.MH_N
[2/4] Save boundary and cut population grid
[3/4] Calculate population-grid statistics
[4/4] Write population-grid PDF and summaries

Completed successfully.
 HASC_1             NAME_1  population_sum                                                                                           grid
TH.MH_N Mae Hong Son North    43499.317459 /mnt/nvme1/Project/2026-EIT_TH_LDP/src/OUTPUT_POP2025/TH_MH_N/TH_MH_N_population_2025_100m.tif
--> [TH.MH_N] Step 3: 3_generate_sample.py
[1/4] Select GADM province HASC_1=TH.MH_N
 -> [READ] Loading Vector Dataset: OUTPUT_PROV/gadm41_THA.gpkg (Layer: 'ADM_ADM_1')
[2/4] Generate 500.0m grid points
 -> Auto-detected EPSG:32647 for province.
 -> Generated 23,364 bounding box points.
 -> Clipping points to province boundary...
 -> Computing 8-digit Geohashes...
[3/4] Extracting Raster Values (FABDEM MSL & POP2025)...
 -> [READ] Opening Raster File: OUTPUT_FABDEM/TH_MH_N/TH_MH_N_fabdem.tif
 -> [READ] Opening Raster File for Area Sum: OUTPUT_POP2025/TH_MH_N/TH_MH_N_population_2025_100m.tif
 -> Converting geometries to Lng/Lat (EPSG:4326)...
[4/4] Save GeoPackage Data...
 -> [WRITE] Saving Vector File: /mnt/nvme1/Project/2026-EIT_TH_LDP/src/OUTPUT_SAMPL/TH_MH_N/TH_MH_N_SAMPL.gpkg (Layer: 'samples')

[5/5] Comparing POP2025 with DOPA Registration Population...

Completed successfully.
 HASC_1  Grid (m)       CRS  Samples             Output POP2025 DOPA_Pop     Diff
TH.MH_N     500.0 EPSG:4326    13215 TH_MH_N_SAMPL.gpkg  42,569  288,757 -246,188
--> [TH.MH_N] Step 4: 4_analyse_ldp.py
LDP                                                [TM, 98:21]
FALSE_EN                                     [50000, -1900000]
PP_MSL                                                     600
POPU_PLOT                                       [950, 300, 20]
GPKG         [OUTPUT_SAMPL/TH_MH_N/TH_MH_N_SAMPL.gpkg, samp...
OFFSET_PP         [0.0, default hPP from average topo or pnts]
dtype: object
 -> OUTLIER FILTER: Dropped 271 points.
 -> Dropped MSL values: [-9999, -9999, -9999, -9999, -9999, -9999, 1492, 1592, 1530, 1450, 1453, 1517, 1401, 995, 1139, 1148, 1435, 1562, 1446, 1585, 1568, 1540, 1409, 1361, 1874, 317, 1410, 1407, 314, 839, 978, 859, 1239, 1096, 1184, 1321, 780, 1022, 1285, 892, 800, 1026, 753, 629, 693, 590, 752, 1880, 1945, 1916, 898, 666, 665, 702, 1498, 1529, 1521, 1562, 1579, 1696, 1599, 1496, 985, 1123, 1294, 1317, 862, 873, 741, 1024, 932, 998, 1302, 1315, 1306, 1015, 1006, 1431, 1321, 1209, 1109, 1317, 1234, 1306, 1222, 1285, 913, 1249, 1225, 1273, 703, 925, 1114, 1069, 1203, 1073, 1105, 1077, 698, 1072, 1116, 1117, 561, 1108, 1102, 625, 808, 571, 513, 554, 740, 1057, 1059, 1146, 1088, 1122, 981, 1140, 1151, 789, 780, 1145, 1453, 1469, 1392, 1420, 1412, 1402, 1476, 1008, 959, 950, 990, 1763, 1119, 1151, 1175, 1182, 1156, 1153, 870, 765, 897, 967, 1718, 1640, 1590, 995, 993, 1021, 986, 1041, 1024, 702, 709, 815, 888, 724, 863, 824, 760, 728, 1224, 1210, 1291, 1280, 938, 685, 746, 678, 753, 804, 749, 916, 1113, 1870, 1915, 1887, 1959, 1960, 1871, 1867, 1851, 1738, 1862, 1945, 1919, 1831, 1794, 1068, 526, 524, 521, 532, 1126, 1264, 1025, 886, 1047, 1146, 1039, 777, 1315, 992, 1030, 1023, 960, 984, 874, 885, 903, 901, 902, 1627, 1046, 1468, 1203, 1193, 925, 1145, 1064, 1550, 1550, 1609, 1657, 1584, 1576, 1629, 1658, 1583, 1589, 1092, 1055, 1003, 924, 1352, 889, 1218, 1263, 1722, 1641, 1828, 1715, 1743, 1054, 1066, 953, 1195, 816, 1194, 1198, 1300, 1218, 1067, 656, 630, 628, 1096, 1156, 1136, 1220, 1493, 1417, 1452, 1546, 1402, 1391, 1446, 1440, 1263, 1301]
 -> Using user-defined PP_MSL: 600.000m
==================================== LDP TM ====================================
@ Centroid @     <lng=98°21′>    <lat=19°24′>
Offset Projection Plane = +0.0 m. <default hPP from average topo or pnts>
Designed Project Plane : hPP=+560.80 m. / MSL=+600.00 m. tied to k0 = 1.000088
Points CSF min/mean/max [ppm] : -198.7 / -50.7 / +46.5
Points MSL min/mean/max [m.]  : +337.0 / +940.2 / +1864.0
|      |      LDP_E |       LDP_N |
|:-----|-----------:|------------:|
| min  | 16,601.237 | 204,470.319 |
| max  | 81,396.088 | 291,317.597 |
| diff | 64,794.851 |  86,847.278 |
{"meta": "LDP_Definition", "PROJ_String_Decimal": "+proj=tmerc +lat_0=0.0 +lon_0=98.35000000 +k_0=1.000088 +x_0=50000 +y_0=-1900000 +ellps=WGS84 +units=m +no_defs +type=crs", "PROJ_String_DMS": "+proj=tmerc +lat_0=0.0 +lon_0=98°21′ +k_0=1.000088 +x_0=50000 +y_0=-1900000 +ellps=WGS84 +units=m +no_defs +type=crs"}
Writing definition GPKG : OUTPUT_LDP/TH_MH_N/TH_MH_N_LDP.gpkg ...
 -> THINNING: Snapping points to 2 decimal grid for visualization...
 -> THINNING: Plot points reduced from 12944 to 2921.
Writing definition plot : OUTPUT_LDP/TH_MH_N/TH_MH_N_LDP.svg...
{"meta": "Coverage_Analysis", "Province": "TH.MH_N", "Total_Pts": 13215, "Valid_Pts": 2951, "Pt_Coverage(%)": 22.33, "Total_POP": 42568.587999999996, "Valid_POP": 25557.891900000002, "POP_Coverage(%)": 60.04, "CSF_Lower_ppm": -20.0, "CSF_Mean_ppm": -2.8, "CSF_Upper_ppm": 20.0}
--> [TH.MH_N] Step 5: 5_plot_PP_PctPopu.py
[TH.MH_N] POPU_PLOT found in TOML. Overriding MSL bounds: Upper=950.0, Lower=300.0, Step=20.0
[TH.MH_N] Starting ProcessPoolExecutor with 33 offsets to compute (Mean MSL: 940.18 m)...
[TH.MH_N] OFFSET_PP [-640.18] computed successfully.
[TH.MH_N] OFFSET_PP [-620.18] computed successfully.
[TH.MH_N] OFFSET_PP [-600.18] computed successfully.
[TH.MH_N] OFFSET_PP [-580.18] computed successfully.
[TH.MH_N] OFFSET_PP [-560.18] computed successfully.
[TH.MH_N] OFFSET_PP [-540.18] computed successfully.
[TH.MH_N] OFFSET_PP [-520.18] computed successfully.
[TH.MH_N] OFFSET_PP [-500.18] computed successfully.
[TH.MH_N] OFFSET_PP [-480.18] computed successfully.
[TH.MH_N] OFFSET_PP [-460.18] computed successfully.
[TH.MH_N] OFFSET_PP [-440.18] computed successfully.
[TH.MH_N] OFFSET_PP [-420.18] computed successfully.
[TH.MH_N] OFFSET_PP [-400.18] computed successfully.
[TH.MH_N] OFFSET_PP [-380.18] computed successfully.
[TH.MH_N] OFFSET_PP [-360.18] computed successfully.
[TH.MH_N] OFFSET_PP [-340.18] computed successfully.
[TH.MH_N] OFFSET_PP [-320.18] computed successfully.
[TH.MH_N] OFFSET_PP [-300.18] computed successfully.
[TH.MH_N] OFFSET_PP [-280.18] computed successfully.
[TH.MH_N] OFFSET_PP [-260.18] computed successfully.
[TH.MH_N] OFFSET_PP [-240.18] computed successfully.
[TH.MH_N] OFFSET_PP [-220.18] computed successfully.
[TH.MH_N] OFFSET_PP [-200.18] computed successfully.
[TH.MH_N] OFFSET_PP [-180.18] computed successfully.
[TH.MH_N] OFFSET_PP [-160.18] computed successfully.
[TH.MH_N] OFFSET_PP [-140.18] computed successfully.
[TH.MH_N] OFFSET_PP [-120.18] computed successfully.
[TH.MH_N] OFFSET_PP [-100.18] computed successfully.
[TH.MH_N] OFFSET_PP [-80.18] computed successfully.
[TH.MH_N] OFFSET_PP [-60.18] computed successfully.
[TH.MH_N] OFFSET_PP [-40.18] computed successfully.
[TH.MH_N] OFFSET_PP [-20.18] computed successfully.
[TH.MH_N] OFFSET_PP [-0.18] computed successfully.

==================================== LDP Population Coverage Analysis: TH.MH_N ====================================
|   MSL_PP |   HAE_PP | Province   |   Total_Pts |   Valid_Pts |   Pt_Coverage(%) |   Total_POP |   Valid_POP |   POP_Coverage(%) |   CSF_Lower_ppm |   CSF_Mean_ppm |   CSF_Upper_ppm |
|---------:|---------:|:-----------|------------:|------------:|-----------------:|------------:|------------:|------------------:|----------------:|---------------:|----------------:|
|  +300.00 |  +260.80 | TH.MH_N    |       13215 |         127 |             0.96 |      42,569 |       1,483 |              3.48 |           -20.0 |          -13.2 |            -0.5 |
|  +320.00 |  +280.80 | TH.MH_N    |       13215 |         206 |             1.56 |      42,569 |       2,595 |              6.10 |           -20.0 |          -13.4 |            +2.5 |
|  +340.00 |  +300.80 | TH.MH_N    |       13215 |         290 |             2.19 |      42,569 |       3,322 |              7.80 |           -20.0 |          -12.8 |            +5.5 |
|  +360.00 |  +320.80 | TH.MH_N    |       13215 |         400 |             3.03 |      42,569 |       5,160 |             12.12 |           -20.0 |          -12.2 |            +8.5 |
|  +380.00 |  +340.80 | TH.MH_N    |       13215 |         607 |             4.59 |      42,569 |      12,663 |             29.75 |           -20.0 |          -11.5 |           +12.5 |
|  +400.00 |  +360.80 | TH.MH_N    |       13215 |         776 |             5.87 |      42,569 |      15,192 |             35.69 |           -20.0 |          -10.7 |           +15.5 |
|  +420.00 |  +380.80 | TH.MH_N    |       13215 |         964 |             7.29 |      42,569 |      17,035 |             40.02 |           -20.0 |           -9.8 |           +18.5 |
|  +440.00 |  +400.80 | TH.MH_N    |       13215 |        1128 |             8.54 |      42,569 |      17,711 |             41.61 |           -20.0 |           -8.6 |           +19.8 |
|  +460.00 |  +420.80 | TH.MH_N    |       13215 |        1318 |             9.97 |      42,569 |      18,708 |             43.95 |           -20.0 |           -7.7 |           +19.7 |
|  +480.00 |  +440.80 | TH.MH_N    |       13215 |        1521 |            11.51 |      42,569 |      21,221 |             49.85 |           -20.0 |           -6.8 |           +19.7 |
|  +500.00 |  +460.80 | TH.MH_N    |       13215 |        1734 |            13.12 |      42,569 |      21,992 |             51.66 |           -20.0 |           -6.1 |           +19.9 |
|  +520.00 |  +480.80 | TH.MH_N    |       13215 |        2057 |            15.57 |      42,569 |      23,759 |             55.81 |           -20.0 |           -5.2 |           +19.9 |
|  +540.00 |  +500.80 | TH.MH_N    |       13215 |        2286 |            17.30 |      42,569 |      24,226 |             56.91 |           -20.0 |           -4.3 |           +19.9 |
|  +560.00 |  +520.80 | TH.MH_N    |       13215 |        2495 |            18.88 |      42,569 |      25,063 |             58.88 |           -20.0 |           -3.6 |           +20.0 |
|  +580.00 |  +540.80 | TH.MH_N    |       13215 |        2692 |            20.37 |      42,569 |      25,458 |             59.81 |           -20.0 |           -3.1 |           +20.0 |
|  +600.00 |  +560.80 | TH.MH_N    |       13215 |        2951 |            22.33 |      42,569 |      25,558 |             60.04 |           -20.0 |           -2.8 |           +20.0 |
|  +620.00 |  +580.80 | TH.MH_N    |       13215 |        3149 |            23.83 |      42,569 |      23,245 |             54.61 |           -20.0 |           -2.8 |           +20.0 |
|  +640.00 |  +600.80 | TH.MH_N    |       13215 |        3306 |            25.02 |      42,569 |      17,651 |             41.46 |           -20.0 |           -2.5 |           +20.0 |
|  +660.00 |  +620.80 | TH.MH_N    |       13215 |        3516 |            26.61 |      42,569 |      15,099 |             35.47 |           -20.0 |           -2.3 |           +20.0 |
|  +680.00 |  +640.80 | TH.MH_N    |       13215 |        3696 |            27.97 |      42,569 |      14,426 |             33.89 |           -20.0 |           -2.2 |           +20.0 |
|  +700.00 |  +660.80 | TH.MH_N    |       13215 |        3859 |            29.20 |      42,569 |      14,223 |             33.41 |           -20.0 |           -1.9 |           +20.0 |
|  +720.00 |  +680.80 | TH.MH_N    |       13215 |        4028 |            30.48 |      42,569 |      13,135 |             30.86 |           -20.0 |           -1.7 |           +20.0 |
|  +740.00 |  +700.80 | TH.MH_N    |       13215 |        4142 |            31.34 |      42,569 |      11,619 |             27.29 |           -20.0 |           -1.3 |           +20.0 |
|  +760.00 |  +720.80 | TH.MH_N    |       13215 |        4277 |            32.36 |      42,569 |      10,951 |             25.73 |           -20.0 |           -1.3 |           +20.0 |
|  +780.00 |  +740.80 | TH.MH_N    |       13215 |        4378 |            33.13 |      42,569 |      10,399 |             24.43 |           -20.0 |           -1.2 |           +20.0 |
|  +800.00 |  +760.80 | TH.MH_N    |       13215 |        4531 |            34.29 |      42,569 |      10,709 |             25.16 |           -20.0 |           -0.9 |           +20.0 |
|  +820.00 |  +780.80 | TH.MH_N    |       13215 |        4599 |            34.80 |      42,569 |       9,703 |             22.79 |           -20.0 |           -0.6 |           +20.0 |
|  +840.00 |  +800.80 | TH.MH_N    |       13215 |        4661 |            35.27 |      42,569 |       9,284 |             21.81 |           -20.0 |           -0.3 |           +20.0 |
|  +860.00 |  +820.80 | TH.MH_N    |       13215 |        4654 |            35.22 |      42,569 |       8,437 |             19.82 |           -20.0 |           -0.4 |           +20.0 |
|  +880.00 |  +840.80 | TH.MH_N    |       13215 |        4679 |            35.41 |      42,569 |       8,379 |             19.68 |           -20.0 |           -0.2 |           +20.0 |
|  +900.00 |  +860.80 | TH.MH_N    |       13215 |        4729 |            35.79 |      42,569 |       8,389 |             19.71 |           -20.0 |           +0.0 |           +20.0 |
|  +920.00 |  +880.80 | TH.MH_N    |       13215 |        4696 |            35.54 |      42,569 |       8,345 |             19.60 |           -20.0 |           +0.3 |           +20.0 |
|  +940.00 |  +900.80 | TH.MH_N    |       13215 |        4590 |            34.73 |      42,569 |       7,755 |             18.22 |           -20.0 |           +0.5 |           +20.0 |
==========================================================================================================================

 -> Plot saved successfully to: OUTPUT_LDP/TH_MH_N/TH_MH_N_Plot_PP_Popu.svg

--> [TH.MH_N] Step 6: 6_LDP_OnePage.py
Processing province: TH_MH_N
[+] TH_MH_N: One-Page Report generated successfully.
======================================================================
Completed province: TH.MH_N
Finished: 2026-08-19T16:33:24+07:00
======================================================================
