======================================================================
Processing province: TH.KL
Started: 2026-08-19T15:57:55+07:00
======================================================================
--> [TH.KL] Step 1: 1_fabdem_province.py
[1/5] Read GADM and select HASC_1=TH.KL
[2/5] Save province and clip FABDEM
[3/5] Generate contours every 100 m with GDAL 3.10.3
[4/5] Calculate statistics and write PDF
[5/5] Write DataFrame summaries

Completed successfully.
HASC_1  NAME_1  contours                                                                                  PDF
 TH.KL Kalasin      1692 /mnt/nvme1/Project/2026-EIT_TH_LDP/src/OUTPUT_FABDEM/TH_KL/TH_KL_fabdem_contours.pdf
--> [TH.KL] Step 2: 2_popu2025_grid.py
[1/4] Select GADM province HASC_1=TH.KL
[2/4] Save boundary and cut population grid
[3/4] Calculate population-grid statistics
[4/4] Write population-grid PDF and summaries

Completed successfully.
HASC_1  NAME_1  population_sum                                                                                       grid
 TH.KL Kalasin   690347.735428 /mnt/nvme1/Project/2026-EIT_TH_LDP/src/OUTPUT_POP2025/TH_KL/TH_KL_population_2025_100m.tif
--> [TH.KL] Step 3: 3_generate_sample.py
[1/4] Select GADM province HASC_1=TH.KL
 -> [READ] Loading Vector Dataset: OUTPUT_PROV/gadm41_THA.gpkg (Layer: 'ADM_ADM_1')
[2/4] Generate 500.0m grid points
 -> Auto-detected EPSG:32648 for province.
 -> Generated 50,470 bounding box points.
 -> Clipping points to province boundary...
 -> Computing 8-digit Geohashes...
[3/4] Extracting Raster Values (FABDEM MSL & POP2025)...
 -> [READ] Opening Raster File: OUTPUT_FABDEM/TH_KL/TH_KL_fabdem.tif
 -> [READ] Opening Raster File for Area Sum: OUTPUT_POP2025/TH_KL/TH_KL_population_2025_100m.tif
 -> Converting geometries to Lng/Lat (EPSG:4326)...
[4/4] Save GeoPackage Data...
 -> [WRITE] Saving Vector File: /mnt/nvme1/Project/2026-EIT_TH_LDP/src/OUTPUT_SAMPL/TH_KL/TH_KL_SAMPL.gpkg (Layer: 'samples')

[5/5] Comparing POP2025 with DOPA Registration Population...

Completed successfully.
HASC_1  Grid (m)       CRS  Samples           Output POP2025 DOPA_Pop     Diff
 TH.KL     500.0 EPSG:4326    27592 TH_KL_SAMPL.gpkg 694,704  957,421 -262,717
--> [TH.KL] Step 4: 4_analyse_ldp.py
LDP                                            [LCC, 16:38]
FALSE_EN                                   [750000, 250000]
PP_MSL                                                   90
GPKG         [OUTPUT_SAMPL/TH_KL/TH_KL_SAMPL.gpkg, samples]
OFFSET_PP      [0.0, default hPP from average topo or pnts]
dtype: object
 -> OUTLIER FILTER: Dropped 558 points.
 -> Dropped MSL values: [-9999, -9999, -9999, -9999, -9999, -9999, 131, 140, 144, 141, 131, 131, 141, 131, 145, 142, 143, 154, 142, 143, 141, 141, 144, 143, 145, 144, 145, 144, 143, 145, 144, 148, 151, 150, 145, 146, 142, 146, 149, 145, 147, 148, 148, 144, 146, 140, 151, 157, 156, 157, 144, 131, 131, 143, 131, 131, 144, 152, 151, 150, 147, 143, 147, 193, 194, 194, 173, 167, 168, 229, 359, 361, 192, 234, 151, 152, 182, 184, 179, 184, 179, 185, 137, 148, 137, 154, 155, 137, 137, 137, 141, 140, 142, 140, 167, 145, 225, 234, 227, 151, 179, 154, 160, 164, 242, 240, 239, 240, 242, 191, 187, 201, 202, 203, 199, 200, 205, 202, 172, 316, 308, 239, 219, 219, 215, 190, 227, 214, 218, 207, 252, 201, 137, 147, 131, 131, 144, 131, 131, 146, 140, 136, 139, 145, 131, 142, 147, 136, 137, 138, 139, 139, 147, 149, 148, 146, 134, 143, 153, 163, 150, 149, 151, 147, 144, 151, 152, 149, 147, 147, 146, 147, 147, 136, 156, 161, 143, 163, 160, 144, 155, 158, 143, 154, 158, 157, 157, 158, 160, 154, 208, 215, 215, 215, 211, 212, 222, 177, 176, 176, 190, 190, 183, 185, 180, 181, 181, 201, 207, 208, 204, 187, 194, 194, 231, 142, 165, 172, 196, 213, 209, 308, 252, 271, 276, 156, 158, 145, 145, 150, 152, 153, 302, 297, 280, 274, 276, 272, 271, 272, 477, 495, 219, 277, 228, 280, 274, 214, 210, 205, 215, 200, 194, 212, 205, 212, 187, 210, 201, 187, 199, 206, 208, 225, 206, 212, 221, 280, 217, 300, 241, 213, 213, 239, 207, 206, 236, 300, 213, 291, 212, 207, 207, 226, 457, 237, 231, 498, 459, 193, 543, 284, 247, 266, 273, 232, 247, 288, 267, 452, 243, 430, 205, 209, 210, 227, 419, 476, 419, 431, 220, 213, 207, 215, 294, 219, 216, 447, 273, 243, 256, 229, 409, 298, 382, 299, 218, 308, 313, 355, 220, 237, 422, 331, 243, 280, 214, 238, 217, 361, 346, 251, 291, 239, 220, 307, 227, 211, 408, 426, 387, 406, 322, 183, 402, 174, 175, 456, 218, 215, 205, 222, 223, 229, 224, 241, 207, 163, 162, 211, 211, 209, 225, 278, 210, 204, 202, 196, 197, 265, 276, 305, 307, 316, 232, 270, 206, 346, 216, 346, 323, 341, 257, 236, 299, 221, 237, 299, 315, 224, 196, 186, 188, 179, 179, 175, 188, 163, 187, 194, 192, 189, 201, 159, 209, 199, 169, 167, 186, 187, 186, 188, 163, 199, 201, 204, 208, 213, 214, 231, 439, 497, 433, 220, 221, 216, 306, 314, 224, 311, 318, 219, 221, 252, 221, 222, 219, 234, 232, 242, 235, 218, 239, 274, 294, 231, 228, 232, 305, 232, 305, 316, 321, 308, 230, 264, 260, 249, 274, 273, 228, 336, 296, 259, 322, 317, 302, 632, 629, 602, 607, 235, 195, 268, 234, 258, 257, 258, 254, 268, 242, 251, 248, 265, 228, 248, 386, 419, 248, 197, 272, 239, 230, 240, 214, 246, 216, 220, 215, 223, 201, 200, 189, 185, 183, 189, 191, 161, 162, 200, 162, 159, 159, 221, 212, 286, 193, 206, 208, 198, 171, 194, 184, 184, 190, 172, 174, 179, 177, 175, 175, 187, 182, 328, 492, 208, 427, 213, 221, 216, 238, 209, 216, 544, 541, 542, 544, 545]
 -> Using user-defined PP_MSL: 90.000m
=================================== LDP LCC ====================================
@ Centroid @     <lng=103°37′>    <lat=16°38′>
Offset Projection Plane = +0.0 m. <default hPP from average topo or pnts>
Designed Project Plane : hPP=+63.40 m. / MSL=+90.00 m. tied to k0 = 1.000010
Points CSF min/mean/max [ppm] : -67.7 / -9.8 / +23.4
Points MSL min/mean/max [m.]  : +131.0 / +188.5 / +596.0
|      |       LDP_E |       LDP_N |
|:-----|------------:|------------:|
| min  | 695,307.265 | 200,504.262 |
| max  | 816,666.909 | 301,478.817 |
| diff | 121,359.644 | 100,974.555 |
{"meta": "LDP_Definition", "PROJ_String_Decimal": "+proj=lcc +lat_1=16.63333333 +lat_0=16.63333333 +lon_0=103.61666667 +k_0=1.000010 +x_0=750000 +y_0=250000 +ellps=WGS84 +units=m +no_defs +type=crs", "PROJ_String_DMS": "+proj=lcc +lat_1=16°38′ +lat_0=16°38′ +lon_0=103°37′ +k_0=1.000010 +x_0=750000 +y_0=250000 +ellps=WGS84 +units=m +no_defs +type=crs"}
Writing definition GPKG : OUTPUT_LDP/TH_KL/TH_KL_LDP.gpkg ...
 -> THINNING: Snapping points to 2 decimal grid for visualization...
 -> THINNING: Plot points reduced from 27034 to 6012.
Writing definition plot : OUTPUT_LDP/TH_KL/TH_KL_LDP.svg...
{"meta": "Coverage_Analysis", "Province": "TH.KL", "Total_Pts": 27592, "Valid_Pts": 24990, "Pt_Coverage(%)": 90.57, "Total_POP": 694703.774, "Valid_POP": 674733.0327000001, "POP_Coverage(%)": 97.13, "CSF_Lower_ppm": -20.0, "CSF_Mean_ppm": -8.1, "CSF_Upper_ppm": 20.0}
--> [TH.KL] Step 5: 5_plot_PP_PctPopu.py
[TH.KL] Starting ProcessPoolExecutor with 16 offsets to compute (Mean MSL: 188.49 m)...
[TH.KL] OFFSET_PP [-200.00] computed successfully.
[TH.KL] OFFSET_PP [-180.00] computed successfully.
[TH.KL] OFFSET_PP [-160.00] computed successfully.
[TH.KL] OFFSET_PP [-140.00] computed successfully.
[TH.KL] OFFSET_PP [-120.00] computed successfully.
[TH.KL] OFFSET_PP [-100.00] computed successfully.
[TH.KL] OFFSET_PP [-80.00] computed successfully.
[TH.KL] OFFSET_PP [-60.00] computed successfully.
[TH.KL] OFFSET_PP [-40.00] computed successfully.
[TH.KL] OFFSET_PP [-20.00] computed successfully.
[TH.KL] OFFSET_PP [0.00] computed successfully.
[TH.KL] OFFSET_PP [20.00] computed successfully.
[TH.KL] OFFSET_PP [40.00] computed successfully.
[TH.KL] OFFSET_PP [60.00] computed successfully.
[TH.KL] OFFSET_PP [80.00] computed successfully.
[TH.KL] OFFSET_PP [100.00] computed successfully.

==================================== LDP Population Coverage Analysis: TH.KL ====================================
|   MSL_PP |   HAE_PP | Province   |   Total_Pts |   Valid_Pts |   Pt_Coverage(%) |   Total_POP |   Valid_POP |   POP_Coverage(%) |   CSF_Lower_ppm |   CSF_Mean_ppm |   CSF_Upper_ppm |
|---------:|---------:|:-----------|------------:|------------:|-----------------:|------------:|------------:|------------------:|----------------:|---------------:|----------------:|
|   -11.51 |   -38.11 | TH.KL      |       27592 |        6138 |            22.25 |     694,704 |     227,692 |             32.78 |           -20.0 |          -12.0 |            +7.4 |
|    +8.49 |   -18.11 | TH.KL      |       27592 |        8519 |            30.87 |     694,704 |     290,421 |             41.81 |           -20.0 |          -11.6 |           +10.4 |
|   +28.49 |    +1.89 | TH.KL      |       27592 |       11825 |            42.86 |     694,704 |     358,901 |             51.66 |           -20.0 |          -11.4 |           +13.4 |
|   +48.49 |   +21.89 | TH.KL      |       27592 |       17454 |            63.26 |     694,704 |     489,508 |             70.46 |           -20.0 |          -11.7 |           +16.4 |
|   +68.49 |   +41.89 | TH.KL      |       27592 |       23494 |            85.15 |     694,704 |     655,081 |             94.30 |           -20.0 |          -10.3 |           +19.5 |
|   +88.49 |   +61.89 | TH.KL      |       27592 |       24990 |            90.57 |     694,704 |     674,733 |             97.13 |           -20.0 |           -8.1 |           +20.0 |
|  +108.49 |   +81.89 | TH.KL      |       27592 |       25142 |            91.12 |     694,704 |     672,522 |             96.81 |           -20.0 |           -5.6 |           +20.0 |
|  +128.49 |  +101.89 | TH.KL      |       27592 |       25087 |            90.92 |     694,704 |     664,458 |             95.65 |           -20.0 |           -3.1 |           +20.0 |
|  +148.49 |  +121.89 | TH.KL      |       27592 |       24828 |            89.98 |     694,704 |     645,008 |             92.85 |           -20.0 |           -0.6 |           +20.0 |
|  +168.49 |  +141.89 | TH.KL      |       27592 |       24569 |            89.04 |     694,704 |     630,994 |             90.83 |           -20.0 |           +1.9 |           +20.0 |
|  +188.49 |  +161.89 | TH.KL      |       27592 |       24091 |            87.31 |     694,704 |     606,796 |             87.35 |           -20.0 |           +4.3 |           +20.0 |
|  +208.49 |  +181.89 | TH.KL      |       27592 |       23053 |            83.55 |     694,704 |     571,197 |             82.22 |           -20.0 |           +7.4 |           +20.0 |
|  +228.49 |  +201.89 | TH.KL      |       27592 |       21679 |            78.57 |     694,704 |     508,527 |             73.20 |           -20.0 |           +9.5 |           +20.0 |
|  +248.49 |  +221.89 | TH.KL      |       27592 |       19787 |            71.71 |     694,704 |     434,728 |             62.58 |           -20.0 |          +11.5 |           +20.0 |
|  +268.49 |  +241.89 | TH.KL      |       27592 |       17273 |            62.60 |     694,704 |     372,101 |             53.56 |           -20.0 |          +13.3 |           +20.0 |
|  +288.49 |  +261.89 | TH.KL      |       27592 |       13353 |            48.39 |     694,704 |     288,803 |             41.57 |           -20.0 |          +14.6 |           +20.0 |
==========================================================================================================================

 -> Plot saved successfully to: OUTPUT_LDP/TH_KL/TH_KL_Plot_PP_Popu.svg

--> [TH.KL] Step 6: 6_LDP_OnePage.py
Processing province: TH_KL
[+] TH_KL: One-Page Report generated successfully.
======================================================================
Completed province: TH.KL
Finished: 2026-08-19T16:12:58+07:00
======================================================================
