======================================================================
Processing province: TH.MS
Started: 2026-08-19T16:21:27+07:00
======================================================================
--> [TH.MS] Step 1: 1_fabdem_province.py
[1/5] Read GADM and select HASC_1=TH.MS
[2/5] Save province and clip FABDEM
[3/5] Generate contours every 100 m with GDAL 3.10.3
[4/5] Calculate statistics and write PDF
[5/5] Write DataFrame summaries

Completed successfully.
HASC_1        NAME_1  contours                                                                                  PDF
 TH.MS Maha Sarakham       580 /mnt/nvme1/Project/2026-EIT_TH_LDP/src/OUTPUT_FABDEM/TH_MS/TH_MS_fabdem_contours.pdf
--> [TH.MS] Step 2: 2_popu2025_grid.py
[1/4] Select GADM province HASC_1=TH.MS
[2/4] Save boundary and cut population grid
[3/4] Calculate population-grid statistics
[4/4] Write population-grid PDF and summaries

Completed successfully.
HASC_1        NAME_1  population_sum                                                                                       grid
 TH.MS Maha Sarakham   681909.509764 /mnt/nvme1/Project/2026-EIT_TH_LDP/src/OUTPUT_POP2025/TH_MS/TH_MS_population_2025_100m.tif
--> [TH.MS] Step 3: 3_generate_sample.py
[1/4] Select GADM province HASC_1=TH.MS
 -> [READ] Loading Vector Dataset: OUTPUT_PROV/gadm41_THA.gpkg (Layer: 'ADM_ADM_1')
[2/4] Generate 500.0m grid points
 -> Auto-detected EPSG:32648 for province.
 -> Generated 39,468 bounding box points.
 -> Clipping points to province boundary...
 -> Computing 8-digit Geohashes...
[3/4] Extracting Raster Values (FABDEM MSL & POP2025)...
 -> [READ] Opening Raster File: OUTPUT_FABDEM/TH_MS/TH_MS_fabdem.tif
 -> [READ] Opening Raster File for Area Sum: OUTPUT_POP2025/TH_MS/TH_MS_population_2025_100m.tif
 -> Converting geometries to Lng/Lat (EPSG:4326)...
[4/4] Save GeoPackage Data...
 -> [WRITE] Saving Vector File: /mnt/nvme1/Project/2026-EIT_TH_LDP/src/OUTPUT_SAMPL/TH_MS/TH_MS_SAMPL.gpkg (Layer: 'samples')

[5/5] Comparing POP2025 with DOPA Registration Population...

Completed successfully.
HASC_1  Grid (m)       CRS  Samples           Output POP2025 DOPA_Pop     Diff
 TH.MS     500.0 EPSG:4326    22415 TH_MS_SAMPL.gpkg 667,032  924,124 -257,092
--> [TH.MS] Step 4: 4_analyse_ldp.py
LDP                                            [TM, 103:10]
FALSE_EN                                  [50000, -1270000]
PP_MSL                                                  120
GPKG         [OUTPUT_SAMPL/TH_MS/TH_MS_SAMPL.gpkg, samples]
OFFSET_PP      [0.0, default hPP from average topo or pnts]
dtype: object
 -> OUTLIER FILTER: Dropped 458 points.
 -> Dropped MSL values: [-9999, -9999, -9999, -9999, -9999, -9999, -9999, -9999, -9999, 141, 144, 136, 153, 161, 162, 159, 169, 166, 149, 164, 166, 153, 149, 164, 164, 191, 166, 166, 192, 193, 192, 201, 216, 213, 215, 239, 234, 235, 240, 240, 234, 239, 238, 234, 196, 218, 198, 205, 205, 220, 200, 226, 228, 233, 229, 226, 215, 213, 224, 224, 220, 221, 197, 211, 185, 186, 194, 143, 151, 146, 146, 151, 153, 134, 133, 133, 133, 133, 143, 142, 144, 141, 139, 140, 137, 143, 140, 141, 145, 156, 159, 158, 157, 148, 147, 147, 148, 148, 145, 130, 136, 148, 145, 151, 136, 137, 139, 137, 138, 137, 137, 139, 140, 138, 139, 138, 142, 144, 144, 141, 144, 141, 141, 149, 164, 144, 146, 156, 157, 156, 198, 168, 200, 208, 208, 211, 194, 192, 161, 149, 154, 155, 176, 178, 180, 168, 168, 157, 156, 163, 158, 148, 149, 151, 151, 210, 198, 197, 205, 197, 196, 188, 194, 195, 171, 175, 176, 176, 202, 203, 202, 200, 199, 199, 189, 189, 206, 194, 190, 186, 183, 183, 189, 185, 183, 148, 147, 140, 140, 161, 142, 137, 137, 145, 147, 137, 148, 150, 149, 150, 146, 147, 146, 146, 137, 148, 194, 149, 149, 149, 138, 150, 138, 138, 138, 150, 143, 143, 145, 148, 141, 149, 148, 148, 151, 152, 154, 152, 149, 149, 150, 150, 151, 149, 149, 143, 149, 147, 152, 149, 151, 148, 149, 149, 143, 148, 157, 163, 144, 157, 149, 156, 128, 133, 132, 134, 135, 137, 149, 146, 137, 137, 145, 135, 136, 145, 146, 139, 137, 128, 150, 151, 152, 152, 159, 140, 161, 150, 176, 172, 188, 182, 183, 191, 183, 185, 184, 183, 183, 172, 182, 179, 175, 144, 144, 143, 144, 145, 139, 139, 138, 145, 144, 137, 146, 144, 137, 137, 147, 136, 142, 136, 137, 141, 143, 137, 137, 141, 144, 137, 139, 137, 137, 151, 167, 169, 149, 136, 144, 135, 135, 139, 139, 144, 147, 136, 142, 136, 142, 151, 148, 140, 141, 153, 149, 148, 152, 148, 153, 140, 137, 137, 139, 137, 141, 156, 149, 154, 152, 154, 152, 149, 148, 147, 153, 153, 148, 147, 149, 156, 143, 154, 157, 153, 156, 153, 153, 143, 149, 145, 137, 148, 149, 155, 137, 150, 151, 147, 152, 153, 141, 153, 156, 153, 157, 158, 160, 159, 159, 153, 155, 153, 151, 159, 157, 154, 148, 193, 190, 199, 152, 149, 149, 157, 154, 158, 152, 141, 141, 146, 152, 142, 152, 153, 152, 154, 164, 166, 168, 151, 162, 161, 160, 175, 153, 157, 154, 156, 139, 165, 145, 161, 193, 197, 147, 182, 181, 227, 227, 200, 201, 199, 198, 200, 198, 199, 158, 168]
 -> Using user-defined PP_MSL: 120.000m
==================================== LDP TM ====================================
@ Centroid @     <lng=103°10′>    <lat=16°00′>
Offset Projection Plane = +0.0 m. <default hPP from average topo or pnts>
Designed Project Plane : hPP=+91.72 m. / MSL=+120.00 m. tied to k0 = 1.000014
Points CSF min/mean/max [ppm] : -16.7 / -3.9 / +12.6
Points MSL min/mean/max [m.]  : +129.0 / +162.3 / +232.0
|      |      LDP_E |       LDP_N |
|:-----|-----------:|------------:|
| min  | 15,921.879 | 434,524.154 |
| max  | 85,986.716 | 570,380.027 |
| diff | 70,064.837 | 135,855.873 |
{"meta": "LDP_Definition", "PROJ_String_Decimal": "+proj=tmerc +lat_0=0.0 +lon_0=103.16666667 +k_0=1.000014 +x_0=50000 +y_0=-1270000 +ellps=WGS84 +units=m +no_defs +type=crs", "PROJ_String_DMS": "+proj=tmerc +lat_0=0.0 +lon_0=103°10′ +k_0=1.000014 +x_0=50000 +y_0=-1270000 +ellps=WGS84 +units=m +no_defs +type=crs"}
Writing definition GPKG : OUTPUT_LDP/TH_MS/TH_MS_LDP.gpkg ...
 -> THINNING: Snapping points to 2 decimal grid for visualization...
 -> THINNING: Plot points reduced from 21957 to 4850.
Writing definition plot : OUTPUT_LDP/TH_MS/TH_MS_LDP.svg...
{"meta": "Coverage_Analysis", "Province": "TH.MS", "Total_Pts": 22415, "Valid_Pts": 21957, "Pt_Coverage(%)": 97.96, "Total_POP": 667031.9105, "Valid_POP": 627977.4765999999, "POP_Coverage(%)": 94.15, "CSF_Lower_ppm": -16.7, "CSF_Mean_ppm": -3.9, "CSF_Upper_ppm": 12.6}
--> [TH.MS] Step 5: 5_plot_PP_PctPopu.py
[TH.MS] Starting ProcessPoolExecutor with 16 offsets to compute (Mean MSL: 162.26 m)...
[TH.MS] OFFSET_PP [-200.00] computed successfully.
[TH.MS] OFFSET_PP [-180.00] computed successfully.
[TH.MS] OFFSET_PP [-160.00] computed successfully.
[TH.MS] OFFSET_PP [-140.00] computed successfully.
[TH.MS] OFFSET_PP [-120.00] computed successfully.
[TH.MS] OFFSET_PP [-100.00] computed successfully.
[TH.MS] OFFSET_PP [-80.00] computed successfully.
[TH.MS] OFFSET_PP [-60.00] computed successfully.
[TH.MS] OFFSET_PP [-40.00] computed successfully.
[TH.MS] OFFSET_PP [-20.00] computed successfully.
[TH.MS] OFFSET_PP [0.00] computed successfully.
[TH.MS] OFFSET_PP [20.00] computed successfully.
[TH.MS] OFFSET_PP [40.00] computed successfully.
[TH.MS] OFFSET_PP [60.00] computed successfully.
[TH.MS] OFFSET_PP [80.00] computed successfully.
[TH.MS] OFFSET_PP [100.00] computed successfully.

==================================== LDP Population Coverage Analysis: TH.MS ====================================
|   MSL_PP |   HAE_PP | Province   |   Total_Pts |   Valid_Pts |   Pt_Coverage(%) |   Total_POP |   Valid_POP |   POP_Coverage(%) |   CSF_Lower_ppm |   CSF_Mean_ppm |   CSF_Upper_ppm |
|---------:|---------:|:-----------|------------:|------------:|-----------------:|------------:|------------:|------------------:|----------------:|---------------:|----------------:|
|   -37.74 |   -66.01 | TH.MS      |       22415 |         910 |             4.06 |     667,032 |      18,879 |              2.83 |           -20.0 |          -18.2 |           -11.4 |
|   -17.74 |   -46.01 | TH.MS      |       22415 |        2856 |            12.74 |     667,032 |      73,495 |             11.02 |           -20.0 |          -17.6 |            -8.4 |
|    +2.26 |   -26.01 | TH.MS      |       22415 |        6360 |            28.37 |     667,032 |     172,013 |             25.79 |           -20.0 |          -16.8 |            -5.4 |
|   +22.26 |    -6.01 | TH.MS      |       22415 |       13329 |            59.46 |     667,032 |     396,932 |             59.51 |           -20.0 |          -16.3 |            -2.4 |
|   +42.26 |   +13.99 | TH.MS      |       22415 |       18098 |            80.74 |     667,032 |     535,728 |             80.32 |           -20.0 |          -14.6 |            +0.6 |
|   +62.26 |   +33.99 | TH.MS      |       22415 |       21283 |            94.95 |     667,032 |     618,647 |             92.75 |           -20.0 |          -12.6 |            +3.6 |
|   +82.26 |   +53.99 | TH.MS      |       22415 |       21923 |            97.81 |     667,032 |     627,818 |             94.12 |           -20.0 |           -9.9 |            +6.6 |
|  +102.26 |   +73.99 | TH.MS      |       22415 |       21957 |            97.96 |     667,032 |     627,977 |             94.15 |           -18.7 |           -5.9 |           +10.6 |
|  +122.26 |   +93.99 | TH.MS      |       22415 |       21957 |            97.96 |     667,032 |     627,977 |             94.15 |           -15.7 |           -2.9 |           +13.6 |
|  +142.26 |  +113.99 | TH.MS      |       22415 |       21957 |            97.96 |     667,032 |     627,977 |             94.15 |           -12.7 |           +0.1 |           +16.6 |
|  +162.26 |  +133.99 | TH.MS      |       22415 |       21957 |            97.96 |     667,032 |     627,977 |             94.15 |            -9.7 |           +3.1 |           +19.6 |
|  +182.26 |  +153.99 | TH.MS      |       22415 |       21917 |            97.78 |     667,032 |     627,808 |             94.12 |            -6.7 |           +6.1 |           +19.9 |
|  +202.26 |  +173.99 | TH.MS      |       22415 |       21813 |            97.31 |     667,032 |     624,129 |             93.57 |            -3.7 |           +9.0 |           +20.0 |
|  +222.26 |  +193.99 | TH.MS      |       22415 |       20536 |            91.62 |     667,032 |     595,866 |             89.33 |            +0.3 |          +12.5 |           +20.0 |
|  +242.26 |  +213.99 | TH.MS      |       22415 |       18095 |            80.73 |     667,032 |     529,119 |             79.32 |            +3.3 |          +14.7 |           +20.0 |
|  +262.26 |  +233.99 | TH.MS      |       22415 |       13493 |            60.20 |     667,032 |     384,241 |             57.60 |            +6.3 |          +16.5 |           +20.0 |
==========================================================================================================================

 -> Plot saved successfully to: OUTPUT_LDP/TH_MS/TH_MS_Plot_PP_Popu.svg

--> [TH.MS] Step 6: 6_LDP_OnePage.py
Processing province: TH_MS
[+] TH_MS: One-Page Report generated successfully.
======================================================================
Completed province: TH.MS
Finished: 2026-08-19T16:34:52+07:00
======================================================================
