======================================================================
Processing province: TH.UR_S
Started: 2026-08-19T17:07:28+07:00
======================================================================
--> [TH.UR_S] Step 1: 1_fabdem_province.py
[1/5] Read GADM and select HASC_1=TH.UR_S
[2/5] Save province and clip FABDEM
[3/5] Generate contours every 100 m with GDAL 3.10.3
[4/5] Calculate statistics and write PDF
[5/5] Write DataFrame summaries

Completed successfully.
 HASC_1                 NAME_1  contours                                                                                      PDF
TH.UR_S Ubon Ratchathani South       876 /mnt/nvme1/Project/2026-EIT_TH_LDP/src/OUTPUT_FABDEM/TH_UR_S/TH_UR_S_fabdem_contours.pdf
--> [TH.UR_S] Step 2: 2_popu2025_grid.py
[1/4] Select GADM province HASC_1=TH.UR_S
[2/4] Save boundary and cut population grid
[3/4] Calculate population-grid statistics
[4/4] Write population-grid PDF and summaries

Completed successfully.
 HASC_1                 NAME_1  population_sum                                                                                           grid
TH.UR_S Ubon Ratchathani South    1274934.2235 /mnt/nvme1/Project/2026-EIT_TH_LDP/src/OUTPUT_POP2025/TH_UR_S/TH_UR_S_population_2025_100m.tif
--> [TH.UR_S] Step 3: 3_generate_sample.py
[1/4] Select GADM province HASC_1=TH.UR_S
 -> [READ] Loading Vector Dataset: OUTPUT_PROV/gadm41_THA.gpkg (Layer: 'ADM_ADM_1')
[2/4] Generate 500.0m grid points
 -> Auto-detected EPSG:32648 for province.
 -> Generated 88,830 bounding box points.
 -> Clipping points to province boundary...
 -> Computing 8-digit Geohashes...
[3/4] Extracting Raster Values (FABDEM MSL & POP2025)...
 -> [READ] Opening Raster File: OUTPUT_FABDEM/TH_UR_S/TH_UR_S_fabdem.tif
 -> [READ] Opening Raster File for Area Sum: OUTPUT_POP2025/TH_UR_S/TH_UR_S_population_2025_100m.tif
 -> Converting geometries to Lng/Lat (EPSG:4326)...
[4/4] Save GeoPackage Data...
 -> [WRITE] Saving Vector File: /mnt/nvme1/Project/2026-EIT_TH_LDP/src/OUTPUT_SAMPL/TH_UR_S/TH_UR_S_SAMPL.gpkg (Layer: 'samples')

[5/5] Comparing POP2025 with DOPA Registration Population...

Completed successfully.
 HASC_1  Grid (m)       CRS  Samples             Output   POP2025  DOPA_Pop     Diff
TH.UR_S     500.0 EPSG:4326    43226 TH_UR_S_SAMPL.gpkg 1,264,259 1,865,501 -601,242
--> [TH.UR_S] Step 4: 4_analyse_ldp.py
LDP                                               [TM, 105:03]
FALSE_EN                                     [250000, -910000]
PP_MSL                                                      70
GPKG         [OUTPUT_SAMPL/TH_UR_S/TH_UR_S_SAMPL.gpkg, samp...
OFFSET_PP         [0.0, default hPP from average topo or pnts]
dtype: object
 -> OUTLIER FILTER: Dropped 878 points.
 -> Dropped MSL values: [-9999, -9999, -9999, -9999, -9999, -9999, -9999, -9999, -9999, -9999, -9999, -9999, -9999, 703, 733, 726, 726, 509, 729, 725, 454, 542, 488, 314, 259, 712, 716, 716, 696, 640, 637, 615, 657, 311, 213, 216, 200, 217, 303, 221, 187, 188, 166, 167, 512, 517, 515, 516, 604, 511, 579, 531, 524, 230, 226, 225, 203, 223, 193, 193, 199, 245, 243, 247, 236, 199, 176, 175, 172, 183, 184, 190, 179, 181, 147, 185, 183, 178, 176, 247, 140, 164, 164, 153, 169, 163, 160, 170, 171, 167, 151, 160, 143, 169, 170, 157, 156, 176, 177, 170, 152, 249, 201, 200, 201, 163, 187, 186, 169, 153, 186, 172, 397, 390, 533, 514, 470, 518, 459, 450, 424, 410, 408, 413, 399, 451, 357, 334, 335, 501, 506, 480, 472, 520, 525, 497, 500, 512, 522, 497, 568, 514, 508, 314, 445, 312, 322, 294, 288, 298, 234, 233, 231, 232, 234, 293, 218, 387, 446, 389, 403, 426, 398, 428, 415, 408, 434, 435, 212, 193, 193, 169, 220, 166, 168, 166, 238, 246, 299, 232, 232, 175, 167, 436, 481, 443, 472, 459, 378, 378, 370, 446, 445, 446, 363, 210, 206, 335, 161, 164, 207, 210, 142, 163, 140, 162, 159, 154, 160, 166, 173, 195, 198, 180, 178, 177, 183, 157, 163, 165, 162, 161, 165, 149, 155, 151, 149, 164, 161, 159, 194, 194, 194, 170, 173, 173, 162, 161, 141, 139, 138, 154, 154, 153, 160, 154, 152, 146, 139, 125, 125, 152, 162, 140, 141, 143, 140, 140, 150, 150, 148, 148, 148, 147, 146, 159, 161, 148, 138, 141, 140, 137, 138, 121, 146, 149, 120, 120, 144, 143, 120, 138, 119, 144, 118, 141, 148, 147, 148, 146, 148, 132, 108, 140, 139, 138, 139, 148, 117, 130, 120, 114, 117, 118, 128, 127, 126, 127, 112, 112, 117, 129, 127, 124, 111, 127, 114, 109, 119, 109, 133, 136, 121, 109, 109, 129, 132, 130, 113, 113, 380, 400, 394, 366, 413, 363, 404, 334, 361, 328, 338, 319, 317, 322, 196, 190, 195, 181, 179, 180, 174, 178, 180, 180, 169, 152, 166, 164, 158, 148, 148, 165, 192, 167, 197, 144, 144, 146, 144, 145, 331, 333, 181, 190, 170, 268, 322, 298, 278, 237, 269, 214, 213, 240, 314, 292, 296, 258, 325, 227, 283, 683, 670, 170, 180, 164, 173, 169, 182, 274, 234, 244, 234, 238, 220, 173, 174, 643, 672, 693, 642, 639, 334, 259, 178, 172, 171, 303, 412, 401, 443, 381, 290, 395, 145, 145, 144, 145, 163, 146, 145, 144, 148, 145, 152, 156, 149, 148, 150, 150, 137, 112, 361, 377, 376, 198, 192, 143, 145, 140, 145, 145, 267, 251, 277, 250, 254, 145, 146, 140, 140, 143, 179, 144, 142, 242, 258, 270, 270, 256, 237, 239, 280, 268, 147, 147, 140, 140, 140, 172, 146, 145, 145, 145, 171, 169, 171, 145, 165, 146, 154, 166, 105, 105, 105, 123, 124, 105, 105, 105, 105, 135, 105, 105, 105, 105, 104, 104, 104, 104, 104, 104, 104, 104, 129, 145, 128, 130, 150, 269, 262, 167, 175, 283, 163, 180, 170, 116, 131, 131, 129, 116, 114, 133, 114, 141, 153, 135, 113, 113, 113, 132, 135, 140, 113, 139, 143, 139, 125, 126, 136, 135, 136, 133, 139, 131, 132, 126, 139, 129, 139, 118, 121, 119, 109, 123, 125, 121, 117, 117, 125, 130, 108, 108, 118, 108, 108, 124, 128, 106, 120, 107, 107, 106, 106, 106, 106, 106, 106, 106, 126, 118, 109, 135, 137, 138, 125, 124, 124, 126, 127, 126, 127, 125, 127, 126, 121, 123, 116, 127, 131, 129, 117, 133, 130, 132, 130, 132, 138, 134, 134, 136, 141, 142, 109, 109, 109, 121, 108, 109, 109, 109, 129, 115, 125, 124, 127, 127, 118, 118, 129, 131, 129, 130, 133, 132, 134, 135, 133, 136, 141, 141, 144, 144, 140, 145, 140, 115, 138, 138, 139, 116, 138, 138, 124, 133, 133, 120, 120, 138, 145, 119, 119, 142, 133, 118, 109, 112, 109, 109, 128, 129, 129, 135, 130, 130, 116, 110, 110, 128, 110, 131, 126, 110, 111, 111, 129, 129, 121, 125, 125, 126, 134, 112, 134, 140, 132, 124, 128, 128, 130, 135, 123, 121, 126, 125, 128, 110, 110, 126, 121, 127, 129, 120, 111, 110, 111, 111, 111, 112, 111, 131, 114, 112, 112, 111, 112, 111, 111, 111, 111, 111, 111, 111, 111, 132, 126, 127, 128, 135, 137, 133, 127, 129, 129, 127, 127, 126, 130, 130, 130, 134, 144, 134, 132, 115, 115, 133, 133, 135, 131, 134, 118, 130, 121, 132, 137, 115, 116, 134, 133, 134, 134, 134, 132, 131, 134, 138, 132, 136, 138, 135, 125, 129, 137, 133, 133, 132, 135, 136, 134, 134, 133, 118, 116, 132, 134, 116, 117, 135, 140, 137, 134, 131, 136, 134, 139, 134, 130, 130, 130, 121, 136, 140, 126, 124, 132, 137, 137, 135, 137, 139, 135, 132, 132, 131, 105, 106, 106, 141, 106, 106, 106, 106, 106, 133, 108, 106, 106, 106, 106, 135, 133, 106, 106, 106, 106, 106, 106, 106, 106, 106, 106, 106, 106, 106, 106, 106, 106, 106, 138, 136, 163, 164, 104, 140, 143, 128]
 -> Using user-defined PP_MSL: 70.000m
==================================== LDP TM ====================================
@ Centroid @     <lng=105°03′>    <lat=14°59′>
Offset Projection Plane = +0.0 m. <default hPP from average topo or pnts>
Designed Project Plane : hPP=+50.54 m. / MSL=+70.00 m. tied to k0 = 1.000008
Points CSF min/mean/max [ppm] : -101.0 / -4.7 / +57.2
Points MSL min/mean/max [m.]  : +104.0 / +167.9 / +718.0
|      |       LDP_E |       LDP_N |
|:-----|------------:|------------:|
| min  | 177,606.386 | 661,639.874 |
| max  | 310,648.690 | 824,717.946 |
| diff | 133,042.305 | 163,078.072 |
{"meta": "LDP_Definition", "PROJ_String_Decimal": "+proj=tmerc +lat_0=0.0 +lon_0=105.05000000 +k_0=1.000008 +x_0=250000 +y_0=-910000 +ellps=WGS84 +units=m +no_defs +type=crs", "PROJ_String_DMS": "+proj=tmerc +lat_0=0.0 +lon_0=105°03′ +k_0=1.000008 +x_0=250000 +y_0=-910000 +ellps=WGS84 +units=m +no_defs +type=crs"}
Writing definition GPKG : OUTPUT_LDP/TH_UR_S/TH_UR_S_LDP.gpkg ...
 -> THINNING: Snapping points to 2 decimal grid for visualization...
 -> THINNING: Plot points reduced from 42348 to 9274.
Writing definition plot : OUTPUT_LDP/TH_UR_S/TH_UR_S_LDP.svg...
{"meta": "Coverage_Analysis", "Province": "TH.UR_S", "Total_Pts": 43226, "Valid_Pts": 36260, "Pt_Coverage(%)": 83.88, "Total_POP": 1264259.2229, "Valid_POP": 1149488.0704, "POP_Coverage(%)": 90.92, "CSF_Lower_ppm": -20.0, "CSF_Mean_ppm": -3.7, "CSF_Upper_ppm": 20.0}
--> [TH.UR_S] Step 5: 5_plot_PP_PctPopu.py
[TH.UR_S] Starting ProcessPoolExecutor with 16 offsets to compute (Mean MSL: 167.93 m)...
[TH.UR_S] OFFSET_PP [-200.00] computed successfully.
[TH.UR_S] OFFSET_PP [-180.00] computed successfully.
[TH.UR_S] OFFSET_PP [-160.00] computed successfully.
[TH.UR_S] OFFSET_PP [-140.00] computed successfully.
[TH.UR_S] OFFSET_PP [-120.00] computed successfully.
[TH.UR_S] OFFSET_PP [-100.00] computed successfully.
[TH.UR_S] OFFSET_PP [-80.00] computed successfully.
[TH.UR_S] OFFSET_PP [-60.00] computed successfully.
[TH.UR_S] OFFSET_PP [-40.00] computed successfully.
[TH.UR_S] OFFSET_PP [-20.00] computed successfully.
[TH.UR_S] OFFSET_PP [0.00] computed successfully.
[TH.UR_S] OFFSET_PP [20.00] computed successfully.
[TH.UR_S] OFFSET_PP [40.00] computed successfully.
[TH.UR_S] OFFSET_PP [60.00] computed successfully.
[TH.UR_S] OFFSET_PP [80.00] computed successfully.
[TH.UR_S] OFFSET_PP [100.00] computed successfully.

==================================== LDP Population Coverage Analysis: TH.UR_S ====================================
|   MSL_PP |   HAE_PP | Province   |   Total_Pts |   Valid_Pts |   Pt_Coverage(%) |   Total_POP |   Valid_POP |   POP_Coverage(%) |   CSF_Lower_ppm |   CSF_Mean_ppm |   CSF_Upper_ppm |
|---------:|---------:|:-----------|------------:|------------:|-----------------:|------------:|------------:|------------------:|----------------:|---------------:|----------------:|
|   -32.07 |   -51.53 | TH.UR_S    |       43226 |       17001 |            39.33 |   1,264,259 |     633,984 |             50.15 |           -20.0 |           -9.6 |           +20.0 |
|   -12.07 |   -31.53 | TH.UR_S    |       43226 |       21116 |            48.85 |   1,264,259 |     794,353 |             62.83 |           -20.0 |           -9.4 |           +20.0 |
|    +7.93 |   -11.53 | TH.UR_S    |       43226 |       29616 |            68.51 |   1,264,259 |     985,559 |             77.96 |           -20.0 |          -10.3 |           +20.0 |
|   +27.93 |    +8.47 | TH.UR_S    |       43226 |       34191 |            79.10 |   1,264,259 |   1,101,248 |             87.11 |           -20.0 |           -9.1 |           +20.0 |
|   +47.93 |   +28.47 | TH.UR_S    |       43226 |       35469 |            82.05 |   1,264,259 |   1,130,695 |             89.44 |           -20.0 |           -6.9 |           +20.0 |
|   +67.93 |   +48.47 | TH.UR_S    |       43226 |       36260 |            83.88 |   1,264,259 |   1,149,488 |             90.92 |           -20.0 |           -3.7 |           +20.0 |
|   +87.93 |   +68.47 | TH.UR_S    |       43226 |       36210 |            83.77 |   1,264,259 |   1,143,944 |             90.48 |           -20.0 |           -1.2 |           +20.0 |
|  +107.93 |   +88.47 | TH.UR_S    |       43226 |       35761 |            82.73 |   1,264,259 |   1,131,706 |             89.52 |           -20.0 |           +1.3 |           +20.0 |
|  +127.93 |  +108.47 | TH.UR_S    |       43226 |       35050 |            81.09 |   1,264,259 |   1,113,217 |             88.05 |           -20.0 |           +3.8 |           +20.0 |
|  +147.93 |  +128.47 | TH.UR_S    |       43226 |       33418 |            77.31 |   1,264,259 |   1,071,754 |             84.77 |           -20.0 |           +5.9 |           +20.0 |
|  +167.93 |  +148.47 | TH.UR_S    |       43226 |       30887 |            71.45 |   1,264,259 |   1,018,127 |             80.53 |           -20.0 |           +7.7 |           +20.0 |
|  +187.93 |  +168.47 | TH.UR_S    |       43226 |       28397 |            65.69 |   1,264,259 |     955,462 |             75.57 |           -20.0 |           +9.5 |           +20.0 |
|  +207.93 |  +188.47 | TH.UR_S    |       43226 |       24594 |            56.90 |   1,264,259 |     754,854 |             59.71 |           -20.0 |          +11.8 |           +20.0 |
|  +227.93 |  +208.47 | TH.UR_S    |       43226 |       21416 |            49.54 |   1,264,259 |     494,962 |             39.15 |           -20.0 |          +13.4 |           +20.0 |
|  +247.93 |  +228.47 | TH.UR_S    |       43226 |       15795 |            36.54 |   1,264,259 |     340,436 |             26.93 |           -20.0 |          +14.2 |           +20.0 |
|  +267.93 |  +248.47 | TH.UR_S    |       43226 |        7657 |            17.71 |   1,264,259 |     142,988 |             11.31 |           -20.0 |          +11.8 |           +20.0 |
==========================================================================================================================

 -> Plot saved successfully to: OUTPUT_LDP/TH_UR_S/TH_UR_S_Plot_PP_Popu.svg

--> [TH.UR_S] Step 6: 6_LDP_OnePage.py
Processing province: TH_UR_S
[+] TH_UR_S: One-Page Report generated successfully.
======================================================================
Completed province: TH.UR_S
Finished: 2026-08-19T17:21:20+07:00
======================================================================
